Archive member included because of file (symbol)

./../../../../BitCloud/lib/libHAL_RcbAtm128rfa1_Atmega128rfa1_8Mhz_Gcc.a(appTimer.o)
                              EndDevice_Rcb_Atmega128rfa1_8Mhz_Gcc/Obj/blink.o (HAL_StartAppTimer)
./../../../../BitCloud/lib/libHAL_RcbAtm128rfa1_Atmega128rfa1_8Mhz_Gcc.a(halTaskManager.o)
                              EndDevice_Rcb_Atmega128rfa1_8Mhz_Gcc/Obj/usbFifoFT245RL.o (halTaskFlags4)
./../../../../BitCloud/lib/libHAL_RcbAtm128rfa1_Atmega128rfa1_8Mhz_Gcc.a(usart.o)
                              ./../../../../BitCloud/lib/libHAL_RcbAtm128rfa1_Atmega128rfa1_8Mhz_Gcc.a(halTaskManager.o) (halSigUsartHandler)
./../../../../BitCloud/lib/libHAL_RcbAtm128rfa1_Atmega128rfa1_8Mhz_Gcc.a(irq.o)
                              EndDevice_Rcb_Atmega128rfa1_8Mhz_Gcc/Obj/usbFifoFT245RL.o (HAL_RegisterIrq)
./../../../../BitCloud/lib/libHAL_RcbAtm128rfa1_Atmega128rfa1_8Mhz_Gcc.a(i2cPacket.o)
                              ./../../../../BitCloud/lib/libHAL_RcbAtm128rfa1_Atmega128rfa1_8Mhz_Gcc.a(halTaskManager.o) (halSig2WireSerialHandler)
./../../../../BitCloud/lib/libHAL_RcbAtm128rfa1_Atmega128rfa1_8Mhz_Gcc.a(eeprom.o)
                              EndDevice_Rcb_Atmega128rfa1_8Mhz_Gcc/Obj/pdsWriteData.o (HAL_ReadEeprom)
./../../../../BitCloud/lib/libHAL_RcbAtm128rfa1_Atmega128rfa1_8Mhz_Gcc.a(timer.o)
                              ./../../../../BitCloud/lib/libHAL_RcbAtm128rfa1_Atmega128rfa1_8Mhz_Gcc.a(appTimer.o) (halAddTimer)
./../../../../BitCloud/lib/libHAL_RcbAtm128rfa1_Atmega128rfa1_8Mhz_Gcc.a(adc.o)
                              ./../../../../BitCloud/lib/libHAL_RcbAtm128rfa1_Atmega128rfa1_8Mhz_Gcc.a(halTaskManager.o) (halSigAdcHandler)
./../../../../BitCloud/lib/libHAL_RcbAtm128rfa1_Atmega128rfa1_8Mhz_Gcc.a(spi.o)
                              ./../../../../BitCloud/lib/libHAL_RcbAtm128rfa1_Atmega128rfa1_8Mhz_Gcc.a(halTaskManager.o) (halSpiRxByteComplete)
./../../../../BitCloud/lib/libHAL_RcbAtm128rfa1_Atmega128rfa1_8Mhz_Gcc.a(halSleepTimerClock.o)
                              ./../../../../BitCloud/lib/libHAL_RcbAtm128rfa1_Atmega128rfa1_8Mhz_Gcc.a(appTimer.o) (halGetTimeOfSleepTimer)
./../../../../BitCloud/lib/libHAL_RcbAtm128rfa1_Atmega128rfa1_8Mhz_Gcc.a(halSecurityModule.o)
                              ./../../../../BitCloud/lib/libHAL_RcbAtm128rfa1_Atmega128rfa1_8Mhz_Gcc.a(halTaskManager.o) (halSmRequestHandler)
./../../../../BitCloud/lib/libHAL_RcbAtm128rfa1_Atmega128rfa1_8Mhz_Gcc.a(halAppClock.o)
                              ./../../../../BitCloud/lib/libHAL_RcbAtm128rfa1_Atmega128rfa1_8Mhz_Gcc.a(appTimer.o) (halGetTimeOfAppTimer)
./../../../../BitCloud/lib/libHAL_RcbAtm128rfa1_Atmega128rfa1_8Mhz_Gcc.a(halUsart.o)
                              ./../../../../BitCloud/lib/libHAL_RcbAtm128rfa1_Atmega128rfa1_8Mhz_Gcc.a(usart.o) (halSetUsartConfig)
./../../../../BitCloud/lib/libHAL_RcbAtm128rfa1_Atmega128rfa1_8Mhz_Gcc.a(halIrq.o)
                              ./../../../../BitCloud/lib/libHAL_RcbAtm128rfa1_Atmega128rfa1_8Mhz_Gcc.a(irq.o) (halSetIrqConfig)
./../../../../BitCloud/lib/libHAL_RcbAtm128rfa1_Atmega128rfa1_8Mhz_Gcc.a(halTwi.o)
                              ./../../../../BitCloud/lib/libHAL_RcbAtm128rfa1_Atmega128rfa1_8Mhz_Gcc.a(i2cPacket.o) (halInitI2c)
./../../../../BitCloud/lib/libHAL_RcbAtm128rfa1_Atmega128rfa1_8Mhz_Gcc.a(halEeprom.o)
                              ./../../../../BitCloud/lib/libHAL_RcbAtm128rfa1_Atmega128rfa1_8Mhz_Gcc.a(eeprom.o) (halEepromWrite)
./../../../../BitCloud/lib/libHAL_RcbAtm128rfa1_Atmega128rfa1_8Mhz_Gcc.a(halSleep.o)
                              ./../../../../BitCloud/lib/libHAL_RcbAtm128rfa1_Atmega128rfa1_8Mhz_Gcc.a(halSleepTimerClock.o) (halPowerOn)
./../../../../BitCloud/lib/libHAL_RcbAtm128rfa1_Atmega128rfa1_8Mhz_Gcc.a(halAdc.o)
                              ./../../../../BitCloud/lib/libHAL_RcbAtm128rfa1_Atmega128rfa1_8Mhz_Gcc.a(adc.o) (halOpenAdc)
./../../../../BitCloud/lib/libHAL_RcbAtm128rfa1_Atmega128rfa1_8Mhz_Gcc.a(halSpi.o)
                              ./../../../../BitCloud/lib/libHAL_RcbAtm128rfa1_Atmega128rfa1_8Mhz_Gcc.a(spi.o) (halSetUsartSpiConfig)
./../../../../BitCloud/lib/libHAL_RcbAtm128rfa1_Atmega128rfa1_8Mhz_Gcc.a(calibration.o)
                              ./../../../../BitCloud/lib/libHAL_RcbAtm128rfa1_Atmega128rfa1_8Mhz_Gcc.a(halSleep.o) (halStartingCalibrate)
./../../../../BitCloud/lib/libHAL_RcbAtm128rfa1_Atmega128rfa1_8Mhz_Gcc.a(halW1.o)
                              ./../../../../BitCloud/lib/libHAL_RcbAtm128rfa1_Atmega128rfa1_8Mhz_Gcc.a(halAdc.o) (__delay_us)
./../../../../BitCloud/lib/libHAL_RcbAtm128rfa1_Atmega128rfa1_8Mhz_Gcc.a(halCalibration.o)
                              ./../../../../BitCloud/lib/libHAL_RcbAtm128rfa1_Atmega128rfa1_8Mhz_Gcc.a(calibration.o) (halMeasurement)
./../../../../BitCloud/lib/libHAL_RcbAtm128rfa1_Atmega128rfa1_8Mhz_Gcc.a(sleepTimer.o)
[...]
Memory Configuration

Name             Origin             Length             Attributes
text             0x00000000         0x00020000         xr
data             0x00800190         0x00003e0c         rw !x
eeprom           0x00810000         0x00001000         rw !x
*default*        0x00000000         0xffffffff

Linker script and memory map

Address of section .data set to 0x800200
LOAD d:/program files/atmel/avr studio 5.1/extensions/atmel/avrgcc/3.3.1.27/avrtoolchain/bin/../lib/gcc/avr/4.5.1/../../../../avr/lib/avr51/crtm128rfa1.o

.text           0x00000000    0x11a5a
                0x00000000                PROVIDE (__text_start, .)
 *(.vectors)
 .vectors       0x00000000      0x120 d:/program files/atmel/avr studio 5.1/extensions/atmel/avrgcc/3.3.1.27/avrtoolchain/bin/../lib/gcc/avr/4.5.1/../../../../avr/lib/avr51/crtm128rfa1.o
                0x00000000                __vector_default
                0x00000000                __vectors
 *(.vectors)
                0x00000120                PROVIDE (__pds_ff_start, .)
 *(.pds_ff)
 .pds_ff        0x00000120       0x8a EndDevice_Rcb_Atmega128rfa1_8Mhz_Gcc/Obj/csPersistentMem.o
                0x00000120                csGeneralFileDescriptors
                0x00000180                csExtendedFileDescriptors
                0x00000198                csNeighborTableFileDescriptor
                0x0000019e                csGroupTableFileDescriptor
                0x000001a4                csBindingTableFileDescriptor
                0x000001aa                PROVIDE (__pds_ff_end, .)
                0x000001aa                PROVIDE (__pds_fd_start, .)
 *(.pds_fd)
 .pds_fd        0x000001aa       0x24 EndDevice_Rcb_Atmega128rfa1_8Mhz_Gcc/Obj/csPersistentMem.o
                0x000001aa                csGeneralParamsDirDescr
                0x000001b0                csExtendedParamsDirDescr
                0x000001b6                csNwkSecurityTablesDirDescr
                0x000001bc                BCSystemDirDescr
                0x000001c2                BCExtGenParamsDirDescr
                0x000001c8                BCRejoinParamsDirDescr
                0x000001ce                PROVIDE (__pds_fd_end, .)
 *(.progmem.gcc*)
 .progmem.gcc_sw_table
                0x000001ce      0x108 ./../../../../BitCloud/lib/libBc_EndDevice_Atmega128rfa1_Atmega128rfa1_Gcc.a(macenvPib.o)
 .progmem.gcc_sw_table
                0x000002d6       0x1e ./../../../../BitCloud/lib/libBc_EndDevice_Atmega128rfa1_Atmega128rfa1_Gcc.a(nwk.o)
 .progmem.gcc_sw_table
                0x000002f4       0x58 ./../../../../BitCloud/lib/libBc_EndDevice_Atmega128rfa1_Atmega128rfa1_Gcc.a(zdo.o)
 .progmem.gcc_sw_table
                0x0000034c       0x28 ./../../../../BitCloud/lib/libBc_EndDevice_Atmega128rfa1_Atmega128rfa1_Gcc.a(machwdManager.o)
 .progmem.gcc_sw_table
                0x00000374       0x28 ./../../../../BitCloud/lib/libBc_EndDevice_Atmega128rfa1_Atmega128rfa1_Gcc.a(machwiManager.o)
 .progmem.gcc_sw_table
                0x0000039c       0x20 ./../../../../BitCloud/lib/libBc_EndDevice_Atmega128rfa1_Atmega128rfa1_Gcc.a(machwiScanHandler.o)
 *(.progmem*)
 .progmem.data  0x000003bc       0xa4 EndDevice_Rcb_Atmega128rfa1_8Mhz_Gcc/Obj/csPersistentMem.o
                0x000003bc                CsGeneralMemoryIdsTable
                0x000003dc                CsExtendedMemoryIdsTable
                0x000003e4                CsNwkSecurityMemoryIdsTable
                0x000003e8                BCSystemMemoryIdsTable
                0x00000416                BCExtGenParamsMemoryIdsTable
                0x0000043e                BCRejoinParamsMemoryIdsTable
 .progmem.data  0x00000460      0x25e EndDevice_Rcb_Atmega128rfa1_8Mhz_Gcc/Obj/csMem.o
                0x00000460                defaultNIB
                0x000004e6                defaultZIB
                0x00000515                defaultAIB
                0x00000517                defaultSIB
                0x00000553                csReadOnlyItems
                0x00000572                csMemoryItems
 .progmem.data  0x000006be        0xc ./../../../../BitCloud/lib/libHAL_RcbAtm128rfa1_Atmega128rfa1_8Mhz_Gcc.a(usart.o)
 .progmem.data  0x000006ca       0x10 ./../../../../BitCloud/lib/libBc_EndDevice_Atmega128rfa1_Atmega128rfa1_Gcc.a(aps.o)
 .progmem.data  0x000006da      0x132 ./../../../../BitCloud/lib/libBc_EndDevice_Atmega128rfa1_Atmega128rfa1_Gcc.a(nwk.o)
                0x0000080c                . = ALIGN (0x2)
 *(.trampolines*)
 .trampolines   0x0000080c        0x0 linker stubs
 *(.jumptables*)
 *(.lowtext*)
 *(.init0)
 .init0         0x0000080c        0x0 d:/program files/atmel/avr studio 5.1/extensions/atmel/avrgcc/3.3.1.27/avrtoolchain/bin/../lib/gcc/avr/4.5.1/../../../../avr/lib/avr51/crtm128rfa1.o
                0x0000080c                __init
 .init0         0x0000080c       0x30 ./../../../../BitCloud/lib/WdtInitatmega128rfa1_Gcc.o
                0x0000080c                halWdtInit
 *(.init0)
 *(.init1)
 *(.init1)
 *(.init2)
 .init2         0x0000083c        0xc d:/program files/atmel/avr studio 5.1/extensions/atmel/avrgcc/3.3.1.27/avrtoolchain/bin/../lib/gcc/avr/4.5.1/../../../../avr/lib/avr51/crtm128rfa1.o
 *(.init2)
 *(.init3)
 *(.init3)
 *(.init4)
 .init4         0x00000848       0x1a d:/program files/atmel/avr studio 5.1/extensions/atmel/avrgcc/3.3.1.27/avrtoolchain/bin/../lib/gcc/avr/4.5.1/avr51\libgcc.a(_copy_data.o)
                0x00000848                __do_copy_data
 .init4         0x00000862       0x10 d:/program files/atmel/avr studio 5.1/extensions/atmel/avrgcc/3.3.1.27/avrtoolchain/bin/../lib/gcc/avr/4.5.1/avr51\libgcc.a(_clear_bss.o)
                0x00000862                __do_clear_bss
 *(.init4)
 *(.init5)
 *(.init5)
 *(.init6)
 *(.init6)
 *(.init7)
 *(.init7)
 *(.init8)
 *(.init8)
 *(.text.main)
 .text.main     0x00000872        0xa EndDevice_Rcb_Atmega128rfa1_8Mhz_Gcc/Obj/blink.o
                0x00000872                main
 *(.text.main)
 *(.text)
 .text          0x0000087c        0x4 d:/program files/atmel/avr studio 5.1/extensions/atmel/avrgcc/3.3.1.27/avrtoolchain/bin/../lib/gcc/avr/4.5.1/../../../../avr/lib/avr51/crtm128rfa1.o
                0x0000087c                __vector_22
                0x0000087c                __vector_28
                0x0000087c                __vector_67
                0x0000087c                __vector_32
                0x0000087c                __vector_71
                0x0000087c                __vector_34
                0x0000087c                __vector_62
                0x0000087c                __vector_12
                0x0000087c                __vector_55
                0x0000087c                __vector_69
                0x0000087c                __vector_46
                0x0000087c                __bad_interrupt
                0x0000087c                __vector_31
                0x0000087c                __vector_35
                0x0000087c                __vector_23
                0x0000087c                __vector_68
                0x0000087c                __vector_45
                0x0000087c                __vector_61
                0x0000087c                __vector_11
                0x0000087c                __vector_54
                0x0000087c                __vector_17
                0x0000087c                __vector_19
                0x0000087c                __vector_56
                0x0000087c                __vector_49
                0x0000087c                __vector_41
                0x0000087c                __vector_64
                0x0000087c                __vector_33
                0x0000087c                __vector_47
                0x0000087c                __vector_52
                0x0000087c                __vector_44
                0x0000087c                __vector_51
                0x0000087c                __vector_9
                0x0000087c                __vector_21
                0x0000087c                __vector_66
                0x0000087c                __vector_58
                0x0000087c                __vector_70
                0x0000087c                __vector_40
                0x0000087c                __vector_48
                0x0000087c                __vector_14
                0x0000087c                __vector_57
                0x0000087c                __vector_53
                0x0000087c                __vector_10
                0x0000087c                __vector_50
                0x0000087c                __vector_16
                0x0000087c                __vector_59
                0x0000087c                __vector_18
                0x0000087c                __vector_20
                0x0000087c                __vector_65
 .text          0x00000880       0xce ./../../../../BitCloud/lib/libHAL_RcbAtm128rfa1_Atmega128rfa1_8Mhz_Gcc.a(halW1.o)
                0x00000880                halResetW1
                0x000008b4                halReadW1Bit
                0x000008e4                halReadW1
                0x00000900                halWriteW1bit
                0x0000092c                halWriteW1
                0x0000093e                __delay_us
 .text          0x0000094e       0x3a ./../../../../BitCloud/lib/libHAL_RcbAtm128rfa1_Atmega128rfa1_8Mhz_Gcc.a(halCalibration.o)
                0x0000094e                halMeasurement
 .text          0x00000988       0xe2 d:/program files/atmel/avr studio 5.1/extensions/atmel/avrgcc/3.3.1.27/avrtoolchain/bin/../lib/gcc/avr/4.5.1/avr51\libgcc.a(_ashldi3.o)
                0x00000988                __ashldi3
 *(.text.*)
 .text.APS_DataInd
                0x00000a6a        0x2 EndDevice_Rcb_Atmega128rfa1_8Mhz_Gcc/Obj/blink.o
 .text.ZDO_WakeUpConf
                0x00000a6c       0x2c EndDevice_Rcb_Atmega128rfa1_8Mhz_Gcc/Obj/blink.o
 .text.ZDO_StartNetworkConf
                0x00000a98       0xa2 EndDevice_Rcb_Atmega128rfa1_8Mhz_Gcc/Obj/blink.o
 .text.APS_DataInd2
                0x00000b3a        0x8 EndDevice_Rcb_Atmega128rfa1_8Mhz_Gcc/Obj/blink.o
 .text.APS_DataConf
                0x00000b42        0x8 EndDevice_Rcb_Atmega128rfa1_8Mhz_Gcc/Obj/blink.o
 .text.Timer_Handler
                0x00000b4a       0x94 EndDevice_Rcb_Atmega128rfa1_8Mhz_Gcc/Obj/blink.o
 .text.Timer_Handler2
                0x00000bde       0x2c EndDevice_Rcb_Atmega128rfa1_8Mhz_Gcc/Obj/blink.o
 .text.check_state
                0x00000c0a       0x32 EndDevice_Rcb_Atmega128rfa1_8Mhz_Gcc/Obj/blink.o
                0x00000c0a                check_state
 .text.APL_TaskHandler
                0x00000c3c      0x198 EndDevice_Rcb_Atmega128rfa1_8Mhz_Gcc/Obj/blink.o
                0x00000c3c                APL_TaskHandler
 .text.ZDO_MgmtNwkUpdateNotf
                0x00000dd4       0xa2 EndDevice_Rcb_Atmega128rfa1_8Mhz_Gcc/Obj/blink.o
                0x00000dd4                ZDO_MgmtNwkUpdateNotf
 .text.ZDO_WakeUpInd
                0x00000e76       0x2c EndDevice_Rcb_Atmega128rfa1_8Mhz_Gcc/Obj/blink.o
                0x00000e76                ZDO_WakeUpInd
 .text.ZDO_BindIndication
                0x00000ea2        0x2 EndDevice_Rcb_Atmega128rfa1_8Mhz_Gcc/Obj/blink.o
                0x00000ea2                ZDO_BindIndication
 .text.ZDO_UnbindIndication
                0x00000ea4        0x2 EndDevice_Rcb_Atmega128rfa1_8Mhz_Gcc/Obj/blink.o
                0x00000ea4                ZDO_UnbindIndication
 .text.pdsDummyCallback
                0x00000ea6        0x2 EndDevice_Rcb_Atmega128rfa1_8Mhz_Gcc/Obj/pdsWriteData.o
                0x00000ea6                pdsDummyCallback
 .text.pdsAddDataForCommitment
                0x00000ea8       0x70 EndDevice_Rcb_Atmega128rfa1_8Mhz_Gcc/Obj/pdsWriteData.o
                0x00000ea8                pdsAddDataForCommitment
 .text.pdsWaitMemoryFree
                0x00000f18       0x10 EndDevice_Rcb_Atmega128rfa1_8Mhz_Gcc/Obj/pdsWriteData.o
                0x00000f18                pdsWaitMemoryFree
 .text.pdsRead  0x00000f28       0x3e EndDevice_Rcb_Atmega128rfa1_8Mhz_Gcc/Obj/pdsWriteData.o
                0x00000f28                pdsRead
 .text.pdsWrite
                0x00000f66       0x3e EndDevice_Rcb_Atmega128rfa1_8Mhz_Gcc/Obj/pdsWriteData.o
                0x00000f66                pdsWrite
 .text.pdsStartCommitment
                0x00000fa4      0x1e6 EndDevice_Rcb_Atmega128rfa1_8Mhz_Gcc/Obj/pdsWriteData.o
                0x00000fa4                pdsStartCommitment
 .text.pdsMemMaskIsAnyBitSet
                0x0000118a       0x1c EndDevice_Rcb_Atmega128rfa1_8Mhz_Gcc/Obj/pdsDataServer.o
 .text.pdsInitMemMask
                0x000011a6       0x3c EndDevice_Rcb_Atmega128rfa1_8Mhz_Gcc/Obj/pdsDataServer.o
 .text.pdsGetMemoryAllowed
                0x000011e2       0x38 EndDevice_Rcb_Atmega128rfa1_8Mhz_Gcc/Obj/pdsDataServer.o
 .text.PDS_Store
                0x0000121a       0x14 EndDevice_Rcb_Atmega128rfa1_8Mhz_Gcc/Obj/pdsDataServer.o
                0x0000121a                PDS_Store
 .text.PDS_IsMemoryRestored
                0x0000122e       0x54 EndDevice_Rcb_Atmega128rfa1_8Mhz_Gcc/Obj/pdsDataServer.o
                0x0000122e                PDS_IsMemoryRestored
 .text.PDS_Init
                0x00001282      0x226 EndDevice_Rcb_Atmega128rfa1_8Mhz_Gcc/Obj/pdsInit.o
                0x00001282                PDS_Init
 .text.pdsTimerFired
                0x000014a8        0xe EndDevice_Rcb_Atmega128rfa1_8Mhz_Gcc/Obj/pdsTimer.o
 .text.pdsTimerInit
                0x000014b6       0x12 EndDevice_Rcb_Atmega128rfa1_8Mhz_Gcc/Obj/pdsTimer.o
                0x000014b6                pdsTimerInit
 .text.pdsGetFileDescrRec
                0x000014c8       0x66 EndDevice_Rcb_Atmega128rfa1_8Mhz_Gcc/Obj/pdsMemAccess.o
                0x000014c8                pdsGetFileDescrRec
 .text.pdsGetFileOffset
                0x0000152e      0x112 EndDevice_Rcb_Atmega128rfa1_8Mhz_Gcc/Obj/pdsMemAccess.o
                0x0000152e                pdsGetFileOffset
 .text.pdsPrepareMemoryAccess
                0x00001640       0xc0 EndDevice_Rcb_Atmega128rfa1_8Mhz_Gcc/Obj/pdsMemAccess.o
                0x00001640                pdsPrepareMemoryAccess
 .text.pdsExpandMemoryMask
                0x00001700      0x162 EndDevice_Rcb_Atmega128rfa1_8Mhz_Gcc/Obj/pdsMemAccess.o
                0x00001700                pdsExpandMemoryMask
 .text.pdsPrepareAccessContext
                0x00001862       0x40 EndDevice_Rcb_Atmega128rfa1_8Mhz_Gcc/Obj/pdsMemAccess.o
                0x00001862                pdsPrepareAccessContext
 .text.pdsCalculateRAMDataCrc
                0x000018a2       0x1c EndDevice_Rcb_Atmega128rfa1_8Mhz_Gcc/Obj/pdsCrcService.o
                0x000018a2                pdsCalculateRAMDataCrc
 .text.pdsCheckFile
                0x000018be       0xc8 EndDevice_Rcb_Atmega128rfa1_8Mhz_Gcc/Obj/pdsCrcService.o
                0x000018be                pdsCheckFile
 .text.pdsCheckStorage
                0x00001986       0x8e EndDevice_Rcb_Atmega128rfa1_8Mhz_Gcc/Obj/pdsCrcService.o
                0x00001986                pdsCheckStorage
 .text.BSP_OpenLeds
                0x00001a14        0x8 EndDevice_Rcb_Atmega128rfa1_8Mhz_Gcc/Obj/leds.o
                0x00001a14                BSP_OpenLeds
 .text.BSP_OnLed
                0x00001a1c       0x20 EndDevice_Rcb_Atmega128rfa1_8Mhz_Gcc/Obj/leds.o
                0x00001a1c                BSP_OnLed
 .text.BSP_OffLed
                0x00001a3c       0x20 EndDevice_Rcb_Atmega128rfa1_8Mhz_Gcc/Obj/leds.o
                0x00001a3c                BSP_OffLed
 .text.BSP_ToggleLed
                0x00001a5c       0x1e EndDevice_Rcb_Atmega128rfa1_8Mhz_Gcc/Obj/leds.o
                0x00001a5c                BSP_ToggleLed
 .text.BSP_TaskHandler
                0x00001a7a       0x7a EndDevice_Rcb_Atmega128rfa1_8Mhz_Gcc/Obj/bspTaskManager.o
                0x00001a7a                BSP_TaskHandler
 .text.bspButtonsHandler
                0x00001af4       0x88 EndDevice_Rcb_Atmega128rfa1_8Mhz_Gcc/Obj/buttons.o
                0x00001af4                bspButtonsHandler
 .text.bspTemperatureSensorHandler
                0x00001b7c       0x12 EndDevice_Rcb_Atmega128rfa1_8Mhz_Gcc/Obj/fakeBSP.o
                0x00001b7c                bspTemperatureSensorHandler
 .text.bspLightSensorHandler
                0x00001b8e       0x12 EndDevice_Rcb_Atmega128rfa1_8Mhz_Gcc/Obj/fakeBSP.o
                0x00001b8e                bspLightSensorHandler
 .text.bspEmptyBatteryHandler
                0x00001ba0       0x10 EndDevice_Rcb_Atmega128rfa1_8Mhz_Gcc/Obj/fakeBSP.o
                0x00001ba0                bspEmptyBatteryHandler
 .text.csSetToDefault
                0x00001bb0       0x80 EndDevice_Rcb_Atmega128rfa1_8Mhz_Gcc/Obj/csMem.o
                0x00001bb0                csSetToDefault
 .text.csGetItem
                0x00001c30       0x38 EndDevice_Rcb_Atmega128rfa1_8Mhz_Gcc/Obj/configServer.o
 .text.CS_Init  0x00001c68        0xa EndDevice_Rcb_Atmega128rfa1_8Mhz_Gcc/Obj/configServer.o
                0x00001c68                CS_Init
 .text.CS_ReadParameter
                0x00001c72       0x36 EndDevice_Rcb_Atmega128rfa1_8Mhz_Gcc/Obj/configServer.o
                0x00001c72                CS_ReadParameter
 .text.CS_WriteParameter
                0x00001ca8       0x34 EndDevice_Rcb_Atmega128rfa1_8Mhz_Gcc/Obj/configServer.o
                0x00001ca8                CS_WriteParameter
 .text.CS_GetMemory
                0x00001cdc       0x18 EndDevice_Rcb_Atmega128rfa1_8Mhz_Gcc/Obj/configServer.o
                0x00001cdc                CS_GetMemory
 .text.halAppTimerHandler
                0x00001cf4       0x8a ./../../../../BitCloud/lib/libHAL_RcbAtm128rfa1_Atmega128rfa1_8Mhz_Gcc.a(appTimer.o)
                0x00001cf4                halAppTimerHandler
 .text.HAL_StartAppTimer
                0x00001d7e       0x58 ./../../../../BitCloud/lib/libHAL_RcbAtm128rfa1_Atmega128rfa1_8Mhz_Gcc.a(appTimer.o)
                0x00001d7e                HAL_StartAppTimer
 .text.HAL_StopAppTimer
                0x00001dd6       0x4a ./../../../../BitCloud/lib/libHAL_RcbAtm128rfa1_Atmega128rfa1_8Mhz_Gcc.a(appTimer.o)
                0x00001dd6                HAL_StopAppTimer
 .text.HAL_GetSystemTime
                0x00001e20       0x4e ./../../../../BitCloud/lib/libHAL_RcbAtm128rfa1_Atmega128rfa1_8Mhz_Gcc.a(appTimer.o)
                0x00001e20                HAL_GetSystemTime
 .text.HAL_TaskHandler
                0x00001e6e      0x1b2 ./../../../../BitCloud/lib/libHAL_RcbAtm128rfa1_Atmega128rfa1_8Mhz_Gcc.a(halTaskManager.o)
                0x00001e6e                HAL_TaskHandler
 .text.halUsartHwController
                0x00002020       0x9a ./../../../../BitCloud/lib/libHAL_RcbAtm128rfa1_Atmega128rfa1_8Mhz_Gcc.a(usart.o)
 .text.halSigUsartReceptionComplete
                0x000020ba       0x54 ./../../../../BitCloud/lib/libHAL_RcbAtm128rfa1_Atmega128rfa1_8Mhz_Gcc.a(usart.o)
 .text.halSetUsartClockPinDirection
                0x0000210e       0x36 ./../../../../BitCloud/lib/libHAL_RcbAtm128rfa1_Atmega128rfa1_8Mhz_Gcc.a(usart.o)
 .text.halUsartTaskUsart0Dre
                0x00002144        0x8 ./../../../../BitCloud/lib/libHAL_RcbAtm128rfa1_Atmega128rfa1_8Mhz_Gcc.a(usart.o)
 .text.halUsartTaskUsart0Rxc
                0x0000214c        0x8 ./../../../../BitCloud/lib/libHAL_RcbAtm128rfa1_Atmega128rfa1_8Mhz_Gcc.a(usart.o)
 .text.halUsartTaskUsart1Dre
                0x00002154        0x8 ./../../../../BitCloud/lib/libHAL_RcbAtm128rfa1_Atmega128rfa1_8Mhz_Gcc.a(usart.o)
 .text.halUsartTaskUsart1Rxc
                0x0000215c        0x8 ./../../../../BitCloud/lib/libHAL_RcbAtm128rfa1_Atmega128rfa1_8Mhz_Gcc.a(usart.o)
 .text.halSigUsartHandler
                0x00002164       0x6e ./../../../../BitCloud/lib/libHAL_RcbAtm128rfa1_Atmega128rfa1_8Mhz_Gcc.a(usart.o)
                0x00002164                halSigUsartHandler
 .text.halPostUsartTask
                0x000021d2       0x3c ./../../../../BitCloud/lib/libHAL_RcbAtm128rfa1_Atmega128rfa1_8Mhz_Gcc.a(usart.o)
                0x000021d2                halPostUsartTask
 .text.halUsartRxBufferFiller
                0x0000220e       0xa4 ./../../../../BitCloud/lib/libHAL_RcbAtm128rfa1_Atmega128rfa1_8Mhz_Gcc.a(usart.o)
                0x0000220e                halUsartRxBufferFiller
 .text.halSigUsartTransmissionComplete
                0x000022b2       0x68 ./../../../../BitCloud/lib/libHAL_RcbAtm128rfa1_Atmega128rfa1_8Mhz_Gcc.a(usart.o)
                0x000022b2                halSigUsartTransmissionComplete
 .text.halUsartTaskUsart1Txc
                0x0000231a        0x8 ./../../../../BitCloud/lib/libHAL_RcbAtm128rfa1_Atmega128rfa1_8Mhz_Gcc.a(usart.o)
 .text.halUsartTaskUsart0Txc
                0x00002322        0x8 ./../../../../BitCloud/lib/libHAL_RcbAtm128rfa1_Atmega128rfa1_8Mhz_Gcc.a(usart.o)
 .text.halIsUsartChannelCorrect
                0x0000232a       0x16 ./../../../../BitCloud/lib/libHAL_RcbAtm128rfa1_Atmega128rfa1_8Mhz_Gcc.a(usart.o)
                0x0000232a                halIsUsartChannelCorrect
 .text.HAL_WriteUsart
                0x00002340       0xfc ./../../../../BitCloud/lib/libHAL_RcbAtm128rfa1_Atmega128rfa1_8Mhz_Gcc.a(usart.o)
                0x00002340                HAL_WriteUsart
 .text.HAL_OpenUsart
                0x0000243c       0x92 ./../../../../BitCloud/lib/libHAL_RcbAtm128rfa1_Atmega128rfa1_8Mhz_Gcc.a(usart.o)
                0x0000243c                HAL_OpenUsart
 .text.HAL_EnableIrq
                0x000024ce       0x3c ./../../../../BitCloud/lib/libHAL_RcbAtm128rfa1_Atmega128rfa1_8Mhz_Gcc.a(irq.o)
                0x000024ce                HAL_EnableIrq
 .text.halI2cBusReset
                0x0000250a       0x36 ./../../../../BitCloud/lib/libHAL_RcbAtm128rfa1_Atmega128rfa1_8Mhz_Gcc.a(i2cPacket.o)
                0x0000250a                halI2cBusReset
 .text.halSendStartDoneI2c
                0x00002540       0x3e ./../../../../BitCloud/lib/libHAL_RcbAtm128rfa1_Atmega128rfa1_8Mhz_Gcc.a(i2cPacket.o)
                0x00002540                halSendStartDoneI2c
 .text.halWriteData
                0x0000257e       0x64 ./../../../../BitCloud/lib/libHAL_RcbAtm128rfa1_Atmega128rfa1_8Mhz_Gcc.a(i2cPacket.o)
                0x0000257e                halWriteData
 .text.halWriteInternalAddress
                0x000025e2       0x5c ./../../../../BitCloud/lib/libHAL_RcbAtm128rfa1_Atmega128rfa1_8Mhz_Gcc.a(i2cPacket.o)
                0x000025e2                halWriteInternalAddress
 .text.halWriteDoneI2c
                0x0000263e       0x3a ./../../../../BitCloud/lib/libHAL_RcbAtm128rfa1_Atmega128rfa1_8Mhz_Gcc.a(i2cPacket.o)
                0x0000263e                halWriteDoneI2c
 .text.halMasterReadWriteAddressAckI2c
                0x00002678       0x3c ./../../../../BitCloud/lib/libHAL_RcbAtm128rfa1_Atmega128rfa1_8Mhz_Gcc.a(i2cPacket.o)
                0x00002678                halMasterReadWriteAddressAckI2c
 .text.halReadDoneI2c
                0x000026b4       0x58 ./../../../../BitCloud/lib/libHAL_RcbAtm128rfa1_Atmega128rfa1_8Mhz_Gcc.a(i2cPacket.o)
                0x000026b4                halReadDoneI2c
 .text.halReadLastByteDoneI2c
                0x0000270c       0x58 ./../../../../BitCloud/lib/libHAL_RcbAtm128rfa1_Atmega128rfa1_8Mhz_Gcc.a(i2cPacket.o)
                0x0000270c                halReadLastByteDoneI2c
 .text.halSig2WireSerialHandler
                0x00002764       0x46 ./../../../../BitCloud/lib/libHAL_RcbAtm128rfa1_Atmega128rfa1_8Mhz_Gcc.a(i2cPacket.o)
                0x00002764                halSig2WireSerialHandler
 .text.HAL_ReadEeprom
                0x000027aa       0xc8 ./../../../../BitCloud/lib/libHAL_RcbAtm128rfa1_Atmega128rfa1_8Mhz_Gcc.a(eeprom.o)
                0x000027aa                HAL_ReadEeprom
 .text.HAL_WriteEeprom
                0x00002872       0xea ./../../../../BitCloud/lib/libHAL_RcbAtm128rfa1_Atmega128rfa1_8Mhz_Gcc.a(eeprom.o)
                0x00002872                HAL_WriteEeprom
 .text.HAL_IsEepromBusy
                0x0000295c        0xe ./../../../../BitCloud/lib/libHAL_RcbAtm128rfa1_Atmega128rfa1_8Mhz_Gcc.a(eeprom.o)
                0x0000295c                HAL_IsEepromBusy
 .text.halSigEepromReadyHandler
                0x0000296a       0x60 ./../../../../BitCloud/lib/libHAL_RcbAtm128rfa1_Atmega128rfa1_8Mhz_Gcc.a(eeprom.o)
                0x0000296a                halSigEepromReadyHandler
 .text.halAddTimer
                0x000029ca      0x370 ./../../../../BitCloud/lib/libHAL_RcbAtm128rfa1_Atmega128rfa1_8Mhz_Gcc.a(timer.o)
                0x000029ca                halAddTimer
 .text.halRemoveTimer
                0x00002d3a       0x3e ./../../../../BitCloud/lib/libHAL_RcbAtm128rfa1_Atmega128rfa1_8Mhz_Gcc.a(timer.o)
                0x00002d3a                halRemoveTimer
 .text.halFindPrevTimer
                0x00002d78       0x1e ./../../../../BitCloud/lib/libHAL_RcbAtm128rfa1_Atmega128rfa1_8Mhz_Gcc.a(timer.o)
                0x00002d78                halFindPrevTimer
 .text.halSigAdcHandler
                0x00002d96       0x16 ./../../../../BitCloud/lib/libHAL_RcbAtm128rfa1_Atmega128rfa1_8Mhz_Gcc.a(adc.o)
                0x00002d96                halSigAdcHandler
 .text.halClearRealSpi
                0x00002dac        0x8 ./../../../../BitCloud/lib/libHAL_RcbAtm128rfa1_Atmega128rfa1_8Mhz_Gcc.a(spi.o)
 .text.halSpiTxByteComplete
                0x00002db4       0x32 ./../../../../BitCloud/lib/libHAL_RcbAtm128rfa1_Atmega128rfa1_8Mhz_Gcc.a(spi.o)
                0x00002db4                halSpiTxByteComplete
 .text.halSpiRxBufferFiller
                0x00002de6       0x58 ./../../../../BitCloud/lib/libHAL_RcbAtm128rfa1_Atmega128rfa1_8Mhz_Gcc.a(spi.o)
                0x00002de6                halSpiRxBufferFiller
 .text.halSpiRxByteComplete
                0x00002e3e       0x24 ./../../../../BitCloud/lib/libHAL_RcbAtm128rfa1_Atmega128rfa1_8Mhz_Gcc.a(spi.o)
                0x00002e3e                halSpiRxByteComplete
 .text.halClearTimeControl
                0x00002e62       0x14 ./../../../../BitCloud/lib/libHAL_RcbAtm128rfa1_Atmega128rfa1_8Mhz_Gcc.a(halSleepTimerClock.o)
                0x00002e62                halClearTimeControl
 .text.halWakeupFromIrq
                0x00002e76       0x28 ./../../../../BitCloud/lib/libHAL_RcbAtm128rfa1_Atmega128rfa1_8Mhz_Gcc.a(halSleepTimerClock.o)
                0x00002e76                halWakeupFromIrq
 .text.halStartSleepTimerClock
                0x00002e9e       0x48 ./../../../../BitCloud/lib/libHAL_RcbAtm128rfa1_Atmega128rfa1_8Mhz_Gcc.a(halSleepTimerClock.o)
                0x00002e9e                halStartSleepTimerClock
 .text.halStopSleepTimerClock
                0x00002ee6       0x42 ./../../../../BitCloud/lib/libHAL_RcbAtm128rfa1_Atmega128rfa1_8Mhz_Gcc.a(halSleepTimerClock.o)
                0x00002ee6                halStopSleepTimerClock
 .text.halSetSleepTimerInterval
                0x00002f28       0x6a ./../../../../BitCloud/lib/libHAL_RcbAtm128rfa1_Atmega128rfa1_8Mhz_Gcc.a(halSleepTimerClock.o)
                0x00002f28                halSetSleepTimerInterval
 .text.halGetTimeOfSleepTimer
                0x00002f92       0xbc ./../../../../BitCloud/lib/libHAL_RcbAtm128rfa1_Atmega128rfa1_8Mhz_Gcc.a(halSleepTimerClock.o)
                0x00002f92                halGetTimeOfSleepTimer
 .text.halSleepTimerFrequency
                0x0000304e        0xa ./../../../../BitCloud/lib/libHAL_RcbAtm128rfa1_Atmega128rfa1_8Mhz_Gcc.a(halSleepTimerClock.o)
                0x0000304e                halSleepTimerFrequency
 .text.halSleepSystemTimeSynchronize
                0x00003058       0x62 ./../../../../BitCloud/lib/libHAL_RcbAtm128rfa1_Atmega128rfa1_8Mhz_Gcc.a(halSleepTimerClock.o)
                0x00003058                halSleepSystemTimeSynchronize
 .text.__vector_13
                0x000030ba       0x92 ./../../../../BitCloud/lib/libHAL_RcbAtm128rfa1_Atmega128rfa1_8Mhz_Gcc.a(halSleepTimerClock.o)
                0x000030ba                __vector_13
 .text.__vector_15
                0x0000314c      0x10a ./../../../../BitCloud/lib/libHAL_RcbAtm128rfa1_Atmega128rfa1_8Mhz_Gcc.a(halSleepTimerClock.o)
                0x0000314c                __vector_15
 .text.halSmRequestHandler
                0x00003256      0x15c ./../../../../BitCloud/lib/libHAL_RcbAtm128rfa1_Atmega128rfa1_8Mhz_Gcc.a(halSecurityModule.o)
                0x00003256                halSmRequestHandler
 .text.halInitAppClock
                0x000033b2       0x26 ./../../../../BitCloud/lib/libHAL_RcbAtm128rfa1_Atmega128rfa1_8Mhz_Gcc.a(halAppClock.o)
                0x000033b2                halInitAppClock
 .text.halAdjustSleepInterval
                0x000033d8       0x50 ./../../../../BitCloud/lib/libHAL_RcbAtm128rfa1_Atmega128rfa1_8Mhz_Gcc.a(halAppClock.o)
                0x000033d8                halAdjustSleepInterval
 .text.halAppSystemTimeSynchronize
                0x00003428       0x62 ./../../../../BitCloud/lib/libHAL_RcbAtm128rfa1_Atmega128rfa1_8Mhz_Gcc.a(halAppClock.o)
                0x00003428                halAppSystemTimeSynchronize
 .text.halGetTimeOfAppTimer
                0x0000348a       0x16 ./../../../../BitCloud/lib/libHAL_RcbAtm128rfa1_Atmega128rfa1_8Mhz_Gcc.a(halAppClock.o)
                0x0000348a                halGetTimeOfAppTimer
 .text.__vector_42
                0x000034a0       0x4c ./../../../../BitCloud/lib/libHAL_RcbAtm128rfa1_Atmega128rfa1_8Mhz_Gcc.a(halAppClock.o)
                0x000034a0                __vector_42
 .text.halSetUsartConfig
                0x000034ec       0xb2 ./../../../../BitCloud/lib/libHAL_RcbAtm128rfa1_Atmega128rfa1_8Mhz_Gcc.a(halUsart.o)
                0x000034ec                halSetUsartConfig
 .text.__vector_26
                0x0000359e       0x5c ./../../../../BitCloud/lib/libHAL_RcbAtm128rfa1_Atmega128rfa1_8Mhz_Gcc.a(halUsart.o)
                0x0000359e                __vector_26
 .text.__vector_27
                0x000035fa       0x5c ./../../../../BitCloud/lib/libHAL_RcbAtm128rfa1_Atmega128rfa1_8Mhz_Gcc.a(halUsart.o)
                0x000035fa                __vector_27
 .text.__vector_25
                0x00003656       0x64 ./../../../../BitCloud/lib/libHAL_RcbAtm128rfa1_Atmega128rfa1_8Mhz_Gcc.a(halUsart.o)
                0x00003656                __vector_25
 .text.__vector_37
                0x000036ba       0x5c ./../../../../BitCloud/lib/libHAL_RcbAtm128rfa1_Atmega128rfa1_8Mhz_Gcc.a(halUsart.o)
                0x000036ba                __vector_37
 .text.__vector_38
                0x00003716       0x5c ./../../../../BitCloud/lib/libHAL_RcbAtm128rfa1_Atmega128rfa1_8Mhz_Gcc.a(halUsart.o)
                0x00003716                __vector_38
 .text.__vector_36
                0x00003772       0x64 ./../../../../BitCloud/lib/libHAL_RcbAtm128rfa1_Atmega128rfa1_8Mhz_Gcc.a(halUsart.o)
                0x00003772                __vector_36
 .text.__vector_1
                0x000037d6       0x5a ./../../../../BitCloud/lib/libHAL_RcbAtm128rfa1_Atmega128rfa1_8Mhz_Gcc.a(halIrq.o)
                0x000037d6                __vector_1
 .text.__vector_2
                0x00003830       0x5a ./../../../../BitCloud/lib/libHAL_RcbAtm128rfa1_Atmega128rfa1_8Mhz_Gcc.a(halIrq.o)
                0x00003830                __vector_2
 .text.__vector_3
                0x0000388a       0x5a ./../../../../BitCloud/lib/libHAL_RcbAtm128rfa1_Atmega128rfa1_8Mhz_Gcc.a(halIrq.o)
                0x0000388a                __vector_3
 .text.__vector_4
                0x000038e4       0x5a ./../../../../BitCloud/lib/libHAL_RcbAtm128rfa1_Atmega128rfa1_8Mhz_Gcc.a(halIrq.o)
                0x000038e4                __vector_4
 .text.__vector_5
                0x0000393e       0x5a ./../../../../BitCloud/lib/libHAL_RcbAtm128rfa1_Atmega128rfa1_8Mhz_Gcc.a(halIrq.o)
                0x0000393e                __vector_5
 .text.__vector_6
                0x00003998       0x5a ./../../../../BitCloud/lib/libHAL_RcbAtm128rfa1_Atmega128rfa1_8Mhz_Gcc.a(halIrq.o)
                0x00003998                __vector_6
 .text.__vector_7
                0x000039f2       0x5a ./../../../../BitCloud/lib/libHAL_RcbAtm128rfa1_Atmega128rfa1_8Mhz_Gcc.a(halIrq.o)
                0x000039f2                __vector_7
 .text.__vector_8
                0x00003a4c       0x5a ./../../../../BitCloud/lib/libHAL_RcbAtm128rfa1_Atmega128rfa1_8Mhz_Gcc.a(halIrq.o)
                0x00003a4c                __vector_8
 .text.__vector_39
                0x00003aa6       0xda ./../../../../BitCloud/lib/libHAL_RcbAtm128rfa1_Atmega128rfa1_8Mhz_Gcc.a(halTwi.o)
                0x00003aa6                __vector_39
 .text.halEepromWrite
                0x00003b80       0x1c ./../../../../BitCloud/lib/libHAL_RcbAtm128rfa1_Atmega128rfa1_8Mhz_Gcc.a(halEeprom.o)
                0x00003b80                halEepromWrite
 .text.__vector_30
                0x00003b9c       0x44 ./../../../../BitCloud/lib/libHAL_RcbAtm128rfa1_Atmega128rfa1_8Mhz_Gcc.a(halEeprom.o)
                0x00003b9c                __vector_30
 .text.halPowerOn
                0x00003be0       0x3e ./../../../../BitCloud/lib/libHAL_RcbAtm128rfa1_Atmega128rfa1_8Mhz_Gcc.a(halSleep.o)
                0x00003be0                halPowerOn
 .text.halPowerOff
                0x00003c1e       0x9a ./../../../../BitCloud/lib/libHAL_RcbAtm128rfa1_Atmega128rfa1_8Mhz_Gcc.a(halSleep.o)
                0x00003c1e                halPowerOff
 .text.HAL_Sleep
                0x00003cb8       0x40 ./../../../../BitCloud/lib/libHAL_RcbAtm128rfa1_Atmega128rfa1_8Mhz_Gcc.a(halSleep.o)
                0x00003cb8                HAL_Sleep
 .text.halWakeupHandler
                0x00003cf8       0x6a ./../../../../BitCloud/lib/libHAL_RcbAtm128rfa1_Atmega128rfa1_8Mhz_Gcc.a(halSleep.o)
                0x00003cf8                halWakeupHandler
 .text.__vector_29
                0x00003d62       0xcc ./../../../../BitCloud/lib/libHAL_RcbAtm128rfa1_Atmega128rfa1_8Mhz_Gcc.a(halAdc.o)
                0x00003d62                __vector_29
 .text.__vector_24
                0x00003e2e       0x8c ./../../../../BitCloud/lib/libHAL_RcbAtm128rfa1_Atmega128rfa1_8Mhz_Gcc.a(halSpi.o)
                0x00003e2e                __vector_24
 .text.halCalibrateInternalRc
                0x00003eba       0xda ./../../../../BitCloud/lib/libHAL_RcbAtm128rfa1_Atmega128rfa1_8Mhz_Gcc.a(calibration.o)
                0x00003eba                halCalibrateInternalRc
 .text.HAL_CalibrateMainClock
                0x00003f94        0xe ./../../../../BitCloud/lib/libHAL_RcbAtm128rfa1_Atmega128rfa1_8Mhz_Gcc.a(calibration.o)
                0x00003f94                HAL_CalibrateMainClock
 .text.halStartingCalibrate
                0x00003fa2       0x1c ./../../../../BitCloud/lib/libHAL_RcbAtm128rfa1_Atmega128rfa1_8Mhz_Gcc.a(calibration.o)
                0x00003fa2                halStartingCalibrate
 .text.HAL_StartSleepTimer
                0x00003fbe       0x72 ./../../../../BitCloud/lib/libHAL_RcbAtm128rfa1_Atmega128rfa1_8Mhz_Gcc.a(sleepTimer.o)
                0x00003fbe                HAL_StartSleepTimer
 .text.halAsyncTimerHandler
                0x00004030       0x52 ./../../../../BitCloud/lib/libHAL_RcbAtm128rfa1_Atmega128rfa1_8Mhz_Gcc.a(sleepTimer.o)
                0x00004030                halAsyncTimerHandler
 .text.HAL_StartSystemSleep
                0x00004082       0x7a ./../../../../BitCloud/lib/libHAL_RcbAtm128rfa1_Atmega128rfa1_8Mhz_Gcc.a(sleep.o)
                0x00004082                HAL_StartSystemSleep
 .text.halInitFreq
                0x000040fc       0x6c ./../../../../BitCloud/lib/libHAL_RcbAtm128rfa1_Atmega128rfa1_8Mhz_Gcc.a(halClkCtrl.o)
                0x000040fc                halInitFreq
 .text.halGetClockSource
                0x00004168        0x6 ./../../../../BitCloud/lib/libHAL_RcbAtm128rfa1_Atmega128rfa1_8Mhz_Gcc.a(halClkCtrl.o)
                0x00004168                halGetClockSource
 .text.apsGetApsCounter
                0x0000416e        0xe ./../../../../BitCloud/lib/libBc_EndDevice_Atmega128rfa1_Atmega128rfa1_Gcc.a(aps.o)
 .text.apsPrepareFragmentedTransmission
                0x0000417c       0x70 ./../../../../BitCloud/lib/libBc_EndDevice_Atmega128rfa1_Atmega128rfa1_Gcc.a(aps.o)
 .text.apsIsFragmentationDataReq
                0x000041ec       0x22 ./../../../../BitCloud/lib/libBc_EndDevice_Atmega128rfa1_Atmega128rfa1_Gcc.a(aps.o)
 .text.apsGetBuffer
                0x0000420e       0xd6 ./../../../../BitCloud/lib/libBc_EndDevice_Atmega128rfa1_Atmega128rfa1_Gcc.a(aps.o)
 .text.apsFreeBuffer
                0x000042e4       0x8e ./../../../../BitCloud/lib/libBc_EndDevice_Atmega128rfa1_Atmega128rfa1_Gcc.a(aps.o)
 .text.apsPostTask
                0x00004372       0x32 ./../../../../BitCloud/lib/libBc_EndDevice_Atmega128rfa1_Atmega128rfa1_Gcc.a(aps.o)
 .text.apsMakeApsDataConf
                0x000043a4       0x5a ./../../../../BitCloud/lib/libBc_EndDevice_Atmega128rfa1_Atmega128rfa1_Gcc.a(aps.o)
 .text.apsAckForFragmentedReceiveConfirmHandler
                0x000043fe       0x9e ./../../../../BitCloud/lib/libBc_EndDevice_Atmega128rfa1_Atmega128rfa1_Gcc.a(aps.o)
 .text.apsStopConf
                0x0000449c       0x4a ./../../../../BitCloud/lib/libBc_EndDevice_Atmega128rfa1_Atmega128rfa1_Gcc.a(aps.o)
 .text.apsSendNwkDataReq
                0x000044e6       0x10 ./../../../../BitCloud/lib/libBc_EndDevice_Atmega128rfa1_Atmega128rfa1_Gcc.a(aps.o)
 .text.apsProcessShortAddrModeDataReq
                0x000044f6      0x296 ./../../../../BitCloud/lib/libBc_EndDevice_Atmega128rfa1_Atmega128rfa1_Gcc.a(aps.o)
 .text.apsSendNextBlock
                0x0000478c       0x14 ./../../../../BitCloud/lib/libBc_EndDevice_Atmega128rfa1_Atmega128rfa1_Gcc.a(aps.o)
 .text.apsSendAckForFragmentedReceive
                0x000047a0       0xce ./../../../../BitCloud/lib/libBc_EndDevice_Atmega128rfa1_Atmega128rfa1_Gcc.a(aps.o)
 .text.apsDataManagerNwkDataConf
                0x0000486e       0x1c ./../../../../BitCloud/lib/libBc_EndDevice_Atmega128rfa1_Atmega128rfa1_Gcc.a(aps.o)
 .text.apsProcessEvent
                0x0000488a       0x26 ./../../../../BitCloud/lib/libBc_EndDevice_Atmega128rfa1_Atmega128rfa1_Gcc.a(aps.o)
 .text.apsProcessGroupAddrModeDataReq
                0x000048b0      0x190 ./../../../../BitCloud/lib/libBc_EndDevice_Atmega128rfa1_Atmega128rfa1_Gcc.a(aps.o)
 .text.apsCalculateApsAckTimeout
                0x00004a40       0x56 ./../../../../BitCloud/lib/libBc_EndDevice_Atmega128rfa1_Atmega128rfa1_Gcc.a(aps.o)
 .text.apsGroupNwkDataConf
                0x00004a96       0x4a ./../../../../BitCloud/lib/libBc_EndDevice_Atmega128rfa1_Atmega128rfa1_Gcc.a(aps.o)
 .text.apsNextBind
                0x00004ae0       0xb0 ./../../../../BitCloud/lib/libBc_EndDevice_Atmega128rfa1_Atmega128rfa1_Gcc.a(aps.o)
 .text.apsSendToNextBoundDevice
                0x00004b90       0x9c ./../../../../BitCloud/lib/libBc_EndDevice_Atmega128rfa1_Atmega128rfa1_Gcc.a(aps.o)
 .text.apsProcessIndirectDataReq
                0x00004c2c       0x2c ./../../../../BitCloud/lib/libBc_EndDevice_Atmega128rfa1_Atmega128rfa1_Gcc.a(aps.o)
 .text.apsFindBindingEntry
                0x00004c58       0xc6 ./../../../../BitCloud/lib/libBc_EndDevice_Atmega128rfa1_Atmega128rfa1_Gcc.a(aps.o)
 .text.SYS_GetRandomNumber
                0x00004d1e       0x2a ./../../../../BitCloud/lib/libBc_EndDevice_Atmega128rfa1_Atmega128rfa1_Gcc.a(aps.o)
 .text.apsResetMemoryManager
                0x00004d48       0xfa ./../../../../BitCloud/lib/libBc_EndDevice_Atmega128rfa1_Atmega128rfa1_Gcc.a(aps.o)
 .text.apsAckOnTimerFired
                0x00004e42       0xf8 ./../../../../BitCloud/lib/libBc_EndDevice_Atmega128rfa1_Atmega128rfa1_Gcc.a(aps.o)
 .text.apsHandleTransmittedData.clone.10
                0x00004f3a       0x6e ./../../../../BitCloud/lib/libBc_EndDevice_Atmega128rfa1_Atmega128rfa1_Gcc.a(aps.o)
 .text.APS_BindReq
                0x00004fa8       0xa6 ./../../../../BitCloud/lib/libBc_EndDevice_Atmega128rfa1_Atmega128rfa1_Gcc.a(aps.o)
                0x00004fa8                APS_BindReq
 .text.APS_UnbindReq
                0x0000504e       0x4a ./../../../../BitCloud/lib/libBc_EndDevice_Atmega128rfa1_Atmega128rfa1_Gcc.a(aps.o)
                0x0000504e                APS_UnbindReq
 .text.APS_DataReq
                0x00005098       0x12 ./../../../../BitCloud/lib/libBc_EndDevice_Atmega128rfa1_Atmega128rfa1_Gcc.a(aps.o)
                0x00005098                APS_DataReq
 .text.NWK_DataInd
                0x000050aa       0x12 ./../../../../BitCloud/lib/libBc_EndDevice_Atmega128rfa1_Atmega128rfa1_Gcc.a(aps.o)
                0x000050aa                NWK_DataInd
 .text.APS_CalculateTimes
                0x000050bc      0x1b2 ./../../../../BitCloud/lib/libBc_EndDevice_Atmega128rfa1_Atmega128rfa1_Gcc.a(aps.o)
                0x000050bc                APS_CalculateTimes
 .text.apsResetDataManager
                0x0000526e      0x110 ./../../../../BitCloud/lib/libBc_EndDevice_Atmega128rfa1_Atmega128rfa1_Gcc.a(aps.o)
 .text.apsNwkResetConf
                0x0000537e      0x196 ./../../../../BitCloud/lib/libBc_EndDevice_Atmega128rfa1_Atmega128rfa1_Gcc.a(aps.o)
 .text.apsStateMachineTaskHandler
                0x00005514       0xee ./../../../../BitCloud/lib/libBc_EndDevice_Atmega128rfa1_Atmega128rfa1_Gcc.a(aps.o)
 .text.APS_IsProfileIdMatched
                0x00005602       0x22 ./../../../../BitCloud/lib/libBc_EndDevice_Atmega128rfa1_Atmega128rfa1_Gcc.a(aps.o)
                0x00005602                APS_IsProfileIdMatched
 .text.APS_NextEndpoint
                0x00005624       0x16 ./../../../../BitCloud/lib/libBc_EndDevice_Atmega128rfa1_Atmega128rfa1_Gcc.a(aps.o)
                0x00005624                APS_NextEndpoint
 .text.apsFindEndpoint
                0x0000563a       0x26 ./../../../../BitCloud/lib/libBc_EndDevice_Atmega128rfa1_Atmega128rfa1_Gcc.a(aps.o)
 .text.APS_RegisterEndpointReq
                0x00005660       0x48 ./../../../../BitCloud/lib/libBc_EndDevice_Atmega128rfa1_Atmega128rfa1_Gcc.a(aps.o)
                0x00005660                APS_RegisterEndpointReq
 .text.apsGroupIndication
                0x000056a8       0x8a ./../../../../BitCloud/lib/libBc_EndDevice_Atmega128rfa1_Atmega128rfa1_Gcc.a(aps.o)
 .text.apsUnicastDataInd
                0x00005732      0x2a2 ./../../../../BitCloud/lib/libBc_EndDevice_Atmega128rfa1_Atmega128rfa1_Gcc.a(aps.o)
 .text.apsApduUnicastHandler.clone.8
                0x000059d4      0x5dc ./../../../../BitCloud/lib/libBc_EndDevice_Atmega128rfa1_Atmega128rfa1_Gcc.a(aps.o)
 .text.apsDataTaskHandler
                0x00005fb0      0xb20 ./../../../../BitCloud/lib/libBc_EndDevice_Atmega128rfa1_Atmega128rfa1_Gcc.a(aps.o)
 .text.APS_Init
                0x00006ad0       0x2e ./../../../../BitCloud/lib/libBc_EndDevice_Atmega128rfa1_Atmega128rfa1_Gcc.a(aps.o)
                0x00006ad0                APS_Init
 .text.APS_ResetReq
                0x00006afe        0xc ./../../../../BitCloud/lib/libBc_EndDevice_Atmega128rfa1_Atmega128rfa1_Gcc.a(aps.o)
                0x00006afe                APS_ResetReq
 .text.APS_StartReq
                0x00006b0a        0xc ./../../../../BitCloud/lib/libBc_EndDevice_Atmega128rfa1_Atmega128rfa1_Gcc.a(aps.o)
                0x00006b0a                APS_StartReq
 .text.APS_StopReq
                0x00006b16        0xc ./../../../../BitCloud/lib/libBc_EndDevice_Atmega128rfa1_Atmega128rfa1_Gcc.a(aps.o)
                0x00006b16                APS_StopReq
 .text.APS_IsActiveTransaction
                0x00006b22       0x54 ./../../../../BitCloud/lib/libBc_EndDevice_Atmega128rfa1_Atmega128rfa1_Gcc.a(aps.o)
                0x00006b22                APS_IsActiveTransaction
 .text.APS_TaskHandler
                0x00006b76       0x9c ./../../../../BitCloud/lib/libBc_EndDevice_Atmega128rfa1_Atmega128rfa1_Gcc.a(aps.o)
                0x00006b76                APS_TaskHandler
 .text.getSymbolsPerOctet
                0x00006c12       0x3c ./../../../../BitCloud/lib/libBc_EndDevice_Atmega128rfa1_Atmega128rfa1_Gcc.a(macenvPib.o)
 .text.calculateMaxFrameDuration
                0x00006c4e       0x22 ./../../../../BitCloud/lib/libBc_EndDevice_Atmega128rfa1_Atmega128rfa1_Gcc.a(macenvPib.o)
 .text.storeTransmitPower
                0x00006c70       0x44 ./../../../../BitCloud/lib/libBc_EndDevice_Atmega128rfa1_Atmega128rfa1_Gcc.a(macenvPib.o)
 .text.macenvGetPhySymbolDuration
                0x00006cb4       0x4a ./../../../../BitCloud/lib/libBc_EndDevice_Atmega128rfa1_Atmega128rfa1_Gcc.a(macenvPib.o)
                0x00006cb4                macenvGetPhySymbolDuration
 .text.updateMaxFrameTxTime
                0x00006cfe       0x3a ./../../../../BitCloud/lib/libBc_EndDevice_Atmega128rfa1_Atmega128rfa1_Gcc.a(macenvPib.o)
 .text.macenvSetPibAttr
                0x00006d38      0x222 ./../../../../BitCloud/lib/libBc_EndDevice_Atmega128rfa1_Atmega128rfa1_Gcc.a(macenvPib.o)
                0x00006d38                macenvSetPibAttr
 .text.macenvResetPib
                0x00006f5a       0xec ./../../../../BitCloud/lib/libBc_EndDevice_Atmega128rfa1_Atmega128rfa1_Gcc.a(macenvPib.o)
                0x00006f5a                macenvResetPib
 .text.macenvCalculateMaxFrameTotalWaitTimeInMs
                0x00007046      0x128 ./../../../../BitCloud/lib/libBc_EndDevice_Atmega128rfa1_Atmega128rfa1_Gcc.a(macenvPib.o)
                0x00007046                macenvCalculateMaxFrameTotalWaitTimeInMs
 .text.macenvCalculateResponceWaitTimeInMs
                0x0000716e       0x42 ./../../../../BitCloud/lib/libBc_EndDevice_Atmega128rfa1_Atmega128rfa1_Gcc.a(macenvPib.o)
                0x0000716e                macenvCalculateResponceWaitTimeInMs
 .text.macenvGetPibAttr
                0x000071b0      0x16e ./../../../../BitCloud/lib/libBc_EndDevice_Atmega128rfa1_Atmega128rfa1_Gcc.a(macenvPib.o)
                0x000071b0                macenvGetPibAttr
 .text.MAC_GetExtAddr
                0x0000731e        0x6 ./../../../../BitCloud/lib/libBc_EndDevice_Atmega128rfa1_Atmega128rfa1_Gcc.a(macenvPib.o)
                0x0000731e                MAC_GetExtAddr
 .text.MAC_SetExtAddr
                0x00007324       0x34 ./../../../../BitCloud/lib/libBc_EndDevice_Atmega128rfa1_Atmega128rfa1_Gcc.a(macenvPib.o)
                0x00007324                MAC_SetExtAddr
 .text.MAC_IsOwnExtAddr
                0x00007358       0x1c ./../../../../BitCloud/lib/libBc_EndDevice_Atmega128rfa1_Atmega128rfa1_Gcc.a(macenvPib.o)
                0x00007358                MAC_IsOwnExtAddr
 .text.MAC_GetOctetsTransmissionTimeInMs
                0x00007374       0x5e ./../../../../BitCloud/lib/libBc_EndDevice_Atmega128rfa1_Atmega128rfa1_Gcc.a(macenvPib.o)
                0x00007374                MAC_GetOctetsTransmissionTimeInMs
 .text.nwkBroadcastForMe
                0x000073d2       0x60 ./../../../../BitCloud/lib/libBc_EndDevice_Atmega128rfa1_Atmega128rfa1_Gcc.a(nwk.o)
 .text.nwkAddressConflictIsIdle
                0x00007432        0xe ./../../../../BitCloud/lib/libBc_EndDevice_Atmega128rfa1_Atmega128rfa1_Gcc.a(nwk.o)
 .text.nwkFindAddressMapEntryByShortAddr
                0x00007440       0x30 ./../../../../BitCloud/lib/libBc_EndDevice_Atmega128rfa1_Atmega128rfa1_Gcc.a(nwk.o)
 .text.nwkDataReqIsIdle
                0x00007470        0xe ./../../../../BitCloud/lib/libBc_EndDevice_Atmega128rfa1_Atmega128rfa1_Gcc.a(nwk.o)
 .text.nwkDiscoveryIsIdle
                0x0000747e        0xe ./../../../../BitCloud/lib/libBc_EndDevice_Atmega128rfa1_Atmega128rfa1_Gcc.a(nwk.o)
 .text.nwkEDScanIsIdle
                0x0000748c        0xe ./../../../../BitCloud/lib/libBc_EndDevice_Atmega128rfa1_Atmega128rfa1_Gcc.a(nwk.o)
 .text.nwkUpdateBeaconPayload
                0x0000749a      0x120 ./../../../../BitCloud/lib/libBc_EndDevice_Atmega128rfa1_Atmega128rfa1_Gcc.a(nwk.o)
 .text.nwkSetDepth
                0x000075ba        0xc ./../../../../BitCloud/lib/libBc_EndDevice_Atmega128rfa1_Atmega128rfa1_Gcc.a(nwk.o)
 .text.nwkJoinReqIsIdle
                0x000075c6        0xe ./../../../../BitCloud/lib/libBc_EndDevice_Atmega128rfa1_Atmega128rfa1_Gcc.a(nwk.o)
 .text.nwkLoopbackIsIdle
                0x000075d4        0xe ./../../../../BitCloud/lib/libBc_EndDevice_Atmega128rfa1_Atmega128rfa1_Gcc.a(nwk.o)
 .text.nwkCostFromLqi
                0x000075e2       0x3a ./../../../../BitCloud/lib/libBc_EndDevice_Atmega128rfa1_Atmega128rfa1_Gcc.a(nwk.o)
 .text.nwkUpdateLqiAndCostOfNeighbor
                0x0000761c       0x88 ./../../../../BitCloud/lib/libBc_EndDevice_Atmega128rfa1_Atmega128rfa1_Gcc.a(nwk.o)
 .text.nwkResetIsIdle
                0x000076a4        0xe ./../../../../BitCloud/lib/libBc_EndDevice_Atmega128rfa1_Atmega128rfa1_Gcc.a(nwk.o)
 .text.nwkParseRxHeader
                0x000076b2       0xb0 ./../../../../BitCloud/lib/libBc_EndDevice_Atmega128rfa1_Atmega128rfa1_Gcc.a(nwk.o)
 .text.nwkSyncIsIdle
                0x00007762        0xe ./../../../../BitCloud/lib/libBc_EndDevice_Atmega128rfa1_Atmega128rfa1_Gcc.a(nwk.o)
 .text.nwkPostTask
                0x00007770       0x58 ./../../../../BitCloud/lib/libBc_EndDevice_Atmega128rfa1_Atmega128rfa1_Gcc.a(nwk.o)
 .text.nwkEDScanMacEDScanConf
                0x000077c8       0x3e ./../../../../BitCloud/lib/libBc_EndDevice_Atmega128rfa1_Atmega128rfa1_Gcc.a(nwk.o)
 .text.nwkDiscoveryMacActiveScanConf
                0x00007806       0x28 ./../../../../BitCloud/lib/libBc_EndDevice_Atmega128rfa1_Atmega128rfa1_Gcc.a(nwk.o)
 .text.nwkResetMacRxEnableConf
                0x0000782e       0x1c ./../../../../BitCloud/lib/libBc_EndDevice_Atmega128rfa1_Atmega128rfa1_Gcc.a(nwk.o)
 .text.nwkTxDelayIsIdle
                0x0000784a       0x14 ./../../../../BitCloud/lib/libBc_EndDevice_Atmega128rfa1_Atmega128rfa1_Gcc.a(nwk.o)
 .text.nwkReloadNibFromConfigServer
                0x0000785e       0x6c ./../../../../BitCloud/lib/libBc_EndDevice_Atmega128rfa1_Atmega128rfa1_Gcc.a(nwk.o)
 .text.nwkSetLifeTimeOfNeighbor
                0x000078ca       0xe8 ./../../../../BitCloud/lib/libBc_EndDevice_Atmega128rfa1_Atmega128rfa1_Gcc.a(nwk.o)
 .text.nwkAllocPacket
                0x000079b2       0xd2 ./../../../../BitCloud/lib/libBc_EndDevice_Atmega128rfa1_Atmega128rfa1_Gcc.a(nwk.o)
 .text.nwkAllocInputPacket
                0x00007a84       0x2c ./../../../../BitCloud/lib/libBc_EndDevice_Atmega128rfa1_Atmega128rfa1_Gcc.a(nwk.o)
 .text.nwkLoopbackTaskHandler
                0x00007ab0       0xe2 ./../../../../BitCloud/lib/libBc_EndDevice_Atmega128rfa1_Atmega128rfa1_Gcc.a(nwk.o)
 .text.nwkEDScanTaskHandler
                0x00007b92       0xac ./../../../../BitCloud/lib/libBc_EndDevice_Atmega128rfa1_Atmega128rfa1_Gcc.a(nwk.o)
 .text.nwkTryToProcessCommandReq
                0x00007c3e       0x72 ./../../../../BitCloud/lib/libBc_EndDevice_Atmega128rfa1_Atmega128rfa1_Gcc.a(nwk.o)
 .text.nwkCommandReq
                0x00007cb0       0x14 ./../../../../BitCloud/lib/libBc_EndDevice_Atmega128rfa1_Atmega128rfa1_Gcc.a(nwk.o)
 .text.nwkLeaveTaskHandler
                0x00007cc4       0x86 ./../../../../BitCloud/lib/libBc_EndDevice_Atmega128rfa1_Atmega128rfa1_Gcc.a(nwk.o)
 .text.nwkDataConf
                0x00007d4a       0x4a ./../../../../BitCloud/lib/libBc_EndDevice_Atmega128rfa1_Atmega128rfa1_Gcc.a(nwk.o)
 .text.nwkConfirmDataTx
                0x00007d94       0x16 ./../../../../BitCloud/lib/libBc_EndDevice_Atmega128rfa1_Atmega128rfa1_Gcc.a(nwk.o)
 .text.nwkFindAddressMapEntryByExtAddr
                0x00007daa       0x52 ./../../../../BitCloud/lib/libBc_EndDevice_Atmega128rfa1_Atmega128rfa1_Gcc.a(nwk.o)
 .text.SYS_GetRandomNumber
                0x00007dfc       0x2a ./../../../../BitCloud/lib/libBc_EndDevice_Atmega128rfa1_Atmega128rfa1_Gcc.a(nwk.o)
 .text.nwkFindDeviceToJoin
                0x00007e26      0x1cc ./../../../../BitCloud/lib/libBc_EndDevice_Atmega128rfa1_Atmega128rfa1_Gcc.a(nwk.o)
 .text.nwkAssociate
                0x00007ff2       0x9e ./../../../../BitCloud/lib/libBc_EndDevice_Atmega128rfa1_Atmega128rfa1_Gcc.a(nwk.o)
 .text.MAC_AssociateConf
                0x00008090       0xfa ./../../../../BitCloud/lib/libBc_EndDevice_Atmega128rfa1_Atmega128rfa1_Gcc.a(nwk.o)
 .text.nwkGetSuitableParent
                0x0000818a       0x80 ./../../../../BitCloud/lib/libBc_EndDevice_Atmega128rfa1_Atmega128rfa1_Gcc.a(nwk.o)
 .text.nwkRejoinCmdPrepareAndSend
                0x0000820a       0x30 ./../../../../BitCloud/lib/libBc_EndDevice_Atmega128rfa1_Atmega128rfa1_Gcc.a(nwk.o)
 .text.nwkJoinReqMacGetConf
                0x0000823a       0x3e ./../../../../BitCloud/lib/libBc_EndDevice_Atmega128rfa1_Atmega128rfa1_Gcc.a(nwk.o)
 .text.macLatencyFired
                0x00008278        0x6 ./../../../../BitCloud/lib/libBc_EndDevice_Atmega128rfa1_Atmega128rfa1_Gcc.a(nwk.o)
 .text.NWK_JoinConf
                0x0000827e       0x48 ./../../../../BitCloud/lib/libBc_EndDevice_Atmega128rfa1_Atmega128rfa1_Gcc.a(nwk.o)
 .text.nwkJoinReqMacSetConf
                0x000082c6      0x198 ./../../../../BitCloud/lib/libBc_EndDevice_Atmega128rfa1_Atmega128rfa1_Gcc.a(nwk.o)
 .text.nwkJoinReqMacRxEnableConf
                0x0000845e       0x72 ./../../../../BitCloud/lib/libBc_EndDevice_Atmega128rfa1_Atmega128rfa1_Gcc.a(nwk.o)
 .text.nwkTxDelayReq
                0x000084d0       0xc2 ./../../../../BitCloud/lib/libBc_EndDevice_Atmega128rfa1_Atmega128rfa1_Gcc.a(nwk.o)
 .text.nwkConfirmJoinReqTx
                0x00008592       0x62 ./../../../../BitCloud/lib/libBc_EndDevice_Atmega128rfa1_Atmega128rfa1_Gcc.a(nwk.o)
 .text.nwkJoinReqMacPollConf
                0x000085f4       0x5e ./../../../../BitCloud/lib/libBc_EndDevice_Atmega128rfa1_Atmega128rfa1_Gcc.a(nwk.o)
 .text.nwkConfirmLeaveItselfTx
                0x00008652       0x42 ./../../../../BitCloud/lib/libBc_EndDevice_Atmega128rfa1_Atmega128rfa1_Gcc.a(nwk.o)
 .text.nwkResetTaskHandler
                0x00008694       0x6a ./../../../../BitCloud/lib/libBc_EndDevice_Atmega128rfa1_Atmega128rfa1_Gcc.a(nwk.o)
 .text.nwkRejoinResponseFrameInd
                0x000086fe      0x14e ./../../../../BitCloud/lib/libBc_EndDevice_Atmega128rfa1_Atmega128rfa1_Gcc.a(nwk.o)
 .text.nwkPrepareCommonFrame
                0x0000884c       0x4a ./../../../../BitCloud/lib/libBc_EndDevice_Atmega128rfa1_Atmega128rfa1_Gcc.a(nwk.o)
 .text.nwkPrepareLeaveItselfTx
                0x00008896       0x64 ./../../../../BitCloud/lib/libBc_EndDevice_Atmega128rfa1_Atmega128rfa1_Gcc.a(nwk.o)
 .text.nwkPrepareJoinReqTx
                0x000088fa       0x94 ./../../../../BitCloud/lib/libBc_EndDevice_Atmega128rfa1_Atmega128rfa1_Gcc.a(nwk.o)
 .text.nwkResetTaskManager
                0x0000898e       0x10 ./../../../../BitCloud/lib/libBc_EndDevice_Atmega128rfa1_Atmega128rfa1_Gcc.a(nwk.o)
 .text.nwkSyncTaskHandler
                0x0000899e       0xa8 ./../../../../BitCloud/lib/libBc_EndDevice_Atmega128rfa1_Atmega128rfa1_Gcc.a(nwk.o)
 .text.nwkSyncMacPollConf
                0x00008a46       0x5e ./../../../../BitCloud/lib/libBc_EndDevice_Atmega128rfa1_Atmega128rfa1_Gcc.a(nwk.o)
 .text.responseWaitTimerFired
                0x00008aa4       0x50 ./../../../../BitCloud/lib/libBc_EndDevice_Atmega128rfa1_Atmega128rfa1_Gcc.a(nwk.o)
 .text.nwkCheckBTT
                0x00008af4       0x22 ./../../../../BitCloud/lib/libBc_EndDevice_Atmega128rfa1_Atmega128rfa1_Gcc.a(nwk.o)
 .text.nwkGetNextHop.clone.4
                0x00008b16       0x5c ./../../../../BitCloud/lib/libBc_EndDevice_Atmega128rfa1_Atmega128rfa1_Gcc.a(nwk.o)
 .text.nwkFreePacket.clone.11
                0x00008b72       0x30 ./../../../../BitCloud/lib/libBc_EndDevice_Atmega128rfa1_Atmega128rfa1_Gcc.a(nwk.o)
 .text.NWK_DataResp
                0x00008ba2        0xa ./../../../../BitCloud/lib/libBc_EndDevice_Atmega128rfa1_Atmega128rfa1_Gcc.a(nwk.o)
                0x00008ba2                NWK_DataResp
 .text.nwkTxConf
                0x00008bac       0xb6 ./../../../../BitCloud/lib/libBc_EndDevice_Atmega128rfa1_Atmega128rfa1_Gcc.a(nwk.o)
 .text.nwkProcessDelayStatus
                0x00008c62       0x44 ./../../../../BitCloud/lib/libBc_EndDevice_Atmega128rfa1_Atmega128rfa1_Gcc.a(nwk.o)
 .text.MAC_DataConf
                0x00008ca6       0x30 ./../../../../BitCloud/lib/libBc_EndDevice_Atmega128rfa1_Atmega128rfa1_Gcc.a(nwk.o)
 .text.nwkTxDelayTimerFired
                0x00008cd6       0x96 ./../../../../BitCloud/lib/libBc_EndDevice_Atmega128rfa1_Atmega128rfa1_Gcc.a(nwk.o)
 .text.nwkTxTaskHandler
                0x00008d6c      0x14a ./../../../../BitCloud/lib/libBc_EndDevice_Atmega128rfa1_Atmega128rfa1_Gcc.a(nwk.o)
 .text.nwkRxIndication.clone.14
                0x00008eb6      0x1ee ./../../../../BitCloud/lib/libBc_EndDevice_Atmega128rfa1_Atmega128rfa1_Gcc.a(nwk.o)
 .text.nwkClearNeighborTable.clone.15
                0x000090a4       0x68 ./../../../../BitCloud/lib/libBc_EndDevice_Atmega128rfa1_Atmega128rfa1_Gcc.a(nwk.o)
 .text.nwkResetNeighborTable
                0x0000910c       0x82 ./../../../../BitCloud/lib/libBc_EndDevice_Atmega128rfa1_Atmega128rfa1_Gcc.a(nwk.o)
 .text.nwkLeaveReqMacResetConf
                0x0000918e       0xae ./../../../../BitCloud/lib/libBc_EndDevice_Atmega128rfa1_Atmega128rfa1_Gcc.a(nwk.o)
 .text.nwkDiscoveryTaskHandler
                0x0000923c       0xb8 ./../../../../BitCloud/lib/libBc_EndDevice_Atmega128rfa1_Atmega128rfa1_Gcc.a(nwk.o)
 .text.NWK_GetShortAddr
                0x000092f4        0xa ./../../../../BitCloud/lib/libBc_EndDevice_Atmega128rfa1_Atmega128rfa1_Gcc.a(nwk.o)
                0x000092f4                NWK_GetShortAddr
 .text.NWK_IsStaticAddressingMode
                0x000092fe        0x6 ./../../../../BitCloud/lib/libBc_EndDevice_Atmega128rfa1_Atmega128rfa1_Gcc.a(nwk.o)
                0x000092fe                NWK_IsStaticAddressingMode
 .text.NWK_RemoveFromAddressMap
                0x00009304       0x12 ./../../../../BitCloud/lib/libBc_EndDevice_Atmega128rfa1_Atmega128rfa1_Gcc.a(nwk.o)
                0x00009304                NWK_RemoveFromAddressMap
 .text.NWK_NetworkDiscoveryReq
                0x00009316       0x20 ./../../../../BitCloud/lib/libBc_EndDevice_Atmega128rfa1_Atmega128rfa1_Gcc.a(nwk.o)
                0x00009316                NWK_NetworkDiscoveryReq
 .text.MAC_BeaconNotifyInd
                0x00009336      0x4b8 ./../../../../BitCloud/lib/libBc_EndDevice_Atmega128rfa1_Atmega128rfa1_Gcc.a(nwk.o)
                0x00009336                MAC_BeaconNotifyInd
 .text.NWK_EDScanReq
                0x000097ee       0x20 ./../../../../BitCloud/lib/libBc_EndDevice_Atmega128rfa1_Atmega128rfa1_Gcc.a(nwk.o)
                0x000097ee                NWK_EDScanReq
 .text.NWK_IsGroupMember
                0x0000980e       0x3c ./../../../../BitCloud/lib/libBc_EndDevice_Atmega128rfa1_Atmega128rfa1_Gcc.a(nwk.o)
                0x0000980e                NWK_IsGroupMember
 .text.NWK_ResetGroups
                0x0000984a       0x5e ./../../../../BitCloud/lib/libBc_EndDevice_Atmega128rfa1_Atmega128rfa1_Gcc.a(nwk.o)
                0x0000984a                NWK_ResetGroups
 .text.nwkResetMacResetConf
                0x000098a8      0x3e0 ./../../../../BitCloud/lib/libBc_EndDevice_Atmega128rfa1_Atmega128rfa1_Gcc.a(nwk.o)
 .text.NWK_GetParentShortAddr
                0x00009c88        0xa ./../../../../BitCloud/lib/libBc_EndDevice_Atmega128rfa1_Atmega128rfa1_Gcc.a(nwk.o)
                0x00009c88                NWK_GetParentShortAddr
 .text.NWK_GetPanId
                0x00009c92        0xa ./../../../../BitCloud/lib/libBc_EndDevice_Atmega128rfa1_Atmega128rfa1_Gcc.a(nwk.o)
                0x00009c92                NWK_GetPanId
 .text.NWK_GetExtPanId
                0x00009c9c       0x22 ./../../../../BitCloud/lib/libBc_EndDevice_Atmega128rfa1_Atmega128rfa1_Gcc.a(nwk.o)
                0x00009c9c                NWK_GetExtPanId
 .text.NWK_SetExtPanId
                0x00009cbe       0x34 ./../../../../BitCloud/lib/libBc_EndDevice_Atmega128rfa1_Atmega128rfa1_Gcc.a(nwk.o)
                0x00009cbe                NWK_SetExtPanId
 .text.NWK_GetDeviceType
                0x00009cf2        0x6 ./../../../../BitCloud/lib/libBc_EndDevice_Atmega128rfa1_Atmega128rfa1_Gcc.a(nwk.o)
                0x00009cf2                NWK_GetDeviceType
 .text.NWK_GetLogicalChannel
                0x00009cf8        0x6 ./../../../../BitCloud/lib/libBc_EndDevice_Atmega128rfa1_Atmega128rfa1_Gcc.a(nwk.o)
                0x00009cf8                NWK_GetLogicalChannel
 .text.NWK_SetLogicalChannel
                0x00009cfe        0x6 ./../../../../BitCloud/lib/libBc_EndDevice_Atmega128rfa1_Atmega128rfa1_Gcc.a(nwk.o)
                0x00009cfe                NWK_SetLogicalChannel
 .text.NWK_GetBroadcastDeliveryTime
                0x00009d04       0x12 ./../../../../BitCloud/lib/libBc_EndDevice_Atmega128rfa1_Atmega128rfa1_Gcc.a(nwk.o)
                0x00009d04                NWK_GetBroadcastDeliveryTime
 .text.NWK_GetManagerAddr
                0x00009d16        0xa ./../../../../BitCloud/lib/libBc_EndDevice_Atmega128rfa1_Atmega128rfa1_Gcc.a(nwk.o)
                0x00009d16                NWK_GetManagerAddr
 .text.NWK_SetManagerAddr
                0x00009d20        0xa ./../../../../BitCloud/lib/libBc_EndDevice_Atmega128rfa1_Atmega128rfa1_Gcc.a(nwk.o)
                0x00009d20                NWK_SetManagerAddr
 .text.NWK_SetUpdateId
                0x00009d2a        0xa ./../../../../BitCloud/lib/libBc_EndDevice_Atmega128rfa1_Atmega128rfa1_Gcc.a(nwk.o)
                0x00009d2a                NWK_SetUpdateId
 .text.NWK_GetTransmitCouner
                0x00009d34       0x14 ./../../../../BitCloud/lib/libBc_EndDevice_Atmega128rfa1_Atmega128rfa1_Gcc.a(nwk.o)
                0x00009d34                NWK_GetTransmitCouner
 .text.NWK_GetTransmitFailureCounter
                0x00009d48       0x14 ./../../../../BitCloud/lib/libBc_EndDevice_Atmega128rfa1_Atmega128rfa1_Gcc.a(nwk.o)
                0x00009d48                NWK_GetTransmitFailureCounter
 .text.NWK_ResetTransmitCounters
                0x00009d5c       0x12 ./../../../../BitCloud/lib/libBc_EndDevice_Atmega128rfa1_Atmega128rfa1_Gcc.a(nwk.o)
                0x00009d5c                NWK_ResetTransmitCounters
 .text.NWK_JoinReq
                0x00009d6e       0x20 ./../../../../BitCloud/lib/libBc_EndDevice_Atmega128rfa1_Atmega128rfa1_Gcc.a(nwk.o)
                0x00009d6e                NWK_JoinReq
 .text.nwkAddressConflictTaskHandler
                0x00009d8e      0x176 ./../../../../BitCloud/lib/libBc_EndDevice_Atmega128rfa1_Atmega128rfa1_Gcc.a(nwk.o)
 .text.NWK_RemoveNeighbor
                0x00009f04       0xb6 ./../../../../BitCloud/lib/libBc_EndDevice_Atmega128rfa1_Atmega128rfa1_Gcc.a(nwk.o)
                0x00009f04                NWK_RemoveNeighbor
 .text.NWK_LeaveReq
                0x00009fba       0x20 ./../../../../BitCloud/lib/libBc_EndDevice_Atmega128rfa1_Atmega128rfa1_Gcc.a(nwk.o)
                0x00009fba                NWK_LeaveReq
 .text.NWK_LoopbackTxReq
                0x00009fda       0x20 ./../../../../BitCloud/lib/libBc_EndDevice_Atmega128rfa1_Atmega128rfa1_Gcc.a(nwk.o)
                0x00009fda                NWK_LoopbackTxReq
 .text.nwkDataConfTaskHandler
                0x00009ffa       0x5a ./../../../../BitCloud/lib/libBc_EndDevice_Atmega128rfa1_Atmega128rfa1_Gcc.a(nwk.o)
 .text.NWK_DataReq
                0x0000a054      0x1f8 ./../../../../BitCloud/lib/libBc_EndDevice_Atmega128rfa1_Atmega128rfa1_Gcc.a(nwk.o)
                0x0000a054                NWK_DataReq
 .text.NWK_FindNeighborByShortAddr
                0x0000a24c       0x30 ./../../../../BitCloud/lib/libBc_EndDevice_Atmega128rfa1_Atmega128rfa1_Gcc.a(nwk.o)
                0x0000a24c                NWK_FindNeighborByShortAddr
 .text.NWK_NetworkDiscoveryConf
                0x0000a27c      0x14e ./../../../../BitCloud/lib/libBc_EndDevice_Atmega128rfa1_Atmega128rfa1_Gcc.a(nwk.o)
 .text.nwkJoinReqTaskHandler
                0x0000a3ca      0x178 ./../../../../BitCloud/lib/libBc_EndDevice_Atmega128rfa1_Atmega128rfa1_Gcc.a(nwk.o)
 .text.nwkResetMacSetConf
                0x0000a542      0x178 ./../../../../BitCloud/lib/libBc_EndDevice_Atmega128rfa1_Atmega128rfa1_Gcc.a(nwk.o)
 .text.NWK_GetExtByShortAddress
                0x0000a6ba       0x5c ./../../../../BitCloud/lib/libBc_EndDevice_Atmega128rfa1_Atmega128rfa1_Gcc.a(nwk.o)
                0x0000a6ba                NWK_GetExtByShortAddress
 .text.NWK_FindNeighborByExtAddr
                0x0000a716       0x68 ./../../../../BitCloud/lib/libBc_EndDevice_Atmega128rfa1_Atmega128rfa1_Gcc.a(nwk.o)
                0x0000a716                NWK_FindNeighborByExtAddr
 .text.nwkLeaveFrameInd
                0x0000a77e       0xde ./../../../../BitCloud/lib/libBc_EndDevice_Atmega128rfa1_Atmega128rfa1_Gcc.a(nwk.o)
 .text.NWK_GetShortByExtAddress
                0x0000a85c       0x60 ./../../../../BitCloud/lib/libBc_EndDevice_Atmega128rfa1_Atmega128rfa1_Gcc.a(nwk.o)
                0x0000a85c                NWK_GetShortByExtAddress
 .text.NWK_LinkShortAndExtAddress
                0x0000a8bc      0x14c ./../../../../BitCloud/lib/libBc_EndDevice_Atmega128rfa1_Atmega128rfa1_Gcc.a(nwk.o)
                0x0000a8bc                NWK_LinkShortAndExtAddress
 .text.NWK_GetNeighborTable
                0x0000aa08        0x6 ./../../../../BitCloud/lib/libBc_EndDevice_Atmega128rfa1_Atmega128rfa1_Gcc.a(nwk.o)
                0x0000aa08                NWK_GetNeighborTable
 .text.NWK_IsKnownChild
                0x0000aa0e       0x24 ./../../../../BitCloud/lib/libBc_EndDevice_Atmega128rfa1_Atmega128rfa1_Gcc.a(nwk.o)
                0x0000aa0e                NWK_IsKnownChild
 .text.NWK_ResetReq
                0x0000aa32       0x20 ./../../../../BitCloud/lib/libBc_EndDevice_Atmega128rfa1_Atmega128rfa1_Gcc.a(nwk.o)
                0x0000aa32                NWK_ResetReq
 .text.NWK_Init
                0x0000aa52       0x20 ./../../../../BitCloud/lib/libBc_EndDevice_Atmega128rfa1_Atmega128rfa1_Gcc.a(nwk.o)
                0x0000aa52                NWK_Init
 .text.MAC_DataInd
                0x0000aa72      0x2ae ./../../../../BitCloud/lib/libBc_EndDevice_Atmega128rfa1_Atmega128rfa1_Gcc.a(nwk.o)
                0x0000aa72                MAC_DataInd
 .text.NWK_IsActiveTransaction
                0x0000ad20       0x54 ./../../../../BitCloud/lib/libBc_EndDevice_Atmega128rfa1_Atmega128rfa1_Gcc.a(nwk.o)
                0x0000ad20                NWK_IsActiveTransaction
 .text.NWK_LaunchActivities
                0x0000ad74        0x2 ./../../../../BitCloud/lib/libBc_EndDevice_Atmega128rfa1_Atmega128rfa1_Gcc.a(nwk.o)
                0x0000ad74                NWK_LaunchActivities
 .text.NWK_StopActivities
                0x0000ad76        0x2 ./../../../../BitCloud/lib/libBc_EndDevice_Atmega128rfa1_Atmega128rfa1_Gcc.a(nwk.o)
                0x0000ad76                NWK_StopActivities
 .text.NWK_DeviceIsAbleToOperateInNetwork
                0x0000ad78       0x36 ./../../../../BitCloud/lib/libBc_EndDevice_Atmega128rfa1_Atmega128rfa1_Gcc.a(nwk.o)
                0x0000ad78                NWK_DeviceIsAbleToOperateInNetwork
 .text.NWK_GatherPowerFailureInfo
                0x0000adae       0x24 ./../../../../BitCloud/lib/libBc_EndDevice_Atmega128rfa1_Atmega128rfa1_Gcc.a(nwk.o)
                0x0000adae                NWK_GatherPowerFailureInfo
 .text.NWK_SyncReq
                0x0000add2       0x20 ./../../../../BitCloud/lib/libBc_EndDevice_Atmega128rfa1_Atmega128rfa1_Gcc.a(nwk.o)
                0x0000add2                NWK_SyncReq
 .text.MAC_SyncLossInd
                0x0000adf2        0x2 ./../../../../BitCloud/lib/libBc_EndDevice_Atmega128rfa1_Atmega128rfa1_Gcc.a(nwk.o)
                0x0000adf2                MAC_SyncLossInd
 .text.NWK_TaskHandler
                0x0000adf4       0xd8 ./../../../../BitCloud/lib/libBc_EndDevice_Atmega128rfa1_Atmega128rfa1_Gcc.a(nwk.o)
                0x0000adf4                NWK_TaskHandler
 .text.NWK_GetUnicastDeliveryTime
                0x0000aecc       0x6a ./../../../../BitCloud/lib/libBc_EndDevice_Atmega128rfa1_Atmega128rfa1_Gcc.a(nwk.o)
                0x0000aecc                NWK_GetUnicastDeliveryTime
 .text.phyRxTxSwitcher
                0x0000af36       0x36 ./../../../../BitCloud/lib/libBc_EndDevice_Atmega128rfa1_Atmega128rfa1_Gcc.a(phyRxTxIndicator.o)
 .text.phyRxTxSwitcherOn
                0x0000af6c        0x8 ./../../../../BitCloud/lib/libBc_EndDevice_Atmega128rfa1_Atmega128rfa1_Gcc.a(phyRxTxIndicator.o)
                0x0000af6c                phyRxTxSwitcherOn
 .text.phyRxTxSwitcherOff
                0x0000af74        0x8 ./../../../../BitCloud/lib/libBc_EndDevice_Atmega128rfa1_Atmega128rfa1_Gcc.a(phyRxTxIndicator.o)
                0x0000af74                phyRxTxSwitcherOff
 .text.deleteHeadQueueElem
                0x0000af7c       0x22 ./../../../../BitCloud/lib/libBc_EndDevice_Atmega128rfa1_Atmega128rfa1_Gcc.a(queue.o)
                0x0000af7c                deleteHeadQueueElem
 .text.deleteQueueElem
                0x0000af9e       0x4a ./../../../../BitCloud/lib/libBc_EndDevice_Atmega128rfa1_Atmega128rfa1_Gcc.a(queue.o)
                0x0000af9e                deleteQueueElem
 .text.isQueueElem
                0x0000afe8       0x22 ./../../../../BitCloud/lib/libBc_EndDevice_Atmega128rfa1_Atmega128rfa1_Gcc.a(queue.o)
                0x0000afe8                isQueueElem
 .text.putQueueElem
                0x0000b00a       0x40 ./../../../../BitCloud/lib/libBc_EndDevice_Atmega128rfa1_Atmega128rfa1_Gcc.a(queue.o)
                0x0000b00a                putQueueElem
 .text.SYS_DuplicateTableReset
                0x0000b04a       0x4e ./../../../../BitCloud/lib/libBc_EndDevice_Atmega128rfa1_Atmega128rfa1_Gcc.a(sysDuplicateTable.o)
                0x0000b04a                SYS_DuplicateTableReset
 .text.duplicateTableUpdate
                0x0000b098       0x8e ./../../../../BitCloud/lib/libBc_EndDevice_Atmega128rfa1_Atmega128rfa1_Gcc.a(sysDuplicateTable.o)
                0x0000b098                duplicateTableUpdate
 .text.SYS_DuplicateTableCheck
                0x0000b126      0x10c ./../../../../BitCloud/lib/libBc_EndDevice_Atmega128rfa1_Atmega128rfa1_Gcc.a(sysDuplicateTable.o)
                0x0000b126                SYS_DuplicateTableCheck
 .text.SYS_DuplicateTableClear
                0x0000b232       0x7c ./../../../../BitCloud/lib/libBc_EndDevice_Atmega128rfa1_Atmega128rfa1_Gcc.a(sysDuplicateTable.o)
                0x0000b232                SYS_DuplicateTableClear
 .text.SYS_PostEvent
                0x0000b2ae       0x7a ./../../../../BitCloud/lib/libBc_EndDevice_Atmega128rfa1_Atmega128rfa1_Gcc.a(sysEvents.o)
                0x0000b2ae                SYS_PostEvent
 .text.SYS_IsEventDeliverable
                0x0000b328       0x38 ./../../../../BitCloud/lib/libBc_EndDevice_Atmega128rfa1_Atmega128rfa1_Gcc.a(sysEvents.o)
                0x0000b328                SYS_IsEventDeliverable
 .text.SYS_IsEventSubscriber
                0x0000b360       0x32 ./../../../../BitCloud/lib/libBc_EndDevice_Atmega128rfa1_Atmega128rfa1_Gcc.a(sysEvents.o)
                0x0000b360                SYS_IsEventSubscriber
 .text.SYS_SubscribeToEvent
                0x0000b392       0x70 ./../../../../BitCloud/lib/libBc_EndDevice_Atmega128rfa1_Atmega128rfa1_Gcc.a(sysEvents.o)
                0x0000b392                SYS_SubscribeToEvent
 .text.SYS_StartTimer
                0x0000b402       0x14 ./../../../../BitCloud/lib/libBc_EndDevice_Atmega128rfa1_Atmega128rfa1_Gcc.a(sysTimer.o)
                0x0000b402                SYS_StartTimer
 .text.SYS_StopTimer
                0x0000b416       0x12 ./../../../../BitCloud/lib/libBc_EndDevice_Atmega128rfa1_Atmega128rfa1_Gcc.a(sysTimer.o)
                0x0000b416                SYS_StopTimer
 .text.SYS_InitTimer
                0x0000b428       0x34 ./../../../../BitCloud/lib/libBc_EndDevice_Atmega128rfa1_Atmega128rfa1_Gcc.a(sysTimer.o)
                0x0000b428                SYS_InitTimer
 .text.SYS_RunTask
                0x0000b45c       0x76 ./../../../../BitCloud/lib/libBc_EndDevice_Atmega128rfa1_Atmega128rfa1_Gcc.a(taskManager.o)
                0x0000b45c                SYS_RunTask
 .text.SYS_ForceRunTask
                0x0000b4d2        0x6 ./../../../../BitCloud/lib/libBc_EndDevice_Atmega128rfa1_Atmega128rfa1_Gcc.a(taskManager.o)
                0x0000b4d2                SYS_ForceRunTask
 .text.SYS_SysInit
                0x0000b4d8       0x22 ./../../../../BitCloud/lib/libBc_EndDevice_Atmega128rfa1_Atmega128rfa1_Gcc.a(taskManager.o)
                0x0000b4d8                SYS_SysInit
 .text.APS_StopConf
                0x0000b4fa       0x14 ./../../../../BitCloud/lib/libBc_EndDevice_Atmega128rfa1_Atmega128rfa1_Gcc.a(zdo.o)
 .text.zdoNodeManagerNwkLeaveConf
                0x0000b50e        0x6 ./../../../../BitCloud/lib/libBc_EndDevice_Atmega128rfa1_Atmega128rfa1_Gcc.a(zdo.o)
 .text.zdoNwkManagerReset
                0x0000b514       0x10 ./../../../../BitCloud/lib/libBc_EndDevice_Atmega128rfa1_Atmega128rfa1_Gcc.a(zdo.o)
 .text.zdoStackResetConf
                0x0000b524       0x1c ./../../../../BitCloud/lib/libBc_EndDevice_Atmega128rfa1_Atmega128rfa1_Gcc.a(zdo.o)
 .text.zdoSecurityManagerHandler
                0x0000b540        0x2 ./../../../../BitCloud/lib/libBc_EndDevice_Atmega128rfa1_Atmega128rfa1_Gcc.a(zdo.o)
                0x0000b540                zdoSecurityManagerHandler
 .text.zdoPostTask
                0x0000b542       0x3c ./../../../../BitCloud/lib/libBc_EndDevice_Atmega128rfa1_Atmega128rfa1_Gcc.a(zdo.o)
 .text.zdoCheckStartNetworkRequestsQueue
                0x0000b57e       0x38 ./../../../../BitCloud/lib/libBc_EndDevice_Atmega128rfa1_Atmega128rfa1_Gcc.a(zdo.o)
 .text.zdoStartNetworkFree
                0x0000b5b6        0xe ./../../../../BitCloud/lib/libBc_EndDevice_Atmega128rfa1_Atmega128rfa1_Gcc.a(zdo.o)
 .text.startConfirm
                0x0000b5c4       0x2e ./../../../../BitCloud/lib/libBc_EndDevice_Atmega128rfa1_Atmega128rfa1_Gcc.a(zdo.o)
 .text.sleepConfirm
                0x0000b5f2       0x24 ./../../../../BitCloud/lib/libBc_EndDevice_Atmega128rfa1_Atmega128rfa1_Gcc.a(zdo.o)
 .text.wakeUpConfirm
                0x0000b616       0x24 ./../../../../BitCloud/lib/libBc_EndDevice_Atmega128rfa1_Atmega128rfa1_Gcc.a(zdo.o)
 .text.zdoUnpostTask
                0x0000b63a       0x28 ./../../../../BitCloud/lib/libBc_EndDevice_Atmega128rfa1_Atmega128rfa1_Gcc.a(zdo.o)
 .text.zdoSetZdpDataReqState
                0x0000b662       0x22 ./../../../../BitCloud/lib/libBc_EndDevice_Atmega128rfa1_Atmega128rfa1_Gcc.a(zdo.o)
 .text.confirmResponse
                0x0000b684        0x8 ./../../../../BitCloud/lib/libBc_EndDevice_Atmega128rfa1_Atmega128rfa1_Gcc.a(zdo.o)
 .text.zdoDefaultBindApsDataConf
                0x0000b68c        0x8 ./../../../../BitCloud/lib/libBc_EndDevice_Atmega128rfa1_Atmega128rfa1_Gcc.a(zdo.o)
 .text.confirmMgmtLqiResponse
                0x0000b694        0x8 ./../../../../BitCloud/lib/libBc_EndDevice_Atmega128rfa1_Atmega128rfa1_Gcc.a(zdo.o)
 .text.confirmMgmtPermitJoiningResponse
                0x0000b69c        0x8 ./../../../../BitCloud/lib/libBc_EndDevice_Atmega128rfa1_Atmega128rfa1_Gcc.a(zdo.o)
 .text.zdoZdpApsConfCallback
                0x0000b6a4       0x78 ./../../../../BitCloud/lib/libBc_EndDevice_Atmega128rfa1_Atmega128rfa1_Gcc.a(zdo.o)
 .text.zdoSetZdpIndState
                0x0000b71c       0x10 ./../../../../BitCloud/lib/libBc_EndDevice_Atmega128rfa1_Atmega128rfa1_Gcc.a(zdo.o)
 .text.ttlUpdateTimerFired
                0x0000b72c       0x72 ./../../../../BitCloud/lib/libBc_EndDevice_Atmega128rfa1_Atmega128rfa1_Gcc.a(zdo.o)
 .text.zdoSetOutOfNetworkFlag
                0x0000b79e       0x36 ./../../../../BitCloud/lib/libBc_EndDevice_Atmega128rfa1_Atmega128rfa1_Gcc.a(zdo.o)
 .text.zdoStartNetworkConfirm
                0x0000b7d4       0x24 ./../../../../BitCloud/lib/libBc_EndDevice_Atmega128rfa1_Atmega128rfa1_Gcc.a(zdo.o)
 .text.reenterNetwork
                0x0000b7f8       0x30 ./../../../../BitCloud/lib/libBc_EndDevice_Atmega128rfa1_Atmega128rfa1_Gcc.a(zdo.o)
 .text.joinNetwork
                0x0000b828       0x86 ./../../../../BitCloud/lib/libBc_EndDevice_Atmega128rfa1_Atmega128rfa1_Gcc.a(zdo.o)
 .text.zdoRejoinNetwork
                0x0000b8ae       0x1c ./../../../../BitCloud/lib/libBc_EndDevice_Atmega128rfa1_Atmega128rfa1_Gcc.a(zdo.o)
 .text.zdoIntraPanPortApsStopConf
                0x0000b8ca       0x1c ./../../../../BitCloud/lib/libBc_EndDevice_Atmega128rfa1_Atmega128rfa1_Gcc.a(zdo.o)
 .text.joinTimerFired
                0x0000b8e6        0x6 ./../../../../BitCloud/lib/libBc_EndDevice_Atmega128rfa1_Atmega128rfa1_Gcc.a(zdo.o)
 .text.stopSyncTimer
                0x0000b8ec        0xa ./../../../../BitCloud/lib/libBc_EndDevice_Atmega128rfa1_Atmega128rfa1_Gcc.a(zdo.o)
 .text.startSyncTimer
                0x0000b8f6       0x62 ./../../../../BitCloud/lib/libBc_EndDevice_Atmega128rfa1_Atmega128rfa1_Gcc.a(zdo.o)
 .text.zdoZdpResetReq
                0x0000b958       0x90 ./../../../../BitCloud/lib/libBc_EndDevice_Atmega128rfa1_Atmega128rfa1_Gcc.a(zdo.o)
 .text.zdoPseudoRandomSeed
                0x0000b9e8       0x46 ./../../../../BitCloud/lib/libBc_EndDevice_Atmega128rfa1_Atmega128rfa1_Gcc.a(zdo.o)
 .text.RF_RandomConfUpdater
                0x0000ba2e       0x1c ./../../../../BitCloud/lib/libBc_EndDevice_Atmega128rfa1_Atmega128rfa1_Gcc.a(zdo.o)
 .text.zdoUpdateRandSeedTimerFired
                0x0000ba4a       0x28 ./../../../../BitCloud/lib/libBc_EndDevice_Atmega128rfa1_Atmega128rfa1_Gcc.a(zdo.o)
 .text.zdoStackReset
                0x0000ba72       0x2a ./../../../../BitCloud/lib/libBc_EndDevice_Atmega128rfa1_Atmega128rfa1_Gcc.a(zdo.o)
 .text.startSystemSleep
                0x0000ba9c       0x48 ./../../../../BitCloud/lib/libBc_EndDevice_Atmega128rfa1_Atmega128rfa1_Gcc.a(zdo.o)
 .text.sendSyncReq
                0x0000bae4       0x30 ./../../../../BitCloud/lib/libBc_EndDevice_Atmega128rfa1_Atmega128rfa1_Gcc.a(zdo.o)
 .text.transceiverSwitchedOn
                0x0000bb14       0x3a ./../../../../BitCloud/lib/libBc_EndDevice_Atmega128rfa1_Atmega128rfa1_Gcc.a(zdo.o)
 .text.wakeupCallback
                0x0000bb4e       0x4c ./../../../../BitCloud/lib/libBc_EndDevice_Atmega128rfa1_Atmega128rfa1_Gcc.a(zdo.o)
 .text.zdoPowerManagerHandler
                0x0000bb9a       0xee ./../../../../BitCloud/lib/libBc_EndDevice_Atmega128rfa1_Atmega128rfa1_Gcc.a(zdo.o)
 .text.transceiverSwitchedOff
                0x0000bc88       0x18 ./../../../../BitCloud/lib/libBc_EndDevice_Atmega128rfa1_Atmega128rfa1_Gcc.a(zdo.o)
 .text.zdoZdpManagerHandler
                0x0000bca0      0x1d6 ./../../../../BitCloud/lib/libBc_EndDevice_Atmega128rfa1_Atmega128rfa1_Gcc.a(zdo.o)
 .text.zdoNwkEventListener
                0x0000be76       0x6e ./../../../../BitCloud/lib/libBc_EndDevice_Atmega128rfa1_Atmega128rfa1_Gcc.a(zdo.o)
 .text.zdoOtherEventListener
                0x0000bee4       0x34 ./../../../../BitCloud/lib/libBc_EndDevice_Atmega128rfa1_Atmega128rfa1_Gcc.a(zdo.o)
 .text.zdoExecuteEDScan
                0x0000bf18       0x36 ./../../../../BitCloud/lib/libBc_EndDevice_Atmega128rfa1_Atmega128rfa1_Gcc.a(zdo.o)
 .text.confirmMgmtNwkUpdateNotify
                0x0000bf4e       0x2e ./../../../../BitCloud/lib/libBc_EndDevice_Atmega128rfa1_Atmega128rfa1_Gcc.a(zdo.o)
 .text.channelChangeTimerFired
                0x0000bf7c       0x22 ./../../../../BitCloud/lib/libBc_EndDevice_Atmega128rfa1_Atmega128rfa1_Gcc.a(zdo.o)
 .text.MAC_SetConf
                0x0000bf9e       0x7e ./../../../../BitCloud/lib/libBc_EndDevice_Atmega128rfa1_Atmega128rfa1_Gcc.a(zdo.o)
 .text.zdoChildEventListener
                0x0000c01c       0xa8 ./../../../../BitCloud/lib/libBc_EndDevice_Atmega128rfa1_Atmega128rfa1_Gcc.a(zdo.o)
 .text.ZDO_GetNwkStatus
                0x0000c0c4       0x10 ./../../../../BitCloud/lib/libBc_EndDevice_Atmega128rfa1_Atmega128rfa1_Gcc.a(zdo.o)
                0x0000c0c4                ZDO_GetNwkStatus
 .text.zdoInitNotifications
                0x0000c0d4       0x6e ./../../../../BitCloud/lib/libBc_EndDevice_Atmega128rfa1_Atmega128rfa1_Gcc.a(zdo.o)
                0x0000c0d4                zdoInitNotifications
 .text.zdoInitHandler
                0x0000c142      0x11e ./../../../../BitCloud/lib/libBc_EndDevice_Atmega128rfa1_Atmega128rfa1_Gcc.a(zdo.o)
 .text.ZDO_WakeUpReq
                0x0000c260       0x1e ./../../../../BitCloud/lib/libBc_EndDevice_Atmega128rfa1_Atmega128rfa1_Gcc.a(zdo.o)
                0x0000c260                ZDO_WakeUpReq
 .text.ZDO_StartSyncReq
                0x0000c27e       0x30 ./../../../../BitCloud/lib/libBc_EndDevice_Atmega128rfa1_Atmega128rfa1_Gcc.a(zdo.o)
                0x0000c27e                ZDO_StartSyncReq
 .text.deviceAnnceConf
                0x0000c2ae       0x16 ./../../../../BitCloud/lib/libBc_EndDevice_Atmega128rfa1_Atmega128rfa1_Gcc.a(zdo.o)
 .text.ZDO_StopSyncReq
                0x0000c2c4       0x18 ./../../../../BitCloud/lib/libBc_EndDevice_Atmega128rfa1_Atmega128rfa1_Gcc.a(zdo.o)
                0x0000c2c4                ZDO_StopSyncReq
 .text.zdoLeaveNetworkReq
                0x0000c2dc       0x88 ./../../../../BitCloud/lib/libBc_EndDevice_Atmega128rfa1_Atmega128rfa1_Gcc.a(zdo.o)
 .text.zdoParentChangeConf
                0x0000c364       0x4c ./../../../../BitCloud/lib/libBc_EndDevice_Atmega128rfa1_Atmega128rfa1_Gcc.a(zdo.o)
 .text.confirmMgmtLeaveResponse
                0x0000c3b0       0xbe ./../../../../BitCloud/lib/libBc_EndDevice_Atmega128rfa1_Atmega128rfa1_Gcc.a(zdo.o)
 .text.leaveNetworkInd
                0x0000c46e       0x32 ./../../../../BitCloud/lib/libBc_EndDevice_Atmega128rfa1_Atmega128rfa1_Gcc.a(zdo.o)
 .text.zdoLeaveNetworkNwkLeaveConf
                0x0000c4a0        0xe ./../../../../BitCloud/lib/libBc_EndDevice_Atmega128rfa1_Atmega128rfa1_Gcc.a(zdo.o)
 .text.NWK_LeaveInd
                0x0000c4ae       0x86 ./../../../../BitCloud/lib/libBc_EndDevice_Atmega128rfa1_Atmega128rfa1_Gcc.a(zdo.o)
                0x0000c4ae                NWK_LeaveInd
 .text.zdoReset
                0x0000c534       0x18 ./../../../../BitCloud/lib/libBc_EndDevice_Atmega128rfa1_Atmega128rfa1_Gcc.a(zdo.o)
 .text.zdoLeaveConfirm
                0x0000c54c       0x78 ./../../../../BitCloud/lib/libBc_EndDevice_Atmega128rfa1_Atmega128rfa1_Gcc.a(zdo.o)
 .text.ZDO_StartNetworkReq
                0x0000c5c4       0x10 ./../../../../BitCloud/lib/libBc_EndDevice_Atmega128rfa1_Atmega128rfa1_Gcc.a(zdo.o)
                0x0000c5c4                ZDO_StartNetworkReq
 .text.ZDO_TaskHandler
                0x0000c5d4       0x7c ./../../../../BitCloud/lib/libBc_EndDevice_Atmega128rfa1_Atmega128rfa1_Gcc.a(zdo.o)
                0x0000c5d4                ZDO_TaskHandler
 .text.APS_ZdoDataInd
                0x0000c650      0x160 ./../../../../BitCloud/lib/libBc_EndDevice_Atmega128rfa1_Atmega128rfa1_Gcc.a(zdo.o)
                0x0000c650                APS_ZdoDataInd
 .text.ZDO_ZdpReq
                0x0000c7b0       0x64 ./../../../../BitCloud/lib/libBc_EndDevice_Atmega128rfa1_Atmega128rfa1_Gcc.a(zdo.o)
                0x0000c7b0                ZDO_ZdpReq
 .text.sendNwkUpdateNotify
                0x0000c814       0x3e ./../../../../BitCloud/lib/libBc_EndDevice_Atmega128rfa1_Atmega128rfa1_Gcc.a(zdo.o)
 .text.zdoZdpFrameProcessorHandler
                0x0000c852     0x129c ./../../../../BitCloud/lib/libBc_EndDevice_Atmega128rfa1_Atmega128rfa1_Gcc.a(zdo.o)
 .text.edScanConf
                0x0000daee       0x10 ./../../../../BitCloud/lib/libBc_EndDevice_Atmega128rfa1_Atmega128rfa1_Gcc.a(zdo.o)
 .text.zdoSendDeviceAnnce
                0x0000dafe       0xa0 ./../../../../BitCloud/lib/libBc_EndDevice_Atmega128rfa1_Atmega128rfa1_Gcc.a(zdo.o)
 .text.APS_StartConf
                0x0000db9e       0x48 ./../../../../BitCloud/lib/libBc_EndDevice_Atmega128rfa1_Atmega128rfa1_Gcc.a(zdo.o)
 .text.zdoAuthenticationConf
                0x0000dbe6       0x60 ./../../../../BitCloud/lib/libBc_EndDevice_Atmega128rfa1_Atmega128rfa1_Gcc.a(zdo.o)
                0x0000dbe6                zdoAuthenticationConf
 .text.zdoAuthenticationStart
                0x0000dc46        0x8 ./../../../../BitCloud/lib/libBc_EndDevice_Atmega128rfa1_Atmega128rfa1_Gcc.a(zdo.o)
                0x0000dc46                zdoAuthenticationStart
 .text.zdoSendDeviceAnnceConf
                0x0000dc4e       0x34 ./../../../../BitCloud/lib/libBc_EndDevice_Atmega128rfa1_Atmega128rfa1_Gcc.a(zdo.o)
 .text.zdoReloadZibFromConfigServer
                0x0000dc82      0x134 ./../../../../BitCloud/lib/libBc_EndDevice_Atmega128rfa1_Atmega128rfa1_Gcc.a(zdo.o)
                0x0000dc82                zdoReloadZibFromConfigServer
 .text.zdoStartNetworkTaskHandler
                0x0000ddb6      0x11e ./../../../../BitCloud/lib/libBc_EndDevice_Atmega128rfa1_Atmega128rfa1_Gcc.a(zdo.o)
 .text.setNetworkParametersToZib
                0x0000ded4       0x48 ./../../../../BitCloud/lib/libBc_EndDevice_Atmega128rfa1_Atmega128rfa1_Gcc.a(zdo.o)
                0x0000ded4                setNetworkParametersToZib
 .text.NWK_JoinConf
                0x0000df1c       0x5a ./../../../../BitCloud/lib/libBc_EndDevice_Atmega128rfa1_Atmega128rfa1_Gcc.a(zdo.o)
 .text.zdoStartNetworkStackResetConf
                0x0000df76       0x4a ./../../../../BitCloud/lib/libBc_EndDevice_Atmega128rfa1_Atmega128rfa1_Gcc.a(zdo.o)
 .text.zdoPerformIntraPanPortability
                0x0000dfc0       0x40 ./../../../../BitCloud/lib/libBc_EndDevice_Atmega128rfa1_Atmega128rfa1_Gcc.a(zdo.o)
                0x0000dfc0                zdoPerformIntraPanPortability
 .text.NWK_SyncConf
                0x0000e000       0x56 ./../../../../BitCloud/lib/libBc_EndDevice_Atmega128rfa1_Atmega128rfa1_Gcc.a(zdo.o)
 .text.NWK_NwkStatusInd
                0x0000e056       0xb2 ./../../../../BitCloud/lib/libBc_EndDevice_Atmega128rfa1_Atmega128rfa1_Gcc.a(zdo.o)
                0x0000e056                NWK_NwkStatusInd
 .text.SYS_Sleep
                0x0000e108        0x6 ./../../../../BitCloud/lib/libBc_EndDevice_Atmega128rfa1_Atmega128rfa1_Gcc.a(bcSysSleep.o)
                0x0000e108                SYS_Sleep
 .text.postNewMacRequest
                0x0000e10e       0x46 ./../../../../BitCloud/lib/libBc_EndDevice_Atmega128rfa1_Atmega128rfa1_Gcc.a(machwdManager.o)
 .text.putReqInQueue
                0x0000e154       0x18 ./../../../../BitCloud/lib/libBc_EndDevice_Atmega128rfa1_Atmega128rfa1_Gcc.a(machwdManager.o)
 .text.MACHWD_DataReq
                0x0000e16c        0xa ./../../../../BitCloud/lib/libBc_EndDevice_Atmega128rfa1_Atmega128rfa1_Gcc.a(machwdManager.o)
                0x0000e16c                MACHWD_DataReq
 .text.MACHWD_SetTrxStateReq
                0x0000e176        0xc ./../../../../BitCloud/lib/libBc_EndDevice_Atmega128rfa1_Atmega128rfa1_Gcc.a(machwdManager.o)
                0x0000e176                MACHWD_SetTrxStateReq
 .text.MACHWD_SetReq
                0x0000e182        0xc ./../../../../BitCloud/lib/libBc_EndDevice_Atmega128rfa1_Atmega128rfa1_Gcc.a(machwdManager.o)
                0x0000e182                MACHWD_SetReq
 .text.MACHWD_EdReq
                0x0000e18e        0xc ./../../../../BitCloud/lib/libBc_EndDevice_Atmega128rfa1_Atmega128rfa1_Gcc.a(machwdManager.o)
                0x0000e18e                MACHWD_EdReq
 .text.RF_RandomReq
                0x0000e19a       0x14 ./../../../../BitCloud/lib/libBc_EndDevice_Atmega128rfa1_Atmega128rfa1_Gcc.a(machwdManager.o)
                0x0000e19a                RF_RandomReq
 .text.MACHWD_Reset
                0x0000e1ae       0x46 ./../../../../BitCloud/lib/libBc_EndDevice_Atmega128rfa1_Atmega128rfa1_Gcc.a(machwdManager.o)
                0x0000e1ae                MACHWD_Reset
 .text.MAC_PHY_HWD_TaskHandler
                0x0000e1f4      0x1b0 ./../../../../BitCloud/lib/libBc_EndDevice_Atmega128rfa1_Atmega128rfa1_Gcc.a(machwdManager.o)
                0x0000e1f4                MAC_PHY_HWD_TaskHandler
 .text.machwdRegAccessReqHandler
                0x0000e3a4       0x66 ./../../../../BitCloud/lib/libBc_EndDevice_Atmega128rfa1_Atmega128rfa1_Gcc.a(machwdRegAccessHandler.o)
                0x0000e3a4                machwdRegAccessReqHandler
 .text.machwdRegAccessTaskHandler
                0x0000e40a       0x48 ./../../../../BitCloud/lib/libBc_EndDevice_Atmega128rfa1_Atmega128rfa1_Gcc.a(machwdRegAccessHandler.o)
                0x0000e40a                machwdRegAccessTaskHandler
 .text.machwdReset
                0x0000e452       0xc6 ./../../../../BitCloud/lib/libBc_EndDevice_Atmega128rfa1_Atmega128rfa1_Gcc.a(machwdResetHandler.o)
                0x0000e452                machwdReset
 .text.machwdRndReqHandler
                0x0000e518       0x3a ./../../../../BitCloud/lib/libBc_EndDevice_Atmega128rfa1_Atmega128rfa1_Gcc.a(machwdRndHandler.o)
                0x0000e518                machwdRndReqHandler
 .text.machwdRndTaskHandler
                0x0000e552       0x32 ./../../../../BitCloud/lib/libBc_EndDevice_Atmega128rfa1_Atmega128rfa1_Gcc.a(machwdRndHandler.o)
                0x0000e552                machwdRndTaskHandler
 .text.machwdResetRndHandler
                0x0000e584        0x6 ./../../../../BitCloud/lib/libBc_EndDevice_Atmega128rfa1_Atmega128rfa1_Gcc.a(machwdRndHandler.o)
                0x0000e584                machwdResetRndHandler
 .text.machwdResetRxBuffer
                0x0000e58a       0x62 ./../../../../BitCloud/lib/libBc_EndDevice_Atmega128rfa1_Atmega128rfa1_Gcc.a(machwdRxBuffer.o)
                0x0000e58a                machwdResetRxBuffer
 .text.machwdNextBuffer
                0x0000e5ec       0x10 ./../../../../BitCloud/lib/libBc_EndDevice_Atmega128rfa1_Atmega128rfa1_Gcc.a(machwdRxBuffer.o)
                0x0000e5ec                machwdNextBuffer
 .text.machwdReleaseBuffer
                0x0000e5fc       0x62 ./../../../../BitCloud/lib/libBc_EndDevice_Atmega128rfa1_Atmega128rfa1_Gcc.a(machwdRxBuffer.o)
                0x0000e5fc                machwdReleaseBuffer
 .text.machwdNextBufferPresent
                0x0000e65e       0x26 ./../../../../BitCloud/lib/libBc_EndDevice_Atmega128rfa1_Atmega128rfa1_Gcc.a(machwdRxBuffer.o)
                0x0000e65e                machwdNextBufferPresent
 .text.machwdRxFrameTaskHandler
                0x0000e684       0x46 ./../../../../BitCloud/lib/libBc_EndDevice_Atmega128rfa1_Atmega128rfa1_Gcc.a(machwdRxFrameHandler.o)
                0x0000e684                machwdRxFrameTaskHandler
 .text.machwdRxFrameIndTaskHandler
                0x0000e6ca       0xa2 ./../../../../BitCloud/lib/libBc_EndDevice_Atmega128rfa1_Atmega128rfa1_Gcc.a(machwdRxFrameHandler.o)
                0x0000e6ca                machwdRxFrameIndTaskHandler
 .text.executePhySetReq
                0x0000e76c       0x32 ./../../../../BitCloud/lib/libBc_EndDevice_Atmega128rfa1_Atmega128rfa1_Gcc.a(machwdSetHandler.o)
 .text.executeSetReq
                0x0000e79e       0x5c ./../../../../BitCloud/lib/libBc_EndDevice_Atmega128rfa1_Atmega128rfa1_Gcc.a(machwdSetHandler.o)
 .text.machwdSetReqHandler
                0x0000e7fa       0xba ./../../../../BitCloud/lib/libBc_EndDevice_Atmega128rfa1_Atmega128rfa1_Gcc.a(machwdSetHandler.o)
                0x0000e7fa                machwdSetReqHandler
 .text.machwdSetTaskHandler
                0x0000e8b4       0x3a ./../../../../BitCloud/lib/libBc_EndDevice_Atmega128rfa1_Atmega128rfa1_Gcc.a(machwdSetHandler.o)
                0x0000e8b4                machwdSetTaskHandler
 .text.machwdResetSetHandler
                0x0000e8ee        0xe ./../../../../BitCloud/lib/libBc_EndDevice_Atmega128rfa1_Atmega128rfa1_Gcc.a(machwdSetHandler.o)
                0x0000e8ee                machwdResetSetHandler
 .text.machwdSendTrxCmd
                0x0000e8fc       0x1c ./../../../../BitCloud/lib/libBc_EndDevice_Atmega128rfa1_Atmega128rfa1_Gcc.a(machwdTrxCtrl.o)
                0x0000e8fc                machwdSendTrxCmd
 .text.machwdGetPhyTrxCmd
                0x0000e918       0x14 ./../../../../BitCloud/lib/libBc_EndDevice_Atmega128rfa1_Atmega128rfa1_Gcc.a(machwdTrxCtrl.o)
                0x0000e918                machwdGetPhyTrxCmd
 .text.machwdConvertTrxCmdToTrxState
                0x0000e92c       0x14 ./../../../../BitCloud/lib/libBc_EndDevice_Atmega128rfa1_Atmega128rfa1_Gcc.a(machwdTrxCtrl.o)
                0x0000e92c                machwdConvertTrxCmdToTrxState
 .text.machwdConvertTrxStateToTrxCmd
                0x0000e940       0x16 ./../../../../BitCloud/lib/libBc_EndDevice_Atmega128rfa1_Atmega128rfa1_Gcc.a(machwdTrxCtrl.o)
                0x0000e940                machwdConvertTrxStateToTrxCmd
 .text.machwdTrxReqHandler
                0x0000e956       0x40 ./../../../../BitCloud/lib/libBc_EndDevice_Atmega128rfa1_Atmega128rfa1_Gcc.a(machwdTrxHandler.o)
                0x0000e956                machwdTrxReqHandler
 .text.machwdTrxTaskHandler
                0x0000e996       0x40 ./../../../../BitCloud/lib/libBc_EndDevice_Atmega128rfa1_Atmega128rfa1_Gcc.a(machwdTrxHandler.o)
                0x0000e996                machwdTrxTaskHandler
 .text.machwdResetTrxHandler
                0x0000e9d6        0x6 ./../../../../BitCloud/lib/libBc_EndDevice_Atmega128rfa1_Atmega128rfa1_Gcc.a(machwdTrxHandler.o)
                0x0000e9d6                machwdResetTrxHandler
 .text.executeDataReq
                0x0000e9dc       0x28 ./../../../../BitCloud/lib/libBc_EndDevice_Atmega128rfa1_Atmega128rfa1_Gcc.a(machwdTxFrameHandler.o)
 .text.machwdTxFrameReqHandler
                0x0000ea04       0x44 ./../../../../BitCloud/lib/libBc_EndDevice_Atmega128rfa1_Atmega128rfa1_Gcc.a(machwdTxFrameHandler.o)
                0x0000ea04                machwdTxFrameReqHandler
 .text.machwdTxFrameTaskHandler
                0x0000ea48       0x3a ./../../../../BitCloud/lib/libBc_EndDevice_Atmega128rfa1_Atmega128rfa1_Gcc.a(machwdTxFrameHandler.o)
                0x0000ea48                machwdTxFrameTaskHandler
 .text.machwdResetTxFrameHandler
                0x0000ea82        0xa ./../../../../BitCloud/lib/libBc_EndDevice_Atmega128rfa1_Atmega128rfa1_Gcc.a(machwdTxFrameHandler.o)
                0x0000ea82                machwdResetTxFrameHandler
 .text.putReqInQueue
                0x0000ea8c       0x2c ./../../../../BitCloud/lib/libBc_EndDevice_Atmega128rfa1_Atmega128rfa1_Gcc.a(machwiManager.o)
 .text.machwiSendConfToUpperLayer
                0x0000eab8       0xaa ./../../../../BitCloud/lib/libBc_EndDevice_Atmega128rfa1_Atmega128rfa1_Gcc.a(machwiManager.o)
                0x0000eab8                machwiSendConfToUpperLayer
 .text.MAC_HWI_TaskHandler
                0x0000eb62       0x96 ./../../../../BitCloud/lib/libBc_EndDevice_Atmega128rfa1_Atmega128rfa1_Gcc.a(machwiManager.o)
                0x0000eb62                MAC_HWI_TaskHandler
 .text.MAC_AssociateReq
                0x0000ebf8        0xc ./../../../../BitCloud/lib/libBc_EndDevice_Atmega128rfa1_Atmega128rfa1_Gcc.a(machwiManager.o)
                0x0000ebf8                MAC_AssociateReq
 .text.MAC_GetReq
                0x0000ec04        0xc ./../../../../BitCloud/lib/libBc_EndDevice_Atmega128rfa1_Atmega128rfa1_Gcc.a(machwiManager.o)