Archive member included because of file (symbol)

./../../../../BitCloud/lib/libHAL_RcbAtm128rfa1_Atmega128rfa1_8Mhz_Gcc.a(appTimer.o)
                              Coordinator_Rcb_Atmega128rfa1_8Mhz_Gcc/Obj/blink.o (HAL_StartAppTimer)
./../../../../BitCloud/lib/libHAL_RcbAtm128rfa1_Atmega128rfa1_8Mhz_Gcc.a(halTaskManager.o)
                              Coordinator_Rcb_Atmega128rfa1_8Mhz_Gcc/Obj/usbFifoFT245RL.o (halTaskFlags4)
./../../../../BitCloud/lib/libHAL_RcbAtm128rfa1_Atmega128rfa1_8Mhz_Gcc.a(usart.o)
                              ./../../../../BitCloud/lib/libHAL_RcbAtm128rfa1_Atmega128rfa1_8Mhz_Gcc.a(halTaskManager.o) (halSigUsartHandler)
./../../../../BitCloud/lib/libHAL_RcbAtm128rfa1_Atmega128rfa1_8Mhz_Gcc.a(irq.o)
                              Coordinator_Rcb_Atmega128rfa1_8Mhz_Gcc/Obj/usbFifoFT245RL.o (HAL_RegisterIrq)
./../../../../BitCloud/lib/libHAL_RcbAtm128rfa1_Atmega128rfa1_8Mhz_Gcc.a(i2cPacket.o)
                              ./../../../../BitCloud/lib/libHAL_RcbAtm128rfa1_Atmega128rfa1_8Mhz_Gcc.a(halTaskManager.o) (halSig2WireSerialHandler)
./../../../../BitCloud/lib/libHAL_RcbAtm128rfa1_Atmega128rfa1_8Mhz_Gcc.a(eeprom.o)
                              Coordinator_Rcb_Atmega128rfa1_8Mhz_Gcc/Obj/pdsWriteData.o (HAL_ReadEeprom)
./../../../../BitCloud/lib/libHAL_RcbAtm128rfa1_Atmega128rfa1_8Mhz_Gcc.a(timer.o)
                              ./../../../../BitCloud/lib/libHAL_RcbAtm128rfa1_Atmega128rfa1_8Mhz_Gcc.a(appTimer.o) (halAddTimer)
./../../../../BitCloud/lib/libHAL_RcbAtm128rfa1_Atmega128rfa1_8Mhz_Gcc.a(adc.o)
                              ./../../../../BitCloud/lib/libHAL_RcbAtm128rfa1_Atmega128rfa1_8Mhz_Gcc.a(halTaskManager.o) (halSigAdcHandler)
./../../../../BitCloud/lib/libHAL_RcbAtm128rfa1_Atmega128rfa1_8Mhz_Gcc.a(spi.o)
                              ./../../../../BitCloud/lib/libHAL_RcbAtm128rfa1_Atmega128rfa1_8Mhz_Gcc.a(halTaskManager.o) (halSpiRxByteComplete)
./../../../../BitCloud/lib/libHAL_RcbAtm128rfa1_Atmega128rfa1_8Mhz_Gcc.a(halSleepTimerClock.o)
                              ./../../../../BitCloud/lib/libHAL_RcbAtm128rfa1_Atmega128rfa1_8Mhz_Gcc.a(appTimer.o) (halGetTimeOfSleepTimer)
./../../../../BitCloud/lib/libHAL_RcbAtm128rfa1_Atmega128rfa1_8Mhz_Gcc.a(halSecurityModule.o)
                              ./../../../../BitCloud/lib/libHAL_RcbAtm128rfa1_Atmega128rfa1_8Mhz_Gcc.a(halTaskManager.o) (halSmRequestHandler)
./../../../../BitCloud/lib/libHAL_RcbAtm128rfa1_Atmega128rfa1_8Mhz_Gcc.a(halAppClock.o)
                              ./../../../../BitCloud/lib/libHAL_RcbAtm128rfa1_Atmega128rfa1_8Mhz_Gcc.a(appTimer.o) (halGetTimeOfAppTimer)
./../../../../BitCloud/lib/libHAL_RcbAtm128rfa1_Atmega128rfa1_8Mhz_Gcc.a(halUsart.o)
                              ./../../../../BitCloud/lib/libHAL_RcbAtm128rfa1_Atmega128rfa1_8Mhz_Gcc.a(usart.o) (halSetUsartConfig)
./../../../../BitCloud/lib/libHAL_RcbAtm128rfa1_Atmega128rfa1_8Mhz_Gcc.a(halIrq.o)
                              ./../../../../BitCloud/lib/libHAL_RcbAtm128rfa1_Atmega128rfa1_8Mhz_Gcc.a(irq.o) (halSetIrqConfig)
./../../../../BitCloud/lib/libHAL_RcbAtm128rfa1_Atmega128rfa1_8Mhz_Gcc.a(halTwi.o)
                              ./../../../../BitCloud/lib/libHAL_RcbAtm128rfa1_Atmega128rfa1_8Mhz_Gcc.a(i2cPacket.o) (halInitI2c)
./../../../../BitCloud/lib/libHAL_RcbAtm128rfa1_Atmega128rfa1_8Mhz_Gcc.a(halEeprom.o)
                              ./../../../../BitCloud/lib/libHAL_RcbAtm128rfa1_Atmega128rfa1_8Mhz_Gcc.a(eeprom.o) (halEepromWrite)
./../../../../BitCloud/lib/libHAL_RcbAtm128rfa1_Atmega128rfa1_8Mhz_Gcc.a(halSleep.o)
                              ./../../../../BitCloud/lib/libHAL_RcbAtm128rfa1_Atmega128rfa1_8Mhz_Gcc.a(halSleepTimerClock.o) (halPowerOn)
./../../../../BitCloud/lib/libHAL_RcbAtm128rfa1_Atmega128rfa1_8Mhz_Gcc.a(halAdc.o)
                              ./../../../../BitCloud/lib/libHAL_RcbAtm128rfa1_Atmega128rfa1_8Mhz_Gcc.a(adc.o) (halOpenAdc)
./../../../../BitCloud/lib/libHAL_RcbAtm128rfa1_Atmega128rfa1_8Mhz_Gcc.a(halSpi.o)
                              ./../../../../BitCloud/lib/libHAL_RcbAtm128rfa1_Atmega128rfa1_8Mhz_Gcc.a(spi.o) (halSetUsartSpiConfig)
./../../../../BitCloud/lib/libHAL_RcbAtm128rfa1_Atmega128rfa1_8Mhz_Gcc.a(calibration.o)
                              ./../../../../BitCloud/lib/libHAL_RcbAtm128rfa1_Atmega128rfa1_8Mhz_Gcc.a(halSleep.o) (halStartingCalibrate)
./../../../../BitCloud/lib/libHAL_RcbAtm128rfa1_Atmega128rfa1_8Mhz_Gcc.a(halW1.o)
                              ./../../../../BitCloud/lib/libHAL_RcbAtm128rfa1_Atmega128rfa1_8Mhz_Gcc.a(halAdc.o) (__delay_us)
./../../../../BitCloud/lib/libHAL_RcbAtm128rfa1_Atmega128rfa1_8Mhz_Gcc.a(halCalibration.o)
                              ./../../../../BitCloud/lib/libHAL_RcbAtm128rfa1_Atmega128rfa1_8Mhz_Gcc.a(calibration.o) (halMeasurement)
./../../../../BitCloud/lib/libHAL_RcbAtm128rfa1_Atmega128rfa1_8Mhz_Gcc.a(sleepTimer.o)
[...]
Memory Configuration

Name             Origin             Length             Attributes
text             0x00000000         0x00020000         xr
data             0x00800190         0x00003e0c         rw !x
eeprom           0x00810000         0x00001000         rw !x
*default*        0x00000000         0xffffffff

Linker script and memory map

Address of section .data set to 0x800200
LOAD d:/program files/atmel/avr studio 5.1/extensions/atmel/avrgcc/3.3.1.27/avrtoolchain/bin/../lib/gcc/avr/4.5.1/../../../../avr/lib/avr51/crtm128rfa1.o

.text           0x00000000    0x16af0
                0x00000000                PROVIDE (__text_start, .)
 *(.vectors)
 .vectors       0x00000000      0x120 d:/program files/atmel/avr studio 5.1/extensions/atmel/avrgcc/3.3.1.27/avrtoolchain/bin/../lib/gcc/avr/4.5.1/../../../../avr/lib/avr51/crtm128rfa1.o
                0x00000000                __vector_default
                0x00000000                __vectors
 *(.vectors)
                0x00000120                PROVIDE (__pds_ff_start, .)
 *(.pds_ff)
 .pds_ff        0x00000120       0x8a Coordinator_Rcb_Atmega128rfa1_8Mhz_Gcc/Obj/csPersistentMem.o
                0x00000120                csGeneralFileDescriptors
                0x00000180                csExtendedFileDescriptors
                0x00000198                csNeighborTableFileDescriptor
                0x0000019e                csGroupTableFileDescriptor
                0x000001a4                csBindingTableFileDescriptor
                0x000001aa                PROVIDE (__pds_ff_end, .)
                0x000001aa                PROVIDE (__pds_fd_start, .)
 *(.pds_fd)
 .pds_fd        0x000001aa       0x24 Coordinator_Rcb_Atmega128rfa1_8Mhz_Gcc/Obj/csPersistentMem.o
                0x000001aa                csGeneralParamsDirDescr
                0x000001b0                csExtendedParamsDirDescr
                0x000001b6                csNwkSecurityTablesDirDescr
                0x000001bc                BCSystemDirDescr
                0x000001c2                BCExtGenParamsDirDescr
                0x000001c8                BCRejoinParamsDirDescr
                0x000001ce                PROVIDE (__pds_fd_end, .)
 *(.progmem.gcc*)
 .progmem.gcc_sw_table
                0x000001ce      0x110 ./../../../../BitCloud/lib/libBc_Coordinator_Atmega128rfa1_Atmega128rfa1_Gcc.a(macenvPib.o)
 .progmem.gcc_sw_table
                0x000002de       0x34 ./../../../../BitCloud/lib/libBc_Coordinator_Atmega128rfa1_Atmega128rfa1_Gcc.a(nwk.o)
 .progmem.gcc_sw_table
                0x00000312       0x58 ./../../../../BitCloud/lib/libBc_Coordinator_Atmega128rfa1_Atmega128rfa1_Gcc.a(zdo.o)
 .progmem.gcc_sw_table
                0x0000036a       0x28 ./../../../../BitCloud/lib/libBc_Coordinator_Atmega128rfa1_Atmega128rfa1_Gcc.a(machwdManager.o)
 .progmem.gcc_sw_table
                0x00000392       0x3c ./../../../../BitCloud/lib/libBc_Coordinator_Atmega128rfa1_Atmega128rfa1_Gcc.a(machwiManager.o)
 .progmem.gcc_sw_table
                0x000003ce       0x16 ./../../../../BitCloud/lib/libBc_Coordinator_Atmega128rfa1_Atmega128rfa1_Gcc.a(machwiPanServer.o)
 .progmem.gcc_sw_table
                0x000003e4       0x20 ./../../../../BitCloud/lib/libBc_Coordinator_Atmega128rfa1_Atmega128rfa1_Gcc.a(machwiScanHandler.o)
 .progmem.gcc_sw_table
                0x00000404       0x26 ./../../../../BitCloud/lib/libBc_Coordinator_Atmega128rfa1_Atmega128rfa1_Gcc.a(machwdFrameRoutine.o)
 *(.progmem*)
 .progmem.data  0x0000042a       0xa4 Coordinator_Rcb_Atmega128rfa1_8Mhz_Gcc/Obj/csPersistentMem.o
                0x0000042a                CsGeneralMemoryIdsTable
                0x0000044a                CsExtendedMemoryIdsTable
                0x00000452                CsNwkSecurityMemoryIdsTable
                0x00000456                BCSystemMemoryIdsTable
                0x00000484                BCExtGenParamsMemoryIdsTable
                0x000004ac                BCRejoinParamsMemoryIdsTable
 .progmem.data  0x000004ce      0x25e Coordinator_Rcb_Atmega128rfa1_8Mhz_Gcc/Obj/csMem.o
                0x000004ce                defaultNIB
                0x00000554                defaultZIB
                0x00000583                defaultAIB
                0x00000585                defaultSIB
                0x000005c1                csReadOnlyItems
                0x000005e0                csMemoryItems
 .progmem.data  0x0000072c        0xc ./../../../../BitCloud/lib/libHAL_RcbAtm128rfa1_Atmega128rfa1_8Mhz_Gcc.a(usart.o)
 .progmem.data  0x00000738       0x10 ./../../../../BitCloud/lib/libBc_Coordinator_Atmega128rfa1_Atmega128rfa1_Gcc.a(aps.o)
 .progmem.data  0x00000748      0x132 ./../../../../BitCloud/lib/libBc_Coordinator_Atmega128rfa1_Atmega128rfa1_Gcc.a(nwk.o)
                0x0000087a                . = ALIGN (0x2)
 *(.trampolines*)
 .trampolines   0x0000087a        0x0 linker stubs
 *(.jumptables*)
 *(.lowtext*)
 *(.init0)
 .init0         0x0000087a        0x0 d:/program files/atmel/avr studio 5.1/extensions/atmel/avrgcc/3.3.1.27/avrtoolchain/bin/../lib/gcc/avr/4.5.1/../../../../avr/lib/avr51/crtm128rfa1.o
                0x0000087a                __init
 .init0         0x0000087a       0x30 ./../../../../BitCloud/lib/WdtInitatmega128rfa1_Gcc.o
                0x0000087a                halWdtInit
 *(.init0)
 *(.init1)
 *(.init1)
 *(.init2)
 .init2         0x000008aa        0xc d:/program files/atmel/avr studio 5.1/extensions/atmel/avrgcc/3.3.1.27/avrtoolchain/bin/../lib/gcc/avr/4.5.1/../../../../avr/lib/avr51/crtm128rfa1.o
 *(.init2)
 *(.init3)
 *(.init3)
 *(.init4)
 .init4         0x000008b6       0x1a d:/program files/atmel/avr studio 5.1/extensions/atmel/avrgcc/3.3.1.27/avrtoolchain/bin/../lib/gcc/avr/4.5.1/avr51\libgcc.a(_copy_data.o)
                0x000008b6                __do_copy_data
 .init4         0x000008d0       0x10 d:/program files/atmel/avr studio 5.1/extensions/atmel/avrgcc/3.3.1.27/avrtoolchain/bin/../lib/gcc/avr/4.5.1/avr51\libgcc.a(_clear_bss.o)
                0x000008d0                __do_clear_bss
 *(.init4)
 *(.init5)
 *(.init5)
 *(.init6)
 *(.init6)
 *(.init7)
 *(.init7)
 *(.init8)
 *(.init8)
 *(.text.main)
 .text.main     0x000008e0        0xa Coordinator_Rcb_Atmega128rfa1_8Mhz_Gcc/Obj/blink.o
                0x000008e0                main
 *(.text.main)
 *(.text)
 .text          0x000008ea        0x4 d:/program files/atmel/avr studio 5.1/extensions/atmel/avrgcc/3.3.1.27/avrtoolchain/bin/../lib/gcc/avr/4.5.1/../../../../avr/lib/avr51/crtm128rfa1.o
                0x000008ea                __vector_22
                0x000008ea                __vector_28
                0x000008ea                __vector_67
                0x000008ea                __vector_32
                0x000008ea                __vector_71
                0x000008ea                __vector_34
                0x000008ea                __vector_62
                0x000008ea                __vector_12
                0x000008ea                __vector_55
                0x000008ea                __vector_69
                0x000008ea                __vector_46
                0x000008ea                __bad_interrupt
                0x000008ea                __vector_31
                0x000008ea                __vector_35
                0x000008ea                __vector_23
                0x000008ea                __vector_68
                0x000008ea                __vector_45
                0x000008ea                __vector_61
                0x000008ea                __vector_11
                0x000008ea                __vector_54
                0x000008ea                __vector_17
                0x000008ea                __vector_19
                0x000008ea                __vector_56
                0x000008ea                __vector_49
                0x000008ea                __vector_41
                0x000008ea                __vector_64
                0x000008ea                __vector_33
                0x000008ea                __vector_47
                0x000008ea                __vector_52
                0x000008ea                __vector_44
                0x000008ea                __vector_51
                0x000008ea                __vector_9
                0x000008ea                __vector_21
                0x000008ea                __vector_66
                0x000008ea                __vector_58
                0x000008ea                __vector_70
                0x000008ea                __vector_40
                0x000008ea                __vector_48
                0x000008ea                __vector_14
                0x000008ea                __vector_57
                0x000008ea                __vector_53
                0x000008ea                __vector_10
                0x000008ea                __vector_50
                0x000008ea                __vector_16
                0x000008ea                __vector_59
                0x000008ea                __vector_18
                0x000008ea                __vector_20
                0x000008ea                __vector_65
 .text          0x000008ee       0xce ./../../../../BitCloud/lib/libHAL_RcbAtm128rfa1_Atmega128rfa1_8Mhz_Gcc.a(halW1.o)
                0x000008ee                halResetW1
                0x00000922                halReadW1Bit
                0x00000952                halReadW1
                0x0000096e                halWriteW1bit
                0x0000099a                halWriteW1
                0x000009ac                __delay_us
 .text          0x000009bc       0x3a ./../../../../BitCloud/lib/libHAL_RcbAtm128rfa1_Atmega128rfa1_8Mhz_Gcc.a(halCalibration.o)
                0x000009bc                halMeasurement
 .text          0x000009f6       0xe2 d:/program files/atmel/avr studio 5.1/extensions/atmel/avrgcc/3.3.1.27/avrtoolchain/bin/../lib/gcc/avr/4.5.1/avr51\libgcc.a(_ashldi3.o)
                0x000009f6                __ashldi3
 *(.text.*)
 .text.APS_DataInd
                0x00000ad8       0x18 Coordinator_Rcb_Atmega128rfa1_8Mhz_Gcc/Obj/blink.o
 .text.APS_DataInd2
                0x00000af0        0x2 Coordinator_Rcb_Atmega128rfa1_8Mhz_Gcc/Obj/blink.o
 .text.ZDO_ZdpResp
                0x00000af2      0x18c Coordinator_Rcb_Atmega128rfa1_8Mhz_Gcc/Obj/blink.o
                0x00000af2                ZDO_ZdpResp
 .text.Req_Table
                0x00000c7e       0x2e Coordinator_Rcb_Atmega128rfa1_8Mhz_Gcc/Obj/blink.o
 .text.ZDO_StartNetworkConf
                0x00000cac       0x2c Coordinator_Rcb_Atmega128rfa1_8Mhz_Gcc/Obj/blink.o
 .text.Timer_Handler
                0x00000cd8        0x8 Coordinator_Rcb_Atmega128rfa1_8Mhz_Gcc/Obj/blink.o
                0x00000cd8                Timer_Handler
 .text.usartReceieved
                0x00000ce0       0xe4 Coordinator_Rcb_Atmega128rfa1_8Mhz_Gcc/Obj/blink.o
 .text.APL_TaskHandler
                0x00000dc4      0x6e2 Coordinator_Rcb_Atmega128rfa1_8Mhz_Gcc/Obj/blink.o
                0x00000dc4                APL_TaskHandler
 .text.ZDO_MgmtNwkUpdateNotf
                0x000014a6      0x13e Coordinator_Rcb_Atmega128rfa1_8Mhz_Gcc/Obj/blink.o
                0x000014a6                ZDO_MgmtNwkUpdateNotf
 .text.ZDO_WakeUpInd
                0x000015e4        0x2 Coordinator_Rcb_Atmega128rfa1_8Mhz_Gcc/Obj/blink.o
                0x000015e4                ZDO_WakeUpInd
 .text.ZDO_BindIndication
                0x000015e6        0x2 Coordinator_Rcb_Atmega128rfa1_8Mhz_Gcc/Obj/blink.o
                0x000015e6                ZDO_BindIndication
 .text.ZDO_UnbindIndication
                0x000015e8        0x2 Coordinator_Rcb_Atmega128rfa1_8Mhz_Gcc/Obj/blink.o
                0x000015e8                ZDO_UnbindIndication
 .text.pdsDummyCallback
                0x000015ea        0x2 Coordinator_Rcb_Atmega128rfa1_8Mhz_Gcc/Obj/pdsWriteData.o
                0x000015ea                pdsDummyCallback
 .text.pdsAddDataForCommitment
                0x000015ec       0x70 Coordinator_Rcb_Atmega128rfa1_8Mhz_Gcc/Obj/pdsWriteData.o
                0x000015ec                pdsAddDataForCommitment
 .text.pdsWaitMemoryFree
                0x0000165c       0x10 Coordinator_Rcb_Atmega128rfa1_8Mhz_Gcc/Obj/pdsWriteData.o
                0x0000165c                pdsWaitMemoryFree
 .text.pdsRead  0x0000166c       0x3e Coordinator_Rcb_Atmega128rfa1_8Mhz_Gcc/Obj/pdsWriteData.o
                0x0000166c                pdsRead
 .text.pdsWrite
                0x000016aa       0x3e Coordinator_Rcb_Atmega128rfa1_8Mhz_Gcc/Obj/pdsWriteData.o
                0x000016aa                pdsWrite
 .text.pdsStartCommitment
                0x000016e8      0x1e6 Coordinator_Rcb_Atmega128rfa1_8Mhz_Gcc/Obj/pdsWriteData.o
                0x000016e8                pdsStartCommitment
 .text.pdsMemMaskIsAnyBitSet
                0x000018ce       0x1c Coordinator_Rcb_Atmega128rfa1_8Mhz_Gcc/Obj/pdsDataServer.o
 .text.pdsInitMemMask
                0x000018ea       0x3c Coordinator_Rcb_Atmega128rfa1_8Mhz_Gcc/Obj/pdsDataServer.o
 .text.pdsGetMemoryAllowed
                0x00001926       0x38 Coordinator_Rcb_Atmega128rfa1_8Mhz_Gcc/Obj/pdsDataServer.o
 .text.PDS_Store
                0x0000195e       0x14 Coordinator_Rcb_Atmega128rfa1_8Mhz_Gcc/Obj/pdsDataServer.o
                0x0000195e                PDS_Store
 .text.PDS_IsMemoryRestored
                0x00001972       0x54 Coordinator_Rcb_Atmega128rfa1_8Mhz_Gcc/Obj/pdsDataServer.o
                0x00001972                PDS_IsMemoryRestored
 .text.PDS_Init
                0x000019c6      0x226 Coordinator_Rcb_Atmega128rfa1_8Mhz_Gcc/Obj/pdsInit.o
                0x000019c6                PDS_Init
 .text.pdsTimerFired
                0x00001bec        0xe Coordinator_Rcb_Atmega128rfa1_8Mhz_Gcc/Obj/pdsTimer.o
 .text.pdsTimerInit
                0x00001bfa       0x12 Coordinator_Rcb_Atmega128rfa1_8Mhz_Gcc/Obj/pdsTimer.o
                0x00001bfa                pdsTimerInit
 .text.pdsGetFileDescrRec
                0x00001c0c       0x66 Coordinator_Rcb_Atmega128rfa1_8Mhz_Gcc/Obj/pdsMemAccess.o
                0x00001c0c                pdsGetFileDescrRec
 .text.pdsGetFileOffset
                0x00001c72      0x112 Coordinator_Rcb_Atmega128rfa1_8Mhz_Gcc/Obj/pdsMemAccess.o
                0x00001c72                pdsGetFileOffset
 .text.pdsPrepareMemoryAccess
                0x00001d84       0xc0 Coordinator_Rcb_Atmega128rfa1_8Mhz_Gcc/Obj/pdsMemAccess.o
                0x00001d84                pdsPrepareMemoryAccess
 .text.pdsExpandMemoryMask
                0x00001e44      0x162 Coordinator_Rcb_Atmega128rfa1_8Mhz_Gcc/Obj/pdsMemAccess.o
                0x00001e44                pdsExpandMemoryMask
 .text.pdsPrepareAccessContext
                0x00001fa6       0x40 Coordinator_Rcb_Atmega128rfa1_8Mhz_Gcc/Obj/pdsMemAccess.o
                0x00001fa6                pdsPrepareAccessContext
 .text.pdsCalculateRAMDataCrc
                0x00001fe6       0x1c Coordinator_Rcb_Atmega128rfa1_8Mhz_Gcc/Obj/pdsCrcService.o
                0x00001fe6                pdsCalculateRAMDataCrc
 .text.pdsCheckFile
                0x00002002       0xc8 Coordinator_Rcb_Atmega128rfa1_8Mhz_Gcc/Obj/pdsCrcService.o
                0x00002002                pdsCheckFile
 .text.pdsCheckStorage
                0x000020ca       0x8e Coordinator_Rcb_Atmega128rfa1_8Mhz_Gcc/Obj/pdsCrcService.o
                0x000020ca                pdsCheckStorage
 .text.BSP_OpenLeds
                0x00002158        0x8 Coordinator_Rcb_Atmega128rfa1_8Mhz_Gcc/Obj/leds.o
                0x00002158                BSP_OpenLeds
 .text.BSP_OnLed
                0x00002160       0x20 Coordinator_Rcb_Atmega128rfa1_8Mhz_Gcc/Obj/leds.o
                0x00002160                BSP_OnLed
 .text.BSP_OffLed
                0x00002180       0x20 Coordinator_Rcb_Atmega128rfa1_8Mhz_Gcc/Obj/leds.o
                0x00002180                BSP_OffLed
 .text.BSP_ToggleLed
                0x000021a0       0x1e Coordinator_Rcb_Atmega128rfa1_8Mhz_Gcc/Obj/leds.o
                0x000021a0                BSP_ToggleLed
 .text.BSP_TaskHandler
                0x000021be       0x7a Coordinator_Rcb_Atmega128rfa1_8Mhz_Gcc/Obj/bspTaskManager.o
                0x000021be                BSP_TaskHandler
 .text.bspButtonsHandler
                0x00002238       0x88 Coordinator_Rcb_Atmega128rfa1_8Mhz_Gcc/Obj/buttons.o
                0x00002238                bspButtonsHandler
 .text.bspTemperatureSensorHandler
                0x000022c0       0x12 Coordinator_Rcb_Atmega128rfa1_8Mhz_Gcc/Obj/fakeBSP.o
                0x000022c0                bspTemperatureSensorHandler
 .text.bspLightSensorHandler
                0x000022d2       0x12 Coordinator_Rcb_Atmega128rfa1_8Mhz_Gcc/Obj/fakeBSP.o
                0x000022d2                bspLightSensorHandler
 .text.bspEmptyBatteryHandler
                0x000022e4       0x10 Coordinator_Rcb_Atmega128rfa1_8Mhz_Gcc/Obj/fakeBSP.o
                0x000022e4                bspEmptyBatteryHandler
 .text.csSetToDefault
                0x000022f4       0x6a Coordinator_Rcb_Atmega128rfa1_8Mhz_Gcc/Obj/csMem.o
                0x000022f4                csSetToDefault
 .text.csGetItem
                0x0000235e       0x38 Coordinator_Rcb_Atmega128rfa1_8Mhz_Gcc/Obj/configServer.o
 .text.CS_Init  0x00002396        0xa Coordinator_Rcb_Atmega128rfa1_8Mhz_Gcc/Obj/configServer.o
                0x00002396                CS_Init
 .text.CS_ReadParameter
                0x000023a0       0x36 Coordinator_Rcb_Atmega128rfa1_8Mhz_Gcc/Obj/configServer.o
                0x000023a0                CS_ReadParameter
 .text.CS_WriteParameter
                0x000023d6       0x34 Coordinator_Rcb_Atmega128rfa1_8Mhz_Gcc/Obj/configServer.o
                0x000023d6                CS_WriteParameter
 .text.CS_GetMemory
                0x0000240a       0x18 Coordinator_Rcb_Atmega128rfa1_8Mhz_Gcc/Obj/configServer.o
                0x0000240a                CS_GetMemory
 .text.halAppTimerHandler
                0x00002422       0x8a ./../../../../BitCloud/lib/libHAL_RcbAtm128rfa1_Atmega128rfa1_8Mhz_Gcc.a(appTimer.o)
                0x00002422                halAppTimerHandler
 .text.HAL_StartAppTimer
                0x000024ac       0x58 ./../../../../BitCloud/lib/libHAL_RcbAtm128rfa1_Atmega128rfa1_8Mhz_Gcc.a(appTimer.o)
                0x000024ac                HAL_StartAppTimer
 .text.HAL_StopAppTimer
                0x00002504       0x4a ./../../../../BitCloud/lib/libHAL_RcbAtm128rfa1_Atmega128rfa1_8Mhz_Gcc.a(appTimer.o)
                0x00002504                HAL_StopAppTimer
 .text.HAL_GetSystemTime
                0x0000254e       0x4e ./../../../../BitCloud/lib/libHAL_RcbAtm128rfa1_Atmega128rfa1_8Mhz_Gcc.a(appTimer.o)
                0x0000254e                HAL_GetSystemTime
 .text.HAL_TaskHandler
                0x0000259c      0x1b2 ./../../../../BitCloud/lib/libHAL_RcbAtm128rfa1_Atmega128rfa1_8Mhz_Gcc.a(halTaskManager.o)
                0x0000259c                HAL_TaskHandler
 .text.halUsartHwController
                0x0000274e       0x9a ./../../../../BitCloud/lib/libHAL_RcbAtm128rfa1_Atmega128rfa1_8Mhz_Gcc.a(usart.o)
 .text.halSigUsartReceptionComplete
                0x000027e8       0x54 ./../../../../BitCloud/lib/libHAL_RcbAtm128rfa1_Atmega128rfa1_8Mhz_Gcc.a(usart.o)
 .text.halSetUsartClockPinDirection
                0x0000283c       0x36 ./../../../../BitCloud/lib/libHAL_RcbAtm128rfa1_Atmega128rfa1_8Mhz_Gcc.a(usart.o)
 .text.halUsartTaskUsart0Dre
                0x00002872        0x8 ./../../../../BitCloud/lib/libHAL_RcbAtm128rfa1_Atmega128rfa1_8Mhz_Gcc.a(usart.o)
 .text.halUsartTaskUsart0Rxc
                0x0000287a        0x8 ./../../../../BitCloud/lib/libHAL_RcbAtm128rfa1_Atmega128rfa1_8Mhz_Gcc.a(usart.o)
 .text.halUsartTaskUsart1Dre
                0x00002882        0x8 ./../../../../BitCloud/lib/libHAL_RcbAtm128rfa1_Atmega128rfa1_8Mhz_Gcc.a(usart.o)
 .text.halUsartTaskUsart1Rxc
                0x0000288a        0x8 ./../../../../BitCloud/lib/libHAL_RcbAtm128rfa1_Atmega128rfa1_8Mhz_Gcc.a(usart.o)
 .text.halSigUsartHandler
                0x00002892       0x6e ./../../../../BitCloud/lib/libHAL_RcbAtm128rfa1_Atmega128rfa1_8Mhz_Gcc.a(usart.o)
                0x00002892                halSigUsartHandler
 .text.halPostUsartTask
                0x00002900       0x3c ./../../../../BitCloud/lib/libHAL_RcbAtm128rfa1_Atmega128rfa1_8Mhz_Gcc.a(usart.o)
                0x00002900                halPostUsartTask
 .text.halUsartRxBufferFiller
                0x0000293c       0xa4 ./../../../../BitCloud/lib/libHAL_RcbAtm128rfa1_Atmega128rfa1_8Mhz_Gcc.a(usart.o)
                0x0000293c                halUsartRxBufferFiller
 .text.halSigUsartTransmissionComplete
                0x000029e0       0x68 ./../../../../BitCloud/lib/libHAL_RcbAtm128rfa1_Atmega128rfa1_8Mhz_Gcc.a(usart.o)
                0x000029e0                halSigUsartTransmissionComplete
 .text.halUsartTaskUsart1Txc
                0x00002a48        0x8 ./../../../../BitCloud/lib/libHAL_RcbAtm128rfa1_Atmega128rfa1_8Mhz_Gcc.a(usart.o)
 .text.halUsartTaskUsart0Txc
                0x00002a50        0x8 ./../../../../BitCloud/lib/libHAL_RcbAtm128rfa1_Atmega128rfa1_8Mhz_Gcc.a(usart.o)
 .text.halIsUsartChannelCorrect
                0x00002a58       0x16 ./../../../../BitCloud/lib/libHAL_RcbAtm128rfa1_Atmega128rfa1_8Mhz_Gcc.a(usart.o)
                0x00002a58                halIsUsartChannelCorrect
 .text.HAL_ReadUsart
                0x00002a6e       0xc6 ./../../../../BitCloud/lib/libHAL_RcbAtm128rfa1_Atmega128rfa1_8Mhz_Gcc.a(usart.o)
                0x00002a6e                HAL_ReadUsart
 .text.HAL_WriteUsart
                0x00002b34       0xfc ./../../../../BitCloud/lib/libHAL_RcbAtm128rfa1_Atmega128rfa1_8Mhz_Gcc.a(usart.o)
                0x00002b34                HAL_WriteUsart
 .text.HAL_OpenUsart
                0x00002c30       0x92 ./../../../../BitCloud/lib/libHAL_RcbAtm128rfa1_Atmega128rfa1_8Mhz_Gcc.a(usart.o)
                0x00002c30                HAL_OpenUsart
 .text.HAL_EnableIrq
                0x00002cc2       0x3c ./../../../../BitCloud/lib/libHAL_RcbAtm128rfa1_Atmega128rfa1_8Mhz_Gcc.a(irq.o)
                0x00002cc2                HAL_EnableIrq
 .text.halI2cBusReset
                0x00002cfe       0x36 ./../../../../BitCloud/lib/libHAL_RcbAtm128rfa1_Atmega128rfa1_8Mhz_Gcc.a(i2cPacket.o)
                0x00002cfe                halI2cBusReset
 .text.halSendStartDoneI2c
                0x00002d34       0x3e ./../../../../BitCloud/lib/libHAL_RcbAtm128rfa1_Atmega128rfa1_8Mhz_Gcc.a(i2cPacket.o)
                0x00002d34                halSendStartDoneI2c
 .text.halWriteData
                0x00002d72       0x64 ./../../../../BitCloud/lib/libHAL_RcbAtm128rfa1_Atmega128rfa1_8Mhz_Gcc.a(i2cPacket.o)
                0x00002d72                halWriteData
 .text.halWriteInternalAddress
                0x00002dd6       0x5c ./../../../../BitCloud/lib/libHAL_RcbAtm128rfa1_Atmega128rfa1_8Mhz_Gcc.a(i2cPacket.o)
                0x00002dd6                halWriteInternalAddress
 .text.halWriteDoneI2c
                0x00002e32       0x3a ./../../../../BitCloud/lib/libHAL_RcbAtm128rfa1_Atmega128rfa1_8Mhz_Gcc.a(i2cPacket.o)
                0x00002e32                halWriteDoneI2c
 .text.halMasterReadWriteAddressAckI2c
                0x00002e6c       0x3c ./../../../../BitCloud/lib/libHAL_RcbAtm128rfa1_Atmega128rfa1_8Mhz_Gcc.a(i2cPacket.o)
                0x00002e6c                halMasterReadWriteAddressAckI2c
 .text.halReadDoneI2c
                0x00002ea8       0x58 ./../../../../BitCloud/lib/libHAL_RcbAtm128rfa1_Atmega128rfa1_8Mhz_Gcc.a(i2cPacket.o)
                0x00002ea8                halReadDoneI2c
 .text.halReadLastByteDoneI2c
                0x00002f00       0x58 ./../../../../BitCloud/lib/libHAL_RcbAtm128rfa1_Atmega128rfa1_8Mhz_Gcc.a(i2cPacket.o)
                0x00002f00                halReadLastByteDoneI2c
 .text.halSig2WireSerialHandler
                0x00002f58       0x46 ./../../../../BitCloud/lib/libHAL_RcbAtm128rfa1_Atmega128rfa1_8Mhz_Gcc.a(i2cPacket.o)
                0x00002f58                halSig2WireSerialHandler
 .text.HAL_ReadEeprom
                0x00002f9e       0xc8 ./../../../../BitCloud/lib/libHAL_RcbAtm128rfa1_Atmega128rfa1_8Mhz_Gcc.a(eeprom.o)
                0x00002f9e                HAL_ReadEeprom
 .text.HAL_WriteEeprom
                0x00003066       0xea ./../../../../BitCloud/lib/libHAL_RcbAtm128rfa1_Atmega128rfa1_8Mhz_Gcc.a(eeprom.o)
                0x00003066                HAL_WriteEeprom
 .text.HAL_IsEepromBusy
                0x00003150        0xe ./../../../../BitCloud/lib/libHAL_RcbAtm128rfa1_Atmega128rfa1_8Mhz_Gcc.a(eeprom.o)
                0x00003150                HAL_IsEepromBusy
 .text.halSigEepromReadyHandler
                0x0000315e       0x60 ./../../../../BitCloud/lib/libHAL_RcbAtm128rfa1_Atmega128rfa1_8Mhz_Gcc.a(eeprom.o)
                0x0000315e                halSigEepromReadyHandler
 .text.halAddTimer
                0x000031be      0x370 ./../../../../BitCloud/lib/libHAL_RcbAtm128rfa1_Atmega128rfa1_8Mhz_Gcc.a(timer.o)
                0x000031be                halAddTimer
 .text.halRemoveTimer
                0x0000352e       0x3e ./../../../../BitCloud/lib/libHAL_RcbAtm128rfa1_Atmega128rfa1_8Mhz_Gcc.a(timer.o)
                0x0000352e                halRemoveTimer
 .text.halFindPrevTimer
                0x0000356c       0x1e ./../../../../BitCloud/lib/libHAL_RcbAtm128rfa1_Atmega128rfa1_8Mhz_Gcc.a(timer.o)
                0x0000356c                halFindPrevTimer
 .text.halSigAdcHandler
                0x0000358a       0x16 ./../../../../BitCloud/lib/libHAL_RcbAtm128rfa1_Atmega128rfa1_8Mhz_Gcc.a(adc.o)
                0x0000358a                halSigAdcHandler
 .text.halClearRealSpi
                0x000035a0        0x8 ./../../../../BitCloud/lib/libHAL_RcbAtm128rfa1_Atmega128rfa1_8Mhz_Gcc.a(spi.o)
 .text.halSpiTxByteComplete
                0x000035a8       0x32 ./../../../../BitCloud/lib/libHAL_RcbAtm128rfa1_Atmega128rfa1_8Mhz_Gcc.a(spi.o)
                0x000035a8                halSpiTxByteComplete
 .text.halSpiRxBufferFiller
                0x000035da       0x58 ./../../../../BitCloud/lib/libHAL_RcbAtm128rfa1_Atmega128rfa1_8Mhz_Gcc.a(spi.o)
                0x000035da                halSpiRxBufferFiller
 .text.halSpiRxByteComplete
                0x00003632       0x24 ./../../../../BitCloud/lib/libHAL_RcbAtm128rfa1_Atmega128rfa1_8Mhz_Gcc.a(spi.o)
                0x00003632                halSpiRxByteComplete
 .text.halClearTimeControl
                0x00003656       0x14 ./../../../../BitCloud/lib/libHAL_RcbAtm128rfa1_Atmega128rfa1_8Mhz_Gcc.a(halSleepTimerClock.o)
                0x00003656                halClearTimeControl
 .text.halWakeupFromIrq
                0x0000366a       0x28 ./../../../../BitCloud/lib/libHAL_RcbAtm128rfa1_Atmega128rfa1_8Mhz_Gcc.a(halSleepTimerClock.o)
                0x0000366a                halWakeupFromIrq
 .text.halStartSleepTimerClock
                0x00003692       0x48 ./../../../../BitCloud/lib/libHAL_RcbAtm128rfa1_Atmega128rfa1_8Mhz_Gcc.a(halSleepTimerClock.o)
                0x00003692                halStartSleepTimerClock
 .text.halStopSleepTimerClock
                0x000036da       0x42 ./../../../../BitCloud/lib/libHAL_RcbAtm128rfa1_Atmega128rfa1_8Mhz_Gcc.a(halSleepTimerClock.o)
                0x000036da                halStopSleepTimerClock
 .text.halSetSleepTimerInterval
                0x0000371c       0x6a ./../../../../BitCloud/lib/libHAL_RcbAtm128rfa1_Atmega128rfa1_8Mhz_Gcc.a(halSleepTimerClock.o)
                0x0000371c                halSetSleepTimerInterval
 .text.halGetTimeOfSleepTimer
                0x00003786       0xbc ./../../../../BitCloud/lib/libHAL_RcbAtm128rfa1_Atmega128rfa1_8Mhz_Gcc.a(halSleepTimerClock.o)
                0x00003786                halGetTimeOfSleepTimer
 .text.halSleepTimerFrequency
                0x00003842        0xa ./../../../../BitCloud/lib/libHAL_RcbAtm128rfa1_Atmega128rfa1_8Mhz_Gcc.a(halSleepTimerClock.o)
                0x00003842                halSleepTimerFrequency
 .text.halSleepSystemTimeSynchronize
                0x0000384c       0x62 ./../../../../BitCloud/lib/libHAL_RcbAtm128rfa1_Atmega128rfa1_8Mhz_Gcc.a(halSleepTimerClock.o)
                0x0000384c                halSleepSystemTimeSynchronize
 .text.__vector_13
                0x000038ae       0x92 ./../../../../BitCloud/lib/libHAL_RcbAtm128rfa1_Atmega128rfa1_8Mhz_Gcc.a(halSleepTimerClock.o)
                0x000038ae                __vector_13
 .text.__vector_15
                0x00003940      0x10a ./../../../../BitCloud/lib/libHAL_RcbAtm128rfa1_Atmega128rfa1_8Mhz_Gcc.a(halSleepTimerClock.o)
                0x00003940                __vector_15
 .text.halSmRequestHandler
                0x00003a4a      0x15c ./../../../../BitCloud/lib/libHAL_RcbAtm128rfa1_Atmega128rfa1_8Mhz_Gcc.a(halSecurityModule.o)
                0x00003a4a                halSmRequestHandler
 .text.halInitAppClock
                0x00003ba6       0x26 ./../../../../BitCloud/lib/libHAL_RcbAtm128rfa1_Atmega128rfa1_8Mhz_Gcc.a(halAppClock.o)
                0x00003ba6                halInitAppClock
 .text.halAdjustSleepInterval
                0x00003bcc       0x50 ./../../../../BitCloud/lib/libHAL_RcbAtm128rfa1_Atmega128rfa1_8Mhz_Gcc.a(halAppClock.o)
                0x00003bcc                halAdjustSleepInterval
 .text.halAppSystemTimeSynchronize
                0x00003c1c       0x62 ./../../../../BitCloud/lib/libHAL_RcbAtm128rfa1_Atmega128rfa1_8Mhz_Gcc.a(halAppClock.o)
                0x00003c1c                halAppSystemTimeSynchronize
 .text.halGetTimeOfAppTimer
                0x00003c7e       0x16 ./../../../../BitCloud/lib/libHAL_RcbAtm128rfa1_Atmega128rfa1_8Mhz_Gcc.a(halAppClock.o)
                0x00003c7e                halGetTimeOfAppTimer
 .text.__vector_42
                0x00003c94       0x4c ./../../../../BitCloud/lib/libHAL_RcbAtm128rfa1_Atmega128rfa1_8Mhz_Gcc.a(halAppClock.o)
                0x00003c94                __vector_42
 .text.halSetUsartConfig
                0x00003ce0       0xb2 ./../../../../BitCloud/lib/libHAL_RcbAtm128rfa1_Atmega128rfa1_8Mhz_Gcc.a(halUsart.o)
                0x00003ce0                halSetUsartConfig
 .text.__vector_26
                0x00003d92       0x5c ./../../../../BitCloud/lib/libHAL_RcbAtm128rfa1_Atmega128rfa1_8Mhz_Gcc.a(halUsart.o)
                0x00003d92                __vector_26
 .text.__vector_27
                0x00003dee       0x5c ./../../../../BitCloud/lib/libHAL_RcbAtm128rfa1_Atmega128rfa1_8Mhz_Gcc.a(halUsart.o)
                0x00003dee                __vector_27
 .text.__vector_25
                0x00003e4a       0x64 ./../../../../BitCloud/lib/libHAL_RcbAtm128rfa1_Atmega128rfa1_8Mhz_Gcc.a(halUsart.o)
                0x00003e4a                __vector_25
 .text.__vector_37
                0x00003eae       0x5c ./../../../../BitCloud/lib/libHAL_RcbAtm128rfa1_Atmega128rfa1_8Mhz_Gcc.a(halUsart.o)
                0x00003eae                __vector_37
 .text.__vector_38
                0x00003f0a       0x5c ./../../../../BitCloud/lib/libHAL_RcbAtm128rfa1_Atmega128rfa1_8Mhz_Gcc.a(halUsart.o)
                0x00003f0a                __vector_38
 .text.__vector_36
                0x00003f66       0x64 ./../../../../BitCloud/lib/libHAL_RcbAtm128rfa1_Atmega128rfa1_8Mhz_Gcc.a(halUsart.o)
                0x00003f66                __vector_36
 .text.__vector_1
                0x00003fca       0x5a ./../../../../BitCloud/lib/libHAL_RcbAtm128rfa1_Atmega128rfa1_8Mhz_Gcc.a(halIrq.o)
                0x00003fca                __vector_1
 .text.__vector_2
                0x00004024       0x5a ./../../../../BitCloud/lib/libHAL_RcbAtm128rfa1_Atmega128rfa1_8Mhz_Gcc.a(halIrq.o)
                0x00004024                __vector_2
 .text.__vector_3
                0x0000407e       0x5a ./../../../../BitCloud/lib/libHAL_RcbAtm128rfa1_Atmega128rfa1_8Mhz_Gcc.a(halIrq.o)
                0x0000407e                __vector_3
 .text.__vector_4
                0x000040d8       0x5a ./../../../../BitCloud/lib/libHAL_RcbAtm128rfa1_Atmega128rfa1_8Mhz_Gcc.a(halIrq.o)
                0x000040d8                __vector_4
 .text.__vector_5
                0x00004132       0x5a ./../../../../BitCloud/lib/libHAL_RcbAtm128rfa1_Atmega128rfa1_8Mhz_Gcc.a(halIrq.o)
                0x00004132                __vector_5
 .text.__vector_6
                0x0000418c       0x5a ./../../../../BitCloud/lib/libHAL_RcbAtm128rfa1_Atmega128rfa1_8Mhz_Gcc.a(halIrq.o)
                0x0000418c                __vector_6
 .text.__vector_7
                0x000041e6       0x5a ./../../../../BitCloud/lib/libHAL_RcbAtm128rfa1_Atmega128rfa1_8Mhz_Gcc.a(halIrq.o)
                0x000041e6                __vector_7
 .text.__vector_8
                0x00004240       0x5a ./../../../../BitCloud/lib/libHAL_RcbAtm128rfa1_Atmega128rfa1_8Mhz_Gcc.a(halIrq.o)
                0x00004240                __vector_8
 .text.__vector_39
                0x0000429a       0xda ./../../../../BitCloud/lib/libHAL_RcbAtm128rfa1_Atmega128rfa1_8Mhz_Gcc.a(halTwi.o)
                0x0000429a                __vector_39
 .text.halEepromWrite
                0x00004374       0x1c ./../../../../BitCloud/lib/libHAL_RcbAtm128rfa1_Atmega128rfa1_8Mhz_Gcc.a(halEeprom.o)
                0x00004374                halEepromWrite
 .text.__vector_30
                0x00004390       0x44 ./../../../../BitCloud/lib/libHAL_RcbAtm128rfa1_Atmega128rfa1_8Mhz_Gcc.a(halEeprom.o)
                0x00004390                __vector_30
 .text.halPowerOn
                0x000043d4       0x3e ./../../../../BitCloud/lib/libHAL_RcbAtm128rfa1_Atmega128rfa1_8Mhz_Gcc.a(halSleep.o)
                0x000043d4                halPowerOn
 .text.halPowerOff
                0x00004412       0x9a ./../../../../BitCloud/lib/libHAL_RcbAtm128rfa1_Atmega128rfa1_8Mhz_Gcc.a(halSleep.o)
                0x00004412                halPowerOff
 .text.HAL_Sleep
                0x000044ac       0x40 ./../../../../BitCloud/lib/libHAL_RcbAtm128rfa1_Atmega128rfa1_8Mhz_Gcc.a(halSleep.o)
                0x000044ac                HAL_Sleep
 .text.halWakeupHandler
                0x000044ec       0x6a ./../../../../BitCloud/lib/libHAL_RcbAtm128rfa1_Atmega128rfa1_8Mhz_Gcc.a(halSleep.o)
                0x000044ec                halWakeupHandler
 .text.__vector_29
                0x00004556       0xcc ./../../../../BitCloud/lib/libHAL_RcbAtm128rfa1_Atmega128rfa1_8Mhz_Gcc.a(halAdc.o)
                0x00004556                __vector_29
 .text.__vector_24
                0x00004622       0x8c ./../../../../BitCloud/lib/libHAL_RcbAtm128rfa1_Atmega128rfa1_8Mhz_Gcc.a(halSpi.o)
                0x00004622                __vector_24
 .text.halCalibrateInternalRc
                0x000046ae       0xda ./../../../../BitCloud/lib/libHAL_RcbAtm128rfa1_Atmega128rfa1_8Mhz_Gcc.a(calibration.o)
                0x000046ae                halCalibrateInternalRc
 .text.HAL_CalibrateMainClock
                0x00004788        0xe ./../../../../BitCloud/lib/libHAL_RcbAtm128rfa1_Atmega128rfa1_8Mhz_Gcc.a(calibration.o)
                0x00004788                HAL_CalibrateMainClock
 .text.halStartingCalibrate
                0x00004796       0x1c ./../../../../BitCloud/lib/libHAL_RcbAtm128rfa1_Atmega128rfa1_8Mhz_Gcc.a(calibration.o)
                0x00004796                halStartingCalibrate
 .text.HAL_StartSleepTimer
                0x000047b2       0x72 ./../../../../BitCloud/lib/libHAL_RcbAtm128rfa1_Atmega128rfa1_8Mhz_Gcc.a(sleepTimer.o)
                0x000047b2                HAL_StartSleepTimer
 .text.halAsyncTimerHandler
                0x00004824       0x52 ./../../../../BitCloud/lib/libHAL_RcbAtm128rfa1_Atmega128rfa1_8Mhz_Gcc.a(sleepTimer.o)
                0x00004824                halAsyncTimerHandler
 .text.HAL_StartSystemSleep
                0x00004876       0x7a ./../../../../BitCloud/lib/libHAL_RcbAtm128rfa1_Atmega128rfa1_8Mhz_Gcc.a(sleep.o)
                0x00004876                HAL_StartSystemSleep
 .text.halInitFreq
                0x000048f0       0x6c ./../../../../BitCloud/lib/libHAL_RcbAtm128rfa1_Atmega128rfa1_8Mhz_Gcc.a(halClkCtrl.o)
                0x000048f0                halInitFreq
 .text.halGetClockSource
                0x0000495c        0x6 ./../../../../BitCloud/lib/libHAL_RcbAtm128rfa1_Atmega128rfa1_8Mhz_Gcc.a(halClkCtrl.o)
                0x0000495c                halGetClockSource
 .text.apsGetApsCounter
                0x00004962        0xe ./../../../../BitCloud/lib/libBc_Coordinator_Atmega128rfa1_Atmega128rfa1_Gcc.a(aps.o)
 .text.apsPrepareFragmentedTransmission
                0x00004970       0x70 ./../../../../BitCloud/lib/libBc_Coordinator_Atmega128rfa1_Atmega128rfa1_Gcc.a(aps.o)
 .text.apsIsFragmentationDataReq
                0x000049e0       0x22 ./../../../../BitCloud/lib/libBc_Coordinator_Atmega128rfa1_Atmega128rfa1_Gcc.a(aps.o)
 .text.apsGetBuffer
                0x00004a02       0xd6 ./../../../../BitCloud/lib/libBc_Coordinator_Atmega128rfa1_Atmega128rfa1_Gcc.a(aps.o)
 .text.apsFreeBuffer
                0x00004ad8       0x8e ./../../../../BitCloud/lib/libBc_Coordinator_Atmega128rfa1_Atmega128rfa1_Gcc.a(aps.o)
 .text.apsPostTask
                0x00004b66       0x32 ./../../../../BitCloud/lib/libBc_Coordinator_Atmega128rfa1_Atmega128rfa1_Gcc.a(aps.o)
 .text.apsMakeApsDataConf
                0x00004b98       0x5a ./../../../../BitCloud/lib/libBc_Coordinator_Atmega128rfa1_Atmega128rfa1_Gcc.a(aps.o)
 .text.apsAckForFragmentedReceiveConfirmHandler
                0x00004bf2       0x9e ./../../../../BitCloud/lib/libBc_Coordinator_Atmega128rfa1_Atmega128rfa1_Gcc.a(aps.o)
 .text.apsStopConf
                0x00004c90       0x4a ./../../../../BitCloud/lib/libBc_Coordinator_Atmega128rfa1_Atmega128rfa1_Gcc.a(aps.o)
 .text.apsSendNwkDataReq
                0x00004cda       0x10 ./../../../../BitCloud/lib/libBc_Coordinator_Atmega128rfa1_Atmega128rfa1_Gcc.a(aps.o)
 .text.apsProcessShortAddrModeDataReq
                0x00004cea      0x296 ./../../../../BitCloud/lib/libBc_Coordinator_Atmega128rfa1_Atmega128rfa1_Gcc.a(aps.o)
 .text.apsSendNextBlock
                0x00004f80       0x14 ./../../../../BitCloud/lib/libBc_Coordinator_Atmega128rfa1_Atmega128rfa1_Gcc.a(aps.o)
 .text.apsSendAckForFragmentedReceive
                0x00004f94       0xce ./../../../../BitCloud/lib/libBc_Coordinator_Atmega128rfa1_Atmega128rfa1_Gcc.a(aps.o)
 .text.apsDataManagerNwkDataConf
                0x00005062       0x1c ./../../../../BitCloud/lib/libBc_Coordinator_Atmega128rfa1_Atmega128rfa1_Gcc.a(aps.o)
 .text.apsProcessEvent
                0x0000507e       0x26 ./../../../../BitCloud/lib/libBc_Coordinator_Atmega128rfa1_Atmega128rfa1_Gcc.a(aps.o)
 .text.apsProcessGroupAddrModeDataReq
                0x000050a4      0x190 ./../../../../BitCloud/lib/libBc_Coordinator_Atmega128rfa1_Atmega128rfa1_Gcc.a(aps.o)
 .text.apsCalculateApsAckTimeout
                0x00005234       0x56 ./../../../../BitCloud/lib/libBc_Coordinator_Atmega128rfa1_Atmega128rfa1_Gcc.a(aps.o)
 .text.apsGroupNwkDataConf
                0x0000528a       0x4a ./../../../../BitCloud/lib/libBc_Coordinator_Atmega128rfa1_Atmega128rfa1_Gcc.a(aps.o)
 .text.apsNextBind
                0x000052d4       0xb0 ./../../../../BitCloud/lib/libBc_Coordinator_Atmega128rfa1_Atmega128rfa1_Gcc.a(aps.o)
 .text.apsSendToNextBoundDevice
                0x00005384       0x9c ./../../../../BitCloud/lib/libBc_Coordinator_Atmega128rfa1_Atmega128rfa1_Gcc.a(aps.o)
 .text.apsProcessIndirectDataReq
                0x00005420       0x2c ./../../../../BitCloud/lib/libBc_Coordinator_Atmega128rfa1_Atmega128rfa1_Gcc.a(aps.o)
 .text.apsFindBindingEntry
                0x0000544c       0xc6 ./../../../../BitCloud/lib/libBc_Coordinator_Atmega128rfa1_Atmega128rfa1_Gcc.a(aps.o)
 .text.SYS_GetRandomNumber
                0x00005512       0x2a ./../../../../BitCloud/lib/libBc_Coordinator_Atmega128rfa1_Atmega128rfa1_Gcc.a(aps.o)
 .text.apsResetMemoryManager
                0x0000553c       0xfa ./../../../../BitCloud/lib/libBc_Coordinator_Atmega128rfa1_Atmega128rfa1_Gcc.a(aps.o)
 .text.apsAckOnTimerFired
                0x00005636       0xf8 ./../../../../BitCloud/lib/libBc_Coordinator_Atmega128rfa1_Atmega128rfa1_Gcc.a(aps.o)
 .text.apsHandleTransmittedData.clone.10
                0x0000572e       0x6e ./../../../../BitCloud/lib/libBc_Coordinator_Atmega128rfa1_Atmega128rfa1_Gcc.a(aps.o)
 .text.APS_BindReq
                0x0000579c       0xa6 ./../../../../BitCloud/lib/libBc_Coordinator_Atmega128rfa1_Atmega128rfa1_Gcc.a(aps.o)
                0x0000579c                APS_BindReq
 .text.APS_UnbindReq
                0x00005842       0x4a ./../../../../BitCloud/lib/libBc_Coordinator_Atmega128rfa1_Atmega128rfa1_Gcc.a(aps.o)
                0x00005842                APS_UnbindReq
 .text.APS_DataReq
                0x0000588c       0x12 ./../../../../BitCloud/lib/libBc_Coordinator_Atmega128rfa1_Atmega128rfa1_Gcc.a(aps.o)
                0x0000588c                APS_DataReq
 .text.NWK_DataInd
                0x0000589e       0x12 ./../../../../BitCloud/lib/libBc_Coordinator_Atmega128rfa1_Atmega128rfa1_Gcc.a(aps.o)
                0x0000589e                NWK_DataInd
 .text.APS_CalculateTimes
                0x000058b0      0x1b2 ./../../../../BitCloud/lib/libBc_Coordinator_Atmega128rfa1_Atmega128rfa1_Gcc.a(aps.o)
                0x000058b0                APS_CalculateTimes
 .text.apsResetDataManager
                0x00005a62      0x110 ./../../../../BitCloud/lib/libBc_Coordinator_Atmega128rfa1_Atmega128rfa1_Gcc.a(aps.o)
 .text.apsNwkResetConf
                0x00005b72      0x196 ./../../../../BitCloud/lib/libBc_Coordinator_Atmega128rfa1_Atmega128rfa1_Gcc.a(aps.o)
 .text.apsStateMachineTaskHandler
                0x00005d08       0xee ./../../../../BitCloud/lib/libBc_Coordinator_Atmega128rfa1_Atmega128rfa1_Gcc.a(aps.o)
 .text.APS_IsProfileIdMatched
                0x00005df6       0x22 ./../../../../BitCloud/lib/libBc_Coordinator_Atmega128rfa1_Atmega128rfa1_Gcc.a(aps.o)
                0x00005df6                APS_IsProfileIdMatched
 .text.APS_NextEndpoint
                0x00005e18       0x16 ./../../../../BitCloud/lib/libBc_Coordinator_Atmega128rfa1_Atmega128rfa1_Gcc.a(aps.o)
                0x00005e18                APS_NextEndpoint
 .text.apsFindEndpoint
                0x00005e2e       0x26 ./../../../../BitCloud/lib/libBc_Coordinator_Atmega128rfa1_Atmega128rfa1_Gcc.a(aps.o)
 .text.APS_RegisterEndpointReq
                0x00005e54       0x48 ./../../../../BitCloud/lib/libBc_Coordinator_Atmega128rfa1_Atmega128rfa1_Gcc.a(aps.o)
                0x00005e54                APS_RegisterEndpointReq
 .text.apsGroupIndication
                0x00005e9c       0x8a ./../../../../BitCloud/lib/libBc_Coordinator_Atmega128rfa1_Atmega128rfa1_Gcc.a(aps.o)
 .text.apsUnicastDataInd
                0x00005f26      0x2a2 ./../../../../BitCloud/lib/libBc_Coordinator_Atmega128rfa1_Atmega128rfa1_Gcc.a(aps.o)
 .text.apsApduUnicastHandler.clone.8
                0x000061c8      0x5dc ./../../../../BitCloud/lib/libBc_Coordinator_Atmega128rfa1_Atmega128rfa1_Gcc.a(aps.o)
 .text.apsDataTaskHandler
                0x000067a4      0xb20 ./../../../../BitCloud/lib/libBc_Coordinator_Atmega128rfa1_Atmega128rfa1_Gcc.a(aps.o)
 .text.APS_Init
                0x000072c4       0x2e ./../../../../BitCloud/lib/libBc_Coordinator_Atmega128rfa1_Atmega128rfa1_Gcc.a(aps.o)
                0x000072c4                APS_Init
 .text.APS_ResetReq
                0x000072f2        0xc ./../../../../BitCloud/lib/libBc_Coordinator_Atmega128rfa1_Atmega128rfa1_Gcc.a(aps.o)
                0x000072f2                APS_ResetReq
 .text.APS_StartReq
                0x000072fe        0xc ./../../../../BitCloud/lib/libBc_Coordinator_Atmega128rfa1_Atmega128rfa1_Gcc.a(aps.o)
                0x000072fe                APS_StartReq
 .text.APS_StopReq
                0x0000730a        0xc ./../../../../BitCloud/lib/libBc_Coordinator_Atmega128rfa1_Atmega128rfa1_Gcc.a(aps.o)
                0x0000730a                APS_StopReq
 .text.APS_IsActiveTransaction
                0x00007316       0x54 ./../../../../BitCloud/lib/libBc_Coordinator_Atmega128rfa1_Atmega128rfa1_Gcc.a(aps.o)
                0x00007316                APS_IsActiveTransaction
 .text.APS_TaskHandler
                0x0000736a       0x9c ./../../../../BitCloud/lib/libBc_Coordinator_Atmega128rfa1_Atmega128rfa1_Gcc.a(aps.o)
                0x0000736a                APS_TaskHandler
 .text.getSymbolsPerOctet
                0x00007406       0x3c ./../../../../BitCloud/lib/libBc_Coordinator_Atmega128rfa1_Atmega128rfa1_Gcc.a(macenvPib.o)
 .text.calculateMaxFrameDuration
                0x00007442       0x22 ./../../../../BitCloud/lib/libBc_Coordinator_Atmega128rfa1_Atmega128rfa1_Gcc.a(macenvPib.o)
 .text.storeTransmitPower
                0x00007464       0x44 ./../../../../BitCloud/lib/libBc_Coordinator_Atmega128rfa1_Atmega128rfa1_Gcc.a(macenvPib.o)
 .text.SYS_GetRandomNumber
                0x000074a8       0x2a ./../../../../BitCloud/lib/libBc_Coordinator_Atmega128rfa1_Atmega128rfa1_Gcc.a(macenvPib.o)
 .text.macenvGetPhySymbolDuration
                0x000074d2       0x4a ./../../../../BitCloud/lib/libBc_Coordinator_Atmega128rfa1_Atmega128rfa1_Gcc.a(macenvPib.o)
                0x000074d2                macenvGetPhySymbolDuration
 .text.updateMaxFrameTxTime
                0x0000751c       0x3a ./../../../../BitCloud/lib/libBc_Coordinator_Atmega128rfa1_Atmega128rfa1_Gcc.a(macenvPib.o)
 .text.macenvResetPib
                0x00007556       0xfa ./../../../../BitCloud/lib/libBc_Coordinator_Atmega128rfa1_Atmega128rfa1_Gcc.a(macenvPib.o)
                0x00007556                macenvResetPib
 .text.macenvConvertTransPersistTimeFromUnitsToMs
                0x00007650       0x48 ./../../../../BitCloud/lib/libBc_Coordinator_Atmega128rfa1_Atmega128rfa1_Gcc.a(macenvPib.o)
                0x00007650                macenvConvertTransPersistTimeFromUnitsToMs
 .text.macenvSetPibAttr
                0x00007698      0x2a0 ./../../../../BitCloud/lib/libBc_Coordinator_Atmega128rfa1_Atmega128rfa1_Gcc.a(macenvPib.o)
                0x00007698                macenvSetPibAttr
 .text.macenvCalculateMaxFrameTotalWaitTimeInMs
                0x00007938      0x128 ./../../../../BitCloud/lib/libBc_Coordinator_Atmega128rfa1_Atmega128rfa1_Gcc.a(macenvPib.o)
                0x00007938                macenvCalculateMaxFrameTotalWaitTimeInMs
 .text.macenvCalculateResponceWaitTimeInMs
                0x00007a60       0x42 ./../../../../BitCloud/lib/libBc_Coordinator_Atmega128rfa1_Atmega128rfa1_Gcc.a(macenvPib.o)
                0x00007a60                macenvCalculateResponceWaitTimeInMs
 .text.macenvGetPibAttr
                0x00007aa2      0x216 ./../../../../BitCloud/lib/libBc_Coordinator_Atmega128rfa1_Atmega128rfa1_Gcc.a(macenvPib.o)
                0x00007aa2                macenvGetPibAttr
 .text.MAC_GetExtAddr
                0x00007cb8        0x6 ./../../../../BitCloud/lib/libBc_Coordinator_Atmega128rfa1_Atmega128rfa1_Gcc.a(macenvPib.o)
                0x00007cb8                MAC_GetExtAddr
 .text.MAC_SetExtAddr
                0x00007cbe       0x34 ./../../../../BitCloud/lib/libBc_Coordinator_Atmega128rfa1_Atmega128rfa1_Gcc.a(macenvPib.o)
                0x00007cbe                MAC_SetExtAddr
 .text.MAC_IsOwnExtAddr
                0x00007cf2       0x1c ./../../../../BitCloud/lib/libBc_Coordinator_Atmega128rfa1_Atmega128rfa1_Gcc.a(macenvPib.o)
                0x00007cf2                MAC_IsOwnExtAddr
 .text.MAC_GetOctetsTransmissionTimeInMs
                0x00007d0e       0x5e ./../../../../BitCloud/lib/libBc_Coordinator_Atmega128rfa1_Atmega128rfa1_Gcc.a(macenvPib.o)
                0x00007d0e                MAC_GetOctetsTransmissionTimeInMs
 .text.nwkBroadcastForMe
                0x00007d6c       0x60 ./../../../../BitCloud/lib/libBc_Coordinator_Atmega128rfa1_Atmega128rfa1_Gcc.a(nwk.o)
 .text.nwkAddressConflictIsIdle
                0x00007dcc        0xe ./../../../../BitCloud/lib/libBc_Coordinator_Atmega128rfa1_Atmega128rfa1_Gcc.a(nwk.o)
 .text.nwkFindAddressMapEntryByShortAddr
                0x00007dda       0x30 ./../../../../BitCloud/lib/libBc_Coordinator_Atmega128rfa1_Atmega128rfa1_Gcc.a(nwk.o)
 .text.nwkDataReqIsIdle
                0x00007e0a        0xe ./../../../../BitCloud/lib/libBc_Coordinator_Atmega128rfa1_Atmega128rfa1_Gcc.a(nwk.o)
 .text.nwkDiscoveryIsIdle
                0x00007e18        0xe ./../../../../BitCloud/lib/libBc_Coordinator_Atmega128rfa1_Atmega128rfa1_Gcc.a(nwk.o)
 .text.nwkEDScanIsIdle
                0x00007e26        0xe ./../../../../BitCloud/lib/libBc_Coordinator_Atmega128rfa1_Atmega128rfa1_Gcc.a(nwk.o)
 .text.nwkFormationIsIdle
                0x00007e34        0xe ./../../../../BitCloud/lib/libBc_Coordinator_Atmega128rfa1_Atmega128rfa1_Gcc.a(nwk.o)
 .text.nwkJoinIndIsIdle
                0x00007e42       0x30 ./../../../../BitCloud/lib/libBc_Coordinator_Atmega128rfa1_Atmega128rfa1_Gcc.a(nwk.o)
 .text.nwkLeaveReqIsIdle
                0x00007e72        0xe ./../../../../BitCloud/lib/libBc_Coordinator_Atmega128rfa1_Atmega128rfa1_Gcc.a(nwk.o)
 .text.nwkLinkStatusIsIdle
                0x00007e80        0xe ./../../../../BitCloud/lib/libBc_Coordinator_Atmega128rfa1_Atmega128rfa1_Gcc.a(nwk.o)
 .text.nwkLoopbackIsIdle
                0x00007e8e        0xe ./../../../../BitCloud/lib/libBc_Coordinator_Atmega128rfa1_Atmega128rfa1_Gcc.a(nwk.o)
 .text.nwkGetOutgoingCost
                0x00007e9c       0x44 ./../../../../BitCloud/lib/libBc_Coordinator_Atmega128rfa1_Atmega128rfa1_Gcc.a(nwk.o)
 .text.nwkGetEdCapacity
                0x00007ee0       0x1c ./../../../../BitCloud/lib/libBc_Coordinator_Atmega128rfa1_Atmega128rfa1_Gcc.a(nwk.o)
 .text.nwkGetRouterCapacity
                0x00007efc       0x1c ./../../../../BitCloud/lib/libBc_Coordinator_Atmega128rfa1_Atmega128rfa1_Gcc.a(nwk.o)
 .text.nwkIsJoiningForbidden
                0x00007f18       0x3e ./../../../../BitCloud/lib/libBc_Coordinator_Atmega128rfa1_Atmega128rfa1_Gcc.a(nwk.o)
 .text.nwkUpdateCapacityBits
                0x00007f56       0x56 ./../../../../BitCloud/lib/libBc_Coordinator_Atmega128rfa1_Atmega128rfa1_Gcc.a(nwk.o)
 .text.nwkUpdateCapacityBitsInBeacon
                0x00007fac       0x3c ./../../../../BitCloud/lib/libBc_Coordinator_Atmega128rfa1_Atmega128rfa1_Gcc.a(nwk.o)
 .text.nwkUpdateBeaconPayload
                0x00007fe8       0x94 ./../../../../BitCloud/lib/libBc_Coordinator_Atmega128rfa1_Atmega128rfa1_Gcc.a(nwk.o)
 .text.nwkFreeNeighbor
                0x0000807c       0x26 ./../../../../BitCloud/lib/libBc_Coordinator_Atmega128rfa1_Atmega128rfa1_Gcc.a(nwk.o)
 .text.nwkCostFromLqi
                0x000080a2       0x3a ./../../../../BitCloud/lib/libBc_Coordinator_Atmega128rfa1_Atmega128rfa1_Gcc.a(nwk.o)
 .text.nwkInitLqiAndCostOfNeighbor
                0x000080dc       0x70 ./../../../../BitCloud/lib/libBc_Coordinator_Atmega128rfa1_Atmega128rfa1_Gcc.a(nwk.o)
 .text.nwkUpdateLqiAndCostOfNeighbor
                0x0000814c       0x88 ./../../../../BitCloud/lib/libBc_Coordinator_Atmega128rfa1_Atmega128rfa1_Gcc.a(nwk.o)
 .text.nwkFindPassiveAck
                0x000081d4       0x2a ./../../../../BitCloud/lib/libBc_Coordinator_Atmega128rfa1_Atmega128rfa1_Gcc.a(nwk.o)
 .text.nwkNewPassiveAck
                0x000081fe       0xfa ./../../../../BitCloud/lib/libBc_Coordinator_Atmega128rfa1_Atmega128rfa1_Gcc.a(nwk.o)
 .text.nwkFreePassiveAck
                0x000082f8       0x2e ./../../../../BitCloud/lib/libBc_Coordinator_Atmega128rfa1_Atmega128rfa1_Gcc.a(nwk.o)
 .text.nwkPermitJoiningIsIdle
                0x00008326       0x1c ./../../../../BitCloud/lib/libBc_Coordinator_Atmega128rfa1_Atmega128rfa1_Gcc.a(nwk.o)
 .text.nwkResetIsIdle
                0x00008342        0xe ./../../../../BitCloud/lib/libBc_Coordinator_Atmega128rfa1_Atmega128rfa1_Gcc.a(nwk.o)
 .text.nwkRouteDiscoveryIsIdle
                0x00008350       0x14 ./../../../../BitCloud/lib/libBc_Coordinator_Atmega128rfa1_Atmega128rfa1_Gcc.a(nwk.o)
 .text.nwkFindRouteDiscoveryEntry
                0x00008364       0x36 ./../../../../BitCloud/lib/libBc_Coordinator_Atmega128rfa1_Atmega128rfa1_Gcc.a(nwk.o)
 .text.nwkFreeRouteDiscoveryEntry
                0x0000839a       0x3a ./../../../../BitCloud/lib/libBc_Coordinator_Atmega128rfa1_Atmega128rfa1_Gcc.a(nwk.o)
 .text.nwkConfirmRouteRequestTx
                0x000083d4       0x60 ./../../../../BitCloud/lib/libBc_Coordinator_Atmega128rfa1_Atmega128rfa1_Gcc.a(nwk.o)
 .text.nwkRouteDiscoveryTableIsIdle
                0x00008434        0xc ./../../../../BitCloud/lib/libBc_Coordinator_Atmega128rfa1_Atmega128rfa1_Gcc.a(nwk.o)
 .text.nwkFindRoutingEntry
                0x00008440       0x40 ./../../../../BitCloud/lib/libBc_Coordinator_Atmega128rfa1_Atmega128rfa1_Gcc.a(nwk.o)
 .text.nwkFreeRoutingEntry
                0x00008480       0x12 ./../../../../BitCloud/lib/libBc_Coordinator_Atmega128rfa1_Atmega128rfa1_Gcc.a(nwk.o)
 .text.nwkDeleteRoute
                0x00008492       0x48 ./../../../../BitCloud/lib/libBc_Coordinator_Atmega128rfa1_Atmega128rfa1_Gcc.a(nwk.o)
 .text.nwkUpdateNextHop
                0x000084da       0xc8 ./../../../../BitCloud/lib/libBc_Coordinator_Atmega128rfa1_Atmega128rfa1_Gcc.a(nwk.o)
 .text.nwkParseRxHeader
                0x000085a2       0xb0 ./../../../../BitCloud/lib/libBc_Coordinator_Atmega128rfa1_Atmega128rfa1_Gcc.a(nwk.o)
 .text.nwkSendRouteErrorConf
                0x00008652        0x6 ./../../../../BitCloud/lib/libBc_Coordinator_Atmega128rfa1_Atmega128rfa1_Gcc.a(nwk.o)
 .text.nwkPostTask
                0x00008658       0x58 ./../../../../BitCloud/lib/libBc_Coordinator_Atmega128rfa1_Atmega128rfa1_Gcc.a(nwk.o)
 .text.nwkEDScanMacEDScanConf
                0x000086b0       0x3e ./../../../../BitCloud/lib/libBc_Coordinator_Atmega128rfa1_Atmega128rfa1_Gcc.a(nwk.o)
 .text.nwkFormationMacRxEnableConf
                0x000086ee       0x1c ./../../../../BitCloud/lib/libBc_Coordinator_Atmega128rfa1_Atmega128rfa1_Gcc.a(nwk.o)
 .text.nwkDiscoveryMacActiveScanConf
                0x0000870a       0x28 ./../../../../BitCloud/lib/libBc_Coordinator_Atmega128rfa1_Atmega128rfa1_Gcc.a(nwk.o)
 .text.nwkPermitJoiningMacSetConf
                0x00008732       0x34 ./../../../../BitCloud/lib/libBc_Coordinator_Atmega128rfa1_Atmega128rfa1_Gcc.a(nwk.o)
 .text.nwkStatusConf
                0x00008766        0xe ./../../../../BitCloud/lib/libBc_Coordinator_Atmega128rfa1_Atmega128rfa1_Gcc.a(nwk.o)
 .text.nwkResetMacRxEnableConf
                0x00008774       0x1c ./../../../../BitCloud/lib/libBc_Coordinator_Atmega128rfa1_Atmega128rfa1_Gcc.a(nwk.o)
 .text.nwkSendRouteDiscoveryReply
                0x00008790       0x1e ./../../../../BitCloud/lib/libBc_Coordinator_Atmega128rfa1_Atmega128rfa1_Gcc.a(nwk.o)
 .text.nwkTxDelayIsIdle
                0x000087ae       0x14 ./../../../../BitCloud/lib/libBc_Coordinator_Atmega128rfa1_Atmega128rfa1_Gcc.a(nwk.o)
 .text.nwkSetLifeTimeOfNeighbor
                0x000087c2       0xe8 ./../../../../BitCloud/lib/libBc_Coordinator_Atmega128rfa1_Atmega128rfa1_Gcc.a(nwk.o)
 .text.nwkUpdateOutgoingCostAndLifeTime
                0x000088aa       0x4a ./../../../../BitCloud/lib/libBc_Coordinator_Atmega128rfa1_Atmega128rfa1_Gcc.a(nwk.o)
 .text.nwkAllocPacket
                0x000088f4       0xd2 ./../../../../BitCloud/lib/libBc_Coordinator_Atmega128rfa1_Atmega128rfa1_Gcc.a(nwk.o)
 .text.nwkAllocInputPacket
                0x000089c6       0x2c ./../../../../BitCloud/lib/libBc_Coordinator_Atmega128rfa1_Atmega128rfa1_Gcc.a(nwk.o)
 .text.nwkLoopbackTaskHandler
                0x000089f2       0xe2 ./../../../../BitCloud/lib/libBc_Coordinator_Atmega128rfa1_Atmega128rfa1_Gcc.a(nwk.o)
 .text.nwkEDScanTaskHandler
                0x00008ad4       0xac ./../../../../BitCloud/lib/libBc_Coordinator_Atmega128rfa1_Atmega128rfa1_Gcc.a(nwk.o)
 .text.nwkTxReq
                0x00008b80       0x12 ./../../../../BitCloud/lib/libBc_Coordinator_Atmega128rfa1_Atmega128rfa1_Gcc.a(nwk.o)
 .text.nwkDataConf
                0x00008b92       0x4a ./../../../../BitCloud/lib/libBc_Coordinator_Atmega128rfa1_Atmega128rfa1_Gcc.a(nwk.o)
 .text.nwkConfirmDataTx
                0x00008bdc       0x3a ./../../../../BitCloud/lib/libBc_Coordinator_Atmega128rfa1_Atmega128rfa1_Gcc.a(nwk.o)
 .text.findFreeJoinIndObjFor
                0x00008c16       0xd6 ./../../../../BitCloud/lib/libBc_Coordinator_Atmega128rfa1_Atmega128rfa1_Gcc.a(nwk.o)
 .text.nwkFindAddressMapEntryByExtAddr
                0x00008cec       0x52 ./../../../../BitCloud/lib/libBc_Coordinator_Atmega128rfa1_Atmega128rfa1_Gcc.a(nwk.o)
 .text.nwkAddToAddressMap
                0x00008d3e       0xc2 ./../../../../BitCloud/lib/libBc_Coordinator_Atmega128rfa1_Atmega128rfa1_Gcc.a(nwk.o)
 .text.nwkStopLinkStatusTimer
                0x00008e00        0xe ./../../../../BitCloud/lib/libBc_Coordinator_Atmega128rfa1_Atmega128rfa1_Gcc.a(nwk.o)
 .text.nwkRouteDiscoveryTableTimerFired
                0x00008e0e       0x56 ./../../../../BitCloud/lib/libBc_Coordinator_Atmega128rfa1_Atmega128rfa1_Gcc.a(nwk.o)
 .text.nwkStopAgeTimerOfNeighborTable
                0x00008e64        0xa ./../../../../BitCloud/lib/libBc_Coordinator_Atmega128rfa1_Atmega128rfa1_Gcc.a(nwk.o)
 .text.SYS_GetRandomNumber
                0x00008e6e       0x2a ./../../../../BitCloud/lib/libBc_Coordinator_Atmega128rfa1_Atmega128rfa1_Gcc.a(nwk.o)
 .text.nwkStartLinkStatusTimer
                0x00008e98       0x10 ./../../../../BitCloud/lib/libBc_Coordinator_Atmega128rfa1_Atmega128rfa1_Gcc.a(nwk.o)
 .text.nwkConfirmLinkStatusTx
                0x00008ea8       0x1e ./../../../../BitCloud/lib/libBc_Coordinator_Atmega128rfa1_Atmega128rfa1_Gcc.a(nwk.o)
 .text.nwkStartAgeTimerOfNeighborTable
                0x00008ec6       0x32 ./../../../../BitCloud/lib/libBc_Coordinator_Atmega128rfa1_Atmega128rfa1_Gcc.a(nwk.o)
 .text.freeJoinIndObj
                0x00008ef8        0xe ./../../../../BitCloud/lib/libBc_Coordinator_Atmega128rfa1_Atmega128rfa1_Gcc.a(nwk.o)
 .text.nwkJoinIndTaskHandler
                0x00008f06      0x108 ./../../../../BitCloud/lib/libBc_Coordinator_Atmega128rfa1_Atmega128rfa1_Gcc.a(nwk.o)
 .text.nwkPrepareCommonFrame
                0x0000900e       0x4a ./../../../../BitCloud/lib/libBc_Coordinator_Atmega128rfa1_Atmega128rfa1_Gcc.a(nwk.o)
 .text.nwkAllocRouteDiscoveryEntry
                0x00009058       0xac ./../../../../BitCloud/lib/libBc_Coordinator_Atmega128rfa1_Atmega128rfa1_Gcc.a(nwk.o)
 .text.nwkRouteDiscoveryTaskHandler
                0x00009104       0xd4 ./../../../../BitCloud/lib/libBc_Coordinator_Atmega128rfa1_Atmega128rfa1_Gcc.a(nwk.o)
 .text.nwkResetTaskManager
                0x000091d8       0x10 ./../../../../BitCloud/lib/libBc_Coordinator_Atmega128rfa1_Atmega128rfa1_Gcc.a(nwk.o)
 .text.nwkFormationMacEDScanConf
                0x000091e8       0xfc ./../../../../BitCloud/lib/libBc_Coordinator_Atmega128rfa1_Atmega128rfa1_Gcc.a(nwk.o)
 .text.nwkResetRouteDiscoveryTable
                0x000092e4       0xb2 ./../../../../BitCloud/lib/libBc_Coordinator_Atmega128rfa1_Atmega128rfa1_Gcc.a(nwk.o)
 .text.nwkFormationMacActiveScanConf
                0x00009396      0x25a ./../../../../BitCloud/lib/libBc_Coordinator_Atmega128rfa1_Atmega128rfa1_Gcc.a(nwk.o)
 .text.nwkPermitJoiningTaskHandler
                0x000095f0       0xe4 ./../../../../BitCloud/lib/libBc_Coordinator_Atmega128rfa1_Atmega128rfa1_Gcc.a(nwk.o)
 .text.nwkPermitJoinTimerFired
                0x000096d4       0x26 ./../../../../BitCloud/lib/libBc_Coordinator_Atmega128rfa1_Atmega128rfa1_Gcc.a(nwk.o)
 .text.nwkFormationMacSetConf
                0x000096fa      0x14e ./../../../../BitCloud/lib/libBc_Coordinator_Atmega128rfa1_Atmega128rfa1_Gcc.a(nwk.o)
 .text.nwkFormationMacStartConf
                0x00009848       0x48 ./../../../../BitCloud/lib/libBc_Coordinator_Atmega128rfa1_Atmega128rfa1_Gcc.a(nwk.o)
 .text.nwkResetMacStartConf
                0x00009890       0x50 ./../../../../BitCloud/lib/libBc_Coordinator_Atmega128rfa1_Atmega128rfa1_Gcc.a(nwk.o)
 .text.nwkPrepareLeaveChildTx
                0x000098e0       0xb2 ./../../../../BitCloud/lib/libBc_Coordinator_Atmega128rfa1_Atmega128rfa1_Gcc.a(nwk.o)
 .text.nwkPrepareLeaveItselfTx
                0x00009992       0x90 ./../../../../BitCloud/lib/libBc_Coordinator_Atmega128rfa1_Atmega128rfa1_Gcc.a(nwk.o)
 .text.nwkPrepareJoinRespTx
                0x00009a22       0xf0 ./../../../../BitCloud/lib/libBc_Coordinator_Atmega128rfa1_Atmega128rfa1_Gcc.a(nwk.o)
 .text.nwkPrepareLinkStatusTx
                0x00009b12      0x1e2 ./../../../../BitCloud/lib/libBc_Coordinator_Atmega128rfa1_Atmega128rfa1_Gcc.a(nwk.o)
 .text.nwkLinkStatusInd
                0x00009cf4      0x23a ./../../../../BitCloud/lib/libBc_Coordinator_Atmega128rfa1_Atmega128rfa1_Gcc.a(nwk.o)
 .text.nwkConfirmLeaveItselfTx
                0x00009f2e       0x42 ./../../../../BitCloud/lib/libBc_Coordinator_Atmega128rfa1_Atmega128rfa1_Gcc.a(nwk.o)
 .text.nwkResetTaskHandler
                0x00009f70       0x6a ./../../../../BitCloud/lib/libBc_Coordinator_Atmega128rfa1_Atmega128rfa1_Gcc.a(nwk.o)
 .text.nwkCheckBTT
                0x00009fda       0x22 ./../../../../BitCloud/lib/libBc_Coordinator_Atmega128rfa1_Atmega128rfa1_Gcc.a(nwk.o)
 .text.nwkIsPassiveAckDone.clone.5
                0x00009ffc       0x70 ./../../../../BitCloud/lib/libBc_Coordinator_Atmega128rfa1_Atmega128rfa1_Gcc.a(nwk.o)
 .text.nwkTxDelayReq
                0x0000a06c      0x1a2 ./../../../../BitCloud/lib/libBc_Coordinator_Atmega128rfa1_Atmega128rfa1_Gcc.a(nwk.o)
 .text.nwkClearNeighborTable.clone.19
                0x0000a20e       0x68 ./../../../../BitCloud/lib/libBc_Coordinator_Atmega128rfa1_Atmega128rfa1_Gcc.a(nwk.o)
 .text.nwkResetNeighborTable
                0x0000a276       0x86 ./../../../../BitCloud/lib/libBc_Coordinator_Atmega128rfa1_Atmega128rfa1_Gcc.a(nwk.o)
 .text.nwkFormationTaskHandler
                0x0000a2fc      0x15e ./../../../../BitCloud/lib/libBc_Coordinator_Atmega128rfa1_Atmega128rfa1_Gcc.a(nwk.o)
 .text.nwkDiscoveryTaskHandler
                0x0000a45a       0xb8 ./../../../../BitCloud/lib/libBc_Coordinator_Atmega128rfa1_Atmega128rfa1_Gcc.a(nwk.o)
 .text.nwkAllocOutputPacket.clone.20
                0x0000a512       0x4e ./../../../../BitCloud/lib/libBc_Coordinator_Atmega128rfa1_Atmega128rfa1_Gcc.a(nwk.o)
 .text.nwkTryToProcessCommandReq
                0x0000a560       0x2c ./../../../../BitCloud/lib/libBc_Coordinator_Atmega128rfa1_Atmega128rfa1_Gcc.a(nwk.o)
 .text.nwkCommandReq
                0x0000a58c       0x14 ./../../../../BitCloud/lib/libBc_Coordinator_Atmega128rfa1_Atmega128rfa1_Gcc.a(nwk.o)
 .text.nwkConfirmNetworkStatusTx
                0x0000a5a0       0x68 ./../../../../BitCloud/lib/libBc_Coordinator_Atmega128rfa1_Atmega128rfa1_Gcc.a(nwk.o)
 .text.nwkStatusReq
                0x0000a608       0x44 ./../../../../BitCloud/lib/libBc_Coordinator_Atmega128rfa1_Atmega128rfa1_Gcc.a(nwk.o)
 .text.nwkSendRouteErrorStatus.clone.17
                0x0000a64c       0x3c ./../../../../BitCloud/lib/libBc_Coordinator_Atmega128rfa1_Atmega128rfa1_Gcc.a(nwk.o)
 .text.nwkLinkStatusTimerFired
                0x0000a688       0x1c ./../../../../BitCloud/lib/libBc_Coordinator_Atmega128rfa1_Atmega128rfa1_Gcc.a(nwk.o)
 .text.nwkRemoveAllChildren.clone.18
                0x0000a6a4       0xd6 ./../../../../BitCloud/lib/libBc_Coordinator_Atmega128rfa1_Atmega128rfa1_Gcc.a(nwk.o)
 .text.nwkFreePacket
                0x0000a77a       0x4e ./../../../../BitCloud/lib/libBc_Coordinator_Atmega128rfa1_Atmega128rfa1_Gcc.a(nwk.o)
 .text.nwkTxConf
                0x0000a7c8      0x1a4 ./../../../../BitCloud/lib/libBc_Coordinator_Atmega128rfa1_Atmega128rfa1_Gcc.a(nwk.o)
 .text.nwkProcessDelayStatus
                0x0000a96c       0xd4 ./../../../../BitCloud/lib/libBc_Coordinator_Atmega128rfa1_Atmega128rfa1_Gcc.a(nwk.o)
 .text.MAC_DataConf
                0x0000aa40       0x30 ./../../../../BitCloud/lib/libBc_Coordinator_Atmega128rfa1_Atmega128rfa1_Gcc.a(nwk.o)
 .text.nwkTxDelayConf
                0x0000aa70        0xe ./../../../../BitCloud/lib/libBc_Coordinator_Atmega128rfa1_Atmega128rfa1_Gcc.a(nwk.o)
 .text.nwkLeaveReqMacResetConf
                0x0000aa7e       0xf6 ./../../../../BitCloud/lib/libBc_Coordinator_Atmega128rfa1_Atmega128rfa1_Gcc.a(nwk.o)
 .text.nwkTxDelayTimerFired
                0x0000ab74       0x90 ./../../../../BitCloud/lib/libBc_Coordinator_Atmega128rfa1_Atmega128rfa1_Gcc.a(nwk.o)
 .text.nwkTransmitOutputPacket.clone.13
                0x0000ac04       0x4a ./../../../../BitCloud/lib/libBc_Coordinator_Atmega128rfa1_Atmega128rfa1_Gcc.a(nwk.o)
 .text.nwkSendDiscoveryCommand
                0x0000ac4e       0x6a ./../../../../BitCloud/lib/libBc_Coordinator_Atmega128rfa1_Atmega128rfa1_Gcc.a(nwk.o)
 .text.nwkRouteDiscoveryTableTaskHandler
                0x0000acb8       0x9a ./../../../../BitCloud/lib/libBc_Coordinator_Atmega128rfa1_Atmega128rfa1_Gcc.a(nwk.o)
 .text.nwkMeshRouteDiscoveryConf
                0x0000ad52       0x5e ./../../../../BitCloud/lib/libBc_Coordinator_Atmega128rfa1_Atmega128rfa1_Gcc.a(nwk.o)
 .text.NWK_GetShortAddr
                0x0000adb0        0xa ./../../../../BitCloud/lib/libBc_Coordinator_Atmega128rfa1_Atmega128rfa1_Gcc.a(nwk.o)
                0x0000adb0                NWK_GetShortAddr
 .text.NWK_IsStaticAddressingMode
                0x0000adba        0x6 ./../../../../BitCloud/lib/libBc_Coordinator_Atmega128rfa1_Atmega128rfa1_Gcc.a(nwk.o)
                0x0000adba                NWK_IsStaticAddressingMode
 .text.NWK_RemoveFromAddressMap
                0x0000adc0       0x12 ./../../../../BitCloud/lib/libBc_Coordinator_Atmega128rfa1_Atmega128rfa1_Gcc.a(nwk.o)
                0x0000adc0                NWK_RemoveFromAddressMap
 .text.MAC_BeaconNotifyInd
                0x0000add2      0x45a ./../../../../BitCloud/lib/libBc_Coordinator_Atmega128rfa1_Atmega128rfa1_Gcc.a(nwk.o)
                0x0000add2                MAC_BeaconNotifyInd
 .text.NWK_EDScanReq
                0x0000b22c       0x20 ./../../../../BitCloud/lib/libBc_Coordinator_Atmega128rfa1_Atmega128rfa1_Gcc.a(nwk.o)
                0x0000b22c                NWK_EDScanReq
 .text.NWK_NetworkFormationReq
                0x0000b24c       0x20 ./../../../../BitCloud/lib/libBc_Coordinator_Atmega128rfa1_Atmega128rfa1_Gcc.a(nwk.o)
                0x0000b24c                NWK_NetworkFormationReq
 .text.NWK_IsGroupMember
                0x0000b26c       0x3c ./../../../../BitCloud/lib/libBc_Coordinator_Atmega128rfa1_Atmega128rfa1_Gcc.a(nwk.o)
                0x0000b26c                NWK_IsGroupMember
 .text.nwkRetransmitInputPacket
                0x0000b2a8      0x12a ./../../../../BitCloud/lib/libBc_Coordinator_Atmega128rfa1_Atmega128rfa1_Gcc.a(nwk.o)
 .text.NWK_DataResp
                0x0000b3d2       0x1c ./../../../../BitCloud/lib/libBc_Coordinator_Atmega128rfa1_Atmega128rfa1_Gcc.a(nwk.o)
                0x0000b3d2                NWK_DataResp
 .text.nwkRxIndication
                0x0000b3ee      0x224 ./../../../../BitCloud/lib/libBc_Coordinator_Atmega128rfa1_Atmega128rfa1_Gcc.a(nwk.o)
 .text.nwkRxRetransmit
                0x0000b612       0xae ./../../../../BitCloud/lib/libBc_Coordinator_Atmega128rfa1_Atmega128rfa1_Gcc.a(nwk.o)
 .text.NWK_ResetGroups
                0x0000b6c0       0x5e ./../../../../BitCloud/lib/libBc_Coordinator_Atmega128rfa1_Atmega128rfa1_Gcc.a(nwk.o)
                0x0000b6c0                NWK_ResetGroups
 .text.nwkResetMacResetConf
                0x0000b71e      0x564 ./../../../../BitCloud/lib/libBc_Coordinator_Atmega128rfa1_Atmega128rfa1_Gcc.a(nwk.o)
 .text.NWK_GetParentShortAddr
                0x0000bc82        0xa ./../../../../BitCloud/lib/libBc_Coordinator_Atmega128rfa1_Atmega128rfa1_Gcc.a(nwk.o)
                0x0000bc82                NWK_GetParentShortAddr
 .text.NWK_GetPanId
                0x0000bc8c        0xa ./../../../../BitCloud/lib/libBc_Coordinator_Atmega128rfa1_Atmega128rfa1_Gcc.a(nwk.o)
                0x0000bc8c                NWK_GetPanId
 .text.NWK_GetExtPanId
                0x0000bc96       0x22 ./../../../../BitCloud/lib/libBc_Coordinator_Atmega128rfa1_Atmega128rfa1_Gcc.a(nwk.o)
                0x0000bc96                NWK_GetExtPanId
 .text.NWK_SetExtPanId
                0x0000bcb8       0x34 ./../../../../BitCloud/lib/libBc_Coordinator_Atmega128rfa1_Atmega128rfa1_Gcc.a(nwk.o)
                0x0000bcb8                NWK_SetExtPanId
 .text.NWK_GetDeviceType
                0x0000bcec        0x6 ./../../../../BitCloud/lib/libBc_Coordinator_Atmega128rfa1_Atmega128rfa1_Gcc.a(nwk.o)
                0x0000bcec                NWK_GetDeviceType
 .text.NWK_GetLogicalChannel
                0x0000bcf2        0x6 ./../../../../BitCloud/lib/libBc_Coordinator_Atmega128rfa1_Atmega128rfa1_Gcc.a(nwk.o)
                0x0000bcf2                NWK_GetLogicalChannel
 .text.NWK_SetLogicalChannel
                0x0000bcf8        0x6 ./../../../../BitCloud/lib/libBc_Coordinator_Atmega128rfa1_Atmega128rfa1_Gcc.a(nwk.o)
                0x0000bcf8                NWK_SetLogicalChannel
 .text.NWK_GetBroadcastDeliveryTime
                0x0000bcfe       0x12 ./../../../../BitCloud/lib/libBc_Coordinator_Atmega128rfa1_Atmega128rfa1_Gcc.a(nwk.o)
                0x0000bcfe                NWK_GetBroadcastDeliveryTime
 .text.NWK_GetManagerAddr
                0x0000bd10        0xa ./../../../../BitCloud/lib/libBc_Coordinator_Atmega128rfa1_Atmega128rfa1_Gcc.a(nwk.o)
                0x0000bd10                NWK_GetManagerAddr
 .text.NWK_SetManagerAddr
                0x0000bd1a        0xa ./../../../../BitCloud/lib/libBc_Coordinator_Atmega128rfa1_Atmega128rfa1_Gcc.a(nwk.o)
                0x0000bd1a                NWK_SetManagerAddr
 .text.NWK_SetUpdateId
                0x0000bd24        0xa ./../../../../BitCloud/lib/libBc_Coordinator_Atmega128rfa1_Atmega128rfa1_Gcc.a(nwk.o)
                0x0000bd24                NWK_SetUpdateId
 .text.NWK_GetTransmitCouner
                0x0000bd2e       0x14 ./../../../../BitCloud/lib/libBc_Coordinator_Atmega128rfa1_Atmega128rfa1_Gcc.a(nwk.o)
                0x0000bd2e                NWK_GetTransmitCouner
 .text.NWK_GetTransmitFailureCounter
                0x0000bd42       0x14 ./../../../../BitCloud/lib/libBc_Coordinator_Atmega128rfa1_Atmega128rfa1_Gcc.a(nwk.o)
                0x0000bd42                NWK_GetTransmitFailureCounter
 .text.NWK_ResetTransmitCounters
                0x0000bd56       0x12 ./../../../../BitCloud/lib/libBc_Coordinator_Atmega128rfa1_Atmega128rfa1_Gcc.a(nwk.o)
                0x0000bd56                NWK_ResetTransmitCounters
 .text.NWK_RemoveNeighbor
                0x0000bd68       0x90 ./../../../../BitCloud/lib/libBc_Coordinator_Atmega128rfa1_Atmega128rfa1_Gcc.a(nwk.o)
                0x0000bd68                NWK_RemoveNeighbor
 .text.neighborTimerFired
                0x0000bdf8       0x90 ./../../../../BitCloud/lib/libBc_Coordinator_Atmega128rfa1_Atmega128rfa1_Gcc.a(nwk.o)
 .text.NWK_LeaveReq
                0x0000be88       0x20 ./../../../../BitCloud/lib/libBc_Coordinator_Atmega128rfa1_Atmega128rfa1_Gcc.a(nwk.o)
                0x0000be88                NWK_LeaveReq
 .text.NWK_LoopbackTxReq
                0x0000bea8       0x20 ./../../../../BitCloud/lib/libBc_Coordinator_Atmega128rfa1_Atmega128rfa1_Gcc.a(nwk.o)
                0x0000bea8                NWK_LoopbackTxReq
 .text.nwkDataConfTaskHandler
                0x0000bec8       0x5a ./../../../../BitCloud/lib/libBc_Coordinator_Atmega128rfa1_Atmega128rfa1_Gcc.a(nwk.o)
 .text.NWK_DataReq
                0x0000bf22      0x216 ./../../../../BitCloud/lib/libBc_Coordinator_Atmega128rfa1_Atmega128rfa1_Gcc.a(nwk.o)
                0x0000bf22                NWK_DataReq
 .text.NWK_FindNeighborByShortAddr
                0x0000c138       0x30 ./../../../../BitCloud/lib/libBc_Coordinator_Atmega128rfa1_Atmega128rfa1_Gcc.a(nwk.o)
                0x0000c138                NWK_FindNeighborByShortAddr
 .text.nwkGetNextHop
                0x0000c168      0x20c ./../../../../BitCloud/lib/libBc_Coordinator_Atmega128rfa1_Atmega128rfa1_Gcc.a(nwk.o)
 .text.nwkAllocateShortAddr.clone.14
                0x0000c374       0xfe ./../../../../BitCloud/lib/libBc_Coordinator_Atmega128rfa1_Atmega128rfa1_Gcc.a(nwk.o)
 .text.nwkResolveAddressConflict
                0x0000c472      0x15e ./../../../../BitCloud/lib/libBc_Coordinator_Atmega128rfa1_Atmega128rfa1_Gcc.a(nwk.o)
 .text.nwkAddressConflictTaskHandler
                0x0000c5d0       0xa0 ./../../../../BitCloud/lib/libBc_Coordinator_Atmega128rfa1_Atmega128rfa1_Gcc.a(nwk.o)
 .text.nwkStatusFrameInd
                0x0000c670       0x46 ./../../../../BitCloud/lib/libBc_Coordinator_Atmega128rfa1_Atmega128rfa1_Gcc.a(nwk.o)
 .text.nwkAddChild
                0x0000c6b6      0x306 ./../../../../BitCloud/lib/libBc_Coordinator_Atmega128rfa1_Atmega128rfa1_Gcc.a(nwk.o)
 .text.nwkRejoinRequestFrameInd
                0x0000c9bc      0x15c ./../../../../BitCloud/lib/libBc_Coordinator_Atmega128rfa1_Atmega128rfa1_Gcc.a(nwk.o)
 .text.MAC_AssociateInd
                0x0000cb18       0xd0 ./../../../../BitCloud/lib/libBc_Coordinator_Atmega128rfa1_Atmega128rfa1_Gcc.a(nwk.o)
                0x0000cb18                MAC_AssociateInd
 .text.nwkResetMacSetConf
                0x0000cbe8      0x1ca ./../../../../BitCloud/lib/libBc_Coordinator_Atmega128rfa1_Atmega128rfa1_Gcc.a(nwk.o)
 .text.nwkProcessRouteRequest
                0x0000cdb2      0x232 ./../../../../BitCloud/lib/libBc_Coordinator_Atmega128rfa1_Atmega128rfa1_Gcc.a(nwk.o)
 .text.NWK_GetExtByShortAddress
                0x0000cfe4       0x5c ./../../../../BitCloud/lib/libBc_Coordinator_Atmega128rfa1_Atmega128rfa1_Gcc.a(nwk.o)
                0x0000cfe4                NWK_GetExtByShortAddress
 .text.nwkPrepareRouteRequestTx
                0x0000d040      0x164 ./../../../../BitCloud/lib/libBc_Coordinator_Atmega128rfa1_Atmega128rfa1_Gcc.a(nwk.o)
 .text.nwkPrepareNetworkStatusTx
                0x0000d1a4      0x102 ./../../../../BitCloud/lib/libBc_Coordinator_Atmega128rfa1_Atmega128rfa1_Gcc.a(nwk.o)
 .text.nwkPrepareRouteReplyTx
                0x0000d2a6      0x2f8 ./../../../../BitCloud/lib/libBc_Coordinator_Atmega128rfa1_Atmega128rfa1_Gcc.a(nwk.o)
 .text.NWK_FindNeighborByExtAddr
                0x0000d59e       0x68 ./../../../../BitCloud/lib/libBc_Coordinator_Atmega128rfa1_Atmega128rfa1_Gcc.a(nwk.o)
                0x0000d59e                NWK_FindNeighborByExtAddr
 .text.nwkLeaveTaskHandler
                0x0000d606      0x16a ./../../../../BitCloud/lib/libBc_Coordinator_Atmega128rfa1_Atmega128rfa1_Gcc.a(nwk.o)
 .text.nwkConfirmLeaveChildTx
                0x0000d770       0x84 ./../../../../BitCloud/lib/libBc_Coordinator_Atmega128rfa1_Atmega128rfa1_Gcc.a(nwk.o)
 .text.nwkConfirmJoinRespTx
                0x0000d7f4       0x4e ./../../../../BitCloud/lib/libBc_Coordinator_Atmega128rfa1_Atmega128rfa1_Gcc.a(nwk.o)
 .text.nwkConfirmAddrConflictJoinRespTx
                0x0000d842       0x3c ./../../../../BitCloud/lib/libBc_Coordinator_Atmega128rfa1_Atmega128rfa1_Gcc.a(nwk.o)
 .text.nwkLeaveFrameInd
                0x0000d87e       0x4a ./../../../../BitCloud/lib/libBc_Coordinator_Atmega128rfa1_Atmega128rfa1_Gcc.a(nwk.o)
 .text.nwkJoinIndMacCommStatusInd
                0x0000d8c8       0x54 ./../../../../BitCloud/lib/libBc_Coordinator_Atmega128rfa1_Atmega128rfa1_Gcc.a(nwk.o)
 .text.NWK_GetShortByExtAddress
                0x0000d91c       0x60 ./../../../../BitCloud/lib/libBc_Coordinator_Atmega128rfa1_Atmega128rfa1_Gcc.a(nwk.o)
                0x0000d91c                NWK_GetShortByExtAddress
 .text.NWK_LinkShortAndExtAddress
                0x0000d97c       0xd8 ./../../../../BitCloud/lib/libBc_Coordinator_Atmega128rfa1_Atmega128rfa1_Gcc.a(nwk.o)
                0x0000d97c                NWK_LinkShortAndExtAddress
 .text.nwkRouteReplyFrameInd
                0x0000da54      0x18c ./../../../../BitCloud/lib/libBc_Coordinator_Atmega128rfa1_Atmega128rfa1_Gcc.a(nwk.o)
 .text.nwkRouteRequestFrameInd
                0x0000dbe0       0xb6 ./../../../../BitCloud/lib/libBc_Coordinator_Atmega128rfa1_Atmega128rfa1_Gcc.a(nwk.o)
 .text.NWK_GetNeighborTable
                0x0000dc96        0x6 ./../../../../BitCloud/lib/libBc_Coordinator_Atmega128rfa1_Atmega128rfa1_Gcc.a(nwk.o)
                0x0000dc96                NWK_GetNeighborTable
 .text.NWK_GetNeighborsLqi
                0x0000dc9c       0x3e ./../../../../BitCloud/lib/libBc_Coordinator_Atmega128rfa1_Atmega128rfa1_Gcc.a(nwk.o)
                0x0000dc9c                NWK_GetNeighborsLqi
 .text.NWK_GetNeighborsRssi
                0x0000dcda       0x3e ./../../../../BitCloud/lib/libBc_Coordinator_Atmega128rfa1_Atmega128rfa1_Gcc.a(nwk.o)
                0x0000dcda                NWK_GetNeighborsRssi
 .text.NWK_IsKnownChild
                0x0000dd18       0x24 ./../../../../BitCloud/lib/libBc_Coordinator_Atmega128rfa1_Atmega128rfa1_Gcc.a(nwk.o)
                0x0000dd18                NWK_IsKnownChild
 .text.MAC_OrphanInd
                0x0000dd3c        0x2 ./../../../../BitCloud/lib/libBc_Coordinator_Atmega128rfa1_Atmega128rfa1_Gcc.a(nwk.o)
                0x0000dd3c                MAC_OrphanInd
 .text.NWK_PermitJoiningReq
                0x0000dd3e       0x2c ./../../../../BitCloud/lib/libBc_Coordinator_Atmega128rfa1_Atmega128rfa1_Gcc.a(nwk.o)
                0x0000dd3e                NWK_PermitJoiningReq
 .text.NWK_ResetReq
                0x0000dd6a       0x20 ./../../../../BitCloud/lib/libBc_Coordinator_Atmega128rfa1_Atmega128rfa1_Gcc.a(nwk.o)
                0x0000dd6a                NWK_ResetReq
 .text.NWK_Init
                0x0000dd8a       0x20 ./../../../../BitCloud/lib/libBc_Coordinator_Atmega128rfa1_Atmega128rfa1_Gcc.a(nwk.o)
                0x0000dd8a                NWK_Init
 .text.NWK_RouteDiscoveryReq
                0x0000ddaa       0x34 ./../../../../BitCloud/lib/libBc_Coordinator_Atmega128rfa1_Atmega128rfa1_Gcc.a(nwk.o)
                0x0000ddaa                NWK_RouteDiscoveryReq
 .text.nwkTxTaskHandler
                0x0000ddde      0x19a ./../../../../BitCloud/lib/libBc_Coordinator_Atmega128rfa1_Atmega128rfa1_Gcc.a(nwk.o)
 .text.MAC_DataInd
                0x0000df78      0x458 ./../../../../BitCloud/lib/libBc_Coordinator_Atmega128rfa1_Atmega128rfa1_Gcc.a(nwk.o)
                0x0000df78                MAC_DataInd
 .text.NWK_IsActiveTransaction
                0x0000e3d0       0x54 ./../../../../BitCloud/lib/libBc_Coordinator_Atmega128rfa1_Atmega128rfa1_Gcc.a(nwk.o)
                0x0000e3d0                NWK_IsActiveTransaction
 .text.NWK_LaunchActivities
                0x0000e424       0x12 ./../../../../BitCloud/lib/libBc_Coordinator_Atmega128rfa1_Atmega128rfa1_Gcc.a(nwk.o)
                0x0000e424                NWK_LaunchActivities
 .text.NWK_StopActivities
                0x0000e436       0x12 ./../../../../BitCloud/lib/libBc_Coordinator_Atmega128rfa1_Atmega128rfa1_Gcc.a(nwk.o)
                0x0000e436                NWK_StopActivities
 .text.NWK_DeviceIsAbleToOperateInNetwork
                0x0000e448       0x36 ./../../../../BitCloud/lib/libBc_Coordinator_Atmega128rfa1_Atmega128rfa1_Gcc.a(nwk.o)
                0x0000e448                NWK_DeviceIsAbleToOperateInNetwork
 .text.NWK_GatherPowerFailureInfo
                0x0000e47e       0x24 ./../../../../BitCloud/lib/libBc_Coordinator_Atmega128rfa1_Atmega128rfa1_Gcc.a(nwk.o)
                0x0000e47e                NWK_GatherPowerFailureInfo
 .text.MAC_PollInd
                0x0000e4a2       0x52 ./../../../../BitCloud/lib/libBc_Coordinator_Atmega128rfa1_Atmega128rfa1_Gcc.a(nwk.o)
                0x0000e4a2                MAC_PollInd
 .text.MAC_SyncLossInd
                0x0000e4f4        0x2 ./../../../../BitCloud/lib/libBc_Coordinator_Atmega128rfa1_Atmega128rfa1_Gcc.a(nwk.o)
                0x0000e4f4                MAC_SyncLossInd
 .text.NWK_TaskHandler
                0x0000e4f6       0xd8 ./../../../../BitCloud/lib/libBc_Coordinator_Atmega128rfa1_Atmega128rfa1_Gcc.a(nwk.o)
                0x0000e4f6                NWK_TaskHandler
 .text.NWK_GetUnicastDeliveryTime
                0x0000e5ce       0x6a ./../../../../BitCloud/lib/libBc_Coordinator_Atmega128rfa1_Atmega128rfa1_Gcc.a(nwk.o)
                0x0000e5ce                NWK_GetUnicastDeliveryTime
 .text.phyRxTxSwitcher
                0x0000e638       0x36 ./../../../../BitCloud/lib/libBc_Coordinator_Atmega128rfa1_Atmega128rfa1_Gcc.a(phyRxTxIndicator.o)
 .text.phyRxTxSwitcherOn
                0x0000e66e        0x8 ./../../../../BitCloud/lib/libBc_Coordinator_Atmega128rfa1_Atmega128rfa1_Gcc.a(phyRxTxIndicator.o)
                0x0000e66e                phyRxTxSwitcherOn
 .text.phyRxTxSwitcherOff
                0x0000e676        0x8 ./../../../../BitCloud/lib/libBc_Coordinator_Atmega128rfa1_Atmega128rfa1_Gcc.a(phyRxTxIndicator.o)
                0x0000e676                phyRxTxSwitcherOff
 .text.deleteHeadQueueElem
                0x0000e67e       0x22 ./../../../../BitCloud/lib/libBc_Coordinator_Atmega128rfa1_Atmega128rfa1_Gcc.a(queue.o)
                0x0000e67e                deleteHeadQueueElem
 .text.deleteQueueElem
                0x0000e6a0       0x4a ./../../../../BitCloud/lib/libBc_Coordinator_Atmega128rfa1_Atmega128rfa1_Gcc.a(queue.o)
                0x0000e6a0                deleteQueueElem
 .text.isQueueElem
                0x0000e6ea       0x22 ./../../../../BitCloud/lib/libBc_Coordinator_Atmega128rfa1_Atmega128rfa1_Gcc.a(queue.o)
                0x0000e6ea                isQueueElem
 .text.putQueueElem
                0x0000e70c       0x40 ./../../../../BitCloud/lib/libBc_Coordinator_Atmega128rfa1_Atmega128rfa1_Gcc.a(queue.o)
                0x0000e70c                putQueueElem
 .text.SYS_DuplicateTableReset
                0x0000e74c       0x4e ./../../../../BitCloud/lib/libBc_Coordinator_Atmega128rfa1_Atmega128rfa1_Gcc.a(sysDuplicateTable.o)
                0x0000e74c                SYS_DuplicateTableReset
 .text.duplicateTableUpdate
                0x0000e79a       0x8e ./../../../../BitCloud/lib/libBc_Coordinator_Atmega128rfa1_Atmega128rfa1_Gcc.a(sysDuplicateTable.o)
                0x0000e79a                duplicateTableUpdate
 .text.SYS_DuplicateTableCheck
                0x0000e828      0x10c ./../../../../BitCloud/lib/libBc_Coordinator_Atmega128rfa1_Atmega128rfa1_Gcc.a(sysDuplicateTable.o)
                0x0000e828                SYS_DuplicateTableCheck
 .text.SYS_DuplicateTableClear
                0x0000e934       0x7c ./../../../../BitCloud/lib/libBc_Coordinator_Atmega128rfa1_Atmega128rfa1_Gcc.a(sysDuplicateTable.o)
                0x0000e934                SYS_DuplicateTableClear
 .text.SYS_PostEvent
                0x0000e9b0       0x7a ./../../../../BitCloud/lib/libBc_Coordinator_Atmega128rfa1_Atmega128rfa1_Gcc.a(sysEvents.o)
                0x0000e9b0                SYS_PostEvent
 .text.SYS_IsEventDeliverable
                0x0000ea2a       0x38 ./../../../../BitCloud/lib/libBc_Coordinator_Atmega128rfa1_Atmega128rfa1_Gcc.a(sysEvents.o)
                0x0000ea2a                SYS_IsEventDeliverable
 .text.SYS_IsEventSubscriber
                0x0000ea62       0x32 ./../../../../BitCloud/lib/libBc_Coordinator_Atmega128rfa1_Atmega128rfa1_Gcc.a(sysEvents.o)
                0x0000ea62                SYS_IsEventSubscriber
 .text.SYS_SubscribeToEvent
                0x0000ea94       0x70 ./../../../../BitCloud/lib/libBc_Coordinator_Atmega128rfa1_Atmega128rfa1_Gcc.a(sysEvents.o)
                0x0000ea94                SYS_SubscribeToEvent
 .text.SYS_StartTimer
                0x0000eb04       0x14 ./../../../../BitCloud/lib/libBc_Coordinator_Atmega128rfa1_Atmega128rfa1_Gcc.a(sysTimer.o)
                0x0000eb04                SYS_StartTimer
 .text.SYS_StopTimer
                0x0000eb18       0x12 ./../../../../BitCloud/lib/libBc_Coordinator_Atmega128rfa1_Atmega128rfa1_Gcc.a(sysTimer.o)
                0x0000eb18                SYS_StopTimer
 .text.SYS_InitTimer
                0x0000eb2a       0x34 ./../../../../BitCloud/lib/libBc_Coordinator_Atmega128rfa1_Atmega128rfa1_Gcc.a(sysTimer.o)
                0x0000eb2a                SYS_InitTimer
 .text.SYS_RunTask
                0x0000eb5e       0x76 ./../../../../BitCloud/lib/libBc_Coordinator_Atmega128rfa1_Atmega128rfa1_Gcc.a(taskManager.o)
                0x0000eb5e                SYS_RunTask
 .text.SYS_ForceRunTask
                0x0000ebd4        0x6 ./../../../../BitCloud/lib/libBc_Coordinator_Atmega128rfa1_Atmega128rfa1_Gcc.a(taskManager.o)
                0x0000ebd4                SYS_ForceRunTask
 .text.SYS_SysInit
                0x0000ebda       0x22 ./../../../../BitCloud/lib/libBc_Coordinator_Atmega128rfa1_Atmega128rfa1_Gcc.a(taskManager.o)
                0x0000ebda                SYS_SysInit
 .text.APS_StopConf
                0x0000ebfc       0x14 ./../../../../BitCloud/lib/libBc_Coordinator_Atmega128rfa1_Atmega128rfa1_Gcc.a(zdo.o)
 .text.zdoNodeManagerNwkLeaveConf
                0x0000ec10        0x6 ./../../../../BitCloud/lib/libBc_Coordinator_Atmega128rfa1_Atmega128rfa1_Gcc.a(zdo.o)
 .text.zdoNwkManagerReset
                0x0000ec16       0x10 ./../../../../BitCloud/lib/libBc_Coordinator_Atmega128rfa1_Atmega128rfa1_Gcc.a(zdo.o)
 .text.zdoStackResetConf
                0x0000ec26       0x1c ./../../../../BitCloud/lib/libBc_Coordinator_Atmega128rfa1_Atmega128rfa1_Gcc.a(zdo.o)
 .text.zdoSecurityManagerHandler
                0x0000ec42        0x2 ./../../../../BitCloud/lib/libBc_Coordinator_Atmega128rfa1_Atmega128rfa1_Gcc.a(zdo.o)
                0x0000ec42                zdoSecurityManagerHandler
 .text.zdoPostTask
                0x0000ec44       0x3c ./../../../../BitCloud/lib/libBc_Coordinator_Atmega128rfa1_Atmega128rfa1_Gcc.a(zdo.o)
 .text.zdoCheckStartNetworkRequestsQueue
                0x0000ec80       0x38 ./../../../../BitCloud/lib/libBc_Coordinator_Atmega128rfa1_Atmega128rfa1_Gcc.a(zdo.o)
 .text.startConfirm
                0x0000ecb8       0x2e ./../../../../BitCloud/lib/libBc_Coordinator_Atmega128rfa1_Atmega128rfa1_Gcc.a(zdo.o)
 .text.sleepConfirm
                0x0000ece6       0x24 ./../../../../BitCloud/lib/libBc_Coordinator_Atmega128rfa1_Atmega128rfa1_Gcc.a(zdo.o)
 .text.wakeUpConfirm
                0x0000ed0a       0x24 ./../../../../BitCloud/lib/libBc_Coordinator_Atmega128rfa1_Atmega128rfa1_Gcc.a(zdo.o)
 .text.zdoUnpostTask
                0x0000ed2e       0x28 ./../../../../BitCloud/lib/libBc_Coordinator_Atmega128rfa1_Atmega128rfa1_Gcc.a(zdo.o)
 .text.zdoSetZdpDataReqState
                0x0000ed56       0x22 ./../../../../BitCloud/lib/libBc_Coordinator_Atmega128rfa1_Atmega128rfa1_Gcc.a(zdo.o)
 .text.confirmResponse
                0x0000ed78        0x8 ./../../../../BitCloud/lib/libBc_Coordinator_Atmega128rfa1_Atmega128rfa1_Gcc.a(zdo.o)
 .text.zdoDefaultBindApsDataConf
                0x0000ed80        0x8 ./../../../../BitCloud/lib/libBc_Coordinator_Atmega128rfa1_Atmega128rfa1_Gcc.a(zdo.o)
 .text.confirmMgmtLqiResponse
                0x0000ed88        0x8 ./../../../../BitCloud/lib/libBc_Coordinator_Atmega128rfa1_Atmega128rfa1_Gcc.a(zdo.o)
 .text.permitJoiningConf
                0x0000ed90       0x16 ./../../../../BitCloud/lib/libBc_Coordinator_Atmega128rfa1_Atmega128rfa1_Gcc.a(zdo.o)
 .text.confirmMgmtPermitJoiningResponse
                0x0000eda6        0x8 ./../../../../BitCloud/lib/libBc_Coordinator_Atmega128rfa1_Atmega128rfa1_Gcc.a(zdo.o)
 .text.zdoZdpApsConfCallback
                0x0000edae       0x78 ./../../../../BitCloud/lib/libBc_Coordinator_Atmega128rfa1_Atmega128rfa1_Gcc.a(zdo.o)
 .text.zdoSetZdpIndState
                0x0000ee26       0x10 ./../../../../BitCloud/lib/libBc_Coordinator_Atmega128rfa1_Atmega128rfa1_Gcc.a(zdo.o)
 .text.ttlUpdateTimerFired
                0x0000ee36       0x72 ./../../../../BitCloud/lib/libBc_Coordinator_Atmega128rfa1_Atmega128rfa1_Gcc.a(zdo.o)
 .text.zdoZdpResetReq
                0x0000eea8       0x90 ./../../../../BitCloud/lib/libBc_Coordinator_Atmega128rfa1_Atmega128rfa1_Gcc.a(zdo.o)
 .text.zdoReset
                0x0000ef38        0xa ./../../../../BitCloud/lib/libBc_Coordinator_Atmega128rfa1_Atmega128rfa1_Gcc.a(zdo.o)
 .text.zdoPseudoRandomSeed
                0x0000ef42       0x46 ./../../../../BitCloud/lib/libBc_Coordinator_Atmega128rfa1_Atmega128rfa1_Gcc.a(zdo.o)
 .text.RF_RandomConfUpdater
                0x0000ef88       0x1c ./../../../../BitCloud/lib/libBc_Coordinator_Atmega128rfa1_Atmega128rfa1_Gcc.a(zdo.o)
 .text.zdoUpdateRandSeedTimerFired
                0x0000efa4       0x28 ./../../../../BitCloud/lib/libBc_Coordinator_Atmega128rfa1_Atmega128rfa1_Gcc.a(zdo.o)
 .text.zdoStackReset
                0x0000efcc       0x2a ./../../../../BitCloud/lib/libBc_Coordinator_Atmega128rfa1_Atmega128rfa1_Gcc.a(zdo.o)
 .text.permitJoin
                0x0000eff6       0x24 ./../../../../BitCloud/lib/libBc_Coordinator_Atmega128rfa1_Atmega128rfa1_Gcc.a(zdo.o)
 .text.zdoStartNetworkConfirm
                0x0000f01a       0x24 ./../../../../BitCloud/lib/libBc_Coordinator_Atmega128rfa1_Atmega128rfa1_Gcc.a(zdo.o)
 .text.deviceAnnceConf
                0x0000f03e        0x8 ./../../../../BitCloud/lib/libBc_Coordinator_Atmega128rfa1_Atmega128rfa1_Gcc.a(zdo.o)
 .text.reenterNetwork
                0x0000f046       0x38 ./../../../../BitCloud/lib/libBc_Coordinator_Atmega128rfa1_Atmega128rfa1_Gcc.a(zdo.o)
 .text.zdoNetworkFormationReq
                0x0000f07e       0x44 ./../../../../BitCloud/lib/libBc_Coordinator_Atmega128rfa1_Atmega128rfa1_Gcc.a(zdo.o)
 .text.zdoLeaveConfirm
                0x0000f0c2       0x74 ./../../../../BitCloud/lib/libBc_Coordinator_Atmega128rfa1_Atmega128rfa1_Gcc.a(zdo.o)
 .text.wakeupCallback
                0x0000f136       0x2e ./../../../../BitCloud/lib/libBc_Coordinator_Atmega128rfa1_Atmega128rfa1_Gcc.a(zdo.o)
 .text.zdoPowerManagerHandler
                0x0000f164       0xae ./../../../../BitCloud/lib/libBc_Coordinator_Atmega128rfa1_Atmega128rfa1_Gcc.a(zdo.o)
 .text.transceiverSwitchedOff
                0x0000f212       0x5a ./../../../../BitCloud/lib/libBc_Coordinator_Atmega128rfa1_Atmega128rfa1_Gcc.a(zdo.o)
 .text.transceiverSwitchedOn
                0x0000f26c       0x3a ./../../../../BitCloud/lib/libBc_Coordinator_Atmega128rfa1_Atmega128rfa1_Gcc.a(zdo.o)
 .text.zdoZdpManagerHandler
                0x0000f2a6      0x1d6 ./../../../../BitCloud/lib/libBc_Coordinator_Atmega128rfa1_Atmega128rfa1_Gcc.a(zdo.o)
 .text.zdoNwkEventListener
                0x0000f47c       0x6e ./../../../../BitCloud/lib/libBc_Coordinator_Atmega128rfa1_Atmega128rfa1_Gcc.a(zdo.o)
 .text.zdoOtherEventListener
                0x0000f4ea       0x34 ./../../../../BitCloud/lib/libBc_Coordinator_Atmega128rfa1_Atmega128rfa1_Gcc.a(zdo.o)
 .text.confirmMgmtLeaveResponse
                0x0000f51e      0x10a ./../../../../BitCloud/lib/libBc_Coordinator_Atmega128rfa1_Atmega128rfa1_Gcc.a(zdo.o)
 .text.zdoSetOutOfNetworkFlag
                0x0000f628       0x36 ./../../../../BitCloud/lib/libBc_Coordinator_Atmega128rfa1_Atmega128rfa1_Gcc.a(zdo.o)
 .text.leaveNetworkInd
                0x0000f65e       0x24 ./../../../../BitCloud/lib/libBc_Coordinator_Atmega128rfa1_Atmega128rfa1_Gcc.a(zdo.o)
 .text.zdoLeaveNetworkNwkLeaveConf
                0x0000f682        0xe ./../../../../BitCloud/lib/libBc_Coordinator_Atmega128rfa1_Atmega128rfa1_Gcc.a(zdo.o)
 .text.zdoExecuteEDScan
                0x0000f690       0x36 ./../../../../BitCloud/lib/libBc_Coordinator_Atmega128rfa1_Atmega128rfa1_Gcc.a(zdo.o)
 .text.confirmMgmtNwkUpdateNotify
                0x0000f6c6       0x2e ./../../../../BitCloud/lib/libBc_Coordinator_Atmega128rfa1_Atmega128rfa1_Gcc.a(zdo.o)
 .text.channelChangeTimerFired
                0x0000f6f4       0x22 ./../../../../BitCloud/lib/libBc_Coordinator_Atmega128rfa1_Atmega128rfa1_Gcc.a(zdo.o)
 .text.MAC_SetConf
                0x0000f716       0x7e ./../../../../BitCloud/lib/libBc_Coordinator_Atmega128rfa1_Atmega128rfa1_Gcc.a(zdo.o)
 .text.zdoChildEventListener
                0x0000f794       0xa8 ./../../../../BitCloud/lib/libBc_Coordinator_Atmega128rfa1_Atmega128rfa1_Gcc.a(zdo.o)
 .text.zdoInitNotifications
                0x0000f83c       0x6e ./../../../../BitCloud/lib/libBc_Coordinator_Atmega128rfa1_Atmega128rfa1_Gcc.a(zdo.o)
                0x0000f83c                zdoInitNotifications
 .text.zdoInitHandler
                0x0000f8aa      0x10e ./../../../../BitCloud/lib/libBc_Coordinator_Atmega128rfa1_Atmega128rfa1_Gcc.a(zdo.o)
 .text.NWK_JoinInd
                0x0000f9b8       0x4e ./../../../../BitCloud/lib/libBc_Coordinator_Atmega128rfa1_Atmega128rfa1_Gcc.a(zdo.o)
                0x0000f9b8                NWK_JoinInd
 .text.NWK_LeaveInd
                0x0000fa06       0x86 ./../../../../BitCloud/lib/libBc_Coordinator_Atmega128rfa1_Atmega128rfa1_Gcc.a(zdo.o)
                0x0000fa06                NWK_LeaveInd
 .text.ZDO_GetNeibTable
                0x0000fa8c      0x176 ./../../../../BitCloud/lib/libBc_Coordinator_Atmega128rfa1_Atmega128rfa1_Gcc.a(zdo.o)
                0x0000fa8c                ZDO_GetNeibTable
 .text.ZDO_StartNetworkReq
                0x0000fc02       0x10 ./../../../../BitCloud/lib/libBc_Coordinator_Atmega128rfa1_Atmega128rfa1_Gcc.a(zdo.o)
                0x0000fc02                ZDO_StartNetworkReq
 .text.ZDO_TaskHandler
                0x0000fc12       0x7c ./../../../../BitCloud/lib/libBc_Coordinator_Atmega128rfa1_Atmega128rfa1_Gcc.a(zdo.o)
                0x0000fc12                ZDO_TaskHandler
 .text.APS_ZdoDataInd
                0x0000fc8e      0x160 ./../../../../BitCloud/lib/libBc_Coordinator_Atmega128rfa1_Atmega128rfa1_Gcc.a(zdo.o)
                0x0000fc8e                APS_ZdoDataInd
 .text.ZDO_ZdpReq
                0x0000fdee       0x64 ./../../../../BitCloud/lib/libBc_Coordinator_Atmega128rfa1_Atmega128rfa1_Gcc.a(zdo.o)
                0x0000fdee                ZDO_ZdpReq
 .text.zdoSendDeviceAnnce
                0x0000fe52       0xa0 ./../../../../BitCloud/lib/libBc_Coordinator_Atmega128rfa1_Atmega128rfa1_Gcc.a(zdo.o)
 .text.APS_StartConf
                0x0000fef2       0x2a ./../../../../BitCloud/lib/libBc_Coordinator_Atmega128rfa1_Atmega128rfa1_Gcc.a(zdo.o)
 .text.NWK_PermitJoinConf
                0x0000ff1c       0x48 ./../../../../BitCloud/lib/libBc_Coordinator_Atmega128rfa1_Atmega128rfa1_Gcc.a(zdo.o)
 .text.zdoSendDeviceAnnceConf
                0x0000ff64       0x34 ./../../../../BitCloud/lib/libBc_Coordinator_Atmega128rfa1_Atmega128rfa1_Gcc.a(zdo.o)
 .text.sendNwkUpdateNotify
                0x0000ff98       0x3e ./../../../../BitCloud/lib/libBc_Coordinator_Atmega128rfa1_Atmega128rfa1_Gcc.a(zdo.o)
 .text.zdoZdpFrameProcessorHandler
                0x0000ffd6     0x1500 ./../../../../BitCloud/lib/libBc_Coordinator_Atmega128rfa1_Atmega128rfa1_Gcc.a(zdo.o)
 .text.edScanConf
                0x000114d6       0x10 ./../../../../BitCloud/lib/libBc_Coordinator_Atmega128rfa1_Atmega128rfa1_Gcc.a(zdo.o)