Archive member included because of file (symbol)

./../../../../BitCloud/lib/libHAL_RcbAtm128rfa1_Atmega128rfa1_8Mhz_Gcc.a(appTimer.o)
                              All_Rcb_Atmega128rfa1_8Mhz_Gcc/Obj/pdsTimer.o (HAL_StartAppTimer)
./../../../../BitCloud/lib/libHAL_RcbAtm128rfa1_Atmega128rfa1_8Mhz_Gcc.a(halTaskManager.o)
                              All_Rcb_Atmega128rfa1_8Mhz_Gcc/Obj/usbFifoFT245RL.o (halTaskFlags4)
./../../../../BitCloud/lib/libHAL_RcbAtm128rfa1_Atmega128rfa1_8Mhz_Gcc.a(usart.o)
                              ./../../../../BitCloud/lib/libHAL_RcbAtm128rfa1_Atmega128rfa1_8Mhz_Gcc.a(halTaskManager.o) (halSigUsartHandler)
./../../../../BitCloud/lib/libHAL_RcbAtm128rfa1_Atmega128rfa1_8Mhz_Gcc.a(irq.o)
                              All_Rcb_Atmega128rfa1_8Mhz_Gcc/Obj/usbFifoFT245RL.o (HAL_RegisterIrq)
./../../../../BitCloud/lib/libHAL_RcbAtm128rfa1_Atmega128rfa1_8Mhz_Gcc.a(i2cPacket.o)
                              ./../../../../BitCloud/lib/libHAL_RcbAtm128rfa1_Atmega128rfa1_8Mhz_Gcc.a(halTaskManager.o) (halSig2WireSerialHandler)
./../../../../BitCloud/lib/libHAL_RcbAtm128rfa1_Atmega128rfa1_8Mhz_Gcc.a(eeprom.o)
                              All_Rcb_Atmega128rfa1_8Mhz_Gcc/Obj/pdsWriteData.o (HAL_ReadEeprom)
./../../../../BitCloud/lib/libHAL_RcbAtm128rfa1_Atmega128rfa1_8Mhz_Gcc.a(timer.o)
                              ./../../../../BitCloud/lib/libHAL_RcbAtm128rfa1_Atmega128rfa1_8Mhz_Gcc.a(appTimer.o) (halAddTimer)
./../../../../BitCloud/lib/libHAL_RcbAtm128rfa1_Atmega128rfa1_8Mhz_Gcc.a(adc.o)
                              ./../../../../BitCloud/lib/libHAL_RcbAtm128rfa1_Atmega128rfa1_8Mhz_Gcc.a(halTaskManager.o) (halSigAdcHandler)
./../../../../BitCloud/lib/libHAL_RcbAtm128rfa1_Atmega128rfa1_8Mhz_Gcc.a(spi.o)
                              ./../../../../BitCloud/lib/libHAL_RcbAtm128rfa1_Atmega128rfa1_8Mhz_Gcc.a(halTaskManager.o) (halSpiRxByteComplete)
./../../../../BitCloud/lib/libHAL_RcbAtm128rfa1_Atmega128rfa1_8Mhz_Gcc.a(halSleepTimerClock.o)
                              ./../../../../BitCloud/lib/libHAL_RcbAtm128rfa1_Atmega128rfa1_8Mhz_Gcc.a(appTimer.o) (halGetTimeOfSleepTimer)
./../../../../BitCloud/lib/libHAL_RcbAtm128rfa1_Atmega128rfa1_8Mhz_Gcc.a(halSecurityModule.o)
                              ./../../../../BitCloud/lib/libHAL_RcbAtm128rfa1_Atmega128rfa1_8Mhz_Gcc.a(halTaskManager.o) (halSmRequestHandler)
./../../../../BitCloud/lib/libHAL_RcbAtm128rfa1_Atmega128rfa1_8Mhz_Gcc.a(halAppClock.o)
                              ./../../../../BitCloud/lib/libHAL_RcbAtm128rfa1_Atmega128rfa1_8Mhz_Gcc.a(appTimer.o) (halGetTimeOfAppTimer)
./../../../../BitCloud/lib/libHAL_RcbAtm128rfa1_Atmega128rfa1_8Mhz_Gcc.a(halUsart.o)
                              ./../../../../BitCloud/lib/libHAL_RcbAtm128rfa1_Atmega128rfa1_8Mhz_Gcc.a(usart.o) (halSetUsartConfig)
./../../../../BitCloud/lib/libHAL_RcbAtm128rfa1_Atmega128rfa1_8Mhz_Gcc.a(halIrq.o)
                              ./../../../../BitCloud/lib/libHAL_RcbAtm128rfa1_Atmega128rfa1_8Mhz_Gcc.a(irq.o) (halSetIrqConfig)
./../../../../BitCloud/lib/libHAL_RcbAtm128rfa1_Atmega128rfa1_8Mhz_Gcc.a(halTwi.o)
                              ./../../../../BitCloud/lib/libHAL_RcbAtm128rfa1_Atmega128rfa1_8Mhz_Gcc.a(i2cPacket.o) (halInitI2c)
./../../../../BitCloud/lib/libHAL_RcbAtm128rfa1_Atmega128rfa1_8Mhz_Gcc.a(halEeprom.o)
                              ./../../../../BitCloud/lib/libHAL_RcbAtm128rfa1_Atmega128rfa1_8Mhz_Gcc.a(eeprom.o) (halEepromWrite)
./../../../../BitCloud/lib/libHAL_RcbAtm128rfa1_Atmega128rfa1_8Mhz_Gcc.a(halSleep.o)
                              ./../../../../BitCloud/lib/libHAL_RcbAtm128rfa1_Atmega128rfa1_8Mhz_Gcc.a(halSleepTimerClock.o) (halPowerOn)
./../../../../BitCloud/lib/libHAL_RcbAtm128rfa1_Atmega128rfa1_8Mhz_Gcc.a(halAdc.o)
                              ./../../../../BitCloud/lib/libHAL_RcbAtm128rfa1_Atmega128rfa1_8Mhz_Gcc.a(adc.o) (halOpenAdc)
./../../../../BitCloud/lib/libHAL_RcbAtm128rfa1_Atmega128rfa1_8Mhz_Gcc.a(halSpi.o)
                              ./../../../../BitCloud/lib/libHAL_RcbAtm128rfa1_Atmega128rfa1_8Mhz_Gcc.a(spi.o) (halSetUsartSpiConfig)
./../../../../BitCloud/lib/libHAL_RcbAtm128rfa1_Atmega128rfa1_8Mhz_Gcc.a(calibration.o)
                              ./../../../../BitCloud/lib/libHAL_RcbAtm128rfa1_Atmega128rfa1_8Mhz_Gcc.a(halSleep.o) (halStartingCalibrate)
./../../../../BitCloud/lib/libHAL_RcbAtm128rfa1_Atmega128rfa1_8Mhz_Gcc.a(halW1.o)
                              ./../../../../BitCloud/lib/libHAL_RcbAtm128rfa1_Atmega128rfa1_8Mhz_Gcc.a(halAdc.o) (__delay_us)
./../../../../BitCloud/lib/libHAL_RcbAtm128rfa1_Atmega128rfa1_8Mhz_Gcc.a(halCalibration.o)
                              ./../../../../BitCloud/lib/libHAL_RcbAtm128rfa1_Atmega128rfa1_8Mhz_Gcc.a(calibration.o) (halMeasurement)
./../../../../BitCloud/lib/libHAL_RcbAtm128rfa1_Atmega128rfa1_8Mhz_Gcc.a(sleepTimer.o)
                              ./../../../../BitCloud/lib/libHAL_RcbAtm128rfa1_Atmega128rfa1_8Mhz_Gcc.a(halTaskManager.o) (halAsyncTimerHandler)
[...]
Memory Configuration

Name             Origin             Length             Attributes
text             0x00000000         0x00020000         xr
data             0x00800190         0x00003e0c         rw !x
eeprom           0x00810000         0x00001000         rw !x
*default*        0x00000000         0xffffffff

Linker script and memory map

Address of section .data set to 0x800200
LOAD d:/program files/atmel/avr studio 5.1/extensions/atmel/avrgcc/3.3.1.27/avrtoolchain/bin/../lib/gcc/avr/4.5.1/../../../../avr/lib/avr51/crtm128rfa1.o

.text           0x00000000    0x16c4e
                0x00000000                PROVIDE (__text_start, .)
 *(.vectors)
 .vectors       0x00000000      0x120 d:/program files/atmel/avr studio 5.1/extensions/atmel/avrgcc/3.3.1.27/avrtoolchain/bin/../lib/gcc/avr/4.5.1/../../../../avr/lib/avr51/crtm128rfa1.o
                0x00000000                __vector_default
                0x00000000                __vectors
 *(.vectors)
                0x00000120                PROVIDE (__pds_ff_start, .)
 *(.pds_ff)
 .pds_ff        0x00000120       0x8a All_Rcb_Atmega128rfa1_8Mhz_Gcc/Obj/csPersistentMem.o
                0x00000120                csGeneralFileDescriptors
                0x00000180                csExtendedFileDescriptors
                0x00000198                csNeighborTableFileDescriptor
                0x0000019e                csGroupTableFileDescriptor
                0x000001a4                csBindingTableFileDescriptor
                0x000001aa                PROVIDE (__pds_ff_end, .)
                0x000001aa                PROVIDE (__pds_fd_start, .)
 *(.pds_fd)
 .pds_fd        0x000001aa       0x24 All_Rcb_Atmega128rfa1_8Mhz_Gcc/Obj/csPersistentMem.o
                0x000001aa                csGeneralParamsDirDescr
                0x000001b0                csExtendedParamsDirDescr
                0x000001b6                csNwkSecurityTablesDirDescr
                0x000001bc                BCSystemDirDescr
                0x000001c2                BCExtGenParamsDirDescr
                0x000001c8                BCRejoinParamsDirDescr
                0x000001ce                PROVIDE (__pds_fd_end, .)
 *(.progmem.gcc*)
 .progmem.gcc_sw_table
                0x000001ce       0x58 ./../../../../BitCloud/lib/libBc_All_Atmega128rfa1_Atmega128rfa1_Gcc.a(zdo.o)
 .progmem.gcc_sw_table
                0x00000226      0x110 ./../../../../BitCloud/lib/libBc_All_Atmega128rfa1_Atmega128rfa1_Gcc.a(macenvPib.o)
 .progmem.gcc_sw_table
                0x00000336       0x28 ./../../../../BitCloud/lib/libBc_All_Atmega128rfa1_Atmega128rfa1_Gcc.a(machwdManager.o)
 .progmem.gcc_sw_table
                0x0000035e       0x3c ./../../../../BitCloud/lib/libBc_All_Atmega128rfa1_Atmega128rfa1_Gcc.a(machwiManager.o)
 .progmem.gcc_sw_table
                0x0000039a       0x16 ./../../../../BitCloud/lib/libBc_All_Atmega128rfa1_Atmega128rfa1_Gcc.a(machwiPanServer.o)
 .progmem.gcc_sw_table
                0x000003b0       0x20 ./../../../../BitCloud/lib/libBc_All_Atmega128rfa1_Atmega128rfa1_Gcc.a(machwiScanHandler.o)
 .progmem.gcc_sw_table
                0x000003d0       0x56 ./../../../../BitCloud/lib/libBc_All_Atmega128rfa1_Atmega128rfa1_Gcc.a(nwk.o)
 .progmem.gcc_sw_table
                0x00000426       0x26 ./../../../../BitCloud/lib/libBc_All_Atmega128rfa1_Atmega128rfa1_Gcc.a(machwdFrameRoutine.o)
 *(.progmem*)
 .progmem.data  0x0000044c       0xa4 All_Rcb_Atmega128rfa1_8Mhz_Gcc/Obj/csPersistentMem.o
                0x0000044c                CsGeneralMemoryIdsTable
                0x0000046c                CsExtendedMemoryIdsTable
                0x00000474                CsNwkSecurityMemoryIdsTable
                0x00000478                BCSystemMemoryIdsTable
                0x000004a6                BCExtGenParamsMemoryIdsTable
                0x000004ce                BCRejoinParamsMemoryIdsTable
 .progmem.data  0x000004f0      0x25e All_Rcb_Atmega128rfa1_8Mhz_Gcc/Obj/csMem.o
                0x000004f0                defaultNIB
                0x00000576                defaultZIB
                0x000005a5                defaultAIB
                0x000005a7                defaultSIB
                0x000005e3                csReadOnlyItems
                0x00000602                csMemoryItems
 .progmem.data  0x0000074e        0xc ./../../../../BitCloud/lib/libHAL_RcbAtm128rfa1_Atmega128rfa1_8Mhz_Gcc.a(usart.o)
 .progmem.data  0x0000075a       0x10 ./../../../../BitCloud/lib/libBc_All_Atmega128rfa1_Atmega128rfa1_Gcc.a(aps.o)
 .progmem.data  0x0000076a      0x132 ./../../../../BitCloud/lib/libBc_All_Atmega128rfa1_Atmega128rfa1_Gcc.a(nwk.o)
                0x0000089c                . = ALIGN (0x2)
 *(.trampolines*)
 .trampolines   0x0000089c        0x0 linker stubs
 *(.jumptables*)
 *(.lowtext*)
 *(.init0)
 .init0         0x0000089c        0x0 d:/program files/atmel/avr studio 5.1/extensions/atmel/avrgcc/3.3.1.27/avrtoolchain/bin/../lib/gcc/avr/4.5.1/../../../../avr/lib/avr51/crtm128rfa1.o
                0x0000089c                __init
 .init0         0x0000089c       0x30 ./../../../../BitCloud/lib/WdtInitatmega128rfa1_Gcc.o
                0x0000089c                halWdtInit
 *(.init0)
 *(.init1)
 *(.init1)
 *(.init2)
 .init2         0x000008cc        0xc d:/program files/atmel/avr studio 5.1/extensions/atmel/avrgcc/3.3.1.27/avrtoolchain/bin/../lib/gcc/avr/4.5.1/../../../../avr/lib/avr51/crtm128rfa1.o
 *(.init2)
 *(.init3)
 *(.init3)
 *(.init4)
 .init4         0x000008d8       0x1a d:/program files/atmel/avr studio 5.1/extensions/atmel/avrgcc/3.3.1.27/avrtoolchain/bin/../lib/gcc/avr/4.5.1/avr51\libgcc.a(_copy_data.o)
                0x000008d8                __do_copy_data
 .init4         0x000008f2       0x10 d:/program files/atmel/avr studio 5.1/extensions/atmel/avrgcc/3.3.1.27/avrtoolchain/bin/../lib/gcc/avr/4.5.1/avr51\libgcc.a(_clear_bss.o)
                0x000008f2                __do_clear_bss
 *(.init4)
 *(.init5)
 *(.init5)
 *(.init6)
 *(.init6)
 *(.init7)
 *(.init7)
 *(.init8)
 *(.init8)
 *(.text.main)
 .text.main     0x00000902        0xa All_Rcb_Atmega128rfa1_8Mhz_Gcc/Obj/blink.o
                0x00000902                main
 *(.text.main)
 *(.text)
 .text          0x0000090c        0x4 d:/program files/atmel/avr studio 5.1/extensions/atmel/avrgcc/3.3.1.27/avrtoolchain/bin/../lib/gcc/avr/4.5.1/../../../../avr/lib/avr51/crtm128rfa1.o
                0x0000090c                __vector_22
                0x0000090c                __vector_28
                0x0000090c                __vector_67
                0x0000090c                __vector_32
                0x0000090c                __vector_71
                0x0000090c                __vector_34
                0x0000090c                __vector_62
                0x0000090c                __vector_12
                0x0000090c                __vector_55
                0x0000090c                __vector_69
                0x0000090c                __vector_46
                0x0000090c                __bad_interrupt
                0x0000090c                __vector_31
                0x0000090c                __vector_35
                0x0000090c                __vector_23
                0x0000090c                __vector_68
                0x0000090c                __vector_45
                0x0000090c                __vector_61
                0x0000090c                __vector_11
                0x0000090c                __vector_54
                0x0000090c                __vector_17
                0x0000090c                __vector_19
                0x0000090c                __vector_56
                0x0000090c                __vector_49
                0x0000090c                __vector_41
                0x0000090c                __vector_64
                0x0000090c                __vector_33
                0x0000090c                __vector_47
                0x0000090c                __vector_52
                0x0000090c                __vector_44
                0x0000090c                __vector_51
                0x0000090c                __vector_9
                0x0000090c                __vector_21
                0x0000090c                __vector_66
                0x0000090c                __vector_58
                0x0000090c                __vector_70
                0x0000090c                __vector_40
                0x0000090c                __vector_48
                0x0000090c                __vector_14
                0x0000090c                __vector_57
                0x0000090c                __vector_53
                0x0000090c                __vector_10
                0x0000090c                __vector_50
                0x0000090c                __vector_16
                0x0000090c                __vector_59
                0x0000090c                __vector_18
                0x0000090c                __vector_20
                0x0000090c                __vector_65
 .text          0x00000910       0xce ./../../../../BitCloud/lib/libHAL_RcbAtm128rfa1_Atmega128rfa1_8Mhz_Gcc.a(halW1.o)
                0x00000910                halResetW1
                0x00000944                halReadW1Bit
                0x00000974                halReadW1
                0x00000990                halWriteW1bit
                0x000009bc                halWriteW1
                0x000009ce                __delay_us
 .text          0x000009de       0x3a ./../../../../BitCloud/lib/libHAL_RcbAtm128rfa1_Atmega128rfa1_8Mhz_Gcc.a(halCalibration.o)
                0x000009de                halMeasurement
 .text          0x00000a18       0xe2 d:/program files/atmel/avr studio 5.1/extensions/atmel/avrgcc/3.3.1.27/avrtoolchain/bin/../lib/gcc/avr/4.5.1/avr51\libgcc.a(_ashldi3.o)
                0x00000a18                __ashldi3
 *(.text.*)
 .text.APL_TaskHandler
                0x00000afa        0x2 All_Rcb_Atmega128rfa1_8Mhz_Gcc/Obj/blink.o
                0x00000afa                APL_TaskHandler
 .text.ZDO_MgmtNwkUpdateNotf
                0x00000afc        0x2 All_Rcb_Atmega128rfa1_8Mhz_Gcc/Obj/blink.o
                0x00000afc                ZDO_MgmtNwkUpdateNotf
 .text.ZDO_WakeUpInd
                0x00000afe        0x2 All_Rcb_Atmega128rfa1_8Mhz_Gcc/Obj/blink.o
                0x00000afe                ZDO_WakeUpInd
 .text.ZDO_BindIndication
                0x00000b00        0x2 All_Rcb_Atmega128rfa1_8Mhz_Gcc/Obj/blink.o
                0x00000b00                ZDO_BindIndication
 .text.ZDO_UnbindIndication
                0x00000b02        0x2 All_Rcb_Atmega128rfa1_8Mhz_Gcc/Obj/blink.o
                0x00000b02                ZDO_UnbindIndication
 .text.pdsDummyCallback
                0x00000b04        0x2 All_Rcb_Atmega128rfa1_8Mhz_Gcc/Obj/pdsWriteData.o
                0x00000b04                pdsDummyCallback
 .text.pdsAddDataForCommitment
                0x00000b06       0x70 All_Rcb_Atmega128rfa1_8Mhz_Gcc/Obj/pdsWriteData.o
                0x00000b06                pdsAddDataForCommitment
 .text.pdsWaitMemoryFree
                0x00000b76       0x10 All_Rcb_Atmega128rfa1_8Mhz_Gcc/Obj/pdsWriteData.o
                0x00000b76                pdsWaitMemoryFree
 .text.pdsRead  0x00000b86       0x3e All_Rcb_Atmega128rfa1_8Mhz_Gcc/Obj/pdsWriteData.o
                0x00000b86                pdsRead
 .text.pdsWrite
                0x00000bc4       0x3e All_Rcb_Atmega128rfa1_8Mhz_Gcc/Obj/pdsWriteData.o
                0x00000bc4                pdsWrite
 .text.pdsStartCommitment
                0x00000c02      0x1e6 All_Rcb_Atmega128rfa1_8Mhz_Gcc/Obj/pdsWriteData.o
                0x00000c02                pdsStartCommitment
 .text.pdsMemMaskIsAnyBitSet
                0x00000de8       0x1c All_Rcb_Atmega128rfa1_8Mhz_Gcc/Obj/pdsDataServer.o
 .text.pdsInitMemMask
                0x00000e04       0x3c All_Rcb_Atmega128rfa1_8Mhz_Gcc/Obj/pdsDataServer.o
 .text.pdsGetMemoryAllowed
                0x00000e40       0x38 All_Rcb_Atmega128rfa1_8Mhz_Gcc/Obj/pdsDataServer.o
 .text.PDS_Store
                0x00000e78       0x14 All_Rcb_Atmega128rfa1_8Mhz_Gcc/Obj/pdsDataServer.o
                0x00000e78                PDS_Store
 .text.PDS_IsMemoryRestored
                0x00000e8c       0x54 All_Rcb_Atmega128rfa1_8Mhz_Gcc/Obj/pdsDataServer.o
                0x00000e8c                PDS_IsMemoryRestored
 .text.PDS_Init
                0x00000ee0      0x226 All_Rcb_Atmega128rfa1_8Mhz_Gcc/Obj/pdsInit.o
                0x00000ee0                PDS_Init
 .text.pdsTimerFired
                0x00001106        0xe All_Rcb_Atmega128rfa1_8Mhz_Gcc/Obj/pdsTimer.o
 .text.pdsTimerInit
                0x00001114       0x12 All_Rcb_Atmega128rfa1_8Mhz_Gcc/Obj/pdsTimer.o
                0x00001114                pdsTimerInit
 .text.pdsGetFileDescrRec
                0x00001126       0x66 All_Rcb_Atmega128rfa1_8Mhz_Gcc/Obj/pdsMemAccess.o
                0x00001126                pdsGetFileDescrRec
 .text.pdsGetFileOffset
                0x0000118c      0x112 All_Rcb_Atmega128rfa1_8Mhz_Gcc/Obj/pdsMemAccess.o
                0x0000118c                pdsGetFileOffset
 .text.pdsPrepareMemoryAccess
                0x0000129e       0xc0 All_Rcb_Atmega128rfa1_8Mhz_Gcc/Obj/pdsMemAccess.o
                0x0000129e                pdsPrepareMemoryAccess
 .text.pdsExpandMemoryMask
                0x0000135e      0x162 All_Rcb_Atmega128rfa1_8Mhz_Gcc/Obj/pdsMemAccess.o
                0x0000135e                pdsExpandMemoryMask
 .text.pdsPrepareAccessContext
                0x000014c0       0x40 All_Rcb_Atmega128rfa1_8Mhz_Gcc/Obj/pdsMemAccess.o
                0x000014c0                pdsPrepareAccessContext
 .text.pdsCalculateRAMDataCrc
                0x00001500       0x1c All_Rcb_Atmega128rfa1_8Mhz_Gcc/Obj/pdsCrcService.o
                0x00001500                pdsCalculateRAMDataCrc
 .text.pdsCheckFile
                0x0000151c       0xc8 All_Rcb_Atmega128rfa1_8Mhz_Gcc/Obj/pdsCrcService.o
                0x0000151c                pdsCheckFile
 .text.pdsCheckStorage
                0x000015e4       0x8e All_Rcb_Atmega128rfa1_8Mhz_Gcc/Obj/pdsCrcService.o
                0x000015e4                pdsCheckStorage
 .text.BSP_TaskHandler
                0x00001672       0x7a All_Rcb_Atmega128rfa1_8Mhz_Gcc/Obj/bspTaskManager.o
                0x00001672                BSP_TaskHandler
 .text.bspButtonsHandler
                0x000016ec       0x88 All_Rcb_Atmega128rfa1_8Mhz_Gcc/Obj/buttons.o
                0x000016ec                bspButtonsHandler
 .text.bspTemperatureSensorHandler
                0x00001774       0x12 All_Rcb_Atmega128rfa1_8Mhz_Gcc/Obj/fakeBSP.o
                0x00001774                bspTemperatureSensorHandler
 .text.bspLightSensorHandler
                0x00001786       0x12 All_Rcb_Atmega128rfa1_8Mhz_Gcc/Obj/fakeBSP.o
                0x00001786                bspLightSensorHandler
 .text.bspEmptyBatteryHandler
                0x00001798       0x10 All_Rcb_Atmega128rfa1_8Mhz_Gcc/Obj/fakeBSP.o
                0x00001798                bspEmptyBatteryHandler
 .text.csSetToDefault
                0x000017a8       0x6a All_Rcb_Atmega128rfa1_8Mhz_Gcc/Obj/csMem.o
                0x000017a8                csSetToDefault
 .text.csGetItem
                0x00001812       0x38 All_Rcb_Atmega128rfa1_8Mhz_Gcc/Obj/configServer.o
 .text.CS_Init  0x0000184a        0xa All_Rcb_Atmega128rfa1_8Mhz_Gcc/Obj/configServer.o
                0x0000184a                CS_Init
 .text.CS_ReadParameter
                0x00001854       0x36 All_Rcb_Atmega128rfa1_8Mhz_Gcc/Obj/configServer.o
                0x00001854                CS_ReadParameter
 .text.CS_WriteParameter
                0x0000188a       0x34 All_Rcb_Atmega128rfa1_8Mhz_Gcc/Obj/configServer.o
                0x0000188a                CS_WriteParameter
 .text.CS_GetMemory
                0x000018be       0x18 All_Rcb_Atmega128rfa1_8Mhz_Gcc/Obj/configServer.o
                0x000018be                CS_GetMemory
 .text.halAppTimerHandler
                0x000018d6       0x8a ./../../../../BitCloud/lib/libHAL_RcbAtm128rfa1_Atmega128rfa1_8Mhz_Gcc.a(appTimer.o)
                0x000018d6                halAppTimerHandler
 .text.HAL_StartAppTimer
                0x00001960       0x58 ./../../../../BitCloud/lib/libHAL_RcbAtm128rfa1_Atmega128rfa1_8Mhz_Gcc.a(appTimer.o)
                0x00001960                HAL_StartAppTimer
 .text.HAL_StopAppTimer
                0x000019b8       0x4a ./../../../../BitCloud/lib/libHAL_RcbAtm128rfa1_Atmega128rfa1_8Mhz_Gcc.a(appTimer.o)
                0x000019b8                HAL_StopAppTimer
 .text.HAL_GetSystemTime
                0x00001a02       0x4e ./../../../../BitCloud/lib/libHAL_RcbAtm128rfa1_Atmega128rfa1_8Mhz_Gcc.a(appTimer.o)
                0x00001a02                HAL_GetSystemTime
 .text.HAL_TaskHandler
                0x00001a50      0x1b2 ./../../../../BitCloud/lib/libHAL_RcbAtm128rfa1_Atmega128rfa1_8Mhz_Gcc.a(halTaskManager.o)
                0x00001a50                HAL_TaskHandler
 .text.halUsartHwController
                0x00001c02       0x9a ./../../../../BitCloud/lib/libHAL_RcbAtm128rfa1_Atmega128rfa1_8Mhz_Gcc.a(usart.o)
 .text.halSigUsartReceptionComplete
                0x00001c9c       0x54 ./../../../../BitCloud/lib/libHAL_RcbAtm128rfa1_Atmega128rfa1_8Mhz_Gcc.a(usart.o)
 .text.halUsartTaskUsart0Dre
                0x00001cf0        0x8 ./../../../../BitCloud/lib/libHAL_RcbAtm128rfa1_Atmega128rfa1_8Mhz_Gcc.a(usart.o)
 .text.halUsartTaskUsart0Rxc
                0x00001cf8        0x8 ./../../../../BitCloud/lib/libHAL_RcbAtm128rfa1_Atmega128rfa1_8Mhz_Gcc.a(usart.o)
 .text.halUsartTaskUsart1Dre
                0x00001d00        0x8 ./../../../../BitCloud/lib/libHAL_RcbAtm128rfa1_Atmega128rfa1_8Mhz_Gcc.a(usart.o)
 .text.halUsartTaskUsart1Rxc
                0x00001d08        0x8 ./../../../../BitCloud/lib/libHAL_RcbAtm128rfa1_Atmega128rfa1_8Mhz_Gcc.a(usart.o)
 .text.halSigUsartHandler
                0x00001d10       0x6e ./../../../../BitCloud/lib/libHAL_RcbAtm128rfa1_Atmega128rfa1_8Mhz_Gcc.a(usart.o)
                0x00001d10                halSigUsartHandler
 .text.halPostUsartTask
                0x00001d7e       0x3c ./../../../../BitCloud/lib/libHAL_RcbAtm128rfa1_Atmega128rfa1_8Mhz_Gcc.a(usart.o)
                0x00001d7e                halPostUsartTask
 .text.halUsartRxBufferFiller
                0x00001dba       0xa4 ./../../../../BitCloud/lib/libHAL_RcbAtm128rfa1_Atmega128rfa1_8Mhz_Gcc.a(usart.o)
                0x00001dba                halUsartRxBufferFiller
 .text.halSigUsartTransmissionComplete
                0x00001e5e       0x68 ./../../../../BitCloud/lib/libHAL_RcbAtm128rfa1_Atmega128rfa1_8Mhz_Gcc.a(usart.o)
                0x00001e5e                halSigUsartTransmissionComplete
 .text.halUsartTaskUsart1Txc
                0x00001ec6        0x8 ./../../../../BitCloud/lib/libHAL_RcbAtm128rfa1_Atmega128rfa1_8Mhz_Gcc.a(usart.o)
 .text.halUsartTaskUsart0Txc
                0x00001ece        0x8 ./../../../../BitCloud/lib/libHAL_RcbAtm128rfa1_Atmega128rfa1_8Mhz_Gcc.a(usart.o)
 .text.HAL_EnableIrq
                0x00001ed6       0x3c ./../../../../BitCloud/lib/libHAL_RcbAtm128rfa1_Atmega128rfa1_8Mhz_Gcc.a(irq.o)
                0x00001ed6                HAL_EnableIrq
 .text.halI2cBusReset
                0x00001f12       0x36 ./../../../../BitCloud/lib/libHAL_RcbAtm128rfa1_Atmega128rfa1_8Mhz_Gcc.a(i2cPacket.o)
                0x00001f12                halI2cBusReset
 .text.halSendStartDoneI2c
                0x00001f48       0x3e ./../../../../BitCloud/lib/libHAL_RcbAtm128rfa1_Atmega128rfa1_8Mhz_Gcc.a(i2cPacket.o)
                0x00001f48                halSendStartDoneI2c
 .text.halWriteData
                0x00001f86       0x64 ./../../../../BitCloud/lib/libHAL_RcbAtm128rfa1_Atmega128rfa1_8Mhz_Gcc.a(i2cPacket.o)
                0x00001f86                halWriteData
 .text.halWriteInternalAddress
                0x00001fea       0x5c ./../../../../BitCloud/lib/libHAL_RcbAtm128rfa1_Atmega128rfa1_8Mhz_Gcc.a(i2cPacket.o)
                0x00001fea                halWriteInternalAddress
 .text.halWriteDoneI2c
                0x00002046       0x3a ./../../../../BitCloud/lib/libHAL_RcbAtm128rfa1_Atmega128rfa1_8Mhz_Gcc.a(i2cPacket.o)
                0x00002046                halWriteDoneI2c
 .text.halMasterReadWriteAddressAckI2c
                0x00002080       0x3c ./../../../../BitCloud/lib/libHAL_RcbAtm128rfa1_Atmega128rfa1_8Mhz_Gcc.a(i2cPacket.o)
                0x00002080                halMasterReadWriteAddressAckI2c
 .text.halReadDoneI2c
                0x000020bc       0x58 ./../../../../BitCloud/lib/libHAL_RcbAtm128rfa1_Atmega128rfa1_8Mhz_Gcc.a(i2cPacket.o)
                0x000020bc                halReadDoneI2c
 .text.halReadLastByteDoneI2c
                0x00002114       0x58 ./../../../../BitCloud/lib/libHAL_RcbAtm128rfa1_Atmega128rfa1_8Mhz_Gcc.a(i2cPacket.o)
                0x00002114                halReadLastByteDoneI2c
 .text.halSig2WireSerialHandler
                0x0000216c       0x46 ./../../../../BitCloud/lib/libHAL_RcbAtm128rfa1_Atmega128rfa1_8Mhz_Gcc.a(i2cPacket.o)
                0x0000216c                halSig2WireSerialHandler
 .text.HAL_ReadEeprom
                0x000021b2       0xc8 ./../../../../BitCloud/lib/libHAL_RcbAtm128rfa1_Atmega128rfa1_8Mhz_Gcc.a(eeprom.o)
                0x000021b2                HAL_ReadEeprom
 .text.HAL_WriteEeprom
                0x0000227a       0xea ./../../../../BitCloud/lib/libHAL_RcbAtm128rfa1_Atmega128rfa1_8Mhz_Gcc.a(eeprom.o)
                0x0000227a                HAL_WriteEeprom
 .text.HAL_IsEepromBusy
                0x00002364        0xe ./../../../../BitCloud/lib/libHAL_RcbAtm128rfa1_Atmega128rfa1_8Mhz_Gcc.a(eeprom.o)
                0x00002364                HAL_IsEepromBusy
 .text.halSigEepromReadyHandler
                0x00002372       0x60 ./../../../../BitCloud/lib/libHAL_RcbAtm128rfa1_Atmega128rfa1_8Mhz_Gcc.a(eeprom.o)
                0x00002372                halSigEepromReadyHandler
 .text.halAddTimer
                0x000023d2      0x370 ./../../../../BitCloud/lib/libHAL_RcbAtm128rfa1_Atmega128rfa1_8Mhz_Gcc.a(timer.o)
                0x000023d2                halAddTimer
 .text.halRemoveTimer
                0x00002742       0x3e ./../../../../BitCloud/lib/libHAL_RcbAtm128rfa1_Atmega128rfa1_8Mhz_Gcc.a(timer.o)
                0x00002742                halRemoveTimer
 .text.halFindPrevTimer
                0x00002780       0x1e ./../../../../BitCloud/lib/libHAL_RcbAtm128rfa1_Atmega128rfa1_8Mhz_Gcc.a(timer.o)
                0x00002780                halFindPrevTimer
 .text.halSigAdcHandler
                0x0000279e       0x16 ./../../../../BitCloud/lib/libHAL_RcbAtm128rfa1_Atmega128rfa1_8Mhz_Gcc.a(adc.o)
                0x0000279e                halSigAdcHandler
 .text.halClearRealSpi
                0x000027b4        0x8 ./../../../../BitCloud/lib/libHAL_RcbAtm128rfa1_Atmega128rfa1_8Mhz_Gcc.a(spi.o)
 .text.halSpiTxByteComplete
                0x000027bc       0x32 ./../../../../BitCloud/lib/libHAL_RcbAtm128rfa1_Atmega128rfa1_8Mhz_Gcc.a(spi.o)
                0x000027bc                halSpiTxByteComplete
 .text.halSpiRxBufferFiller
                0x000027ee       0x58 ./../../../../BitCloud/lib/libHAL_RcbAtm128rfa1_Atmega128rfa1_8Mhz_Gcc.a(spi.o)
                0x000027ee                halSpiRxBufferFiller
 .text.halSpiRxByteComplete
                0x00002846       0x24 ./../../../../BitCloud/lib/libHAL_RcbAtm128rfa1_Atmega128rfa1_8Mhz_Gcc.a(spi.o)
                0x00002846                halSpiRxByteComplete
 .text.halClearTimeControl
                0x0000286a       0x14 ./../../../../BitCloud/lib/libHAL_RcbAtm128rfa1_Atmega128rfa1_8Mhz_Gcc.a(halSleepTimerClock.o)
                0x0000286a                halClearTimeControl
 .text.halWakeupFromIrq
                0x0000287e       0x28 ./../../../../BitCloud/lib/libHAL_RcbAtm128rfa1_Atmega128rfa1_8Mhz_Gcc.a(halSleepTimerClock.o)
                0x0000287e                halWakeupFromIrq
 .text.halStartSleepTimerClock
                0x000028a6       0x48 ./../../../../BitCloud/lib/libHAL_RcbAtm128rfa1_Atmega128rfa1_8Mhz_Gcc.a(halSleepTimerClock.o)
                0x000028a6                halStartSleepTimerClock
 .text.halStopSleepTimerClock
                0x000028ee       0x42 ./../../../../BitCloud/lib/libHAL_RcbAtm128rfa1_Atmega128rfa1_8Mhz_Gcc.a(halSleepTimerClock.o)
                0x000028ee                halStopSleepTimerClock
 .text.halSetSleepTimerInterval
                0x00002930       0x6a ./../../../../BitCloud/lib/libHAL_RcbAtm128rfa1_Atmega128rfa1_8Mhz_Gcc.a(halSleepTimerClock.o)
                0x00002930                halSetSleepTimerInterval
 .text.halGetTimeOfSleepTimer
                0x0000299a       0xbc ./../../../../BitCloud/lib/libHAL_RcbAtm128rfa1_Atmega128rfa1_8Mhz_Gcc.a(halSleepTimerClock.o)
                0x0000299a                halGetTimeOfSleepTimer
 .text.halSleepTimerFrequency
                0x00002a56        0xa ./../../../../BitCloud/lib/libHAL_RcbAtm128rfa1_Atmega128rfa1_8Mhz_Gcc.a(halSleepTimerClock.o)
                0x00002a56                halSleepTimerFrequency
 .text.halSleepSystemTimeSynchronize
                0x00002a60       0x62 ./../../../../BitCloud/lib/libHAL_RcbAtm128rfa1_Atmega128rfa1_8Mhz_Gcc.a(halSleepTimerClock.o)
                0x00002a60                halSleepSystemTimeSynchronize
 .text.__vector_13
                0x00002ac2       0x92 ./../../../../BitCloud/lib/libHAL_RcbAtm128rfa1_Atmega128rfa1_8Mhz_Gcc.a(halSleepTimerClock.o)
                0x00002ac2                __vector_13
 .text.__vector_15
                0x00002b54      0x10a ./../../../../BitCloud/lib/libHAL_RcbAtm128rfa1_Atmega128rfa1_8Mhz_Gcc.a(halSleepTimerClock.o)
                0x00002b54                __vector_15
 .text.halSmRequestHandler
                0x00002c5e      0x15c ./../../../../BitCloud/lib/libHAL_RcbAtm128rfa1_Atmega128rfa1_8Mhz_Gcc.a(halSecurityModule.o)
                0x00002c5e                halSmRequestHandler
 .text.halInitAppClock
                0x00002dba       0x26 ./../../../../BitCloud/lib/libHAL_RcbAtm128rfa1_Atmega128rfa1_8Mhz_Gcc.a(halAppClock.o)
                0x00002dba                halInitAppClock
 .text.halAdjustSleepInterval
                0x00002de0       0x50 ./../../../../BitCloud/lib/libHAL_RcbAtm128rfa1_Atmega128rfa1_8Mhz_Gcc.a(halAppClock.o)
                0x00002de0                halAdjustSleepInterval
 .text.halAppSystemTimeSynchronize
                0x00002e30       0x62 ./../../../../BitCloud/lib/libHAL_RcbAtm128rfa1_Atmega128rfa1_8Mhz_Gcc.a(halAppClock.o)
                0x00002e30                halAppSystemTimeSynchronize
 .text.halGetTimeOfAppTimer
                0x00002e92       0x16 ./../../../../BitCloud/lib/libHAL_RcbAtm128rfa1_Atmega128rfa1_8Mhz_Gcc.a(halAppClock.o)
                0x00002e92                halGetTimeOfAppTimer
 .text.__vector_42
                0x00002ea8       0x4c ./../../../../BitCloud/lib/libHAL_RcbAtm128rfa1_Atmega128rfa1_8Mhz_Gcc.a(halAppClock.o)
                0x00002ea8                __vector_42
 .text.__vector_26
                0x00002ef4       0x5c ./../../../../BitCloud/lib/libHAL_RcbAtm128rfa1_Atmega128rfa1_8Mhz_Gcc.a(halUsart.o)
                0x00002ef4                __vector_26
 .text.__vector_27
                0x00002f50       0x5c ./../../../../BitCloud/lib/libHAL_RcbAtm128rfa1_Atmega128rfa1_8Mhz_Gcc.a(halUsart.o)
                0x00002f50                __vector_27
 .text.__vector_25
                0x00002fac       0x64 ./../../../../BitCloud/lib/libHAL_RcbAtm128rfa1_Atmega128rfa1_8Mhz_Gcc.a(halUsart.o)
                0x00002fac                __vector_25
 .text.__vector_37
                0x00003010       0x5c ./../../../../BitCloud/lib/libHAL_RcbAtm128rfa1_Atmega128rfa1_8Mhz_Gcc.a(halUsart.o)
                0x00003010                __vector_37
 .text.__vector_38
                0x0000306c       0x5c ./../../../../BitCloud/lib/libHAL_RcbAtm128rfa1_Atmega128rfa1_8Mhz_Gcc.a(halUsart.o)
                0x0000306c                __vector_38
 .text.__vector_36
                0x000030c8       0x64 ./../../../../BitCloud/lib/libHAL_RcbAtm128rfa1_Atmega128rfa1_8Mhz_Gcc.a(halUsart.o)
                0x000030c8                __vector_36
 .text.__vector_1
                0x0000312c       0x5a ./../../../../BitCloud/lib/libHAL_RcbAtm128rfa1_Atmega128rfa1_8Mhz_Gcc.a(halIrq.o)
                0x0000312c                __vector_1
 .text.__vector_2
                0x00003186       0x5a ./../../../../BitCloud/lib/libHAL_RcbAtm128rfa1_Atmega128rfa1_8Mhz_Gcc.a(halIrq.o)
                0x00003186                __vector_2
 .text.__vector_3
                0x000031e0       0x5a ./../../../../BitCloud/lib/libHAL_RcbAtm128rfa1_Atmega128rfa1_8Mhz_Gcc.a(halIrq.o)
                0x000031e0                __vector_3
 .text.__vector_4
                0x0000323a       0x5a ./../../../../BitCloud/lib/libHAL_RcbAtm128rfa1_Atmega128rfa1_8Mhz_Gcc.a(halIrq.o)
                0x0000323a                __vector_4
 .text.__vector_5
                0x00003294       0x5a ./../../../../BitCloud/lib/libHAL_RcbAtm128rfa1_Atmega128rfa1_8Mhz_Gcc.a(halIrq.o)
                0x00003294                __vector_5
 .text.__vector_6
                0x000032ee       0x5a ./../../../../BitCloud/lib/libHAL_RcbAtm128rfa1_Atmega128rfa1_8Mhz_Gcc.a(halIrq.o)
                0x000032ee                __vector_6
 .text.__vector_7
                0x00003348       0x5a ./../../../../BitCloud/lib/libHAL_RcbAtm128rfa1_Atmega128rfa1_8Mhz_Gcc.a(halIrq.o)
                0x00003348                __vector_7
 .text.__vector_8
                0x000033a2       0x5a ./../../../../BitCloud/lib/libHAL_RcbAtm128rfa1_Atmega128rfa1_8Mhz_Gcc.a(halIrq.o)
                0x000033a2                __vector_8
 .text.__vector_39
                0x000033fc       0xda ./../../../../BitCloud/lib/libHAL_RcbAtm128rfa1_Atmega128rfa1_8Mhz_Gcc.a(halTwi.o)
                0x000033fc                __vector_39
 .text.halEepromWrite
                0x000034d6       0x1c ./../../../../BitCloud/lib/libHAL_RcbAtm128rfa1_Atmega128rfa1_8Mhz_Gcc.a(halEeprom.o)
                0x000034d6                halEepromWrite
 .text.__vector_30
                0x000034f2       0x44 ./../../../../BitCloud/lib/libHAL_RcbAtm128rfa1_Atmega128rfa1_8Mhz_Gcc.a(halEeprom.o)
                0x000034f2                __vector_30
 .text.halPowerOn
                0x00003536       0x3e ./../../../../BitCloud/lib/libHAL_RcbAtm128rfa1_Atmega128rfa1_8Mhz_Gcc.a(halSleep.o)
                0x00003536                halPowerOn
 .text.halPowerOff
                0x00003574       0x9a ./../../../../BitCloud/lib/libHAL_RcbAtm128rfa1_Atmega128rfa1_8Mhz_Gcc.a(halSleep.o)
                0x00003574                halPowerOff
 .text.HAL_Sleep
                0x0000360e       0x40 ./../../../../BitCloud/lib/libHAL_RcbAtm128rfa1_Atmega128rfa1_8Mhz_Gcc.a(halSleep.o)
                0x0000360e                HAL_Sleep
 .text.halWakeupHandler
                0x0000364e       0x6a ./../../../../BitCloud/lib/libHAL_RcbAtm128rfa1_Atmega128rfa1_8Mhz_Gcc.a(halSleep.o)
                0x0000364e                halWakeupHandler
 .text.__vector_29
                0x000036b8       0xcc ./../../../../BitCloud/lib/libHAL_RcbAtm128rfa1_Atmega128rfa1_8Mhz_Gcc.a(halAdc.o)
                0x000036b8                __vector_29
 .text.__vector_24
                0x00003784       0x8c ./../../../../BitCloud/lib/libHAL_RcbAtm128rfa1_Atmega128rfa1_8Mhz_Gcc.a(halSpi.o)
                0x00003784                __vector_24
 .text.halCalibrateInternalRc
                0x00003810       0xda ./../../../../BitCloud/lib/libHAL_RcbAtm128rfa1_Atmega128rfa1_8Mhz_Gcc.a(calibration.o)
                0x00003810                halCalibrateInternalRc
 .text.HAL_CalibrateMainClock
                0x000038ea        0xe ./../../../../BitCloud/lib/libHAL_RcbAtm128rfa1_Atmega128rfa1_8Mhz_Gcc.a(calibration.o)
                0x000038ea                HAL_CalibrateMainClock
 .text.halStartingCalibrate
                0x000038f8       0x1c ./../../../../BitCloud/lib/libHAL_RcbAtm128rfa1_Atmega128rfa1_8Mhz_Gcc.a(calibration.o)
                0x000038f8                halStartingCalibrate
 .text.HAL_StartSleepTimer
                0x00003914       0x72 ./../../../../BitCloud/lib/libHAL_RcbAtm128rfa1_Atmega128rfa1_8Mhz_Gcc.a(sleepTimer.o)
                0x00003914                HAL_StartSleepTimer
 .text.halAsyncTimerHandler
                0x00003986       0x52 ./../../../../BitCloud/lib/libHAL_RcbAtm128rfa1_Atmega128rfa1_8Mhz_Gcc.a(sleepTimer.o)
                0x00003986                halAsyncTimerHandler
 .text.HAL_StartSystemSleep
                0x000039d8       0x7a ./../../../../BitCloud/lib/libHAL_RcbAtm128rfa1_Atmega128rfa1_8Mhz_Gcc.a(sleep.o)
                0x000039d8                HAL_StartSystemSleep
 .text.halInitFreq
                0x00003a52       0x6c ./../../../../BitCloud/lib/libHAL_RcbAtm128rfa1_Atmega128rfa1_8Mhz_Gcc.a(halClkCtrl.o)
                0x00003a52                halInitFreq
 .text.halGetClockSource
                0x00003abe        0x6 ./../../../../BitCloud/lib/libHAL_RcbAtm128rfa1_Atmega128rfa1_8Mhz_Gcc.a(halClkCtrl.o)
                0x00003abe                halGetClockSource
 .text.phyRxTxSwitcher
                0x00003ac4       0x36 ./../../../../BitCloud/lib/libBc_All_Atmega128rfa1_Atmega128rfa1_Gcc.a(phyRxTxIndicator.o)
 .text.phyRxTxSwitcherOn
                0x00003afa        0x8 ./../../../../BitCloud/lib/libBc_All_Atmega128rfa1_Atmega128rfa1_Gcc.a(phyRxTxIndicator.o)
                0x00003afa                phyRxTxSwitcherOn
 .text.phyRxTxSwitcherOff
                0x00003b02        0x8 ./../../../../BitCloud/lib/libBc_All_Atmega128rfa1_Atmega128rfa1_Gcc.a(phyRxTxIndicator.o)
                0x00003b02                phyRxTxSwitcherOff
 .text.deleteHeadQueueElem
                0x00003b0a       0x22 ./../../../../BitCloud/lib/libBc_All_Atmega128rfa1_Atmega128rfa1_Gcc.a(queue.o)
                0x00003b0a                deleteHeadQueueElem
 .text.deleteQueueElem
                0x00003b2c       0x4a ./../../../../BitCloud/lib/libBc_All_Atmega128rfa1_Atmega128rfa1_Gcc.a(queue.o)
                0x00003b2c                deleteQueueElem
 .text.isQueueElem
                0x00003b76       0x22 ./../../../../BitCloud/lib/libBc_All_Atmega128rfa1_Atmega128rfa1_Gcc.a(queue.o)
                0x00003b76                isQueueElem
 .text.putQueueElem
                0x00003b98       0x40 ./../../../../BitCloud/lib/libBc_All_Atmega128rfa1_Atmega128rfa1_Gcc.a(queue.o)
                0x00003b98                putQueueElem
 .text.SYS_PostEvent
                0x00003bd8       0x7a ./../../../../BitCloud/lib/libBc_All_Atmega128rfa1_Atmega128rfa1_Gcc.a(sysEvents.o)
                0x00003bd8                SYS_PostEvent
 .text.SYS_IsEventDeliverable
                0x00003c52       0x38 ./../../../../BitCloud/lib/libBc_All_Atmega128rfa1_Atmega128rfa1_Gcc.a(sysEvents.o)
                0x00003c52                SYS_IsEventDeliverable
 .text.SYS_IsEventSubscriber
                0x00003c8a       0x32 ./../../../../BitCloud/lib/libBc_All_Atmega128rfa1_Atmega128rfa1_Gcc.a(sysEvents.o)
                0x00003c8a                SYS_IsEventSubscriber
 .text.SYS_SubscribeToEvent
                0x00003cbc       0x70 ./../../../../BitCloud/lib/libBc_All_Atmega128rfa1_Atmega128rfa1_Gcc.a(sysEvents.o)
                0x00003cbc                SYS_SubscribeToEvent
 .text.SYS_RunTask
                0x00003d2c       0x76 ./../../../../BitCloud/lib/libBc_All_Atmega128rfa1_Atmega128rfa1_Gcc.a(taskManager.o)
                0x00003d2c                SYS_RunTask
 .text.SYS_ForceRunTask
                0x00003da2        0x6 ./../../../../BitCloud/lib/libBc_All_Atmega128rfa1_Atmega128rfa1_Gcc.a(taskManager.o)
                0x00003da2                SYS_ForceRunTask
 .text.SYS_SysInit
                0x00003da8       0x22 ./../../../../BitCloud/lib/libBc_All_Atmega128rfa1_Atmega128rfa1_Gcc.a(taskManager.o)
                0x00003da8                SYS_SysInit
 .text.APS_StopConf
                0x00003dca       0x14 ./../../../../BitCloud/lib/libBc_All_Atmega128rfa1_Atmega128rfa1_Gcc.a(zdo.o)
 .text.zdoNodeManagerNwkLeaveConf
                0x00003dde        0x6 ./../../../../BitCloud/lib/libBc_All_Atmega128rfa1_Atmega128rfa1_Gcc.a(zdo.o)
 .text.zdoNwkManagerReset
                0x00003de4       0x10 ./../../../../BitCloud/lib/libBc_All_Atmega128rfa1_Atmega128rfa1_Gcc.a(zdo.o)
 .text.zdoStackResetConf
                0x00003df4       0x1c ./../../../../BitCloud/lib/libBc_All_Atmega128rfa1_Atmega128rfa1_Gcc.a(zdo.o)
 .text.zdoSecurityManagerHandler
                0x00003e10        0x2 ./../../../../BitCloud/lib/libBc_All_Atmega128rfa1_Atmega128rfa1_Gcc.a(zdo.o)
                0x00003e10                zdoSecurityManagerHandler
 .text.zdoPostTask
                0x00003e12       0x3c ./../../../../BitCloud/lib/libBc_All_Atmega128rfa1_Atmega128rfa1_Gcc.a(zdo.o)
 .text.zdoCheckStartNetworkRequestsQueue
                0x00003e4e       0x38 ./../../../../BitCloud/lib/libBc_All_Atmega128rfa1_Atmega128rfa1_Gcc.a(zdo.o)
 .text.zdoStartNetworkFree
                0x00003e86        0xe ./../../../../BitCloud/lib/libBc_All_Atmega128rfa1_Atmega128rfa1_Gcc.a(zdo.o)
 .text.startConfirm
                0x00003e94       0x2e ./../../../../BitCloud/lib/libBc_All_Atmega128rfa1_Atmega128rfa1_Gcc.a(zdo.o)
 .text.sleepConfirm
                0x00003ec2       0x24 ./../../../../BitCloud/lib/libBc_All_Atmega128rfa1_Atmega128rfa1_Gcc.a(zdo.o)
 .text.wakeUpConfirm
                0x00003ee6       0x24 ./../../../../BitCloud/lib/libBc_All_Atmega128rfa1_Atmega128rfa1_Gcc.a(zdo.o)
 .text.zdoUnpostTask
                0x00003f0a       0x28 ./../../../../BitCloud/lib/libBc_All_Atmega128rfa1_Atmega128rfa1_Gcc.a(zdo.o)
 .text.zdoSetZdpDataReqState
                0x00003f32       0x22 ./../../../../BitCloud/lib/libBc_All_Atmega128rfa1_Atmega128rfa1_Gcc.a(zdo.o)
 .text.confirmResponse
                0x00003f54        0x8 ./../../../../BitCloud/lib/libBc_All_Atmega128rfa1_Atmega128rfa1_Gcc.a(zdo.o)
 .text.zdoDefaultBindApsDataConf
                0x00003f5c        0x8 ./../../../../BitCloud/lib/libBc_All_Atmega128rfa1_Atmega128rfa1_Gcc.a(zdo.o)
 .text.confirmMgmtLqiResponse
                0x00003f64        0x8 ./../../../../BitCloud/lib/libBc_All_Atmega128rfa1_Atmega128rfa1_Gcc.a(zdo.o)
 .text.permitJoiningConf
                0x00003f6c       0x16 ./../../../../BitCloud/lib/libBc_All_Atmega128rfa1_Atmega128rfa1_Gcc.a(zdo.o)
 .text.confirmMgmtPermitJoiningResponse
                0x00003f82        0x8 ./../../../../BitCloud/lib/libBc_All_Atmega128rfa1_Atmega128rfa1_Gcc.a(zdo.o)
 .text.zdoZdpApsConfCallback
                0x00003f8a       0x78 ./../../../../BitCloud/lib/libBc_All_Atmega128rfa1_Atmega128rfa1_Gcc.a(zdo.o)
 .text.zdoSetZdpIndState
                0x00004002       0x10 ./../../../../BitCloud/lib/libBc_All_Atmega128rfa1_Atmega128rfa1_Gcc.a(zdo.o)
 .text.ttlUpdateTimerFired
                0x00004012       0x72 ./../../../../BitCloud/lib/libBc_All_Atmega128rfa1_Atmega128rfa1_Gcc.a(zdo.o)
 .text.zdoSetOutOfNetworkFlag
                0x00004084       0x36 ./../../../../BitCloud/lib/libBc_All_Atmega128rfa1_Atmega128rfa1_Gcc.a(zdo.o)
 .text.zdoStartNetworkConfirm
                0x000040ba       0x24 ./../../../../BitCloud/lib/libBc_All_Atmega128rfa1_Atmega128rfa1_Gcc.a(zdo.o)
 .text.reenterNetwork
                0x000040de       0x30 ./../../../../BitCloud/lib/libBc_All_Atmega128rfa1_Atmega128rfa1_Gcc.a(zdo.o)
 .text.joinNetwork
                0x0000410e       0x86 ./../../../../BitCloud/lib/libBc_All_Atmega128rfa1_Atmega128rfa1_Gcc.a(zdo.o)
 .text.zdoRejoinNetwork
                0x00004194       0x1c ./../../../../BitCloud/lib/libBc_All_Atmega128rfa1_Atmega128rfa1_Gcc.a(zdo.o)
 .text.zdoIntraPanPortApsStopConf
                0x000041b0       0x1c ./../../../../BitCloud/lib/libBc_All_Atmega128rfa1_Atmega128rfa1_Gcc.a(zdo.o)
 .text.joinTimerFired
                0x000041cc        0x6 ./../../../../BitCloud/lib/libBc_All_Atmega128rfa1_Atmega128rfa1_Gcc.a(zdo.o)
 .text.stopSyncTimer
                0x000041d2        0xa ./../../../../BitCloud/lib/libBc_All_Atmega128rfa1_Atmega128rfa1_Gcc.a(zdo.o)
 .text.startSyncTimer
                0x000041dc       0x62 ./../../../../BitCloud/lib/libBc_All_Atmega128rfa1_Atmega128rfa1_Gcc.a(zdo.o)
 .text.zdoZdpResetReq
                0x0000423e       0x90 ./../../../../BitCloud/lib/libBc_All_Atmega128rfa1_Atmega128rfa1_Gcc.a(zdo.o)
 .text.zdoNetworkFormationReq
                0x000042ce       0x44 ./../../../../BitCloud/lib/libBc_All_Atmega128rfa1_Atmega128rfa1_Gcc.a(zdo.o)
 .text.permitJoin
                0x00004312       0x24 ./../../../../BitCloud/lib/libBc_All_Atmega128rfa1_Atmega128rfa1_Gcc.a(zdo.o)
 .text.zdoPseudoRandomSeed
                0x00004336       0x46 ./../../../../BitCloud/lib/libBc_All_Atmega128rfa1_Atmega128rfa1_Gcc.a(zdo.o)
 .text.RF_RandomConfUpdater
                0x0000437c       0x1c ./../../../../BitCloud/lib/libBc_All_Atmega128rfa1_Atmega128rfa1_Gcc.a(zdo.o)
 .text.zdoUpdateRandSeedTimerFired
                0x00004398       0x28 ./../../../../BitCloud/lib/libBc_All_Atmega128rfa1_Atmega128rfa1_Gcc.a(zdo.o)
 .text.zdoStackReset
                0x000043c0       0x2a ./../../../../BitCloud/lib/libBc_All_Atmega128rfa1_Atmega128rfa1_Gcc.a(zdo.o)
 .text.startSystemSleep
                0x000043ea       0x48 ./../../../../BitCloud/lib/libBc_All_Atmega128rfa1_Atmega128rfa1_Gcc.a(zdo.o)
 .text.sendSyncReq
                0x00004432       0x30 ./../../../../BitCloud/lib/libBc_All_Atmega128rfa1_Atmega128rfa1_Gcc.a(zdo.o)
 .text.transceiverSwitchedOn
                0x00004462       0x3a ./../../../../BitCloud/lib/libBc_All_Atmega128rfa1_Atmega128rfa1_Gcc.a(zdo.o)
 .text.wakeupCallback
                0x0000449c       0x4c ./../../../../BitCloud/lib/libBc_All_Atmega128rfa1_Atmega128rfa1_Gcc.a(zdo.o)
 .text.zdoPowerManagerHandler
                0x000044e8       0xf6 ./../../../../BitCloud/lib/libBc_All_Atmega128rfa1_Atmega128rfa1_Gcc.a(zdo.o)
 .text.transceiverSwitchedOff
                0x000045de       0x18 ./../../../../BitCloud/lib/libBc_All_Atmega128rfa1_Atmega128rfa1_Gcc.a(zdo.o)
 .text.zdoZdpManagerHandler
                0x000045f6      0x1d6 ./../../../../BitCloud/lib/libBc_All_Atmega128rfa1_Atmega128rfa1_Gcc.a(zdo.o)
 .text.zdoNwkEventListener
                0x000047cc       0x6e ./../../../../BitCloud/lib/libBc_All_Atmega128rfa1_Atmega128rfa1_Gcc.a(zdo.o)
 .text.zdoOtherEventListener
                0x0000483a       0x34 ./../../../../BitCloud/lib/libBc_All_Atmega128rfa1_Atmega128rfa1_Gcc.a(zdo.o)
 .text.zdoExecuteEDScan
                0x0000486e       0x36 ./../../../../BitCloud/lib/libBc_All_Atmega128rfa1_Atmega128rfa1_Gcc.a(zdo.o)
 .text.confirmMgmtNwkUpdateNotify
                0x000048a4       0x2e ./../../../../BitCloud/lib/libBc_All_Atmega128rfa1_Atmega128rfa1_Gcc.a(zdo.o)
 .text.channelChangeTimerFired
                0x000048d2       0x22 ./../../../../BitCloud/lib/libBc_All_Atmega128rfa1_Atmega128rfa1_Gcc.a(zdo.o)
 .text.MAC_SetConf
                0x000048f4       0x7e ./../../../../BitCloud/lib/libBc_All_Atmega128rfa1_Atmega128rfa1_Gcc.a(zdo.o)
 .text.zdoChildEventListener
                0x00004972       0xa8 ./../../../../BitCloud/lib/libBc_All_Atmega128rfa1_Atmega128rfa1_Gcc.a(zdo.o)
 .text.zdoInitNotifications
                0x00004a1a       0x6e ./../../../../BitCloud/lib/libBc_All_Atmega128rfa1_Atmega128rfa1_Gcc.a(zdo.o)
                0x00004a1a                zdoInitNotifications
 .text.zdoInitHandler
                0x00004a88      0x11e ./../../../../BitCloud/lib/libBc_All_Atmega128rfa1_Atmega128rfa1_Gcc.a(zdo.o)
 .text.NWK_JoinInd
                0x00004ba6       0x4e ./../../../../BitCloud/lib/libBc_All_Atmega128rfa1_Atmega128rfa1_Gcc.a(zdo.o)
                0x00004ba6                NWK_JoinInd
 .text.ZDO_StartSyncReq
                0x00004bf4       0x30 ./../../../../BitCloud/lib/libBc_All_Atmega128rfa1_Atmega128rfa1_Gcc.a(zdo.o)
                0x00004bf4                ZDO_StartSyncReq
 .text.deviceAnnceConf
                0x00004c24       0x16 ./../../../../BitCloud/lib/libBc_All_Atmega128rfa1_Atmega128rfa1_Gcc.a(zdo.o)
 .text.ZDO_StopSyncReq
                0x00004c3a       0x18 ./../../../../BitCloud/lib/libBc_All_Atmega128rfa1_Atmega128rfa1_Gcc.a(zdo.o)
                0x00004c3a                ZDO_StopSyncReq
 .text.zdoLeaveNetworkReq
                0x00004c52       0x88 ./../../../../BitCloud/lib/libBc_All_Atmega128rfa1_Atmega128rfa1_Gcc.a(zdo.o)
 .text.zdoParentChangeConf
                0x00004cda       0x4c ./../../../../BitCloud/lib/libBc_All_Atmega128rfa1_Atmega128rfa1_Gcc.a(zdo.o)
 .text.confirmMgmtLeaveResponse
                0x00004d26       0xac ./../../../../BitCloud/lib/libBc_All_Atmega128rfa1_Atmega128rfa1_Gcc.a(zdo.o)
 .text.leaveNetworkInd
                0x00004dd2       0x32 ./../../../../BitCloud/lib/libBc_All_Atmega128rfa1_Atmega128rfa1_Gcc.a(zdo.o)
 .text.zdoLeaveNetworkNwkLeaveConf
                0x00004e04        0xe ./../../../../BitCloud/lib/libBc_All_Atmega128rfa1_Atmega128rfa1_Gcc.a(zdo.o)
 .text.NWK_LeaveInd
                0x00004e12       0x86 ./../../../../BitCloud/lib/libBc_All_Atmega128rfa1_Atmega128rfa1_Gcc.a(zdo.o)
                0x00004e12                NWK_LeaveInd
 .text.zdoReset
                0x00004e98       0x18 ./../../../../BitCloud/lib/libBc_All_Atmega128rfa1_Atmega128rfa1_Gcc.a(zdo.o)
 .text.zdoLeaveConfirm
                0x00004eb0       0x9a ./../../../../BitCloud/lib/libBc_All_Atmega128rfa1_Atmega128rfa1_Gcc.a(zdo.o)
 .text.ZDO_TaskHandler
                0x00004f4a       0x7c ./../../../../BitCloud/lib/libBc_All_Atmega128rfa1_Atmega128rfa1_Gcc.a(zdo.o)
                0x00004f4a                ZDO_TaskHandler
 .text.APS_ZdoDataInd
                0x00004fc6      0x160 ./../../../../BitCloud/lib/libBc_All_Atmega128rfa1_Atmega128rfa1_Gcc.a(zdo.o)
                0x00004fc6                APS_ZdoDataInd
 .text.ZDO_ZdpReq
                0x00005126       0x64 ./../../../../BitCloud/lib/libBc_All_Atmega128rfa1_Atmega128rfa1_Gcc.a(zdo.o)
                0x00005126                ZDO_ZdpReq
 .text.zdoSendDeviceAnnce
                0x0000518a       0xa0 ./../../../../BitCloud/lib/libBc_All_Atmega128rfa1_Atmega128rfa1_Gcc.a(zdo.o)
 .text.APS_StartConf
                0x0000522a       0x48 ./../../../../BitCloud/lib/libBc_All_Atmega128rfa1_Atmega128rfa1_Gcc.a(zdo.o)
 .text.startAps
                0x00005272       0x32 ./../../../../BitCloud/lib/libBc_All_Atmega128rfa1_Atmega128rfa1_Gcc.a(zdo.o)
 .text.NWK_StartRouterConf
                0x000052a4       0x14 ./../../../../BitCloud/lib/libBc_All_Atmega128rfa1_Atmega128rfa1_Gcc.a(zdo.o)
 .text.NWK_PermitJoinConf
                0x000052b8       0x62 ./../../../../BitCloud/lib/libBc_All_Atmega128rfa1_Atmega128rfa1_Gcc.a(zdo.o)
 .text.zdoAuthenticationConf
                0x0000531a       0x3e ./../../../../BitCloud/lib/libBc_All_Atmega128rfa1_Atmega128rfa1_Gcc.a(zdo.o)
                0x0000531a                zdoAuthenticationConf
 .text.zdoAuthenticationStart
                0x00005358        0x8 ./../../../../BitCloud/lib/libBc_All_Atmega128rfa1_Atmega128rfa1_Gcc.a(zdo.o)
                0x00005358                zdoAuthenticationStart
 .text.zdoSendDeviceAnnceConf
                0x00005360       0x34 ./../../../../BitCloud/lib/libBc_All_Atmega128rfa1_Atmega128rfa1_Gcc.a(zdo.o)
 .text.sendNwkUpdateNotify
                0x00005394       0x3e ./../../../../BitCloud/lib/libBc_All_Atmega128rfa1_Atmega128rfa1_Gcc.a(zdo.o)
 .text.zdoZdpFrameProcessorHandler
                0x000053d2     0x152c ./../../../../BitCloud/lib/libBc_All_Atmega128rfa1_Atmega128rfa1_Gcc.a(zdo.o)
 .text.edScanConf
                0x000068fe       0x10 ./../../../../BitCloud/lib/libBc_All_Atmega128rfa1_Atmega128rfa1_Gcc.a(zdo.o)
 .text.zdoReloadZibFromConfigServer
                0x0000690e      0x144 ./../../../../BitCloud/lib/libBc_All_Atmega128rfa1_Atmega128rfa1_Gcc.a(zdo.o)
                0x0000690e                zdoReloadZibFromConfigServer
 .text.zdoStartNetworkTaskHandler
                0x00006a52      0x11e ./../../../../BitCloud/lib/libBc_All_Atmega128rfa1_Atmega128rfa1_Gcc.a(zdo.o)
 .text.setNetworkParametersToZib
                0x00006b70       0x48 ./../../../../BitCloud/lib/libBc_All_Atmega128rfa1_Atmega128rfa1_Gcc.a(zdo.o)
                0x00006b70                setNetworkParametersToZib
 .text.NWK_JoinConf
                0x00006bb8       0x5a ./../../../../BitCloud/lib/libBc_All_Atmega128rfa1_Atmega128rfa1_Gcc.a(zdo.o)
 .text.NWK_NetworkFormationConf
                0x00006c12       0x18 ./../../../../BitCloud/lib/libBc_All_Atmega128rfa1_Atmega128rfa1_Gcc.a(zdo.o)
 .text.zdoStartNetworkStackResetConf
                0x00006c2a       0x5a ./../../../../BitCloud/lib/libBc_All_Atmega128rfa1_Atmega128rfa1_Gcc.a(zdo.o)
 .text.zdoPerformIntraPanPortability
                0x00006c84       0x40 ./../../../../BitCloud/lib/libBc_All_Atmega128rfa1_Atmega128rfa1_Gcc.a(zdo.o)
                0x00006c84                zdoPerformIntraPanPortability
 .text.NWK_SyncConf
                0x00006cc4       0x56 ./../../../../BitCloud/lib/libBc_All_Atmega128rfa1_Atmega128rfa1_Gcc.a(zdo.o)
 .text.NWK_NwkStatusInd
                0x00006d1a       0xb2 ./../../../../BitCloud/lib/libBc_All_Atmega128rfa1_Atmega128rfa1_Gcc.a(zdo.o)
                0x00006d1a                NWK_NwkStatusInd
 .text.apsGetApsCounter
                0x00006dcc        0xe ./../../../../BitCloud/lib/libBc_All_Atmega128rfa1_Atmega128rfa1_Gcc.a(aps.o)
 .text.apsPrepareFragmentedTransmission
                0x00006dda       0x70 ./../../../../BitCloud/lib/libBc_All_Atmega128rfa1_Atmega128rfa1_Gcc.a(aps.o)
 .text.apsIsFragmentationDataReq
                0x00006e4a       0x22 ./../../../../BitCloud/lib/libBc_All_Atmega128rfa1_Atmega128rfa1_Gcc.a(aps.o)
 .text.apsGetBuffer
                0x00006e6c       0xd6 ./../../../../BitCloud/lib/libBc_All_Atmega128rfa1_Atmega128rfa1_Gcc.a(aps.o)
 .text.apsFreeBuffer
                0x00006f42       0x8e ./../../../../BitCloud/lib/libBc_All_Atmega128rfa1_Atmega128rfa1_Gcc.a(aps.o)
 .text.apsPostTask
                0x00006fd0       0x32 ./../../../../BitCloud/lib/libBc_All_Atmega128rfa1_Atmega128rfa1_Gcc.a(aps.o)
 .text.apsMakeApsDataConf
                0x00007002       0x5a ./../../../../BitCloud/lib/libBc_All_Atmega128rfa1_Atmega128rfa1_Gcc.a(aps.o)
 .text.apsAckForFragmentedReceiveConfirmHandler
                0x0000705c       0x9e ./../../../../BitCloud/lib/libBc_All_Atmega128rfa1_Atmega128rfa1_Gcc.a(aps.o)
 .text.apsStopConf
                0x000070fa       0x4a ./../../../../BitCloud/lib/libBc_All_Atmega128rfa1_Atmega128rfa1_Gcc.a(aps.o)
 .text.apsSendNwkDataReq
                0x00007144       0x10 ./../../../../BitCloud/lib/libBc_All_Atmega128rfa1_Atmega128rfa1_Gcc.a(aps.o)
 .text.apsProcessShortAddrModeDataReq
                0x00007154      0x296 ./../../../../BitCloud/lib/libBc_All_Atmega128rfa1_Atmega128rfa1_Gcc.a(aps.o)
 .text.apsSendNextBlock
                0x000073ea       0x14 ./../../../../BitCloud/lib/libBc_All_Atmega128rfa1_Atmega128rfa1_Gcc.a(aps.o)
 .text.apsSendAckForFragmentedReceive
                0x000073fe       0xce ./../../../../BitCloud/lib/libBc_All_Atmega128rfa1_Atmega128rfa1_Gcc.a(aps.o)
 .text.apsDataManagerNwkDataConf
                0x000074cc       0x1c ./../../../../BitCloud/lib/libBc_All_Atmega128rfa1_Atmega128rfa1_Gcc.a(aps.o)
 .text.apsProcessEvent
                0x000074e8       0x26 ./../../../../BitCloud/lib/libBc_All_Atmega128rfa1_Atmega128rfa1_Gcc.a(aps.o)
 .text.apsProcessGroupAddrModeDataReq
                0x0000750e      0x190 ./../../../../BitCloud/lib/libBc_All_Atmega128rfa1_Atmega128rfa1_Gcc.a(aps.o)
 .text.apsCalculateApsAckTimeout
                0x0000769e       0x56 ./../../../../BitCloud/lib/libBc_All_Atmega128rfa1_Atmega128rfa1_Gcc.a(aps.o)
 .text.apsGroupNwkDataConf
                0x000076f4       0x4a ./../../../../BitCloud/lib/libBc_All_Atmega128rfa1_Atmega128rfa1_Gcc.a(aps.o)
 .text.apsNextBind
                0x0000773e       0xb0 ./../../../../BitCloud/lib/libBc_All_Atmega128rfa1_Atmega128rfa1_Gcc.a(aps.o)
 .text.apsSendToNextBoundDevice
                0x000077ee       0x9c ./../../../../BitCloud/lib/libBc_All_Atmega128rfa1_Atmega128rfa1_Gcc.a(aps.o)
 .text.apsProcessIndirectDataReq
                0x0000788a       0x2c ./../../../../BitCloud/lib/libBc_All_Atmega128rfa1_Atmega128rfa1_Gcc.a(aps.o)
 .text.apsFindBindingEntry
                0x000078b6       0xc6 ./../../../../BitCloud/lib/libBc_All_Atmega128rfa1_Atmega128rfa1_Gcc.a(aps.o)
 .text.SYS_GetRandomNumber
                0x0000797c       0x2a ./../../../../BitCloud/lib/libBc_All_Atmega128rfa1_Atmega128rfa1_Gcc.a(aps.o)
 .text.apsResetMemoryManager
                0x000079a6       0xfa ./../../../../BitCloud/lib/libBc_All_Atmega128rfa1_Atmega128rfa1_Gcc.a(aps.o)
 .text.apsAckOnTimerFired
                0x00007aa0       0xf8 ./../../../../BitCloud/lib/libBc_All_Atmega128rfa1_Atmega128rfa1_Gcc.a(aps.o)
 .text.apsHandleTransmittedData.clone.10
                0x00007b98       0x6e ./../../../../BitCloud/lib/libBc_All_Atmega128rfa1_Atmega128rfa1_Gcc.a(aps.o)
 .text.APS_BindReq
                0x00007c06       0xa6 ./../../../../BitCloud/lib/libBc_All_Atmega128rfa1_Atmega128rfa1_Gcc.a(aps.o)
                0x00007c06                APS_BindReq
 .text.APS_UnbindReq
                0x00007cac       0x4a ./../../../../BitCloud/lib/libBc_All_Atmega128rfa1_Atmega128rfa1_Gcc.a(aps.o)
                0x00007cac                APS_UnbindReq
 .text.APS_DataReq
                0x00007cf6       0x12 ./../../../../BitCloud/lib/libBc_All_Atmega128rfa1_Atmega128rfa1_Gcc.a(aps.o)
                0x00007cf6                APS_DataReq
 .text.NWK_DataInd
                0x00007d08       0x12 ./../../../../BitCloud/lib/libBc_All_Atmega128rfa1_Atmega128rfa1_Gcc.a(aps.o)
                0x00007d08                NWK_DataInd
 .text.APS_CalculateTimes
                0x00007d1a      0x1b2 ./../../../../BitCloud/lib/libBc_All_Atmega128rfa1_Atmega128rfa1_Gcc.a(aps.o)
                0x00007d1a                APS_CalculateTimes
 .text.apsResetDataManager
                0x00007ecc      0x110 ./../../../../BitCloud/lib/libBc_All_Atmega128rfa1_Atmega128rfa1_Gcc.a(aps.o)
 .text.apsNwkResetConf
                0x00007fdc      0x196 ./../../../../BitCloud/lib/libBc_All_Atmega128rfa1_Atmega128rfa1_Gcc.a(aps.o)
 .text.apsStateMachineTaskHandler
                0x00008172       0xee ./../../../../BitCloud/lib/libBc_All_Atmega128rfa1_Atmega128rfa1_Gcc.a(aps.o)
 .text.APS_IsProfileIdMatched
                0x00008260       0x22 ./../../../../BitCloud/lib/libBc_All_Atmega128rfa1_Atmega128rfa1_Gcc.a(aps.o)
                0x00008260                APS_IsProfileIdMatched
 .text.APS_NextEndpoint
                0x00008282       0x16 ./../../../../BitCloud/lib/libBc_All_Atmega128rfa1_Atmega128rfa1_Gcc.a(aps.o)
                0x00008282                APS_NextEndpoint
 .text.apsFindEndpoint
                0x00008298       0x26 ./../../../../BitCloud/lib/libBc_All_Atmega128rfa1_Atmega128rfa1_Gcc.a(aps.o)
 .text.apsGroupIndication
                0x000082be       0x8a ./../../../../BitCloud/lib/libBc_All_Atmega128rfa1_Atmega128rfa1_Gcc.a(aps.o)
 .text.apsUnicastDataInd
                0x00008348      0x2a2 ./../../../../BitCloud/lib/libBc_All_Atmega128rfa1_Atmega128rfa1_Gcc.a(aps.o)
 .text.apsApduUnicastHandler.clone.8
                0x000085ea      0x5dc ./../../../../BitCloud/lib/libBc_All_Atmega128rfa1_Atmega128rfa1_Gcc.a(aps.o)
 .text.apsDataTaskHandler
                0x00008bc6      0xb20 ./../../../../BitCloud/lib/libBc_All_Atmega128rfa1_Atmega128rfa1_Gcc.a(aps.o)
 .text.APS_Init
                0x000096e6       0x2e ./../../../../BitCloud/lib/libBc_All_Atmega128rfa1_Atmega128rfa1_Gcc.a(aps.o)
                0x000096e6                APS_Init
 .text.APS_ResetReq
                0x00009714        0xc ./../../../../BitCloud/lib/libBc_All_Atmega128rfa1_Atmega128rfa1_Gcc.a(aps.o)
                0x00009714                APS_ResetReq
 .text.APS_StartReq
                0x00009720        0xc ./../../../../BitCloud/lib/libBc_All_Atmega128rfa1_Atmega128rfa1_Gcc.a(aps.o)
                0x00009720                APS_StartReq
 .text.APS_StopReq
                0x0000972c        0xc ./../../../../BitCloud/lib/libBc_All_Atmega128rfa1_Atmega128rfa1_Gcc.a(aps.o)
                0x0000972c                APS_StopReq
 .text.APS_IsActiveTransaction
                0x00009738       0x54 ./../../../../BitCloud/lib/libBc_All_Atmega128rfa1_Atmega128rfa1_Gcc.a(aps.o)
                0x00009738                APS_IsActiveTransaction
 .text.APS_TaskHandler
                0x0000978c       0x9c ./../../../../BitCloud/lib/libBc_All_Atmega128rfa1_Atmega128rfa1_Gcc.a(aps.o)
                0x0000978c                APS_TaskHandler
 .text.SYS_Sleep
                0x00009828        0x6 ./../../../../BitCloud/lib/libBc_All_Atmega128rfa1_Atmega128rfa1_Gcc.a(bcSysSleep.o)
                0x00009828                SYS_Sleep
 .text.getSymbolsPerOctet
                0x0000982e       0x3c ./../../../../BitCloud/lib/libBc_All_Atmega128rfa1_Atmega128rfa1_Gcc.a(macenvPib.o)
 .text.calculateMaxFrameDuration
                0x0000986a       0x22 ./../../../../BitCloud/lib/libBc_All_Atmega128rfa1_Atmega128rfa1_Gcc.a(macenvPib.o)
 .text.storeTransmitPower
                0x0000988c       0x44 ./../../../../BitCloud/lib/libBc_All_Atmega128rfa1_Atmega128rfa1_Gcc.a(macenvPib.o)
 .text.SYS_GetRandomNumber
                0x000098d0       0x2a ./../../../../BitCloud/lib/libBc_All_Atmega128rfa1_Atmega128rfa1_Gcc.a(macenvPib.o)
 .text.macenvGetPhySymbolDuration
                0x000098fa       0x4a ./../../../../BitCloud/lib/libBc_All_Atmega128rfa1_Atmega128rfa1_Gcc.a(macenvPib.o)
                0x000098fa                macenvGetPhySymbolDuration
 .text.updateMaxFrameTxTime
                0x00009944       0x3a ./../../../../BitCloud/lib/libBc_All_Atmega128rfa1_Atmega128rfa1_Gcc.a(macenvPib.o)
 .text.macenvResetPib
                0x0000997e       0xfa ./../../../../BitCloud/lib/libBc_All_Atmega128rfa1_Atmega128rfa1_Gcc.a(macenvPib.o)
                0x0000997e                macenvResetPib
 .text.macenvConvertTransPersistTimeFromUnitsToMs
                0x00009a78       0x48 ./../../../../BitCloud/lib/libBc_All_Atmega128rfa1_Atmega128rfa1_Gcc.a(macenvPib.o)
                0x00009a78                macenvConvertTransPersistTimeFromUnitsToMs
 .text.macenvSetPibAttr
                0x00009ac0      0x2a0 ./../../../../BitCloud/lib/libBc_All_Atmega128rfa1_Atmega128rfa1_Gcc.a(macenvPib.o)
                0x00009ac0                macenvSetPibAttr
 .text.macenvCalculateMaxFrameTotalWaitTimeInMs
                0x00009d60      0x128 ./../../../../BitCloud/lib/libBc_All_Atmega128rfa1_Atmega128rfa1_Gcc.a(macenvPib.o)
                0x00009d60                macenvCalculateMaxFrameTotalWaitTimeInMs
 .text.macenvCalculateResponceWaitTimeInMs
                0x00009e88       0x42 ./../../../../BitCloud/lib/libBc_All_Atmega128rfa1_Atmega128rfa1_Gcc.a(macenvPib.o)
                0x00009e88                macenvCalculateResponceWaitTimeInMs
 .text.macenvGetPibAttr
                0x00009eca      0x216 ./../../../../BitCloud/lib/libBc_All_Atmega128rfa1_Atmega128rfa1_Gcc.a(macenvPib.o)
                0x00009eca                macenvGetPibAttr
 .text.MAC_GetExtAddr
                0x0000a0e0        0x6 ./../../../../BitCloud/lib/libBc_All_Atmega128rfa1_Atmega128rfa1_Gcc.a(macenvPib.o)
                0x0000a0e0                MAC_GetExtAddr
 .text.MAC_SetExtAddr
                0x0000a0e6       0x34 ./../../../../BitCloud/lib/libBc_All_Atmega128rfa1_Atmega128rfa1_Gcc.a(macenvPib.o)
                0x0000a0e6                MAC_SetExtAddr
 .text.MAC_IsOwnExtAddr
                0x0000a11a       0x1c ./../../../../BitCloud/lib/libBc_All_Atmega128rfa1_Atmega128rfa1_Gcc.a(macenvPib.o)
                0x0000a11a                MAC_IsOwnExtAddr
 .text.MAC_GetOctetsTransmissionTimeInMs
                0x0000a136       0x5e ./../../../../BitCloud/lib/libBc_All_Atmega128rfa1_Atmega128rfa1_Gcc.a(macenvPib.o)
                0x0000a136                MAC_GetOctetsTransmissionTimeInMs
 .text.postNewMacRequest
                0x0000a194       0x46 ./../../../../BitCloud/lib/libBc_All_Atmega128rfa1_Atmega128rfa1_Gcc.a(machwdManager.o)
 .text.putReqInQueue
                0x0000a1da       0x18 ./../../../../BitCloud/lib/libBc_All_Atmega128rfa1_Atmega128rfa1_Gcc.a(machwdManager.o)
 .text.MACHWD_DataReq
                0x0000a1f2        0xa ./../../../../BitCloud/lib/libBc_All_Atmega128rfa1_Atmega128rfa1_Gcc.a(machwdManager.o)
                0x0000a1f2                MACHWD_DataReq
 .text.MACHWD_SetTrxStateReq
                0x0000a1fc        0xc ./../../../../BitCloud/lib/libBc_All_Atmega128rfa1_Atmega128rfa1_Gcc.a(machwdManager.o)
                0x0000a1fc                MACHWD_SetTrxStateReq
 .text.MACHWD_SetReq
                0x0000a208        0xc ./../../../../BitCloud/lib/libBc_All_Atmega128rfa1_Atmega128rfa1_Gcc.a(machwdManager.o)
                0x0000a208                MACHWD_SetReq
 .text.MACHWD_EdReq
                0x0000a214        0xc ./../../../../BitCloud/lib/libBc_All_Atmega128rfa1_Atmega128rfa1_Gcc.a(machwdManager.o)
                0x0000a214                MACHWD_EdReq
 .text.RF_RandomReq
                0x0000a220       0x14 ./../../../../BitCloud/lib/libBc_All_Atmega128rfa1_Atmega128rfa1_Gcc.a(machwdManager.o)
                0x0000a220                RF_RandomReq
 .text.MACHWD_Reset
                0x0000a234       0x46 ./../../../../BitCloud/lib/libBc_All_Atmega128rfa1_Atmega128rfa1_Gcc.a(machwdManager.o)
                0x0000a234                MACHWD_Reset
 .text.MAC_PHY_HWD_TaskHandler
                0x0000a27a      0x1b0 ./../../../../BitCloud/lib/libBc_All_Atmega128rfa1_Atmega128rfa1_Gcc.a(machwdManager.o)
                0x0000a27a                MAC_PHY_HWD_TaskHandler
 .text.machwdRegAccessReqHandler
                0x0000a42a       0x66 ./../../../../BitCloud/lib/libBc_All_Atmega128rfa1_Atmega128rfa1_Gcc.a(machwdRegAccessHandler.o)
                0x0000a42a                machwdRegAccessReqHandler
 .text.machwdRegAccessTaskHandler
                0x0000a490       0x48 ./../../../../BitCloud/lib/libBc_All_Atmega128rfa1_Atmega128rfa1_Gcc.a(machwdRegAccessHandler.o)
                0x0000a490                machwdRegAccessTaskHandler
 .text.machwdReset
                0x0000a4d8       0xc6 ./../../../../BitCloud/lib/libBc_All_Atmega128rfa1_Atmega128rfa1_Gcc.a(machwdResetHandler.o)
                0x0000a4d8                machwdReset
 .text.machwdRndReqHandler
                0x0000a59e       0x3a ./../../../../BitCloud/lib/libBc_All_Atmega128rfa1_Atmega128rfa1_Gcc.a(machwdRndHandler.o)
                0x0000a59e                machwdRndReqHandler
 .text.machwdRndTaskHandler
                0x0000a5d8       0x32 ./../../../../BitCloud/lib/libBc_All_Atmega128rfa1_Atmega128rfa1_Gcc.a(machwdRndHandler.o)
                0x0000a5d8                machwdRndTaskHandler
 .text.machwdResetRndHandler
                0x0000a60a        0x6 ./../../../../BitCloud/lib/libBc_All_Atmega128rfa1_Atmega128rfa1_Gcc.a(machwdRndHandler.o)
                0x0000a60a                machwdResetRndHandler
 .text.machwdResetRxBuffer
                0x0000a610       0x62 ./../../../../BitCloud/lib/libBc_All_Atmega128rfa1_Atmega128rfa1_Gcc.a(machwdRxBuffer.o)
                0x0000a610                machwdResetRxBuffer
 .text.machwdNextBuffer
                0x0000a672       0x10 ./../../../../BitCloud/lib/libBc_All_Atmega128rfa1_Atmega128rfa1_Gcc.a(machwdRxBuffer.o)
                0x0000a672                machwdNextBuffer
 .text.machwdReleaseBuffer
                0x0000a682       0x62 ./../../../../BitCloud/lib/libBc_All_Atmega128rfa1_Atmega128rfa1_Gcc.a(machwdRxBuffer.o)
                0x0000a682                machwdReleaseBuffer
 .text.machwdNextBufferPresent
                0x0000a6e4       0x26 ./../../../../BitCloud/lib/libBc_All_Atmega128rfa1_Atmega128rfa1_Gcc.a(machwdRxBuffer.o)
                0x0000a6e4                machwdNextBufferPresent
 .text.machwdRxFrameTaskHandler
                0x0000a70a       0x46 ./../../../../BitCloud/lib/libBc_All_Atmega128rfa1_Atmega128rfa1_Gcc.a(machwdRxFrameHandler.o)
                0x0000a70a                machwdRxFrameTaskHandler
 .text.machwdRxFrameIndTaskHandler
                0x0000a750       0xa2 ./../../../../BitCloud/lib/libBc_All_Atmega128rfa1_Atmega128rfa1_Gcc.a(machwdRxFrameHandler.o)
                0x0000a750                machwdRxFrameIndTaskHandler
 .text.executePhySetReq
                0x0000a7f2       0x32 ./../../../../BitCloud/lib/libBc_All_Atmega128rfa1_Atmega128rfa1_Gcc.a(machwdSetHandler.o)
 .text.executeSetReq
                0x0000a824       0x5c ./../../../../BitCloud/lib/libBc_All_Atmega128rfa1_Atmega128rfa1_Gcc.a(machwdSetHandler.o)
 .text.machwdSetReqHandler
                0x0000a880       0xba ./../../../../BitCloud/lib/libBc_All_Atmega128rfa1_Atmega128rfa1_Gcc.a(machwdSetHandler.o)
                0x0000a880                machwdSetReqHandler
 .text.machwdSetTaskHandler
                0x0000a93a       0x3a ./../../../../BitCloud/lib/libBc_All_Atmega128rfa1_Atmega128rfa1_Gcc.a(machwdSetHandler.o)
                0x0000a93a                machwdSetTaskHandler
 .text.machwdResetSetHandler
                0x0000a974        0xe ./../../../../BitCloud/lib/libBc_All_Atmega128rfa1_Atmega128rfa1_Gcc.a(machwdSetHandler.o)
                0x0000a974                machwdResetSetHandler
 .text.machwdSendTrxCmd
                0x0000a982       0x1c ./../../../../BitCloud/lib/libBc_All_Atmega128rfa1_Atmega128rfa1_Gcc.a(machwdTrxCtrl.o)
                0x0000a982                machwdSendTrxCmd
 .text.machwdGetPhyTrxCmd
                0x0000a99e       0x14 ./../../../../BitCloud/lib/libBc_All_Atmega128rfa1_Atmega128rfa1_Gcc.a(machwdTrxCtrl.o)
                0x0000a99e                machwdGetPhyTrxCmd
 .text.machwdConvertTrxCmdToTrxState
                0x0000a9b2       0x14 ./../../../../BitCloud/lib/libBc_All_Atmega128rfa1_Atmega128rfa1_Gcc.a(machwdTrxCtrl.o)
                0x0000a9b2                machwdConvertTrxCmdToTrxState
 .text.machwdConvertTrxStateToTrxCmd
                0x0000a9c6       0x16 ./../../../../BitCloud/lib/libBc_All_Atmega128rfa1_Atmega128rfa1_Gcc.a(machwdTrxCtrl.o)
                0x0000a9c6                machwdConvertTrxStateToTrxCmd
 .text.machwdTrxReqHandler
                0x0000a9dc       0x40 ./../../../../BitCloud/lib/libBc_All_Atmega128rfa1_Atmega128rfa1_Gcc.a(machwdTrxHandler.o)
                0x0000a9dc                machwdTrxReqHandler
 .text.machwdTrxTaskHandler
                0x0000aa1c       0x40 ./../../../../BitCloud/lib/libBc_All_Atmega128rfa1_Atmega128rfa1_Gcc.a(machwdTrxHandler.o)
                0x0000aa1c                machwdTrxTaskHandler
 .text.machwdResetTrxHandler
                0x0000aa5c        0x6 ./../../../../BitCloud/lib/libBc_All_Atmega128rfa1_Atmega128rfa1_Gcc.a(machwdTrxHandler.o)
                0x0000aa5c                machwdResetTrxHandler
 .text.executeDataReq
                0x0000aa62       0x28 ./../../../../BitCloud/lib/libBc_All_Atmega128rfa1_Atmega128rfa1_Gcc.a(machwdTxFrameHandler.o)
 .text.machwdTxFrameReqHandler
                0x0000aa8a       0x44 ./../../../../BitCloud/lib/libBc_All_Atmega128rfa1_Atmega128rfa1_Gcc.a(machwdTxFrameHandler.o)
                0x0000aa8a                machwdTxFrameReqHandler
 .text.machwdTxFrameTaskHandler
                0x0000aace       0x3a ./../../../../BitCloud/lib/libBc_All_Atmega128rfa1_Atmega128rfa1_Gcc.a(machwdTxFrameHandler.o)
                0x0000aace                machwdTxFrameTaskHandler
 .text.machwdResetTxFrameHandler
                0x0000ab08        0xa ./../../../../BitCloud/lib/libBc_All_Atmega128rfa1_Atmega128rfa1_Gcc.a(machwdTxFrameHandler.o)
                0x0000ab08                machwdResetTxFrameHandler
 .text.postponeAction
                0x0000ab12       0x2c ./../../../../BitCloud/lib/libBc_All_Atmega128rfa1_Atmega128rfa1_Gcc.a(machwiManager.o)
 .text.putReqInQueue
                0x0000ab3e       0x2c ./../../../../BitCloud/lib/libBc_All_Atmega128rfa1_Atmega128rfa1_Gcc.a(machwiManager.o)
 .text.machwiSendConfToUpperLayer
                0x0000ab6a       0xf2 ./../../../../BitCloud/lib/libBc_All_Atmega128rfa1_Atmega128rfa1_Gcc.a(machwiManager.o)
                0x0000ab6a                machwiSendConfToUpperLayer
 .text.MAC_HWI_TaskHandler
                0x0000ac5c       0xd8 ./../../../../BitCloud/lib/libBc_All_Atmega128rfa1_Atmega128rfa1_Gcc.a(machwiManager.o)
                0x0000ac5c                MAC_HWI_TaskHandler
 .text.MAC_AssociateReq
                0x0000ad34        0xc ./../../../../BitCloud/lib/libBc_All_Atmega128rfa1_Atmega128rfa1_Gcc.a(machwiManager.o)
                0x0000ad34                MAC_AssociateReq
 .text.MAC_AssociateResp
                0x0000ad40        0xc ./../../../../BitCloud/lib/libBc_All_Atmega128rfa1_Atmega128rfa1_Gcc.a(machwiManager.o)
                0x0000ad40                MAC_AssociateResp
 .text.MAC_GetReq
                0x0000ad4c        0xc ./../../../../BitCloud/lib/libBc_All_Atmega128rfa1_Atmega128rfa1_Gcc.a(machwiManager.o)
                0x0000ad4c                MAC_GetReq
 .text.MAC_ResetReq
                0x0000ad58       0x58 ./../../../../BitCloud/lib/libBc_All_Atmega128rfa1_Atmega128rfa1_Gcc.a(machwiManager.o)
                0x0000ad58                MAC_ResetReq
 .text.MAC_RxEnableReq
                0x0000adb0        0xc ./../../../../BitCloud/lib/libBc_All_Atmega128rfa1_Atmega128rfa1_Gcc.a(machwiManager.o)
                0x0000adb0                MAC_RxEnableReq
 .text.MAC_ScanReq
                0x0000adbc        0xc ./../../../../BitCloud/lib/libBc_All_Atmega128rfa1_Atmega128rfa1_Gcc.a(machwiManager.o)
                0x0000adbc                MAC_ScanReq
 .text.MAC_SetReq
                0x0000adc8        0xc ./../../../../BitCloud/lib/libBc_All_Atmega128rfa1_Atmega128rfa1_Gcc.a(machwiManager.o)
                0x0000adc8                MAC_SetReq
 .text.MAC_StartReq
                0x0000add4        0xc ./../../../../BitCloud/lib/libBc_All_Atmega128rfa1_Atmega128rfa1_Gcc.a(machwiManager.o)
                0x0000add4                MAC_StartReq
 .text.MAC_PollReq
                0x0000ade0        0xc ./../../../../BitCloud/lib/libBc_All_Atmega128rfa1_Atmega128rfa1_Gcc.a(machwiManager.o)
                0x0000ade0                MAC_PollReq
 .text.MAC_DataReq
                0x0000adec        0xc ./../../../../BitCloud/lib/libBc_All_Atmega128rfa1_Atmega128rfa1_Gcc.a(machwiManager.o)
                0x0000adec                MAC_DataReq
 .text.machwiSendAssociateInd
                0x0000adf8        0xe ./../../../../BitCloud/lib/libBc_All_Atmega128rfa1_Atmega128rfa1_Gcc.a(machwiManager.o)
                0x0000adf8                machwiSendAssociateInd
 .text.machwiSendDataInd
                0x0000ae06        0xe ./../../../../BitCloud/lib/libBc_All_Atmega128rfa1_Atmega128rfa1_Gcc.a(machwiManager.o)
                0x0000ae06                machwiSendDataInd
 .text.machwiSendBeaconNotifyInd
                0x0000ae14        0xe ./../../../../BitCloud/lib/libBc_All_Atmega128rfa1_Atmega128rfa1_Gcc.a(machwiManager.o)
                0x0000ae14                machwiSendBeaconNotifyInd
 .text.machwiSendSyncLossNotifyInd
                0x0000ae22        0xe ./../../../../BitCloud/lib/libBc_All_Atmega128rfa1_Atmega128rfa1_Gcc.a(machwiManager.o)
                0x0000ae22                machwiSendSyncLossNotifyInd
 .text.machwiSendOrphanInd
                0x0000ae30        0xe ./../../../../BitCloud/lib/libBc_All_Atmega128rfa1_Atmega128rfa1_Gcc.a(machwiManager.o)
                0x0000ae30                machwiSendOrphanInd
 .text.machwiSendPollInd
                0x0000ae3e        0xe ./../../../../BitCloud/lib/libBc_All_Atmega128rfa1_Atmega128rfa1_Gcc.a(machwiManager.o)
                0x0000ae3e                machwiSendPollInd
 .text.machwiTxTransactionReq
                0x0000ae4c        0x8 ./../../../../BitCloud/lib/libBc_All_Atmega128rfa1_Atmega128rfa1_Gcc.a(machwiManager.o)
                0x0000ae4c                machwiTxTransactionReq
 .text.machwiTxBeaconReq
                0x0000ae54        0x8 ./../../../../BitCloud/lib/libBc_All_Atmega128rfa1_Atmega128rfa1_Gcc.a(machwiManager.o)
                0x0000ae54                machwiTxBeaconReq
 .text.MAC_IsActiveTransaction
                0x0000ae5c       0x18 ./../../../../BitCloud/lib/libBc_All_Atmega128rfa1_Atmega128rfa1_Gcc.a(machwiManager.o)
                0x0000ae5c                MAC_IsActiveTransaction
 .text.machwdDataConfirm
                0x0000ae74       0x22 ./../../../../BitCloud/lib/libBc_All_Atmega128rfa1_Atmega128rfa1_Gcc.a(machwiOrphanHandler.o)
 .text.machwiOrphanRespHandler
                0x0000ae96      0x18e ./../../../../BitCloud/lib/libBc_All_Atmega128rfa1_Atmega128rfa1_Gcc.a(machwiOrphanHandler.o)
                0x0000ae96                machwiOrphanRespHandler
 .text.machwiOrphanNotificationInd
                0x0000b024       0x44 ./../../../../BitCloud/lib/libBc_All_Atmega128rfa1_Atmega128rfa1_Gcc.a(machwiOrphanHandler.o)
                0x0000b024                machwiOrphanNotificationInd
 .text.MACHWD_DataInd
                0x0000b068       0x7a ./../../../../BitCloud/lib/libBc_All_Atmega128rfa1_Atmega128rfa1_Gcc.a(machwiPanServer.o)
                0x0000b068                MACHWD_DataInd
 .text.machwiEnableBeaconTransmission
                0x0000b0e2        0x8 ./../../../../BitCloud/lib/libBc_All_Atmega128rfa1_Atmega128rfa1_Gcc.a(machwiPanServer.o)
                0x0000b0e2                machwiEnableBeaconTransmission
 .text.machwiResetPanServer
                0x0000b0ea        0x6 ./../../../../BitCloud/lib/libBc_All_Atmega128rfa1_Atmega128rfa1_Gcc.a(machwiPanServer.o)
                0x0000b0ea                machwiResetPanServer
 .text.switchingCompleted
                0x0000b0f0       0x12 ./../../../../BitCloud/lib/libBc_All_Atmega128rfa1_Atmega128rfa1_Gcc.a(machwiPollHandler.o)
 .text.completeHandling
                0x0000b102       0x18 ./../../../../BitCloud/lib/libBc_All_Atmega128rfa1_Atmega128rfa1_Gcc.a(machwiPollHandler.o)
 .text.machwdDataConfirm
                0x0000b11a       0x6e ./../../../../BitCloud/lib/libBc_All_Atmega128rfa1_Atmega128rfa1_Gcc.a(machwiPollHandler.o)
 .text.halPollTimerFired
                0x0000b188        0x6 ./../../../../BitCloud/lib/libBc_All_Atmega128rfa1_Atmega128rfa1_Gcc.a(machwiPollHandler.o)
 .text.machwiResetPollHandler
                0x0000b18e        0x6 ./../../../../BitCloud/lib/libBc_All_Atmega128rfa1_Atmega128rfa1_Gcc.a(machwiPollHandler.o)
                0x0000b18e                machwiResetPollHandler
 .text.machwiPollInd
                0x0000b194       0x5a ./../../../../BitCloud/lib/libBc_All_Atmega128rfa1_Atmega128rfa1_Gcc.a(machwiPollHandler.o)
                0x0000b194                machwiPollInd
 .text.machwiDataIndication
                0x0000b1ee      0x1cc ./../../../../BitCloud/lib/libBc_All_Atmega128rfa1_Atmega128rfa1_Gcc.a(machwiPollHandler.o)
                0x0000b1ee                machwiDataIndication
 .text.machwiPollReqHandler
                0x0000b3ba      0x15c ./../../../../BitCloud/lib/libBc_All_Atmega128rfa1_Atmega128rfa1_Gcc.a(machwiPollHandler.o)
                0x0000b3ba                machwiPollReqHandler
 .text.machwiPurgeReqHandler
                0x0000b516       0x2e ./../../../../BitCloud/lib/libBc_All_Atmega128rfa1_Atmega128rfa1_Gcc.a(machwiPurgeHandler.o)
                0x0000b516                machwiPurgeReqHandler
 .text.finishResetOperationsAndGenerateConfirm
                0x0000b544        0xe ./../../../../BitCloud/lib/libBc_All_Atmega128rfa1_Atmega128rfa1_Gcc.a(machwiResetHandler.o)
 .text.machwdSetTrxStateConfirm
                0x0000b552        0x6 ./../../../../BitCloud/lib/libBc_All_Atmega128rfa1_Atmega128rfa1_Gcc.a(machwiResetHandler.o)
 .text.machwdSetConfirm
                0x0000b558       0x1c ./../../../../BitCloud/lib/libBc_All_Atmega128rfa1_Atmega128rfa1_Gcc.a(machwiResetHandler.o)
 .text.machwiResetReqHandler
                0x0000b574       0x72 ./../../../../BitCloud/lib/libBc_All_Atmega128rfa1_Atmega128rfa1_Gcc.a(machwiResetHandler.o)
                0x0000b574                machwiResetReqHandler
 .text.machwdSetTrxStateConfirm
                0x0000b5e6       0x12 ./../../../../BitCloud/lib/libBc_All_Atmega128rfa1_Atmega128rfa1_Gcc.a(machwiRxEnableHandler.o)
 .text.machwiRxEnableReqHandler
                0x0000b5f8       0x3a ./../../../../BitCloud/lib/libBc_All_Atmega128rfa1_Atmega128rfa1_Gcc.a(machwiRxEnableHandler.o)
                0x0000b5f8                machwiRxEnableReqHandler
 .text.setNextChannel
                0x0000b632       0x7a ./../../../../BitCloud/lib/libBc_All_Atmega128rfa1_Atmega128rfa1_Gcc.a(machwiScanHandler.o)
 .text.switchToActiveChannel
                0x0000b6ac       0x2c ./../../../../BitCloud/lib/libBc_All_Atmega128rfa1_Atmega128rfa1_Gcc.a(machwiScanHandler.o)
 .text.halScanTimerFired
                0x0000b6d8       0x2a ./../../../../BitCloud/lib/libBc_All_Atmega128rfa1_Atmega128rfa1_Gcc.a(machwiScanHandler.o)
 .text.machwdDataConfirm
                0x0000b702       0x76 ./../../../../BitCloud/lib/libBc_All_Atmega128rfa1_Atmega128rfa1_Gcc.a(machwiScanHandler.o)
 .text.machwdEdConfirm
                0x0000b778       0xf0 ./../../../../BitCloud/lib/libBc_All_Atmega128rfa1_Atmega128rfa1_Gcc.a(machwiScanHandler.o)
 .text.trxStateHandling
                0x0000b868       0x1a ./../../../../BitCloud/lib/libBc_All_Atmega128rfa1_Atmega128rfa1_Gcc.a(machwiScanHandler.o)
 .text.finishScan
                0x0000b882        0xe ./../../../../BitCloud/lib/libBc_All_Atmega128rfa1_Atmega128rfa1_Gcc.a(machwiScanHandler.o)
 .text.generateScanConfirm
                0x0000b890       0x12 ./../../../../BitCloud/lib/libBc_All_Atmega128rfa1_Atmega128rfa1_Gcc.a(machwiScanHandler.o)
 .text.machwdSetConfirm
                0x0000b8a2      0x2ea ./../../../../BitCloud/lib/libBc_All_Atmega128rfa1_Atmega128rfa1_Gcc.a(machwiScanHandler.o)
 .text.machwdSetTrxStateConfirm
                0x0000bb8c       0xf2 ./../../../../BitCloud/lib/libBc_All_Atmega128rfa1_Atmega128rfa1_Gcc.a(machwiScanHandler.o)
 .text.machwiScanReqHandler
                0x0000bc7e      0x1a0 ./../../../../BitCloud/lib/libBc_All_Atmega128rfa1_Atmega128rfa1_Gcc.a(machwiScanHandler.o)
                0x0000bc7e                machwiScanReqHandler
 .text.machwiBeaconInd
                0x0000be1e      0x2da ./../../../../BitCloud/lib/libBc_All_Atmega128rfa1_Atmega128rfa1_Gcc.a(machwiScanHandler.o)
                0x0000be1e                machwiBeaconInd
 .text.machwiCoordRealignmentCommandInd
                0x0000c0f8       0xe6 ./../../../../BitCloud/lib/libBc_All_Atmega128rfa1_Atmega128rfa1_Gcc.a(machwiScanHandler.o)
                0x0000c0f8                machwiCoordRealignmentCommandInd
 .text.machwiResetScanHandler
                0x0000c1de        0x6 ./../../../../BitCloud/lib/libBc_All_Atmega128rfa1_Atmega128rfa1_Gcc.a(machwiScanHandler.o)
                0x0000c1de                machwiResetScanHandler
 .text.machwdSetConfirm
                0x0000c1e4        0xe ./../../../../BitCloud/lib/libBc_All_Atmega128rfa1_Atmega128rfa1_Gcc.a(machwiSetGetHandler.o)
 .text.machwiGetReqHandler
                0x0000c1f2       0x4c ./../../../../BitCloud/lib/libBc_All_Atmega128rfa1_Atmega128rfa1_Gcc.a(machwiSetGetHandler.o)
                0x0000c1f2                machwiGetReqHandler
 .text.machwiSetReqHandler
                0x0000c23e       0xae ./../../../../BitCloud/lib/libBc_All_Atmega128rfa1_Atmega128rfa1_Gcc.a(machwiSetGetHandler.o)
                0x0000c23e                machwiSetReqHandler
 .text.setHandling
                0x0000c2ec       0x64 ./../../../../BitCloud/lib/libBc_All_Atmega128rfa1_Atmega128rfa1_Gcc.a(machwiStartHandler.o)
 .text.setStartReqParam
                0x0000c350       0xa8 ./../../../../BitCloud/lib/libBc_All_Atmega128rfa1_Atmega128rfa1_Gcc.a(machwiStartHandler.o)
 .text.generateConfirm
                0x0000c3f8       0x3a ./../../../../BitCloud/lib/libBc_All_Atmega128rfa1_Atmega128rfa1_Gcc.a(machwiStartHandler.o)
 .text.machwdSetConfirm
                0x0000c432      0x19e ./../../../../BitCloud/lib/libBc_All_Atmega128rfa1_Atmega128rfa1_Gcc.a(machwiStartHandler.o)
 .text.machwdDataConfirm
                0x0000c5d0       0x36 ./../../../../BitCloud/lib/libBc_All_Atmega128rfa1_Atmega128rfa1_Gcc.a(machwiStartHandler.o)
 .text.machwiStartReqHandler
                0x0000c606       0x56 ./../../../../BitCloud/lib/libBc_All_Atmega128rfa1_Atmega128rfa1_Gcc.a(machwiStartHandler.o)
                0x0000c606                machwiStartReqHandler
 .text.machwiResetStartHandler
                0x0000c65c        0xa ./../../../../BitCloud/lib/libBc_All_Atmega128rfa1_Atmega128rfa1_Gcc.a(machwiStartHandler.o)
                0x0000c65c                machwiResetStartHandler
 .text.machwdSetTrxStateConfirm
                0x0000c666        0xc ./../../../../BitCloud/lib/libBc_All_Atmega128rfa1_Atmega128rfa1_Gcc.a(machwiSwitchRxCtrl.o)
 .text.machwiSwitchRxAccordToRxOnWhenIdle
                0x0000c672       0x2a ./../../../../BitCloud/lib/libBc_All_Atmega128rfa1_Atmega128rfa1_Gcc.a(machwiSwitchRxCtrl.o)
                0x0000c672                machwiSwitchRxAccordToRxOnWhenIdle
 .text.machwdDataConfirmEmptyData
                0x0000c69c        0x6 ./../../../../BitCloud/lib/libBc_All_Atmega128rfa1_Atmega128rfa1_Gcc.a(machwiTransactionHandler.o)
 .text.machwiResetTransactionHandler
                0x0000c6a2        0xa ./../../../../BitCloud/lib/libBc_All_Atmega128rfa1_Atmega128rfa1_Gcc.a(machwiTransactionHandler.o)
                0x0000c6a2                machwiResetTransactionHandler
 .text.machwiSendTransactionEvent
                0x0000c6ac      0x1da ./../../../../BitCloud/lib/libBc_All_Atmega128rfa1_Atmega128rfa1_Gcc.a(machwiTransactionHandler.o)
                0x0000c6ac                machwiSendTransactionEvent
 .text.machwdDataConfirm
                0x0000c886       0xbc ./../../../../BitCloud/lib/libBc_All_Atmega128rfa1_Atmega128rfa1_Gcc.a(machwiTransactionHandler.o)
 .text.replyWithEmptyDataFrame
                0x0000c942       0x98 ./../../../../BitCloud/lib/libBc_All_Atmega128rfa1_Atmega128rfa1_Gcc.a(machwiTransactionHandler.o)
                0x0000c942                replyWithEmptyDataFrame
 .text.stopTransactionTimer
                0x0000c9da        0xa ./../../../../BitCloud/lib/libBc_All_Atmega128rfa1_Atmega128rfa1_Gcc.a(machwiTransactionQueue.o)
 .text.transactionTimerFired
                0x0000c9e4       0x5e ./../../../../BitCloud/lib/libBc_All_Atmega128rfa1_Atmega128rfa1_Gcc.a(machwiTransactionQueue.o)
 .text.machwiPutTransactionToQueue
                0x0000ca42       0x76 ./../../../../BitCloud/lib/libBc_All_Atmega128rfa1_Atmega128rfa1_Gcc.a(machwiTransactionQueue.o)
                0x0000ca42                machwiPutTransactionToQueue
 .text.machwiGetActivatedTransactionFromQueue
                0x0000cab8       0x20 ./../../../../BitCloud/lib/libBc_All_Atmega128rfa1_Atmega128rfa1_Gcc.a(machwiTransactionQueue.o)
                0x0000cab8                machwiGetActivatedTransactionFromQueue
 .text.machwiTestAndKickQueueTransactions
                0x0000cad8      0x24c ./../../../../BitCloud/lib/libBc_All_Atmega128rfa1_Atmega128rfa1_Gcc.a(machwiTransactionQueue.o)
                0x0000cad8                machwiTestAndKickQueueTransactions
 .text.machwiFillPendingAddrSpecAndList
                0x0000cd24        0x8 ./../../../../BitCloud/lib/libBc_All_Atmega128rfa1_Atmega128rfa1_Gcc.a(machwiTransactionQueue.o)
                0x0000cd24                machwiFillPendingAddrSpecAndList
 .text.machwiDeleteTransactionFromQueue
                0x0000cd2c       0x2c ./../../../../BitCloud/lib/libBc_All_Atmega128rfa1_Atmega128rfa1_Gcc.a(machwiTransactionQueue.o)
                0x0000cd2c                machwiDeleteTransactionFromQueue
 .text.machwiPurgeTransactionFromQueue
                0x0000cd58       0x3a ./../../../../BitCloud/lib/libBc_All_Atmega128rfa1_Atmega128rfa1_Gcc.a(machwiTransactionQueue.o)
                0x0000cd58                machwiPurgeTransactionFromQueue
 .text.machwiResetTransactionQueue
                0x0000cd92       0x3a ./../../../../BitCloud/lib/libBc_All_Atmega128rfa1_Atmega128rfa1_Gcc.a(machwiTransactionQueue.o)
                0x0000cd92                machwiResetTransactionQueue
 .text.machwiTransactionQueueEmpty
                0x0000cdcc       0x14 ./../../../../BitCloud/lib/libBc_All_Atmega128rfa1_Atmega128rfa1_Gcc.a(machwiTransactionQueue.o)
                0x0000cdcc                machwiTransactionQueueEmpty
 .text.nwkBroadcastForMe
                0x0000cde0       0x60 ./../../../../BitCloud/lib/libBc_All_Atmega128rfa1_Atmega128rfa1_Gcc.a(nwk.o)
 .text.nwkAddressConflictIsIdle
                0x0000ce40        0xe ./../../../../BitCloud/lib/libBc_All_Atmega128rfa1_Atmega128rfa1_Gcc.a(nwk.o)
 .text.nwkFindAddressMapEntryByShortAddr
                0x0000ce4e       0x30 ./../../../../BitCloud/lib/libBc_All_Atmega128rfa1_Atmega128rfa1_Gcc.a(nwk.o)
 .text.nwkDataReqIsIdle
                0x0000ce7e        0xe ./../../../../BitCloud/lib/libBc_All_Atmega128rfa1_Atmega128rfa1_Gcc.a(nwk.o)
 .text.nwkDiscoveryIsIdle
                0x0000ce8c        0xe ./../../../../BitCloud/lib/libBc_All_Atmega128rfa1_Atmega128rfa1_Gcc.a(nwk.o)
 .text.nwkEDScanIsIdle
                0x0000ce9a        0xe ./../../../../BitCloud/lib/libBc_All_Atmega128rfa1_Atmega128rfa1_Gcc.a(nwk.o)
 .text.nwkFormationIsIdle
                0x0000cea8        0xe ./../../../../BitCloud/lib/libBc_All_Atmega128rfa1_Atmega128rfa1_Gcc.a(nwk.o)
 .text.nwkSetDepth
                0x0000ceb6        0xc ./../../../../BitCloud/lib/libBc_All_Atmega128rfa1_Atmega128rfa1_Gcc.a(nwk.o)
 .text.nwkJoinIndIsIdle
                0x0000cec2       0x30 ./../../../../BitCloud/lib/libBc_All_Atmega128rfa1_Atmega128rfa1_Gcc.a(nwk.o)
 .text.nwkJoinReqIsIdle
                0x0000cef2        0xe ./../../../../BitCloud/lib/libBc_All_Atmega128rfa1_Atmega128rfa1_Gcc.a(nwk.o)
 .text.nwkLeaveReqIsIdle
                0x0000cf00        0xe ./../../../../BitCloud/lib/libBc_All_Atmega128rfa1_Atmega128rfa1_Gcc.a(nwk.o)
 .text.nwkLinkStatusIsIdle
                0x0000cf0e        0xe ./../../../../BitCloud/lib/libBc_All_Atmega128rfa1_Atmega128rfa1_Gcc.a(nwk.o)
 .text.nwkLoopbackIsIdle
                0x0000cf1c        0xe ./../../../../BitCloud/lib/libBc_All_Atmega128rfa1_Atmega128rfa1_Gcc.a(nwk.o)
 .text.nwkGetOutgoingCost
                0x0000cf2a       0x44 ./../../../../BitCloud/lib/libBc_All_Atmega128rfa1_Atmega128rfa1_Gcc.a(nwk.o)
 .text.nwkClearNeighborTable
                0x0000cf6e       0x72 ./../../../../BitCloud/lib/libBc_All_Atmega128rfa1_Atmega128rfa1_Gcc.a(nwk.o)
 .text.nwkGetEdCapacity
                0x0000cfe0       0x1c ./../../../../BitCloud/lib/libBc_All_Atmega128rfa1_Atmega128rfa1_Gcc.a(nwk.o)
 .text.nwkGetRouterCapacity
                0x0000cffc       0x1c ./../../../../BitCloud/lib/libBc_All_Atmega128rfa1_Atmega128rfa1_Gcc.a(nwk.o)
 .text.nwkIsJoiningForbidden
                0x0000d018       0x3e ./../../../../BitCloud/lib/libBc_All_Atmega128rfa1_Atmega128rfa1_Gcc.a(nwk.o)
 .text.nwkUpdateCapacityBits
                0x0000d056       0x56 ./../../../../BitCloud/lib/libBc_All_Atmega128rfa1_Atmega128rfa1_Gcc.a(nwk.o)
 .text.nwkUpdateCapacityBitsInBeacon
                0x0000d0ac       0x3c ./../../../../BitCloud/lib/libBc_All_Atmega128rfa1_Atmega128rfa1_Gcc.a(nwk.o)
 .text.nwkUpdateBeaconPayload
                0x0000d0e8       0x94 ./../../../../BitCloud/lib/libBc_All_Atmega128rfa1_Atmega128rfa1_Gcc.a(nwk.o)
 .text.nwkFreeNeighbor
                0x0000d17c       0x26 ./../../../../BitCloud/lib/libBc_All_Atmega128rfa1_Atmega128rfa1_Gcc.a(nwk.o)
 .text.nwkCostFromLqi
                0x0000d1a2       0x3a ./../../../../BitCloud/lib/libBc_All_Atmega128rfa1_Atmega128rfa1_Gcc.a(nwk.o)
 .text.nwkInitLqiAndCostOfNeighbor
                0x0000d1dc       0x70 ./../../../../BitCloud/lib/libBc_All_Atmega128rfa1_Atmega128rfa1_Gcc.a(nwk.o)
 .text.nwkUpdateLqiAndCostOfNeighbor
                0x0000d24c       0x88 ./../../../../BitCloud/lib/libBc_All_Atmega128rfa1_Atmega128rfa1_Gcc.a(nwk.o)
 .text.nwkFindPassiveAck
                0x0000d2d4       0x2a ./../../../../BitCloud/lib/libBc_All_Atmega128rfa1_Atmega128rfa1_Gcc.a(nwk.o)
 .text.nwkNewPassiveAck
                0x0000d2fe       0xfa ./../../../../BitCloud/lib/libBc_All_Atmega128rfa1_Atmega128rfa1_Gcc.a(nwk.o)
 .text.nwkFreePassiveAck
                0x0000d3f8       0x2e ./../../../../BitCloud/lib/libBc_All_Atmega128rfa1_Atmega128rfa1_Gcc.a(nwk.o)
 .text.nwkPermitJoiningIsIdle
                0x0000d426       0x1c ./../../../../BitCloud/lib/libBc_All_Atmega128rfa1_Atmega128rfa1_Gcc.a(nwk.o)
 .text.nwkResetIsIdle
                0x0000d442        0xe ./../../../../BitCloud/lib/libBc_All_Atmega128rfa1_Atmega128rfa1_Gcc.a(nwk.o)
 .text.nwkRouteDiscoveryIsIdle
                0x0000d450       0x14 ./../../../../BitCloud/lib/libBc_All_Atmega128rfa1_Atmega128rfa1_Gcc.a(nwk.o)
 .text.nwkFindRouteDiscoveryEntry
                0x0000d464       0x36 ./../../../../BitCloud/lib/libBc_All_Atmega128rfa1_Atmega128rfa1_Gcc.a(nwk.o)
 .text.nwkFreeRouteDiscoveryEntry
                0x0000d49a       0x3a ./../../../../BitCloud/lib/libBc_All_Atmega128rfa1_Atmega128rfa1_Gcc.a(nwk.o)
 .text.nwkConfirmRouteRequestTx
                0x0000d4d4       0x60 ./../../../../BitCloud/lib/libBc_All_Atmega128rfa1_Atmega128rfa1_Gcc.a(nwk.o)
 .text.nwkRouteDiscoveryTableIsIdle
                0x0000d534        0xc ./../../../../BitCloud/lib/libBc_All_Atmega128rfa1_Atmega128rfa1_Gcc.a(nwk.o)
 .text.nwkFindRoutingEntry
                0x0000d540       0x40 ./../../../../BitCloud/lib/libBc_All_Atmega128rfa1_Atmega128rfa1_Gcc.a(nwk.o)
 .text.nwkFreeRoutingEntry
                0x0000d580       0x12 ./../../../../BitCloud/lib/libBc_All_Atmega128rfa1_Atmega128rfa1_Gcc.a(nwk.o)
 .text.nwkDeleteRoute
                0x0000d592       0x48 ./../../../../BitCloud/lib/libBc_All_Atmega128rfa1_Atmega128rfa1_Gcc.a(nwk.o)
 .text.nwkUpdateNextHop
                0x0000d5da       0xc8 ./../../../../BitCloud/lib/libBc_All_Atmega128rfa1_Atmega128rfa1_Gcc.a(nwk.o)
 .text.nwkParseRxHeader
                0x0000d6a2       0xb0 ./../../../../BitCloud/lib/libBc_All_Atmega128rfa1_Atmega128rfa1_Gcc.a(nwk.o)
 .text.nwkStartRouterIsIdle
                0x0000d752        0xe ./../../../../BitCloud/lib/libBc_All_Atmega128rfa1_Atmega128rfa1_Gcc.a(nwk.o)
 .text.nwkSendRouteErrorConf
                0x0000d760        0x6 ./../../../../BitCloud/lib/libBc_All_Atmega128rfa1_Atmega128rfa1_Gcc.a(nwk.o)
 .text.nwkSyncIsIdle
                0x0000d766        0xe ./../../../../BitCloud/lib/libBc_All_Atmega128rfa1_Atmega128rfa1_Gcc.a(nwk.o)
 .text.nwkPostTask
                0x0000d774       0x58 ./../../../../BitCloud/lib/libBc_All_Atmega128rfa1_Atmega128rfa1_Gcc.a(nwk.o)
 .text.nwkEDScanMacEDScanConf
                0x0000d7cc       0x3e ./../../../../BitCloud/lib/libBc_All_Atmega128rfa1_Atmega128rfa1_Gcc.a(nwk.o)
 .text.nwkFormationMacRxEnableConf
                0x0000d80a       0x1c ./../../../../BitCloud/lib/libBc_All_Atmega128rfa1_Atmega128rfa1_Gcc.a(nwk.o)
 .text.nwkDiscoveryMacActiveScanConf
                0x0000d826       0x28 ./../../../../BitCloud/lib/libBc_All_Atmega128rfa1_Atmega128rfa1_Gcc.a(nwk.o)
 .text.nwkPermitJoiningMacSetConf
                0x0000d84e       0x34 ./../../../../BitCloud/lib/libBc_All_Atmega128rfa1_Atmega128rfa1_Gcc.a(nwk.o)
 .text.nwkStartRouterMacStartConf
                0x0000d882       0x1c ./../../../../BitCloud/lib/libBc_All_Atmega128rfa1_Atmega128rfa1_Gcc.a(nwk.o)
 .text.nwkStatusConf
                0x0000d89e        0xe ./../../../../BitCloud/lib/libBc_All_Atmega128rfa1_Atmega128rfa1_Gcc.a(nwk.o)
 .text.nwkResetMacRxEnableConf
                0x0000d8ac       0x1c ./../../../../BitCloud/lib/libBc_All_Atmega128rfa1_Atmega128rfa1_Gcc.a(nwk.o)
 .text.nwkSendRouteDiscoveryReply
                0x0000d8c8       0x1e ./../../../../BitCloud/lib/libBc_All_Atmega128rfa1_Atmega128rfa1_Gcc.a(nwk.o)
 .text.nwkTxDelayIsIdle
                0x0000d8e6       0x14 ./../../../../BitCloud/lib/libBc_All_Atmega128rfa1_Atmega128rfa1_Gcc.a(nwk.o)
 .text.nwkReloadNibFromConfigServer
                0x0000d8fa       0x6c ./../../../../BitCloud/lib/libBc_All_Atmega128rfa1_Atmega128rfa1_Gcc.a(nwk.o)
 .text.nwkSetLifeTimeOfNeighbor
                0x0000d966       0xe8 ./../../../../BitCloud/lib/libBc_All_Atmega128rfa1_Atmega128rfa1_Gcc.a(nwk.o)
 .text.nwkUpdateOutgoingCostAndLifeTime
                0x0000da4e       0x4a ./../../../../BitCloud/lib/libBc_All_Atmega128rfa1_Atmega128rfa1_Gcc.a(nwk.o)
 .text.nwkAllocPacket
                0x0000da98       0xd2 ./../../../../BitCloud/lib/libBc_All_Atmega128rfa1_Atmega128rfa1_Gcc.a(nwk.o)
 .text.nwkAllocInputPacket
                0x0000db6a       0x2c ./../../../../BitCloud/lib/libBc_All_Atmega128rfa1_Atmega128rfa1_Gcc.a(nwk.o)
 .text.nwkLoopbackTaskHandler
                0x0000db96       0xe2 ./../../../../BitCloud/lib/libBc_All_Atmega128rfa1_Atmega128rfa1_Gcc.a(nwk.o)
 .text.nwkEDScanTaskHandler
                0x0000dc78       0xac ./../../../../BitCloud/lib/libBc_All_Atmega128rfa1_Atmega128rfa1_Gcc.a(nwk.o)
 .text.nwkDiscoveryTaskHandler
                0x0000dd24       0xba ./../../../../BitCloud/lib/libBc_All_Atmega128rfa1_Atmega128rfa1_Gcc.a(nwk.o)
 .text.nwkTxReq
                0x0000ddde       0x12 ./../../../../BitCloud/lib/libBc_All_Atmega128rfa1_Atmega128rfa1_Gcc.a(nwk.o)
 .text.nwkDataConf
                0x0000ddf0       0x4a ./../../../../BitCloud/lib/libBc_All_Atmega128rfa1_Atmega128rfa1_Gcc.a(nwk.o)
 .text.nwkConfirmDataTx
                0x0000de3a       0x3a ./../../../../BitCloud/lib/libBc_All_Atmega128rfa1_Atmega128rfa1_Gcc.a(nwk.o)
 .text.findFreeJoinIndObjFor
                0x0000de74       0xd6 ./../../../../BitCloud/lib/libBc_All_Atmega128rfa1_Atmega128rfa1_Gcc.a(nwk.o)
 .text.nwkFindAddressMapEntryByExtAddr
                0x0000df4a       0x52 ./../../../../BitCloud/lib/libBc_All_Atmega128rfa1_Atmega128rfa1_Gcc.a(nwk.o)
 .text.nwkAddToAddressMap
                0x0000df9c       0xc2 ./../../../../BitCloud/lib/libBc_All_Atmega128rfa1_Atmega128rfa1_Gcc.a(nwk.o)
 .text.nwkStopLinkStatusTimer
                0x0000e05e        0xe ./../../../../BitCloud/lib/libBc_All_Atmega128rfa1_Atmega128rfa1_Gcc.a(nwk.o)
 .text.nwkRouteDiscoveryTableTimerFired