Archive member included because of file (symbol)

./../../../../BitCloud/lib/libHAL_RcbAtm128rfa1_Atmega128rfa1_8Mhz_Gcc.a(appTimer.o)
                              Coordinator_Rcb_Atmega128rfa1_8Mhz_Gcc/Obj/blink.o (HAL_StartAppTimer)
./../../../../BitCloud/lib/libHAL_RcbAtm128rfa1_Atmega128rfa1_8Mhz_Gcc.a(halTaskManager.o)
                              Coordinator_Rcb_Atmega128rfa1_8Mhz_Gcc/Obj/usbFifoFT245RL.o (halTaskFlags4)
./../../../../BitCloud/lib/libHAL_RcbAtm128rfa1_Atmega128rfa1_8Mhz_Gcc.a(usart.o)
                              ./../../../../BitCloud/lib/libHAL_RcbAtm128rfa1_Atmega128rfa1_8Mhz_Gcc.a(halTaskManager.o) (halSigUsartHandler)
./../../../../BitCloud/lib/libHAL_RcbAtm128rfa1_Atmega128rfa1_8Mhz_Gcc.a(irq.o)
                              Coordinator_Rcb_Atmega128rfa1_8Mhz_Gcc/Obj/usbFifoFT245RL.o (HAL_RegisterIrq)
./../../../../BitCloud/lib/libHAL_RcbAtm128rfa1_Atmega128rfa1_8Mhz_Gcc.a(i2cPacket.o)
                              ./../../../../BitCloud/lib/libHAL_RcbAtm128rfa1_Atmega128rfa1_8Mhz_Gcc.a(halTaskManager.o) (halSig2WireSerialHandler)
./../../../../BitCloud/lib/libHAL_RcbAtm128rfa1_Atmega128rfa1_8Mhz_Gcc.a(eeprom.o)
                              Coordinator_Rcb_Atmega128rfa1_8Mhz_Gcc/Obj/pdsWriteData.o (HAL_ReadEeprom)
./../../../../BitCloud/lib/libHAL_RcbAtm128rfa1_Atmega128rfa1_8Mhz_Gcc.a(timer.o)
                              ./../../../../BitCloud/lib/libHAL_RcbAtm128rfa1_Atmega128rfa1_8Mhz_Gcc.a(appTimer.o) (halAddTimer)
./../../../../BitCloud/lib/libHAL_RcbAtm128rfa1_Atmega128rfa1_8Mhz_Gcc.a(adc.o)
                              ./../../../../BitCloud/lib/libHAL_RcbAtm128rfa1_Atmega128rfa1_8Mhz_Gcc.a(halTaskManager.o) (halSigAdcHandler)
./../../../../BitCloud/lib/libHAL_RcbAtm128rfa1_Atmega128rfa1_8Mhz_Gcc.a(spi.o)
                              ./../../../../BitCloud/lib/libHAL_RcbAtm128rfa1_Atmega128rfa1_8Mhz_Gcc.a(halTaskManager.o) (halSpiRxByteComplete)
./../../../../BitCloud/lib/libHAL_RcbAtm128rfa1_Atmega128rfa1_8Mhz_Gcc.a(halSleepTimerClock.o)
                              ./../../../../BitCloud/lib/libHAL_RcbAtm128rfa1_Atmega128rfa1_8Mhz_Gcc.a(appTimer.o) (halGetTimeOfSleepTimer)
./../../../../BitCloud/lib/libHAL_RcbAtm128rfa1_Atmega128rfa1_8Mhz_Gcc.a(halSecurityModule.o)
                              ./../../../../BitCloud/lib/libHAL_RcbAtm128rfa1_Atmega128rfa1_8Mhz_Gcc.a(halTaskManager.o) (halSmRequestHandler)
./../../../../BitCloud/lib/libHAL_RcbAtm128rfa1_Atmega128rfa1_8Mhz_Gcc.a(halAppClock.o)
                              ./../../../../BitCloud/lib/libHAL_RcbAtm128rfa1_Atmega128rfa1_8Mhz_Gcc.a(appTimer.o) (halGetTimeOfAppTimer)
./../../../../BitCloud/lib/libHAL_RcbAtm128rfa1_Atmega128rfa1_8Mhz_Gcc.a(halUsart.o)
                              ./../../../../BitCloud/lib/libHAL_RcbAtm128rfa1_Atmega128rfa1_8Mhz_Gcc.a(usart.o) (halSetUsartConfig)
./../../../../BitCloud/lib/libHAL_RcbAtm128rfa1_Atmega128rfa1_8Mhz_Gcc.a(halIrq.o)
                              ./../../../../BitCloud/lib/libHAL_RcbAtm128rfa1_Atmega128rfa1_8Mhz_Gcc.a(irq.o) (halSetIrqConfig)
./../../../../BitCloud/lib/libHAL_RcbAtm128rfa1_Atmega128rfa1_8Mhz_Gcc.a(halTwi.o)
                              ./../../../../BitCloud/lib/libHAL_RcbAtm128rfa1_Atmega128rfa1_8Mhz_Gcc.a(i2cPacket.o) (halInitI2c)
./../../../../BitCloud/lib/libHAL_RcbAtm128rfa1_Atmega128rfa1_8Mhz_Gcc.a(halEeprom.o)
                              ./../../../../BitCloud/lib/libHAL_RcbAtm128rfa1_Atmega128rfa1_8Mhz_Gcc.a(eeprom.o) (halEepromWrite)
./../../../../BitCloud/lib/libHAL_RcbAtm128rfa1_Atmega128rfa1_8Mhz_Gcc.a(halSleep.o)
                              ./../../../../BitCloud/lib/libHAL_RcbAtm128rfa1_Atmega128rfa1_8Mhz_Gcc.a(halSleepTimerClock.o) (halPowerOn)
./../../../../BitCloud/lib/libHAL_RcbAtm128rfa1_Atmega128rfa1_8Mhz_Gcc.a(halAdc.o)
                              ./../../../../BitCloud/lib/libHAL_RcbAtm128rfa1_Atmega128rfa1_8Mhz_Gcc.a(adc.o) (halOpenAdc)
./../../../../BitCloud/lib/libHAL_RcbAtm128rfa1_Atmega128rfa1_8Mhz_Gcc.a(halSpi.o)
                              ./../../../../BitCloud/lib/libHAL_RcbAtm128rfa1_Atmega128rfa1_8Mhz_Gcc.a(spi.o) (halSetUsartSpiConfig)
./../../../../BitCloud/lib/libHAL_RcbAtm128rfa1_Atmega128rfa1_8Mhz_Gcc.a(calibration.o)
                              ./../../../../BitCloud/lib/libHAL_RcbAtm128rfa1_Atmega128rfa1_8Mhz_Gcc.a(halSleep.o) (halStartingCalibrate)
./../../../../BitCloud/lib/libHAL_RcbAtm128rfa1_Atmega128rfa1_8Mhz_Gcc.a(halW1.o)
                              ./../../../../BitCloud/lib/libHAL_RcbAtm128rfa1_Atmega128rfa1_8Mhz_Gcc.a(halAdc.o) (__delay_us)
./../../../../BitCloud/lib/libHAL_RcbAtm128rfa1_Atmega128rfa1_8Mhz_Gcc.a(halCalibration.o)
                              ./../../../../BitCloud/lib/libHAL_RcbAtm128rfa1_Atmega128rfa1_8Mhz_Gcc.a(calibration.o) (halMeasurement)
./../../../../BitCloud/lib/libHAL_RcbAtm128rfa1_Atmega128rfa1_8Mhz_Gcc.a(sleepTimer.o)
[...]
Memory Configuration

Name             Origin             Length             Attributes
text             0x00000000         0x00020000         xr
data             0x00800190         0x00003e0c         rw !x
eeprom           0x00810000         0x00001000         rw !x
*default*        0x00000000         0xffffffff

Linker script and memory map

Address of section .data set to 0x800200
LOAD d:/program files/atmel/avr studio 5.1/extensions/atmel/avrgcc/3.3.1.27/avrtoolchain/bin/../lib/gcc/avr/4.5.1/../../../../avr/lib/avr51/crtm128rfa1.o

.text           0x00000000    0x1617c
                0x00000000                PROVIDE (__text_start, .)
 *(.vectors)
 .vectors       0x00000000      0x120 d:/program files/atmel/avr studio 5.1/extensions/atmel/avrgcc/3.3.1.27/avrtoolchain/bin/../lib/gcc/avr/4.5.1/../../../../avr/lib/avr51/crtm128rfa1.o
                0x00000000                __vector_default
                0x00000000                __vectors
 *(.vectors)
                0x00000120                PROVIDE (__pds_ff_start, .)
 *(.pds_ff)
 .pds_ff        0x00000120       0x8a Coordinator_Rcb_Atmega128rfa1_8Mhz_Gcc/Obj/csPersistentMem.o
                0x00000120                csGeneralFileDescriptors
                0x00000180                csExtendedFileDescriptors
                0x00000198                csNeighborTableFileDescriptor
                0x0000019e                csGroupTableFileDescriptor
                0x000001a4                csBindingTableFileDescriptor
                0x000001aa                PROVIDE (__pds_ff_end, .)
                0x000001aa                PROVIDE (__pds_fd_start, .)
 *(.pds_fd)
 .pds_fd        0x000001aa       0x24 Coordinator_Rcb_Atmega128rfa1_8Mhz_Gcc/Obj/csPersistentMem.o
                0x000001aa                csGeneralParamsDirDescr
                0x000001b0                csExtendedParamsDirDescr
                0x000001b6                csNwkSecurityTablesDirDescr
                0x000001bc                BCSystemDirDescr
                0x000001c2                BCExtGenParamsDirDescr
                0x000001c8                BCRejoinParamsDirDescr
                0x000001ce                PROVIDE (__pds_fd_end, .)
 *(.progmem.gcc*)
 .progmem.gcc_sw_table
                0x000001ce      0x110 ./../../../../BitCloud/lib/libBc_Coordinator_Atmega128rfa1_Atmega128rfa1_Gcc.a(macenvPib.o)
 .progmem.gcc_sw_table
                0x000002de       0x34 ./../../../../BitCloud/lib/libBc_Coordinator_Atmega128rfa1_Atmega128rfa1_Gcc.a(nwk.o)
 .progmem.gcc_sw_table
                0x00000312       0x58 ./../../../../BitCloud/lib/libBc_Coordinator_Atmega128rfa1_Atmega128rfa1_Gcc.a(zdo.o)
 .progmem.gcc_sw_table
                0x0000036a       0x28 ./../../../../BitCloud/lib/libBc_Coordinator_Atmega128rfa1_Atmega128rfa1_Gcc.a(machwdManager.o)
 .progmem.gcc_sw_table
                0x00000392       0x3c ./../../../../BitCloud/lib/libBc_Coordinator_Atmega128rfa1_Atmega128rfa1_Gcc.a(machwiManager.o)
 .progmem.gcc_sw_table
                0x000003ce       0x16 ./../../../../BitCloud/lib/libBc_Coordinator_Atmega128rfa1_Atmega128rfa1_Gcc.a(machwiPanServer.o)
 .progmem.gcc_sw_table
                0x000003e4       0x20 ./../../../../BitCloud/lib/libBc_Coordinator_Atmega128rfa1_Atmega128rfa1_Gcc.a(machwiScanHandler.o)
 .progmem.gcc_sw_table
                0x00000404       0x26 ./../../../../BitCloud/lib/libBc_Coordinator_Atmega128rfa1_Atmega128rfa1_Gcc.a(machwdFrameRoutine.o)
 *(.progmem*)
 .progmem.data  0x0000042a       0xa4 Coordinator_Rcb_Atmega128rfa1_8Mhz_Gcc/Obj/csPersistentMem.o
                0x0000042a                CsGeneralMemoryIdsTable
                0x0000044a                CsExtendedMemoryIdsTable
                0x00000452                CsNwkSecurityMemoryIdsTable
                0x00000456                BCSystemMemoryIdsTable
                0x00000484                BCExtGenParamsMemoryIdsTable
                0x000004ac                BCRejoinParamsMemoryIdsTable
 .progmem.data  0x000004ce      0x25e Coordinator_Rcb_Atmega128rfa1_8Mhz_Gcc/Obj/csMem.o
                0x000004ce                defaultNIB
                0x00000554                defaultZIB
                0x00000583                defaultAIB
                0x00000585                defaultSIB
                0x000005c1                csReadOnlyItems
                0x000005e0                csMemoryItems
 .progmem.data  0x0000072c        0xc ./../../../../BitCloud/lib/libHAL_RcbAtm128rfa1_Atmega128rfa1_8Mhz_Gcc.a(usart.o)
 .progmem.data  0x00000738       0x10 ./../../../../BitCloud/lib/libBc_Coordinator_Atmega128rfa1_Atmega128rfa1_Gcc.a(aps.o)
 .progmem.data  0x00000748      0x132 ./../../../../BitCloud/lib/libBc_Coordinator_Atmega128rfa1_Atmega128rfa1_Gcc.a(nwk.o)
                0x0000087a                . = ALIGN (0x2)
 *(.trampolines*)
 .trampolines   0x0000087a        0x0 linker stubs
 *(.jumptables*)
 *(.lowtext*)
 *(.init0)
 .init0         0x0000087a        0x0 d:/program files/atmel/avr studio 5.1/extensions/atmel/avrgcc/3.3.1.27/avrtoolchain/bin/../lib/gcc/avr/4.5.1/../../../../avr/lib/avr51/crtm128rfa1.o
                0x0000087a                __init
 .init0         0x0000087a       0x30 ./../../../../BitCloud/lib/WdtInitatmega128rfa1_Gcc.o
                0x0000087a                halWdtInit
 *(.init0)
 *(.init1)
 *(.init1)
 *(.init2)
 .init2         0x000008aa        0xc d:/program files/atmel/avr studio 5.1/extensions/atmel/avrgcc/3.3.1.27/avrtoolchain/bin/../lib/gcc/avr/4.5.1/../../../../avr/lib/avr51/crtm128rfa1.o
 *(.init2)
 *(.init3)
 *(.init3)
 *(.init4)
 .init4         0x000008b6       0x1a d:/program files/atmel/avr studio 5.1/extensions/atmel/avrgcc/3.3.1.27/avrtoolchain/bin/../lib/gcc/avr/4.5.1/avr51\libgcc.a(_copy_data.o)
                0x000008b6                __do_copy_data
 .init4         0x000008d0       0x10 d:/program files/atmel/avr studio 5.1/extensions/atmel/avrgcc/3.3.1.27/avrtoolchain/bin/../lib/gcc/avr/4.5.1/avr51\libgcc.a(_clear_bss.o)
                0x000008d0                __do_clear_bss
 *(.init4)
 *(.init5)
 *(.init5)
 *(.init6)
 *(.init6)
 *(.init7)
 *(.init7)
 *(.init8)
 *(.init8)
 *(.text.main)
 .text.main     0x000008e0        0xa Coordinator_Rcb_Atmega128rfa1_8Mhz_Gcc/Obj/blink.o
                0x000008e0                main
 *(.text.main)
 *(.text)
 .text          0x000008ea        0x4 d:/program files/atmel/avr studio 5.1/extensions/atmel/avrgcc/3.3.1.27/avrtoolchain/bin/../lib/gcc/avr/4.5.1/../../../../avr/lib/avr51/crtm128rfa1.o
                0x000008ea                __vector_22
                0x000008ea                __vector_28
                0x000008ea                __vector_67
                0x000008ea                __vector_32
                0x000008ea                __vector_71
                0x000008ea                __vector_34
                0x000008ea                __vector_62
                0x000008ea                __vector_12
                0x000008ea                __vector_55
                0x000008ea                __vector_69
                0x000008ea                __vector_46
                0x000008ea                __bad_interrupt
                0x000008ea                __vector_31
                0x000008ea                __vector_35
                0x000008ea                __vector_23
                0x000008ea                __vector_68
                0x000008ea                __vector_45
                0x000008ea                __vector_61
                0x000008ea                __vector_11
                0x000008ea                __vector_54
                0x000008ea                __vector_17
                0x000008ea                __vector_19
                0x000008ea                __vector_56
                0x000008ea                __vector_49
                0x000008ea                __vector_41
                0x000008ea                __vector_64
                0x000008ea                __vector_33
                0x000008ea                __vector_47
                0x000008ea                __vector_52
                0x000008ea                __vector_44
                0x000008ea                __vector_51
                0x000008ea                __vector_9
                0x000008ea                __vector_21
                0x000008ea                __vector_66
                0x000008ea                __vector_58
                0x000008ea                __vector_70
                0x000008ea                __vector_40
                0x000008ea                __vector_48
                0x000008ea                __vector_14
                0x000008ea                __vector_57
                0x000008ea                __vector_53
                0x000008ea                __vector_10
                0x000008ea                __vector_50
                0x000008ea                __vector_16
                0x000008ea                __vector_59
                0x000008ea                __vector_18
                0x000008ea                __vector_20
                0x000008ea                __vector_65
 .text          0x000008ee       0xce ./../../../../BitCloud/lib/libHAL_RcbAtm128rfa1_Atmega128rfa1_8Mhz_Gcc.a(halW1.o)
                0x000008ee                halResetW1
                0x00000922                halReadW1Bit
                0x00000952                halReadW1
                0x0000096e                halWriteW1bit
                0x0000099a                halWriteW1
                0x000009ac                __delay_us
 .text          0x000009bc       0x3a ./../../../../BitCloud/lib/libHAL_RcbAtm128rfa1_Atmega128rfa1_8Mhz_Gcc.a(halCalibration.o)
                0x000009bc                halMeasurement
 .text          0x000009f6       0xe2 d:/program files/atmel/avr studio 5.1/extensions/atmel/avrgcc/3.3.1.27/avrtoolchain/bin/../lib/gcc/avr/4.5.1/avr51\libgcc.a(_ashldi3.o)
                0x000009f6                __ashldi3
 *(.text.*)
 .text.APS_DataInd
                0x00000ad8        0x2 Coordinator_Rcb_Atmega128rfa1_8Mhz_Gcc/Obj/blink.o
 .text.ZDO_StartNetworkConf
                0x00000ada       0xea Coordinator_Rcb_Atmega128rfa1_8Mhz_Gcc/Obj/blink.o
 .text.APS_DataInd2
                0x00000bc4        0x8 Coordinator_Rcb_Atmega128rfa1_8Mhz_Gcc/Obj/blink.o
 .text.APS_DataConf
                0x00000bcc        0x8 Coordinator_Rcb_Atmega128rfa1_8Mhz_Gcc/Obj/blink.o
 .text.Timer_Handler
                0x00000bd4       0xf4 Coordinator_Rcb_Atmega128rfa1_8Mhz_Gcc/Obj/blink.o
                0x00000bd4                Timer_Handler
 .text.APL_TaskHandler
                0x00000cc8      0x180 Coordinator_Rcb_Atmega128rfa1_8Mhz_Gcc/Obj/blink.o
                0x00000cc8                APL_TaskHandler
 .text.ZDO_MgmtNwkUpdateNotf
                0x00000e48       0x8c Coordinator_Rcb_Atmega128rfa1_8Mhz_Gcc/Obj/blink.o
                0x00000e48                ZDO_MgmtNwkUpdateNotf
 .text.ZDO_WakeUpInd
                0x00000ed4        0x2 Coordinator_Rcb_Atmega128rfa1_8Mhz_Gcc/Obj/blink.o
                0x00000ed4                ZDO_WakeUpInd
 .text.ZDO_BindIndication
                0x00000ed6        0x2 Coordinator_Rcb_Atmega128rfa1_8Mhz_Gcc/Obj/blink.o
                0x00000ed6                ZDO_BindIndication
 .text.ZDO_UnbindIndication
                0x00000ed8        0x2 Coordinator_Rcb_Atmega128rfa1_8Mhz_Gcc/Obj/blink.o
                0x00000ed8                ZDO_UnbindIndication
 .text.pdsDummyCallback
                0x00000eda        0x2 Coordinator_Rcb_Atmega128rfa1_8Mhz_Gcc/Obj/pdsWriteData.o
                0x00000eda                pdsDummyCallback
 .text.pdsAddDataForCommitment
                0x00000edc       0x70 Coordinator_Rcb_Atmega128rfa1_8Mhz_Gcc/Obj/pdsWriteData.o
                0x00000edc                pdsAddDataForCommitment
 .text.pdsWaitMemoryFree
                0x00000f4c       0x10 Coordinator_Rcb_Atmega128rfa1_8Mhz_Gcc/Obj/pdsWriteData.o
                0x00000f4c                pdsWaitMemoryFree
 .text.pdsRead  0x00000f5c       0x3e Coordinator_Rcb_Atmega128rfa1_8Mhz_Gcc/Obj/pdsWriteData.o
                0x00000f5c                pdsRead
 .text.pdsWrite
                0x00000f9a       0x3e Coordinator_Rcb_Atmega128rfa1_8Mhz_Gcc/Obj/pdsWriteData.o
                0x00000f9a                pdsWrite
 .text.pdsStartCommitment
                0x00000fd8      0x1e6 Coordinator_Rcb_Atmega128rfa1_8Mhz_Gcc/Obj/pdsWriteData.o
                0x00000fd8                pdsStartCommitment
 .text.pdsMemMaskIsAnyBitSet
                0x000011be       0x1c Coordinator_Rcb_Atmega128rfa1_8Mhz_Gcc/Obj/pdsDataServer.o
 .text.pdsInitMemMask
                0x000011da       0x3c Coordinator_Rcb_Atmega128rfa1_8Mhz_Gcc/Obj/pdsDataServer.o
 .text.pdsGetMemoryAllowed
                0x00001216       0x38 Coordinator_Rcb_Atmega128rfa1_8Mhz_Gcc/Obj/pdsDataServer.o
 .text.PDS_Store
                0x0000124e       0x14 Coordinator_Rcb_Atmega128rfa1_8Mhz_Gcc/Obj/pdsDataServer.o
                0x0000124e                PDS_Store
 .text.PDS_IsMemoryRestored
                0x00001262       0x54 Coordinator_Rcb_Atmega128rfa1_8Mhz_Gcc/Obj/pdsDataServer.o
                0x00001262                PDS_IsMemoryRestored
 .text.PDS_Init
                0x000012b6      0x226 Coordinator_Rcb_Atmega128rfa1_8Mhz_Gcc/Obj/pdsInit.o
                0x000012b6                PDS_Init
 .text.pdsTimerFired
                0x000014dc        0xe Coordinator_Rcb_Atmega128rfa1_8Mhz_Gcc/Obj/pdsTimer.o
 .text.pdsTimerInit
                0x000014ea       0x12 Coordinator_Rcb_Atmega128rfa1_8Mhz_Gcc/Obj/pdsTimer.o
                0x000014ea                pdsTimerInit
 .text.pdsGetFileDescrRec
                0x000014fc       0x66 Coordinator_Rcb_Atmega128rfa1_8Mhz_Gcc/Obj/pdsMemAccess.o
                0x000014fc                pdsGetFileDescrRec
 .text.pdsGetFileOffset
                0x00001562      0x112 Coordinator_Rcb_Atmega128rfa1_8Mhz_Gcc/Obj/pdsMemAccess.o
                0x00001562                pdsGetFileOffset
 .text.pdsPrepareMemoryAccess
                0x00001674       0xc0 Coordinator_Rcb_Atmega128rfa1_8Mhz_Gcc/Obj/pdsMemAccess.o
                0x00001674                pdsPrepareMemoryAccess
 .text.pdsExpandMemoryMask
                0x00001734      0x162 Coordinator_Rcb_Atmega128rfa1_8Mhz_Gcc/Obj/pdsMemAccess.o
                0x00001734                pdsExpandMemoryMask
 .text.pdsPrepareAccessContext
                0x00001896       0x40 Coordinator_Rcb_Atmega128rfa1_8Mhz_Gcc/Obj/pdsMemAccess.o
                0x00001896                pdsPrepareAccessContext
 .text.pdsCalculateRAMDataCrc
                0x000018d6       0x1c Coordinator_Rcb_Atmega128rfa1_8Mhz_Gcc/Obj/pdsCrcService.o
                0x000018d6                pdsCalculateRAMDataCrc
 .text.pdsCheckFile
                0x000018f2       0xc8 Coordinator_Rcb_Atmega128rfa1_8Mhz_Gcc/Obj/pdsCrcService.o
                0x000018f2                pdsCheckFile
 .text.pdsCheckStorage
                0x000019ba       0x8e Coordinator_Rcb_Atmega128rfa1_8Mhz_Gcc/Obj/pdsCrcService.o
                0x000019ba                pdsCheckStorage
 .text.BSP_OpenLeds
                0x00001a48        0x8 Coordinator_Rcb_Atmega128rfa1_8Mhz_Gcc/Obj/leds.o
                0x00001a48                BSP_OpenLeds
 .text.BSP_OnLed
                0x00001a50       0x20 Coordinator_Rcb_Atmega128rfa1_8Mhz_Gcc/Obj/leds.o
                0x00001a50                BSP_OnLed
 .text.BSP_OffLed
                0x00001a70       0x20 Coordinator_Rcb_Atmega128rfa1_8Mhz_Gcc/Obj/leds.o
                0x00001a70                BSP_OffLed
 .text.BSP_ToggleLed
                0x00001a90       0x1e Coordinator_Rcb_Atmega128rfa1_8Mhz_Gcc/Obj/leds.o
                0x00001a90                BSP_ToggleLed
 .text.BSP_TaskHandler
                0x00001aae       0x7a Coordinator_Rcb_Atmega128rfa1_8Mhz_Gcc/Obj/bspTaskManager.o
                0x00001aae                BSP_TaskHandler
 .text.bspButtonsHandler
                0x00001b28       0x88 Coordinator_Rcb_Atmega128rfa1_8Mhz_Gcc/Obj/buttons.o
                0x00001b28                bspButtonsHandler
 .text.bspTemperatureSensorHandler
                0x00001bb0       0x12 Coordinator_Rcb_Atmega128rfa1_8Mhz_Gcc/Obj/fakeBSP.o
                0x00001bb0                bspTemperatureSensorHandler
 .text.bspLightSensorHandler
                0x00001bc2       0x12 Coordinator_Rcb_Atmega128rfa1_8Mhz_Gcc/Obj/fakeBSP.o
                0x00001bc2                bspLightSensorHandler
 .text.bspEmptyBatteryHandler
                0x00001bd4       0x10 Coordinator_Rcb_Atmega128rfa1_8Mhz_Gcc/Obj/fakeBSP.o
                0x00001bd4                bspEmptyBatteryHandler
 .text.csSetToDefault
                0x00001be4       0x80 Coordinator_Rcb_Atmega128rfa1_8Mhz_Gcc/Obj/csMem.o
                0x00001be4                csSetToDefault
 .text.csGetItem
                0x00001c64       0x38 Coordinator_Rcb_Atmega128rfa1_8Mhz_Gcc/Obj/configServer.o
 .text.CS_Init  0x00001c9c        0xa Coordinator_Rcb_Atmega128rfa1_8Mhz_Gcc/Obj/configServer.o
                0x00001c9c                CS_Init
 .text.CS_ReadParameter
                0x00001ca6       0x36 Coordinator_Rcb_Atmega128rfa1_8Mhz_Gcc/Obj/configServer.o
                0x00001ca6                CS_ReadParameter
 .text.CS_WriteParameter
                0x00001cdc       0x34 Coordinator_Rcb_Atmega128rfa1_8Mhz_Gcc/Obj/configServer.o
                0x00001cdc                CS_WriteParameter
 .text.CS_GetMemory
                0x00001d10       0x18 Coordinator_Rcb_Atmega128rfa1_8Mhz_Gcc/Obj/configServer.o
                0x00001d10                CS_GetMemory
 .text.halAppTimerHandler
                0x00001d28       0x8a ./../../../../BitCloud/lib/libHAL_RcbAtm128rfa1_Atmega128rfa1_8Mhz_Gcc.a(appTimer.o)
                0x00001d28                halAppTimerHandler
 .text.HAL_StartAppTimer
                0x00001db2       0x58 ./../../../../BitCloud/lib/libHAL_RcbAtm128rfa1_Atmega128rfa1_8Mhz_Gcc.a(appTimer.o)
                0x00001db2                HAL_StartAppTimer
 .text.HAL_StopAppTimer
                0x00001e0a       0x4a ./../../../../BitCloud/lib/libHAL_RcbAtm128rfa1_Atmega128rfa1_8Mhz_Gcc.a(appTimer.o)
                0x00001e0a                HAL_StopAppTimer
 .text.HAL_GetSystemTime
                0x00001e54       0x4e ./../../../../BitCloud/lib/libHAL_RcbAtm128rfa1_Atmega128rfa1_8Mhz_Gcc.a(appTimer.o)
                0x00001e54                HAL_GetSystemTime
 .text.HAL_TaskHandler
                0x00001ea2      0x1b2 ./../../../../BitCloud/lib/libHAL_RcbAtm128rfa1_Atmega128rfa1_8Mhz_Gcc.a(halTaskManager.o)
                0x00001ea2                HAL_TaskHandler
 .text.halUsartHwController
                0x00002054       0x9a ./../../../../BitCloud/lib/libHAL_RcbAtm128rfa1_Atmega128rfa1_8Mhz_Gcc.a(usart.o)
 .text.halSigUsartReceptionComplete
                0x000020ee       0x54 ./../../../../BitCloud/lib/libHAL_RcbAtm128rfa1_Atmega128rfa1_8Mhz_Gcc.a(usart.o)
 .text.halSetUsartClockPinDirection
                0x00002142       0x36 ./../../../../BitCloud/lib/libHAL_RcbAtm128rfa1_Atmega128rfa1_8Mhz_Gcc.a(usart.o)
 .text.halUsartTaskUsart0Dre
                0x00002178        0x8 ./../../../../BitCloud/lib/libHAL_RcbAtm128rfa1_Atmega128rfa1_8Mhz_Gcc.a(usart.o)
 .text.halUsartTaskUsart0Rxc
                0x00002180        0x8 ./../../../../BitCloud/lib/libHAL_RcbAtm128rfa1_Atmega128rfa1_8Mhz_Gcc.a(usart.o)
 .text.halUsartTaskUsart1Dre
                0x00002188        0x8 ./../../../../BitCloud/lib/libHAL_RcbAtm128rfa1_Atmega128rfa1_8Mhz_Gcc.a(usart.o)
 .text.halUsartTaskUsart1Rxc
                0x00002190        0x8 ./../../../../BitCloud/lib/libHAL_RcbAtm128rfa1_Atmega128rfa1_8Mhz_Gcc.a(usart.o)
 .text.halSigUsartHandler
                0x00002198       0x6e ./../../../../BitCloud/lib/libHAL_RcbAtm128rfa1_Atmega128rfa1_8Mhz_Gcc.a(usart.o)
                0x00002198                halSigUsartHandler
 .text.halPostUsartTask
                0x00002206       0x3c ./../../../../BitCloud/lib/libHAL_RcbAtm128rfa1_Atmega128rfa1_8Mhz_Gcc.a(usart.o)
                0x00002206                halPostUsartTask
 .text.halUsartRxBufferFiller
                0x00002242       0xa4 ./../../../../BitCloud/lib/libHAL_RcbAtm128rfa1_Atmega128rfa1_8Mhz_Gcc.a(usart.o)
                0x00002242                halUsartRxBufferFiller
 .text.halSigUsartTransmissionComplete
                0x000022e6       0x68 ./../../../../BitCloud/lib/libHAL_RcbAtm128rfa1_Atmega128rfa1_8Mhz_Gcc.a(usart.o)
                0x000022e6                halSigUsartTransmissionComplete
 .text.halUsartTaskUsart1Txc
                0x0000234e        0x8 ./../../../../BitCloud/lib/libHAL_RcbAtm128rfa1_Atmega128rfa1_8Mhz_Gcc.a(usart.o)
 .text.halUsartTaskUsart0Txc
                0x00002356        0x8 ./../../../../BitCloud/lib/libHAL_RcbAtm128rfa1_Atmega128rfa1_8Mhz_Gcc.a(usart.o)
 .text.halIsUsartChannelCorrect
                0x0000235e       0x16 ./../../../../BitCloud/lib/libHAL_RcbAtm128rfa1_Atmega128rfa1_8Mhz_Gcc.a(usart.o)
                0x0000235e                halIsUsartChannelCorrect
 .text.HAL_WriteUsart
                0x00002374       0xfc ./../../../../BitCloud/lib/libHAL_RcbAtm128rfa1_Atmega128rfa1_8Mhz_Gcc.a(usart.o)
                0x00002374                HAL_WriteUsart
 .text.HAL_OpenUsart
                0x00002470       0x92 ./../../../../BitCloud/lib/libHAL_RcbAtm128rfa1_Atmega128rfa1_8Mhz_Gcc.a(usart.o)
                0x00002470                HAL_OpenUsart
 .text.HAL_EnableIrq
                0x00002502       0x3c ./../../../../BitCloud/lib/libHAL_RcbAtm128rfa1_Atmega128rfa1_8Mhz_Gcc.a(irq.o)
                0x00002502                HAL_EnableIrq
 .text.halI2cBusReset
                0x0000253e       0x36 ./../../../../BitCloud/lib/libHAL_RcbAtm128rfa1_Atmega128rfa1_8Mhz_Gcc.a(i2cPacket.o)
                0x0000253e                halI2cBusReset
 .text.halSendStartDoneI2c
                0x00002574       0x3e ./../../../../BitCloud/lib/libHAL_RcbAtm128rfa1_Atmega128rfa1_8Mhz_Gcc.a(i2cPacket.o)
                0x00002574                halSendStartDoneI2c
 .text.halWriteData
                0x000025b2       0x64 ./../../../../BitCloud/lib/libHAL_RcbAtm128rfa1_Atmega128rfa1_8Mhz_Gcc.a(i2cPacket.o)
                0x000025b2                halWriteData
 .text.halWriteInternalAddress
                0x00002616       0x5c ./../../../../BitCloud/lib/libHAL_RcbAtm128rfa1_Atmega128rfa1_8Mhz_Gcc.a(i2cPacket.o)
                0x00002616                halWriteInternalAddress
 .text.halWriteDoneI2c
                0x00002672       0x3a ./../../../../BitCloud/lib/libHAL_RcbAtm128rfa1_Atmega128rfa1_8Mhz_Gcc.a(i2cPacket.o)
                0x00002672                halWriteDoneI2c
 .text.halMasterReadWriteAddressAckI2c
                0x000026ac       0x3c ./../../../../BitCloud/lib/libHAL_RcbAtm128rfa1_Atmega128rfa1_8Mhz_Gcc.a(i2cPacket.o)
                0x000026ac                halMasterReadWriteAddressAckI2c
 .text.halReadDoneI2c
                0x000026e8       0x58 ./../../../../BitCloud/lib/libHAL_RcbAtm128rfa1_Atmega128rfa1_8Mhz_Gcc.a(i2cPacket.o)
                0x000026e8                halReadDoneI2c
 .text.halReadLastByteDoneI2c
                0x00002740       0x58 ./../../../../BitCloud/lib/libHAL_RcbAtm128rfa1_Atmega128rfa1_8Mhz_Gcc.a(i2cPacket.o)
                0x00002740                halReadLastByteDoneI2c
 .text.halSig2WireSerialHandler
                0x00002798       0x46 ./../../../../BitCloud/lib/libHAL_RcbAtm128rfa1_Atmega128rfa1_8Mhz_Gcc.a(i2cPacket.o)
                0x00002798                halSig2WireSerialHandler
 .text.HAL_ReadEeprom
                0x000027de       0xc8 ./../../../../BitCloud/lib/libHAL_RcbAtm128rfa1_Atmega128rfa1_8Mhz_Gcc.a(eeprom.o)
                0x000027de                HAL_ReadEeprom
 .text.HAL_WriteEeprom
                0x000028a6       0xea ./../../../../BitCloud/lib/libHAL_RcbAtm128rfa1_Atmega128rfa1_8Mhz_Gcc.a(eeprom.o)
                0x000028a6                HAL_WriteEeprom
 .text.HAL_IsEepromBusy
                0x00002990        0xe ./../../../../BitCloud/lib/libHAL_RcbAtm128rfa1_Atmega128rfa1_8Mhz_Gcc.a(eeprom.o)
                0x00002990                HAL_IsEepromBusy
 .text.halSigEepromReadyHandler
                0x0000299e       0x60 ./../../../../BitCloud/lib/libHAL_RcbAtm128rfa1_Atmega128rfa1_8Mhz_Gcc.a(eeprom.o)
                0x0000299e                halSigEepromReadyHandler
 .text.halAddTimer
                0x000029fe      0x370 ./../../../../BitCloud/lib/libHAL_RcbAtm128rfa1_Atmega128rfa1_8Mhz_Gcc.a(timer.o)
                0x000029fe                halAddTimer
 .text.halRemoveTimer
                0x00002d6e       0x3e ./../../../../BitCloud/lib/libHAL_RcbAtm128rfa1_Atmega128rfa1_8Mhz_Gcc.a(timer.o)
                0x00002d6e                halRemoveTimer
 .text.halFindPrevTimer
                0x00002dac       0x1e ./../../../../BitCloud/lib/libHAL_RcbAtm128rfa1_Atmega128rfa1_8Mhz_Gcc.a(timer.o)
                0x00002dac                halFindPrevTimer
 .text.halSigAdcHandler
                0x00002dca       0x16 ./../../../../BitCloud/lib/libHAL_RcbAtm128rfa1_Atmega128rfa1_8Mhz_Gcc.a(adc.o)
                0x00002dca                halSigAdcHandler
 .text.halClearRealSpi
                0x00002de0        0x8 ./../../../../BitCloud/lib/libHAL_RcbAtm128rfa1_Atmega128rfa1_8Mhz_Gcc.a(spi.o)
 .text.halSpiTxByteComplete
                0x00002de8       0x32 ./../../../../BitCloud/lib/libHAL_RcbAtm128rfa1_Atmega128rfa1_8Mhz_Gcc.a(spi.o)
                0x00002de8                halSpiTxByteComplete
 .text.halSpiRxBufferFiller
                0x00002e1a       0x58 ./../../../../BitCloud/lib/libHAL_RcbAtm128rfa1_Atmega128rfa1_8Mhz_Gcc.a(spi.o)
                0x00002e1a                halSpiRxBufferFiller
 .text.halSpiRxByteComplete
                0x00002e72       0x24 ./../../../../BitCloud/lib/libHAL_RcbAtm128rfa1_Atmega128rfa1_8Mhz_Gcc.a(spi.o)
                0x00002e72                halSpiRxByteComplete
 .text.halClearTimeControl
                0x00002e96       0x14 ./../../../../BitCloud/lib/libHAL_RcbAtm128rfa1_Atmega128rfa1_8Mhz_Gcc.a(halSleepTimerClock.o)
                0x00002e96                halClearTimeControl
 .text.halWakeupFromIrq
                0x00002eaa       0x28 ./../../../../BitCloud/lib/libHAL_RcbAtm128rfa1_Atmega128rfa1_8Mhz_Gcc.a(halSleepTimerClock.o)
                0x00002eaa                halWakeupFromIrq
 .text.halStartSleepTimerClock
                0x00002ed2       0x48 ./../../../../BitCloud/lib/libHAL_RcbAtm128rfa1_Atmega128rfa1_8Mhz_Gcc.a(halSleepTimerClock.o)
                0x00002ed2                halStartSleepTimerClock
 .text.halStopSleepTimerClock
                0x00002f1a       0x42 ./../../../../BitCloud/lib/libHAL_RcbAtm128rfa1_Atmega128rfa1_8Mhz_Gcc.a(halSleepTimerClock.o)
                0x00002f1a                halStopSleepTimerClock
 .text.halSetSleepTimerInterval
                0x00002f5c       0x6a ./../../../../BitCloud/lib/libHAL_RcbAtm128rfa1_Atmega128rfa1_8Mhz_Gcc.a(halSleepTimerClock.o)
                0x00002f5c                halSetSleepTimerInterval
 .text.halGetTimeOfSleepTimer
                0x00002fc6       0xbc ./../../../../BitCloud/lib/libHAL_RcbAtm128rfa1_Atmega128rfa1_8Mhz_Gcc.a(halSleepTimerClock.o)
                0x00002fc6                halGetTimeOfSleepTimer
 .text.halSleepTimerFrequency
                0x00003082        0xa ./../../../../BitCloud/lib/libHAL_RcbAtm128rfa1_Atmega128rfa1_8Mhz_Gcc.a(halSleepTimerClock.o)
                0x00003082                halSleepTimerFrequency
 .text.halSleepSystemTimeSynchronize
                0x0000308c       0x62 ./../../../../BitCloud/lib/libHAL_RcbAtm128rfa1_Atmega128rfa1_8Mhz_Gcc.a(halSleepTimerClock.o)
                0x0000308c                halSleepSystemTimeSynchronize
 .text.__vector_13
                0x000030ee       0x92 ./../../../../BitCloud/lib/libHAL_RcbAtm128rfa1_Atmega128rfa1_8Mhz_Gcc.a(halSleepTimerClock.o)
                0x000030ee                __vector_13
 .text.__vector_15
                0x00003180      0x10a ./../../../../BitCloud/lib/libHAL_RcbAtm128rfa1_Atmega128rfa1_8Mhz_Gcc.a(halSleepTimerClock.o)
                0x00003180                __vector_15
 .text.halSmRequestHandler
                0x0000328a      0x15c ./../../../../BitCloud/lib/libHAL_RcbAtm128rfa1_Atmega128rfa1_8Mhz_Gcc.a(halSecurityModule.o)
                0x0000328a                halSmRequestHandler
 .text.halInitAppClock
                0x000033e6       0x26 ./../../../../BitCloud/lib/libHAL_RcbAtm128rfa1_Atmega128rfa1_8Mhz_Gcc.a(halAppClock.o)
                0x000033e6                halInitAppClock
 .text.halAdjustSleepInterval
                0x0000340c       0x50 ./../../../../BitCloud/lib/libHAL_RcbAtm128rfa1_Atmega128rfa1_8Mhz_Gcc.a(halAppClock.o)
                0x0000340c                halAdjustSleepInterval
 .text.halAppSystemTimeSynchronize
                0x0000345c       0x62 ./../../../../BitCloud/lib/libHAL_RcbAtm128rfa1_Atmega128rfa1_8Mhz_Gcc.a(halAppClock.o)
                0x0000345c                halAppSystemTimeSynchronize
 .text.halGetTimeOfAppTimer
                0x000034be       0x16 ./../../../../BitCloud/lib/libHAL_RcbAtm128rfa1_Atmega128rfa1_8Mhz_Gcc.a(halAppClock.o)
                0x000034be                halGetTimeOfAppTimer
 .text.__vector_42
                0x000034d4       0x4c ./../../../../BitCloud/lib/libHAL_RcbAtm128rfa1_Atmega128rfa1_8Mhz_Gcc.a(halAppClock.o)
                0x000034d4                __vector_42
 .text.halSetUsartConfig
                0x00003520       0xb2 ./../../../../BitCloud/lib/libHAL_RcbAtm128rfa1_Atmega128rfa1_8Mhz_Gcc.a(halUsart.o)
                0x00003520                halSetUsartConfig
 .text.__vector_26
                0x000035d2       0x5c ./../../../../BitCloud/lib/libHAL_RcbAtm128rfa1_Atmega128rfa1_8Mhz_Gcc.a(halUsart.o)
                0x000035d2                __vector_26
 .text.__vector_27
                0x0000362e       0x5c ./../../../../BitCloud/lib/libHAL_RcbAtm128rfa1_Atmega128rfa1_8Mhz_Gcc.a(halUsart.o)
                0x0000362e                __vector_27
 .text.__vector_25
                0x0000368a       0x64 ./../../../../BitCloud/lib/libHAL_RcbAtm128rfa1_Atmega128rfa1_8Mhz_Gcc.a(halUsart.o)
                0x0000368a                __vector_25
 .text.__vector_37
                0x000036ee       0x5c ./../../../../BitCloud/lib/libHAL_RcbAtm128rfa1_Atmega128rfa1_8Mhz_Gcc.a(halUsart.o)
                0x000036ee                __vector_37
 .text.__vector_38
                0x0000374a       0x5c ./../../../../BitCloud/lib/libHAL_RcbAtm128rfa1_Atmega128rfa1_8Mhz_Gcc.a(halUsart.o)
                0x0000374a                __vector_38
 .text.__vector_36
                0x000037a6       0x64 ./../../../../BitCloud/lib/libHAL_RcbAtm128rfa1_Atmega128rfa1_8Mhz_Gcc.a(halUsart.o)
                0x000037a6                __vector_36
 .text.__vector_1
                0x0000380a       0x5a ./../../../../BitCloud/lib/libHAL_RcbAtm128rfa1_Atmega128rfa1_8Mhz_Gcc.a(halIrq.o)
                0x0000380a                __vector_1
 .text.__vector_2
                0x00003864       0x5a ./../../../../BitCloud/lib/libHAL_RcbAtm128rfa1_Atmega128rfa1_8Mhz_Gcc.a(halIrq.o)
                0x00003864                __vector_2
 .text.__vector_3
                0x000038be       0x5a ./../../../../BitCloud/lib/libHAL_RcbAtm128rfa1_Atmega128rfa1_8Mhz_Gcc.a(halIrq.o)
                0x000038be                __vector_3
 .text.__vector_4
                0x00003918       0x5a ./../../../../BitCloud/lib/libHAL_RcbAtm128rfa1_Atmega128rfa1_8Mhz_Gcc.a(halIrq.o)
                0x00003918                __vector_4
 .text.__vector_5
                0x00003972       0x5a ./../../../../BitCloud/lib/libHAL_RcbAtm128rfa1_Atmega128rfa1_8Mhz_Gcc.a(halIrq.o)
                0x00003972                __vector_5
 .text.__vector_6
                0x000039cc       0x5a ./../../../../BitCloud/lib/libHAL_RcbAtm128rfa1_Atmega128rfa1_8Mhz_Gcc.a(halIrq.o)
                0x000039cc                __vector_6
 .text.__vector_7
                0x00003a26       0x5a ./../../../../BitCloud/lib/libHAL_RcbAtm128rfa1_Atmega128rfa1_8Mhz_Gcc.a(halIrq.o)
                0x00003a26                __vector_7
 .text.__vector_8
                0x00003a80       0x5a ./../../../../BitCloud/lib/libHAL_RcbAtm128rfa1_Atmega128rfa1_8Mhz_Gcc.a(halIrq.o)
                0x00003a80                __vector_8
 .text.__vector_39
                0x00003ada       0xda ./../../../../BitCloud/lib/libHAL_RcbAtm128rfa1_Atmega128rfa1_8Mhz_Gcc.a(halTwi.o)
                0x00003ada                __vector_39
 .text.halEepromWrite
                0x00003bb4       0x1c ./../../../../BitCloud/lib/libHAL_RcbAtm128rfa1_Atmega128rfa1_8Mhz_Gcc.a(halEeprom.o)
                0x00003bb4                halEepromWrite
 .text.__vector_30
                0x00003bd0       0x44 ./../../../../BitCloud/lib/libHAL_RcbAtm128rfa1_Atmega128rfa1_8Mhz_Gcc.a(halEeprom.o)
                0x00003bd0                __vector_30
 .text.halPowerOn
                0x00003c14       0x3e ./../../../../BitCloud/lib/libHAL_RcbAtm128rfa1_Atmega128rfa1_8Mhz_Gcc.a(halSleep.o)
                0x00003c14                halPowerOn
 .text.halPowerOff
                0x00003c52       0x9a ./../../../../BitCloud/lib/libHAL_RcbAtm128rfa1_Atmega128rfa1_8Mhz_Gcc.a(halSleep.o)
                0x00003c52                halPowerOff
 .text.HAL_Sleep
                0x00003cec       0x40 ./../../../../BitCloud/lib/libHAL_RcbAtm128rfa1_Atmega128rfa1_8Mhz_Gcc.a(halSleep.o)
                0x00003cec                HAL_Sleep
 .text.halWakeupHandler
                0x00003d2c       0x6a ./../../../../BitCloud/lib/libHAL_RcbAtm128rfa1_Atmega128rfa1_8Mhz_Gcc.a(halSleep.o)
                0x00003d2c                halWakeupHandler
 .text.__vector_29
                0x00003d96       0xcc ./../../../../BitCloud/lib/libHAL_RcbAtm128rfa1_Atmega128rfa1_8Mhz_Gcc.a(halAdc.o)
                0x00003d96                __vector_29
 .text.__vector_24
                0x00003e62       0x8c ./../../../../BitCloud/lib/libHAL_RcbAtm128rfa1_Atmega128rfa1_8Mhz_Gcc.a(halSpi.o)
                0x00003e62                __vector_24
 .text.halCalibrateInternalRc
                0x00003eee       0xda ./../../../../BitCloud/lib/libHAL_RcbAtm128rfa1_Atmega128rfa1_8Mhz_Gcc.a(calibration.o)
                0x00003eee                halCalibrateInternalRc
 .text.HAL_CalibrateMainClock
                0x00003fc8        0xe ./../../../../BitCloud/lib/libHAL_RcbAtm128rfa1_Atmega128rfa1_8Mhz_Gcc.a(calibration.o)
                0x00003fc8                HAL_CalibrateMainClock
 .text.halStartingCalibrate
                0x00003fd6       0x1c ./../../../../BitCloud/lib/libHAL_RcbAtm128rfa1_Atmega128rfa1_8Mhz_Gcc.a(calibration.o)
                0x00003fd6                halStartingCalibrate
 .text.HAL_StartSleepTimer
                0x00003ff2       0x72 ./../../../../BitCloud/lib/libHAL_RcbAtm128rfa1_Atmega128rfa1_8Mhz_Gcc.a(sleepTimer.o)
                0x00003ff2                HAL_StartSleepTimer
 .text.halAsyncTimerHandler
                0x00004064       0x52 ./../../../../BitCloud/lib/libHAL_RcbAtm128rfa1_Atmega128rfa1_8Mhz_Gcc.a(sleepTimer.o)
                0x00004064                halAsyncTimerHandler
 .text.HAL_StartSystemSleep
                0x000040b6       0x7a ./../../../../BitCloud/lib/libHAL_RcbAtm128rfa1_Atmega128rfa1_8Mhz_Gcc.a(sleep.o)
                0x000040b6                HAL_StartSystemSleep
 .text.halInitFreq
                0x00004130       0x6c ./../../../../BitCloud/lib/libHAL_RcbAtm128rfa1_Atmega128rfa1_8Mhz_Gcc.a(halClkCtrl.o)
                0x00004130                halInitFreq
 .text.halGetClockSource
                0x0000419c        0x6 ./../../../../BitCloud/lib/libHAL_RcbAtm128rfa1_Atmega128rfa1_8Mhz_Gcc.a(halClkCtrl.o)
                0x0000419c                halGetClockSource
 .text.apsGetApsCounter
                0x000041a2        0xe ./../../../../BitCloud/lib/libBc_Coordinator_Atmega128rfa1_Atmega128rfa1_Gcc.a(aps.o)
 .text.apsPrepareFragmentedTransmission
                0x000041b0       0x70 ./../../../../BitCloud/lib/libBc_Coordinator_Atmega128rfa1_Atmega128rfa1_Gcc.a(aps.o)
 .text.apsIsFragmentationDataReq
                0x00004220       0x22 ./../../../../BitCloud/lib/libBc_Coordinator_Atmega128rfa1_Atmega128rfa1_Gcc.a(aps.o)
 .text.apsGetBuffer
                0x00004242       0xd6 ./../../../../BitCloud/lib/libBc_Coordinator_Atmega128rfa1_Atmega128rfa1_Gcc.a(aps.o)
 .text.apsFreeBuffer
                0x00004318       0x8e ./../../../../BitCloud/lib/libBc_Coordinator_Atmega128rfa1_Atmega128rfa1_Gcc.a(aps.o)
 .text.apsPostTask
                0x000043a6       0x32 ./../../../../BitCloud/lib/libBc_Coordinator_Atmega128rfa1_Atmega128rfa1_Gcc.a(aps.o)
 .text.apsMakeApsDataConf
                0x000043d8       0x5a ./../../../../BitCloud/lib/libBc_Coordinator_Atmega128rfa1_Atmega128rfa1_Gcc.a(aps.o)
 .text.apsAckForFragmentedReceiveConfirmHandler
                0x00004432       0x9e ./../../../../BitCloud/lib/libBc_Coordinator_Atmega128rfa1_Atmega128rfa1_Gcc.a(aps.o)
 .text.apsStopConf
                0x000044d0       0x4a ./../../../../BitCloud/lib/libBc_Coordinator_Atmega128rfa1_Atmega128rfa1_Gcc.a(aps.o)
 .text.apsSendNwkDataReq
                0x0000451a       0x10 ./../../../../BitCloud/lib/libBc_Coordinator_Atmega128rfa1_Atmega128rfa1_Gcc.a(aps.o)
 .text.apsProcessShortAddrModeDataReq
                0x0000452a      0x296 ./../../../../BitCloud/lib/libBc_Coordinator_Atmega128rfa1_Atmega128rfa1_Gcc.a(aps.o)
 .text.apsSendNextBlock
                0x000047c0       0x14 ./../../../../BitCloud/lib/libBc_Coordinator_Atmega128rfa1_Atmega128rfa1_Gcc.a(aps.o)
 .text.apsSendAckForFragmentedReceive
                0x000047d4       0xce ./../../../../BitCloud/lib/libBc_Coordinator_Atmega128rfa1_Atmega128rfa1_Gcc.a(aps.o)
 .text.apsDataManagerNwkDataConf
                0x000048a2       0x1c ./../../../../BitCloud/lib/libBc_Coordinator_Atmega128rfa1_Atmega128rfa1_Gcc.a(aps.o)
 .text.apsProcessEvent
                0x000048be       0x26 ./../../../../BitCloud/lib/libBc_Coordinator_Atmega128rfa1_Atmega128rfa1_Gcc.a(aps.o)
 .text.apsProcessGroupAddrModeDataReq
                0x000048e4      0x190 ./../../../../BitCloud/lib/libBc_Coordinator_Atmega128rfa1_Atmega128rfa1_Gcc.a(aps.o)
 .text.apsCalculateApsAckTimeout
                0x00004a74       0x56 ./../../../../BitCloud/lib/libBc_Coordinator_Atmega128rfa1_Atmega128rfa1_Gcc.a(aps.o)
 .text.apsGroupNwkDataConf
                0x00004aca       0x4a ./../../../../BitCloud/lib/libBc_Coordinator_Atmega128rfa1_Atmega128rfa1_Gcc.a(aps.o)
 .text.apsNextBind
                0x00004b14       0xb0 ./../../../../BitCloud/lib/libBc_Coordinator_Atmega128rfa1_Atmega128rfa1_Gcc.a(aps.o)
 .text.apsSendToNextBoundDevice
                0x00004bc4       0x9c ./../../../../BitCloud/lib/libBc_Coordinator_Atmega128rfa1_Atmega128rfa1_Gcc.a(aps.o)
 .text.apsProcessIndirectDataReq
                0x00004c60       0x2c ./../../../../BitCloud/lib/libBc_Coordinator_Atmega128rfa1_Atmega128rfa1_Gcc.a(aps.o)
 .text.apsFindBindingEntry
                0x00004c8c       0xc6 ./../../../../BitCloud/lib/libBc_Coordinator_Atmega128rfa1_Atmega128rfa1_Gcc.a(aps.o)
 .text.SYS_GetRandomNumber
                0x00004d52       0x2a ./../../../../BitCloud/lib/libBc_Coordinator_Atmega128rfa1_Atmega128rfa1_Gcc.a(aps.o)
 .text.apsResetMemoryManager
                0x00004d7c       0xfa ./../../../../BitCloud/lib/libBc_Coordinator_Atmega128rfa1_Atmega128rfa1_Gcc.a(aps.o)
 .text.apsAckOnTimerFired
                0x00004e76       0xf8 ./../../../../BitCloud/lib/libBc_Coordinator_Atmega128rfa1_Atmega128rfa1_Gcc.a(aps.o)
 .text.apsHandleTransmittedData.clone.10
                0x00004f6e       0x6e ./../../../../BitCloud/lib/libBc_Coordinator_Atmega128rfa1_Atmega128rfa1_Gcc.a(aps.o)
 .text.APS_BindReq
                0x00004fdc       0xa6 ./../../../../BitCloud/lib/libBc_Coordinator_Atmega128rfa1_Atmega128rfa1_Gcc.a(aps.o)
                0x00004fdc                APS_BindReq
 .text.APS_UnbindReq
                0x00005082       0x4a ./../../../../BitCloud/lib/libBc_Coordinator_Atmega128rfa1_Atmega128rfa1_Gcc.a(aps.o)
                0x00005082                APS_UnbindReq
 .text.APS_DataReq
                0x000050cc       0x12 ./../../../../BitCloud/lib/libBc_Coordinator_Atmega128rfa1_Atmega128rfa1_Gcc.a(aps.o)
                0x000050cc                APS_DataReq
 .text.NWK_DataInd
                0x000050de       0x12 ./../../../../BitCloud/lib/libBc_Coordinator_Atmega128rfa1_Atmega128rfa1_Gcc.a(aps.o)
                0x000050de                NWK_DataInd
 .text.APS_CalculateTimes
                0x000050f0      0x1b2 ./../../../../BitCloud/lib/libBc_Coordinator_Atmega128rfa1_Atmega128rfa1_Gcc.a(aps.o)
                0x000050f0                APS_CalculateTimes
 .text.apsResetDataManager
                0x000052a2      0x110 ./../../../../BitCloud/lib/libBc_Coordinator_Atmega128rfa1_Atmega128rfa1_Gcc.a(aps.o)
 .text.apsNwkResetConf
                0x000053b2      0x196 ./../../../../BitCloud/lib/libBc_Coordinator_Atmega128rfa1_Atmega128rfa1_Gcc.a(aps.o)
 .text.apsStateMachineTaskHandler
                0x00005548       0xee ./../../../../BitCloud/lib/libBc_Coordinator_Atmega128rfa1_Atmega128rfa1_Gcc.a(aps.o)
 .text.APS_IsProfileIdMatched
                0x00005636       0x22 ./../../../../BitCloud/lib/libBc_Coordinator_Atmega128rfa1_Atmega128rfa1_Gcc.a(aps.o)
                0x00005636                APS_IsProfileIdMatched
 .text.APS_NextEndpoint
                0x00005658       0x16 ./../../../../BitCloud/lib/libBc_Coordinator_Atmega128rfa1_Atmega128rfa1_Gcc.a(aps.o)
                0x00005658                APS_NextEndpoint
 .text.apsFindEndpoint
                0x0000566e       0x26 ./../../../../BitCloud/lib/libBc_Coordinator_Atmega128rfa1_Atmega128rfa1_Gcc.a(aps.o)
 .text.APS_RegisterEndpointReq
                0x00005694       0x48 ./../../../../BitCloud/lib/libBc_Coordinator_Atmega128rfa1_Atmega128rfa1_Gcc.a(aps.o)
                0x00005694                APS_RegisterEndpointReq
 .text.apsGroupIndication
                0x000056dc       0x8a ./../../../../BitCloud/lib/libBc_Coordinator_Atmega128rfa1_Atmega128rfa1_Gcc.a(aps.o)
 .text.apsUnicastDataInd
                0x00005766      0x2a2 ./../../../../BitCloud/lib/libBc_Coordinator_Atmega128rfa1_Atmega128rfa1_Gcc.a(aps.o)
 .text.apsApduUnicastHandler.clone.8
                0x00005a08      0x5dc ./../../../../BitCloud/lib/libBc_Coordinator_Atmega128rfa1_Atmega128rfa1_Gcc.a(aps.o)
 .text.apsDataTaskHandler
                0x00005fe4      0xb20 ./../../../../BitCloud/lib/libBc_Coordinator_Atmega128rfa1_Atmega128rfa1_Gcc.a(aps.o)
 .text.APS_Init
                0x00006b04       0x2e ./../../../../BitCloud/lib/libBc_Coordinator_Atmega128rfa1_Atmega128rfa1_Gcc.a(aps.o)
                0x00006b04                APS_Init
 .text.APS_ResetReq
                0x00006b32        0xc ./../../../../BitCloud/lib/libBc_Coordinator_Atmega128rfa1_Atmega128rfa1_Gcc.a(aps.o)
                0x00006b32                APS_ResetReq
 .text.APS_StartReq
                0x00006b3e        0xc ./../../../../BitCloud/lib/libBc_Coordinator_Atmega128rfa1_Atmega128rfa1_Gcc.a(aps.o)
                0x00006b3e                APS_StartReq
 .text.APS_StopReq
                0x00006b4a        0xc ./../../../../BitCloud/lib/libBc_Coordinator_Atmega128rfa1_Atmega128rfa1_Gcc.a(aps.o)
                0x00006b4a                APS_StopReq
 .text.APS_IsActiveTransaction
                0x00006b56       0x54 ./../../../../BitCloud/lib/libBc_Coordinator_Atmega128rfa1_Atmega128rfa1_Gcc.a(aps.o)
                0x00006b56                APS_IsActiveTransaction
 .text.APS_TaskHandler
                0x00006baa       0x9c ./../../../../BitCloud/lib/libBc_Coordinator_Atmega128rfa1_Atmega128rfa1_Gcc.a(aps.o)
                0x00006baa                APS_TaskHandler
 .text.getSymbolsPerOctet
                0x00006c46       0x3c ./../../../../BitCloud/lib/libBc_Coordinator_Atmega128rfa1_Atmega128rfa1_Gcc.a(macenvPib.o)
 .text.calculateMaxFrameDuration
                0x00006c82       0x22 ./../../../../BitCloud/lib/libBc_Coordinator_Atmega128rfa1_Atmega128rfa1_Gcc.a(macenvPib.o)
 .text.storeTransmitPower
                0x00006ca4       0x44 ./../../../../BitCloud/lib/libBc_Coordinator_Atmega128rfa1_Atmega128rfa1_Gcc.a(macenvPib.o)
 .text.SYS_GetRandomNumber
                0x00006ce8       0x2a ./../../../../BitCloud/lib/libBc_Coordinator_Atmega128rfa1_Atmega128rfa1_Gcc.a(macenvPib.o)
 .text.macenvGetPhySymbolDuration
                0x00006d12       0x4a ./../../../../BitCloud/lib/libBc_Coordinator_Atmega128rfa1_Atmega128rfa1_Gcc.a(macenvPib.o)
                0x00006d12                macenvGetPhySymbolDuration
 .text.updateMaxFrameTxTime
                0x00006d5c       0x3a ./../../../../BitCloud/lib/libBc_Coordinator_Atmega128rfa1_Atmega128rfa1_Gcc.a(macenvPib.o)
 .text.macenvResetPib
                0x00006d96       0xfa ./../../../../BitCloud/lib/libBc_Coordinator_Atmega128rfa1_Atmega128rfa1_Gcc.a(macenvPib.o)
                0x00006d96                macenvResetPib
 .text.macenvConvertTransPersistTimeFromUnitsToMs
                0x00006e90       0x48 ./../../../../BitCloud/lib/libBc_Coordinator_Atmega128rfa1_Atmega128rfa1_Gcc.a(macenvPib.o)
                0x00006e90                macenvConvertTransPersistTimeFromUnitsToMs
 .text.macenvSetPibAttr
                0x00006ed8      0x2a0 ./../../../../BitCloud/lib/libBc_Coordinator_Atmega128rfa1_Atmega128rfa1_Gcc.a(macenvPib.o)
                0x00006ed8                macenvSetPibAttr
 .text.macenvCalculateMaxFrameTotalWaitTimeInMs
                0x00007178      0x128 ./../../../../BitCloud/lib/libBc_Coordinator_Atmega128rfa1_Atmega128rfa1_Gcc.a(macenvPib.o)
                0x00007178                macenvCalculateMaxFrameTotalWaitTimeInMs
 .text.macenvCalculateResponceWaitTimeInMs
                0x000072a0       0x42 ./../../../../BitCloud/lib/libBc_Coordinator_Atmega128rfa1_Atmega128rfa1_Gcc.a(macenvPib.o)
                0x000072a0                macenvCalculateResponceWaitTimeInMs
 .text.macenvGetPibAttr
                0x000072e2      0x216 ./../../../../BitCloud/lib/libBc_Coordinator_Atmega128rfa1_Atmega128rfa1_Gcc.a(macenvPib.o)
                0x000072e2                macenvGetPibAttr
 .text.MAC_GetExtAddr
                0x000074f8        0x6 ./../../../../BitCloud/lib/libBc_Coordinator_Atmega128rfa1_Atmega128rfa1_Gcc.a(macenvPib.o)
                0x000074f8                MAC_GetExtAddr
 .text.MAC_SetExtAddr
                0x000074fe       0x34 ./../../../../BitCloud/lib/libBc_Coordinator_Atmega128rfa1_Atmega128rfa1_Gcc.a(macenvPib.o)
                0x000074fe                MAC_SetExtAddr
 .text.MAC_IsOwnExtAddr
                0x00007532       0x1c ./../../../../BitCloud/lib/libBc_Coordinator_Atmega128rfa1_Atmega128rfa1_Gcc.a(macenvPib.o)
                0x00007532                MAC_IsOwnExtAddr
 .text.MAC_GetOctetsTransmissionTimeInMs
                0x0000754e       0x5e ./../../../../BitCloud/lib/libBc_Coordinator_Atmega128rfa1_Atmega128rfa1_Gcc.a(macenvPib.o)
                0x0000754e                MAC_GetOctetsTransmissionTimeInMs
 .text.nwkBroadcastForMe
                0x000075ac       0x60 ./../../../../BitCloud/lib/libBc_Coordinator_Atmega128rfa1_Atmega128rfa1_Gcc.a(nwk.o)
 .text.nwkAddressConflictIsIdle
                0x0000760c        0xe ./../../../../BitCloud/lib/libBc_Coordinator_Atmega128rfa1_Atmega128rfa1_Gcc.a(nwk.o)
 .text.nwkFindAddressMapEntryByShortAddr
                0x0000761a       0x30 ./../../../../BitCloud/lib/libBc_Coordinator_Atmega128rfa1_Atmega128rfa1_Gcc.a(nwk.o)
 .text.nwkDataReqIsIdle
                0x0000764a        0xe ./../../../../BitCloud/lib/libBc_Coordinator_Atmega128rfa1_Atmega128rfa1_Gcc.a(nwk.o)
 .text.nwkDiscoveryIsIdle
                0x00007658        0xe ./../../../../BitCloud/lib/libBc_Coordinator_Atmega128rfa1_Atmega128rfa1_Gcc.a(nwk.o)
 .text.nwkEDScanIsIdle
                0x00007666        0xe ./../../../../BitCloud/lib/libBc_Coordinator_Atmega128rfa1_Atmega128rfa1_Gcc.a(nwk.o)
 .text.nwkFormationIsIdle
                0x00007674        0xe ./../../../../BitCloud/lib/libBc_Coordinator_Atmega128rfa1_Atmega128rfa1_Gcc.a(nwk.o)
 .text.nwkJoinIndIsIdle
                0x00007682       0x30 ./../../../../BitCloud/lib/libBc_Coordinator_Atmega128rfa1_Atmega128rfa1_Gcc.a(nwk.o)
 .text.nwkLeaveReqIsIdle
                0x000076b2        0xe ./../../../../BitCloud/lib/libBc_Coordinator_Atmega128rfa1_Atmega128rfa1_Gcc.a(nwk.o)
 .text.nwkLinkStatusIsIdle
                0x000076c0        0xe ./../../../../BitCloud/lib/libBc_Coordinator_Atmega128rfa1_Atmega128rfa1_Gcc.a(nwk.o)
 .text.nwkLoopbackIsIdle
                0x000076ce        0xe ./../../../../BitCloud/lib/libBc_Coordinator_Atmega128rfa1_Atmega128rfa1_Gcc.a(nwk.o)
 .text.nwkGetOutgoingCost
                0x000076dc       0x44 ./../../../../BitCloud/lib/libBc_Coordinator_Atmega128rfa1_Atmega128rfa1_Gcc.a(nwk.o)
 .text.nwkGetEdCapacity
                0x00007720       0x1c ./../../../../BitCloud/lib/libBc_Coordinator_Atmega128rfa1_Atmega128rfa1_Gcc.a(nwk.o)
 .text.nwkGetRouterCapacity
                0x0000773c       0x1c ./../../../../BitCloud/lib/libBc_Coordinator_Atmega128rfa1_Atmega128rfa1_Gcc.a(nwk.o)
 .text.nwkIsJoiningForbidden
                0x00007758       0x3e ./../../../../BitCloud/lib/libBc_Coordinator_Atmega128rfa1_Atmega128rfa1_Gcc.a(nwk.o)
 .text.nwkUpdateCapacityBits
                0x00007796       0x56 ./../../../../BitCloud/lib/libBc_Coordinator_Atmega128rfa1_Atmega128rfa1_Gcc.a(nwk.o)
 .text.nwkUpdateCapacityBitsInBeacon
                0x000077ec       0x3c ./../../../../BitCloud/lib/libBc_Coordinator_Atmega128rfa1_Atmega128rfa1_Gcc.a(nwk.o)
 .text.nwkUpdateBeaconPayload
                0x00007828       0x94 ./../../../../BitCloud/lib/libBc_Coordinator_Atmega128rfa1_Atmega128rfa1_Gcc.a(nwk.o)
 .text.nwkFreeNeighbor
                0x000078bc       0x26 ./../../../../BitCloud/lib/libBc_Coordinator_Atmega128rfa1_Atmega128rfa1_Gcc.a(nwk.o)
 .text.nwkCostFromLqi
                0x000078e2       0x3a ./../../../../BitCloud/lib/libBc_Coordinator_Atmega128rfa1_Atmega128rfa1_Gcc.a(nwk.o)
 .text.nwkInitLqiAndCostOfNeighbor
                0x0000791c       0x70 ./../../../../BitCloud/lib/libBc_Coordinator_Atmega128rfa1_Atmega128rfa1_Gcc.a(nwk.o)
 .text.nwkUpdateLqiAndCostOfNeighbor
                0x0000798c       0x88 ./../../../../BitCloud/lib/libBc_Coordinator_Atmega128rfa1_Atmega128rfa1_Gcc.a(nwk.o)
 .text.nwkFindPassiveAck
                0x00007a14       0x2a ./../../../../BitCloud/lib/libBc_Coordinator_Atmega128rfa1_Atmega128rfa1_Gcc.a(nwk.o)
 .text.nwkNewPassiveAck
                0x00007a3e       0xfa ./../../../../BitCloud/lib/libBc_Coordinator_Atmega128rfa1_Atmega128rfa1_Gcc.a(nwk.o)
 .text.nwkFreePassiveAck
                0x00007b38       0x2e ./../../../../BitCloud/lib/libBc_Coordinator_Atmega128rfa1_Atmega128rfa1_Gcc.a(nwk.o)
 .text.nwkPermitJoiningIsIdle
                0x00007b66       0x1c ./../../../../BitCloud/lib/libBc_Coordinator_Atmega128rfa1_Atmega128rfa1_Gcc.a(nwk.o)
 .text.nwkResetIsIdle
                0x00007b82        0xe ./../../../../BitCloud/lib/libBc_Coordinator_Atmega128rfa1_Atmega128rfa1_Gcc.a(nwk.o)
 .text.nwkRouteDiscoveryIsIdle
                0x00007b90       0x14 ./../../../../BitCloud/lib/libBc_Coordinator_Atmega128rfa1_Atmega128rfa1_Gcc.a(nwk.o)
 .text.nwkFindRouteDiscoveryEntry
                0x00007ba4       0x36 ./../../../../BitCloud/lib/libBc_Coordinator_Atmega128rfa1_Atmega128rfa1_Gcc.a(nwk.o)
 .text.nwkFreeRouteDiscoveryEntry
                0x00007bda       0x3a ./../../../../BitCloud/lib/libBc_Coordinator_Atmega128rfa1_Atmega128rfa1_Gcc.a(nwk.o)
 .text.nwkConfirmRouteRequestTx
                0x00007c14       0x60 ./../../../../BitCloud/lib/libBc_Coordinator_Atmega128rfa1_Atmega128rfa1_Gcc.a(nwk.o)
 .text.nwkRouteDiscoveryTableIsIdle
                0x00007c74        0xc ./../../../../BitCloud/lib/libBc_Coordinator_Atmega128rfa1_Atmega128rfa1_Gcc.a(nwk.o)
 .text.nwkFindRoutingEntry
                0x00007c80       0x40 ./../../../../BitCloud/lib/libBc_Coordinator_Atmega128rfa1_Atmega128rfa1_Gcc.a(nwk.o)
 .text.nwkFreeRoutingEntry
                0x00007cc0       0x12 ./../../../../BitCloud/lib/libBc_Coordinator_Atmega128rfa1_Atmega128rfa1_Gcc.a(nwk.o)
 .text.nwkDeleteRoute
                0x00007cd2       0x48 ./../../../../BitCloud/lib/libBc_Coordinator_Atmega128rfa1_Atmega128rfa1_Gcc.a(nwk.o)
 .text.nwkUpdateNextHop
                0x00007d1a       0xc8 ./../../../../BitCloud/lib/libBc_Coordinator_Atmega128rfa1_Atmega128rfa1_Gcc.a(nwk.o)
 .text.nwkParseRxHeader
                0x00007de2       0xb0 ./../../../../BitCloud/lib/libBc_Coordinator_Atmega128rfa1_Atmega128rfa1_Gcc.a(nwk.o)
 .text.nwkSendRouteErrorConf
                0x00007e92        0x6 ./../../../../BitCloud/lib/libBc_Coordinator_Atmega128rfa1_Atmega128rfa1_Gcc.a(nwk.o)
 .text.nwkPostTask
                0x00007e98       0x58 ./../../../../BitCloud/lib/libBc_Coordinator_Atmega128rfa1_Atmega128rfa1_Gcc.a(nwk.o)
 .text.nwkEDScanMacEDScanConf
                0x00007ef0       0x3e ./../../../../BitCloud/lib/libBc_Coordinator_Atmega128rfa1_Atmega128rfa1_Gcc.a(nwk.o)
 .text.nwkFormationMacRxEnableConf
                0x00007f2e       0x1c ./../../../../BitCloud/lib/libBc_Coordinator_Atmega128rfa1_Atmega128rfa1_Gcc.a(nwk.o)
 .text.nwkDiscoveryMacActiveScanConf
                0x00007f4a       0x28 ./../../../../BitCloud/lib/libBc_Coordinator_Atmega128rfa1_Atmega128rfa1_Gcc.a(nwk.o)
 .text.nwkPermitJoiningMacSetConf
                0x00007f72       0x34 ./../../../../BitCloud/lib/libBc_Coordinator_Atmega128rfa1_Atmega128rfa1_Gcc.a(nwk.o)
 .text.nwkStatusConf
                0x00007fa6        0xe ./../../../../BitCloud/lib/libBc_Coordinator_Atmega128rfa1_Atmega128rfa1_Gcc.a(nwk.o)
 .text.nwkResetMacRxEnableConf
                0x00007fb4       0x1c ./../../../../BitCloud/lib/libBc_Coordinator_Atmega128rfa1_Atmega128rfa1_Gcc.a(nwk.o)
 .text.nwkSendRouteDiscoveryReply
                0x00007fd0       0x1e ./../../../../BitCloud/lib/libBc_Coordinator_Atmega128rfa1_Atmega128rfa1_Gcc.a(nwk.o)
 .text.nwkTxDelayIsIdle
                0x00007fee       0x14 ./../../../../BitCloud/lib/libBc_Coordinator_Atmega128rfa1_Atmega128rfa1_Gcc.a(nwk.o)
 .text.nwkSetLifeTimeOfNeighbor
                0x00008002       0xe8 ./../../../../BitCloud/lib/libBc_Coordinator_Atmega128rfa1_Atmega128rfa1_Gcc.a(nwk.o)
 .text.nwkUpdateOutgoingCostAndLifeTime
                0x000080ea       0x4a ./../../../../BitCloud/lib/libBc_Coordinator_Atmega128rfa1_Atmega128rfa1_Gcc.a(nwk.o)
 .text.nwkAllocPacket
                0x00008134       0xd2 ./../../../../BitCloud/lib/libBc_Coordinator_Atmega128rfa1_Atmega128rfa1_Gcc.a(nwk.o)
 .text.nwkAllocInputPacket
                0x00008206       0x2c ./../../../../BitCloud/lib/libBc_Coordinator_Atmega128rfa1_Atmega128rfa1_Gcc.a(nwk.o)
 .text.nwkLoopbackTaskHandler
                0x00008232       0xe2 ./../../../../BitCloud/lib/libBc_Coordinator_Atmega128rfa1_Atmega128rfa1_Gcc.a(nwk.o)
 .text.nwkEDScanTaskHandler
                0x00008314       0xac ./../../../../BitCloud/lib/libBc_Coordinator_Atmega128rfa1_Atmega128rfa1_Gcc.a(nwk.o)
 .text.nwkTxReq
                0x000083c0       0x12 ./../../../../BitCloud/lib/libBc_Coordinator_Atmega128rfa1_Atmega128rfa1_Gcc.a(nwk.o)
 .text.nwkDataConf
                0x000083d2       0x4a ./../../../../BitCloud/lib/libBc_Coordinator_Atmega128rfa1_Atmega128rfa1_Gcc.a(nwk.o)
 .text.nwkConfirmDataTx
                0x0000841c       0x3a ./../../../../BitCloud/lib/libBc_Coordinator_Atmega128rfa1_Atmega128rfa1_Gcc.a(nwk.o)
 .text.findFreeJoinIndObjFor
                0x00008456       0xd6 ./../../../../BitCloud/lib/libBc_Coordinator_Atmega128rfa1_Atmega128rfa1_Gcc.a(nwk.o)
 .text.nwkFindAddressMapEntryByExtAddr
                0x0000852c       0x52 ./../../../../BitCloud/lib/libBc_Coordinator_Atmega128rfa1_Atmega128rfa1_Gcc.a(nwk.o)
 .text.nwkAddToAddressMap
                0x0000857e       0xc2 ./../../../../BitCloud/lib/libBc_Coordinator_Atmega128rfa1_Atmega128rfa1_Gcc.a(nwk.o)
 .text.nwkStopLinkStatusTimer
                0x00008640        0xe ./../../../../BitCloud/lib/libBc_Coordinator_Atmega128rfa1_Atmega128rfa1_Gcc.a(nwk.o)
 .text.nwkRouteDiscoveryTableTimerFired
                0x0000864e       0x56 ./../../../../BitCloud/lib/libBc_Coordinator_Atmega128rfa1_Atmega128rfa1_Gcc.a(nwk.o)
 .text.nwkStopAgeTimerOfNeighborTable
                0x000086a4        0xa ./../../../../BitCloud/lib/libBc_Coordinator_Atmega128rfa1_Atmega128rfa1_Gcc.a(nwk.o)
 .text.SYS_GetRandomNumber
                0x000086ae       0x2a ./../../../../BitCloud/lib/libBc_Coordinator_Atmega128rfa1_Atmega128rfa1_Gcc.a(nwk.o)
 .text.nwkStartLinkStatusTimer
                0x000086d8       0x10 ./../../../../BitCloud/lib/libBc_Coordinator_Atmega128rfa1_Atmega128rfa1_Gcc.a(nwk.o)
 .text.nwkConfirmLinkStatusTx
                0x000086e8       0x1e ./../../../../BitCloud/lib/libBc_Coordinator_Atmega128rfa1_Atmega128rfa1_Gcc.a(nwk.o)
 .text.nwkStartAgeTimerOfNeighborTable
                0x00008706       0x32 ./../../../../BitCloud/lib/libBc_Coordinator_Atmega128rfa1_Atmega128rfa1_Gcc.a(nwk.o)
 .text.freeJoinIndObj
                0x00008738        0xe ./../../../../BitCloud/lib/libBc_Coordinator_Atmega128rfa1_Atmega128rfa1_Gcc.a(nwk.o)
 .text.nwkJoinIndTaskHandler
                0x00008746      0x108 ./../../../../BitCloud/lib/libBc_Coordinator_Atmega128rfa1_Atmega128rfa1_Gcc.a(nwk.o)
 .text.nwkPrepareCommonFrame
                0x0000884e       0x4a ./../../../../BitCloud/lib/libBc_Coordinator_Atmega128rfa1_Atmega128rfa1_Gcc.a(nwk.o)
 .text.nwkAllocRouteDiscoveryEntry
                0x00008898       0xac ./../../../../BitCloud/lib/libBc_Coordinator_Atmega128rfa1_Atmega128rfa1_Gcc.a(nwk.o)
 .text.nwkRouteDiscoveryTaskHandler
                0x00008944       0xd4 ./../../../../BitCloud/lib/libBc_Coordinator_Atmega128rfa1_Atmega128rfa1_Gcc.a(nwk.o)
 .text.nwkResetTaskManager
                0x00008a18       0x10 ./../../../../BitCloud/lib/libBc_Coordinator_Atmega128rfa1_Atmega128rfa1_Gcc.a(nwk.o)
 .text.nwkFormationMacEDScanConf
                0x00008a28       0xfc ./../../../../BitCloud/lib/libBc_Coordinator_Atmega128rfa1_Atmega128rfa1_Gcc.a(nwk.o)
 .text.nwkResetRouteDiscoveryTable
                0x00008b24       0xb2 ./../../../../BitCloud/lib/libBc_Coordinator_Atmega128rfa1_Atmega128rfa1_Gcc.a(nwk.o)
 .text.nwkFormationMacActiveScanConf
                0x00008bd6      0x25a ./../../../../BitCloud/lib/libBc_Coordinator_Atmega128rfa1_Atmega128rfa1_Gcc.a(nwk.o)
 .text.nwkPermitJoiningTaskHandler
                0x00008e30       0xe4 ./../../../../BitCloud/lib/libBc_Coordinator_Atmega128rfa1_Atmega128rfa1_Gcc.a(nwk.o)
 .text.nwkPermitJoinTimerFired
                0x00008f14       0x26 ./../../../../BitCloud/lib/libBc_Coordinator_Atmega128rfa1_Atmega128rfa1_Gcc.a(nwk.o)
 .text.nwkFormationMacSetConf
                0x00008f3a      0x14e ./../../../../BitCloud/lib/libBc_Coordinator_Atmega128rfa1_Atmega128rfa1_Gcc.a(nwk.o)
 .text.nwkFormationMacStartConf
                0x00009088       0x48 ./../../../../BitCloud/lib/libBc_Coordinator_Atmega128rfa1_Atmega128rfa1_Gcc.a(nwk.o)
 .text.nwkResetMacStartConf
                0x000090d0       0x50 ./../../../../BitCloud/lib/libBc_Coordinator_Atmega128rfa1_Atmega128rfa1_Gcc.a(nwk.o)
 .text.nwkPrepareLeaveChildTx
                0x00009120       0xb2 ./../../../../BitCloud/lib/libBc_Coordinator_Atmega128rfa1_Atmega128rfa1_Gcc.a(nwk.o)
 .text.nwkPrepareLeaveItselfTx
                0x000091d2       0x90 ./../../../../BitCloud/lib/libBc_Coordinator_Atmega128rfa1_Atmega128rfa1_Gcc.a(nwk.o)
 .text.nwkPrepareJoinRespTx
                0x00009262       0xf0 ./../../../../BitCloud/lib/libBc_Coordinator_Atmega128rfa1_Atmega128rfa1_Gcc.a(nwk.o)
 .text.nwkPrepareLinkStatusTx
                0x00009352      0x1e2 ./../../../../BitCloud/lib/libBc_Coordinator_Atmega128rfa1_Atmega128rfa1_Gcc.a(nwk.o)
 .text.nwkLinkStatusInd
                0x00009534      0x23a ./../../../../BitCloud/lib/libBc_Coordinator_Atmega128rfa1_Atmega128rfa1_Gcc.a(nwk.o)
 .text.nwkConfirmLeaveItselfTx
                0x0000976e       0x42 ./../../../../BitCloud/lib/libBc_Coordinator_Atmega128rfa1_Atmega128rfa1_Gcc.a(nwk.o)
 .text.nwkResetTaskHandler
                0x000097b0       0x6a ./../../../../BitCloud/lib/libBc_Coordinator_Atmega128rfa1_Atmega128rfa1_Gcc.a(nwk.o)
 .text.nwkCheckBTT
                0x0000981a       0x22 ./../../../../BitCloud/lib/libBc_Coordinator_Atmega128rfa1_Atmega128rfa1_Gcc.a(nwk.o)
 .text.nwkIsPassiveAckDone.clone.5
                0x0000983c       0x70 ./../../../../BitCloud/lib/libBc_Coordinator_Atmega128rfa1_Atmega128rfa1_Gcc.a(nwk.o)
 .text.nwkTxDelayReq
                0x000098ac      0x1a2 ./../../../../BitCloud/lib/libBc_Coordinator_Atmega128rfa1_Atmega128rfa1_Gcc.a(nwk.o)
 .text.nwkClearNeighborTable.clone.19
                0x00009a4e       0x68 ./../../../../BitCloud/lib/libBc_Coordinator_Atmega128rfa1_Atmega128rfa1_Gcc.a(nwk.o)
 .text.nwkResetNeighborTable
                0x00009ab6       0x86 ./../../../../BitCloud/lib/libBc_Coordinator_Atmega128rfa1_Atmega128rfa1_Gcc.a(nwk.o)
 .text.nwkFormationTaskHandler
                0x00009b3c      0x15e ./../../../../BitCloud/lib/libBc_Coordinator_Atmega128rfa1_Atmega128rfa1_Gcc.a(nwk.o)
 .text.nwkDiscoveryTaskHandler
                0x00009c9a       0xb8 ./../../../../BitCloud/lib/libBc_Coordinator_Atmega128rfa1_Atmega128rfa1_Gcc.a(nwk.o)
 .text.nwkAllocOutputPacket.clone.20
                0x00009d52       0x4e ./../../../../BitCloud/lib/libBc_Coordinator_Atmega128rfa1_Atmega128rfa1_Gcc.a(nwk.o)
 .text.nwkTryToProcessCommandReq
                0x00009da0       0x2c ./../../../../BitCloud/lib/libBc_Coordinator_Atmega128rfa1_Atmega128rfa1_Gcc.a(nwk.o)
 .text.nwkCommandReq
                0x00009dcc       0x14 ./../../../../BitCloud/lib/libBc_Coordinator_Atmega128rfa1_Atmega128rfa1_Gcc.a(nwk.o)
 .text.nwkConfirmNetworkStatusTx
                0x00009de0       0x68 ./../../../../BitCloud/lib/libBc_Coordinator_Atmega128rfa1_Atmega128rfa1_Gcc.a(nwk.o)
 .text.nwkStatusReq
                0x00009e48       0x44 ./../../../../BitCloud/lib/libBc_Coordinator_Atmega128rfa1_Atmega128rfa1_Gcc.a(nwk.o)
 .text.nwkSendRouteErrorStatus.clone.17
                0x00009e8c       0x3c ./../../../../BitCloud/lib/libBc_Coordinator_Atmega128rfa1_Atmega128rfa1_Gcc.a(nwk.o)
 .text.nwkLinkStatusTimerFired
                0x00009ec8       0x1c ./../../../../BitCloud/lib/libBc_Coordinator_Atmega128rfa1_Atmega128rfa1_Gcc.a(nwk.o)
 .text.nwkRemoveAllChildren.clone.18
                0x00009ee4       0xd6 ./../../../../BitCloud/lib/libBc_Coordinator_Atmega128rfa1_Atmega128rfa1_Gcc.a(nwk.o)
 .text.nwkFreePacket
                0x00009fba       0x4e ./../../../../BitCloud/lib/libBc_Coordinator_Atmega128rfa1_Atmega128rfa1_Gcc.a(nwk.o)
 .text.nwkTxConf
                0x0000a008      0x1a4 ./../../../../BitCloud/lib/libBc_Coordinator_Atmega128rfa1_Atmega128rfa1_Gcc.a(nwk.o)
 .text.nwkProcessDelayStatus
                0x0000a1ac       0xd4 ./../../../../BitCloud/lib/libBc_Coordinator_Atmega128rfa1_Atmega128rfa1_Gcc.a(nwk.o)
 .text.MAC_DataConf
                0x0000a280       0x30 ./../../../../BitCloud/lib/libBc_Coordinator_Atmega128rfa1_Atmega128rfa1_Gcc.a(nwk.o)
 .text.nwkTxDelayConf
                0x0000a2b0        0xe ./../../../../BitCloud/lib/libBc_Coordinator_Atmega128rfa1_Atmega128rfa1_Gcc.a(nwk.o)
 .text.nwkLeaveReqMacResetConf
                0x0000a2be       0xf6 ./../../../../BitCloud/lib/libBc_Coordinator_Atmega128rfa1_Atmega128rfa1_Gcc.a(nwk.o)
 .text.nwkTxDelayTimerFired
                0x0000a3b4       0x90 ./../../../../BitCloud/lib/libBc_Coordinator_Atmega128rfa1_Atmega128rfa1_Gcc.a(nwk.o)
 .text.nwkTransmitOutputPacket.clone.13
                0x0000a444       0x4a ./../../../../BitCloud/lib/libBc_Coordinator_Atmega128rfa1_Atmega128rfa1_Gcc.a(nwk.o)
 .text.nwkSendDiscoveryCommand
                0x0000a48e       0x6a ./../../../../BitCloud/lib/libBc_Coordinator_Atmega128rfa1_Atmega128rfa1_Gcc.a(nwk.o)
 .text.nwkRouteDiscoveryTableTaskHandler
                0x0000a4f8       0x9a ./../../../../BitCloud/lib/libBc_Coordinator_Atmega128rfa1_Atmega128rfa1_Gcc.a(nwk.o)
 .text.nwkMeshRouteDiscoveryConf
                0x0000a592       0x5e ./../../../../BitCloud/lib/libBc_Coordinator_Atmega128rfa1_Atmega128rfa1_Gcc.a(nwk.o)
 .text.NWK_GetShortAddr
                0x0000a5f0        0xa ./../../../../BitCloud/lib/libBc_Coordinator_Atmega128rfa1_Atmega128rfa1_Gcc.a(nwk.o)
                0x0000a5f0                NWK_GetShortAddr
 .text.NWK_IsStaticAddressingMode
                0x0000a5fa        0x6 ./../../../../BitCloud/lib/libBc_Coordinator_Atmega128rfa1_Atmega128rfa1_Gcc.a(nwk.o)
                0x0000a5fa                NWK_IsStaticAddressingMode
 .text.NWK_RemoveFromAddressMap
                0x0000a600       0x12 ./../../../../BitCloud/lib/libBc_Coordinator_Atmega128rfa1_Atmega128rfa1_Gcc.a(nwk.o)
                0x0000a600                NWK_RemoveFromAddressMap
 .text.MAC_BeaconNotifyInd
                0x0000a612      0x45a ./../../../../BitCloud/lib/libBc_Coordinator_Atmega128rfa1_Atmega128rfa1_Gcc.a(nwk.o)
                0x0000a612                MAC_BeaconNotifyInd
 .text.NWK_EDScanReq
                0x0000aa6c       0x20 ./../../../../BitCloud/lib/libBc_Coordinator_Atmega128rfa1_Atmega128rfa1_Gcc.a(nwk.o)
                0x0000aa6c                NWK_EDScanReq
 .text.NWK_NetworkFormationReq
                0x0000aa8c       0x20 ./../../../../BitCloud/lib/libBc_Coordinator_Atmega128rfa1_Atmega128rfa1_Gcc.a(nwk.o)
                0x0000aa8c                NWK_NetworkFormationReq
 .text.NWK_IsGroupMember
                0x0000aaac       0x3c ./../../../../BitCloud/lib/libBc_Coordinator_Atmega128rfa1_Atmega128rfa1_Gcc.a(nwk.o)
                0x0000aaac                NWK_IsGroupMember
 .text.nwkRetransmitInputPacket
                0x0000aae8      0x12a ./../../../../BitCloud/lib/libBc_Coordinator_Atmega128rfa1_Atmega128rfa1_Gcc.a(nwk.o)
 .text.NWK_DataResp
                0x0000ac12       0x1c ./../../../../BitCloud/lib/libBc_Coordinator_Atmega128rfa1_Atmega128rfa1_Gcc.a(nwk.o)
                0x0000ac12                NWK_DataResp
 .text.nwkRxIndication
                0x0000ac2e      0x224 ./../../../../BitCloud/lib/libBc_Coordinator_Atmega128rfa1_Atmega128rfa1_Gcc.a(nwk.o)
 .text.nwkRxRetransmit
                0x0000ae52       0xae ./../../../../BitCloud/lib/libBc_Coordinator_Atmega128rfa1_Atmega128rfa1_Gcc.a(nwk.o)
 .text.NWK_ResetGroups
                0x0000af00       0x5e ./../../../../BitCloud/lib/libBc_Coordinator_Atmega128rfa1_Atmega128rfa1_Gcc.a(nwk.o)
                0x0000af00                NWK_ResetGroups
 .text.nwkResetMacResetConf
                0x0000af5e      0x564 ./../../../../BitCloud/lib/libBc_Coordinator_Atmega128rfa1_Atmega128rfa1_Gcc.a(nwk.o)
 .text.NWK_GetParentShortAddr
                0x0000b4c2        0xa ./../../../../BitCloud/lib/libBc_Coordinator_Atmega128rfa1_Atmega128rfa1_Gcc.a(nwk.o)
                0x0000b4c2                NWK_GetParentShortAddr
 .text.NWK_GetPanId
                0x0000b4cc        0xa ./../../../../BitCloud/lib/libBc_Coordinator_Atmega128rfa1_Atmega128rfa1_Gcc.a(nwk.o)
                0x0000b4cc                NWK_GetPanId
 .text.NWK_GetExtPanId
                0x0000b4d6       0x22 ./../../../../BitCloud/lib/libBc_Coordinator_Atmega128rfa1_Atmega128rfa1_Gcc.a(nwk.o)
                0x0000b4d6                NWK_GetExtPanId
 .text.NWK_SetExtPanId
                0x0000b4f8       0x34 ./../../../../BitCloud/lib/libBc_Coordinator_Atmega128rfa1_Atmega128rfa1_Gcc.a(nwk.o)
                0x0000b4f8                NWK_SetExtPanId
 .text.NWK_GetDeviceType
                0x0000b52c        0x6 ./../../../../BitCloud/lib/libBc_Coordinator_Atmega128rfa1_Atmega128rfa1_Gcc.a(nwk.o)
                0x0000b52c                NWK_GetDeviceType
 .text.NWK_GetLogicalChannel
                0x0000b532        0x6 ./../../../../BitCloud/lib/libBc_Coordinator_Atmega128rfa1_Atmega128rfa1_Gcc.a(nwk.o)
                0x0000b532                NWK_GetLogicalChannel
 .text.NWK_SetLogicalChannel
                0x0000b538        0x6 ./../../../../BitCloud/lib/libBc_Coordinator_Atmega128rfa1_Atmega128rfa1_Gcc.a(nwk.o)
                0x0000b538                NWK_SetLogicalChannel
 .text.NWK_GetBroadcastDeliveryTime
                0x0000b53e       0x12 ./../../../../BitCloud/lib/libBc_Coordinator_Atmega128rfa1_Atmega128rfa1_Gcc.a(nwk.o)
                0x0000b53e                NWK_GetBroadcastDeliveryTime
 .text.NWK_GetManagerAddr
                0x0000b550        0xa ./../../../../BitCloud/lib/libBc_Coordinator_Atmega128rfa1_Atmega128rfa1_Gcc.a(nwk.o)
                0x0000b550                NWK_GetManagerAddr
 .text.NWK_SetManagerAddr
                0x0000b55a        0xa ./../../../../BitCloud/lib/libBc_Coordinator_Atmega128rfa1_Atmega128rfa1_Gcc.a(nwk.o)
                0x0000b55a                NWK_SetManagerAddr
 .text.NWK_SetUpdateId
                0x0000b564        0xa ./../../../../BitCloud/lib/libBc_Coordinator_Atmega128rfa1_Atmega128rfa1_Gcc.a(nwk.o)
                0x0000b564                NWK_SetUpdateId
 .text.NWK_GetTransmitCouner
                0x0000b56e       0x14 ./../../../../BitCloud/lib/libBc_Coordinator_Atmega128rfa1_Atmega128rfa1_Gcc.a(nwk.o)
                0x0000b56e                NWK_GetTransmitCouner
 .text.NWK_GetTransmitFailureCounter
                0x0000b582       0x14 ./../../../../BitCloud/lib/libBc_Coordinator_Atmega128rfa1_Atmega128rfa1_Gcc.a(nwk.o)
                0x0000b582                NWK_GetTransmitFailureCounter
 .text.NWK_ResetTransmitCounters
                0x0000b596       0x12 ./../../../../BitCloud/lib/libBc_Coordinator_Atmega128rfa1_Atmega128rfa1_Gcc.a(nwk.o)
                0x0000b596                NWK_ResetTransmitCounters
 .text.NWK_RemoveNeighbor
                0x0000b5a8       0x90 ./../../../../BitCloud/lib/libBc_Coordinator_Atmega128rfa1_Atmega128rfa1_Gcc.a(nwk.o)
                0x0000b5a8                NWK_RemoveNeighbor
 .text.neighborTimerFired
                0x0000b638       0x90 ./../../../../BitCloud/lib/libBc_Coordinator_Atmega128rfa1_Atmega128rfa1_Gcc.a(nwk.o)
 .text.NWK_LeaveReq
                0x0000b6c8       0x20 ./../../../../BitCloud/lib/libBc_Coordinator_Atmega128rfa1_Atmega128rfa1_Gcc.a(nwk.o)
                0x0000b6c8                NWK_LeaveReq
 .text.NWK_LoopbackTxReq
                0x0000b6e8       0x20 ./../../../../BitCloud/lib/libBc_Coordinator_Atmega128rfa1_Atmega128rfa1_Gcc.a(nwk.o)
                0x0000b6e8                NWK_LoopbackTxReq
 .text.nwkDataConfTaskHandler
                0x0000b708       0x5a ./../../../../BitCloud/lib/libBc_Coordinator_Atmega128rfa1_Atmega128rfa1_Gcc.a(nwk.o)
 .text.NWK_DataReq
                0x0000b762      0x216 ./../../../../BitCloud/lib/libBc_Coordinator_Atmega128rfa1_Atmega128rfa1_Gcc.a(nwk.o)
                0x0000b762                NWK_DataReq
 .text.NWK_FindNeighborByShortAddr
                0x0000b978       0x30 ./../../../../BitCloud/lib/libBc_Coordinator_Atmega128rfa1_Atmega128rfa1_Gcc.a(nwk.o)
                0x0000b978                NWK_FindNeighborByShortAddr
 .text.nwkGetNextHop
                0x0000b9a8      0x20c ./../../../../BitCloud/lib/libBc_Coordinator_Atmega128rfa1_Atmega128rfa1_Gcc.a(nwk.o)
 .text.nwkAllocateShortAddr.clone.14
                0x0000bbb4       0xfe ./../../../../BitCloud/lib/libBc_Coordinator_Atmega128rfa1_Atmega128rfa1_Gcc.a(nwk.o)
 .text.nwkResolveAddressConflict
                0x0000bcb2      0x15e ./../../../../BitCloud/lib/libBc_Coordinator_Atmega128rfa1_Atmega128rfa1_Gcc.a(nwk.o)
 .text.nwkAddressConflictTaskHandler
                0x0000be10       0xa0 ./../../../../BitCloud/lib/libBc_Coordinator_Atmega128rfa1_Atmega128rfa1_Gcc.a(nwk.o)
 .text.nwkStatusFrameInd
                0x0000beb0       0x46 ./../../../../BitCloud/lib/libBc_Coordinator_Atmega128rfa1_Atmega128rfa1_Gcc.a(nwk.o)
 .text.nwkAddChild
                0x0000bef6      0x306 ./../../../../BitCloud/lib/libBc_Coordinator_Atmega128rfa1_Atmega128rfa1_Gcc.a(nwk.o)
 .text.nwkRejoinRequestFrameInd
                0x0000c1fc      0x15c ./../../../../BitCloud/lib/libBc_Coordinator_Atmega128rfa1_Atmega128rfa1_Gcc.a(nwk.o)
 .text.MAC_AssociateInd
                0x0000c358       0xd0 ./../../../../BitCloud/lib/libBc_Coordinator_Atmega128rfa1_Atmega128rfa1_Gcc.a(nwk.o)
                0x0000c358                MAC_AssociateInd
 .text.nwkResetMacSetConf
                0x0000c428      0x1ca ./../../../../BitCloud/lib/libBc_Coordinator_Atmega128rfa1_Atmega128rfa1_Gcc.a(nwk.o)
 .text.nwkProcessRouteRequest
                0x0000c5f2      0x232 ./../../../../BitCloud/lib/libBc_Coordinator_Atmega128rfa1_Atmega128rfa1_Gcc.a(nwk.o)
 .text.NWK_GetExtByShortAddress
                0x0000c824       0x5c ./../../../../BitCloud/lib/libBc_Coordinator_Atmega128rfa1_Atmega128rfa1_Gcc.a(nwk.o)
                0x0000c824                NWK_GetExtByShortAddress
 .text.nwkPrepareRouteRequestTx
                0x0000c880      0x164 ./../../../../BitCloud/lib/libBc_Coordinator_Atmega128rfa1_Atmega128rfa1_Gcc.a(nwk.o)
 .text.nwkPrepareNetworkStatusTx
                0x0000c9e4      0x102 ./../../../../BitCloud/lib/libBc_Coordinator_Atmega128rfa1_Atmega128rfa1_Gcc.a(nwk.o)
 .text.nwkPrepareRouteReplyTx
                0x0000cae6      0x2f8 ./../../../../BitCloud/lib/libBc_Coordinator_Atmega128rfa1_Atmega128rfa1_Gcc.a(nwk.o)
 .text.NWK_FindNeighborByExtAddr
                0x0000cdde       0x68 ./../../../../BitCloud/lib/libBc_Coordinator_Atmega128rfa1_Atmega128rfa1_Gcc.a(nwk.o)
                0x0000cdde                NWK_FindNeighborByExtAddr
 .text.nwkLeaveTaskHandler
                0x0000ce46      0x16a ./../../../../BitCloud/lib/libBc_Coordinator_Atmega128rfa1_Atmega128rfa1_Gcc.a(nwk.o)
 .text.nwkConfirmLeaveChildTx
                0x0000cfb0       0x84 ./../../../../BitCloud/lib/libBc_Coordinator_Atmega128rfa1_Atmega128rfa1_Gcc.a(nwk.o)
 .text.nwkConfirmJoinRespTx
                0x0000d034       0x4e ./../../../../BitCloud/lib/libBc_Coordinator_Atmega128rfa1_Atmega128rfa1_Gcc.a(nwk.o)
 .text.nwkConfirmAddrConflictJoinRespTx
                0x0000d082       0x3c ./../../../../BitCloud/lib/libBc_Coordinator_Atmega128rfa1_Atmega128rfa1_Gcc.a(nwk.o)
 .text.nwkLeaveFrameInd
                0x0000d0be       0x4a ./../../../../BitCloud/lib/libBc_Coordinator_Atmega128rfa1_Atmega128rfa1_Gcc.a(nwk.o)
 .text.nwkJoinIndMacCommStatusInd
                0x0000d108       0x54 ./../../../../BitCloud/lib/libBc_Coordinator_Atmega128rfa1_Atmega128rfa1_Gcc.a(nwk.o)
 .text.NWK_GetShortByExtAddress
                0x0000d15c       0x60 ./../../../../BitCloud/lib/libBc_Coordinator_Atmega128rfa1_Atmega128rfa1_Gcc.a(nwk.o)
                0x0000d15c                NWK_GetShortByExtAddress
 .text.NWK_LinkShortAndExtAddress
                0x0000d1bc       0xd8 ./../../../../BitCloud/lib/libBc_Coordinator_Atmega128rfa1_Atmega128rfa1_Gcc.a(nwk.o)
                0x0000d1bc                NWK_LinkShortAndExtAddress
 .text.nwkRouteReplyFrameInd
                0x0000d294      0x18c ./../../../../BitCloud/lib/libBc_Coordinator_Atmega128rfa1_Atmega128rfa1_Gcc.a(nwk.o)
 .text.nwkRouteRequestFrameInd
                0x0000d420       0xb6 ./../../../../BitCloud/lib/libBc_Coordinator_Atmega128rfa1_Atmega128rfa1_Gcc.a(nwk.o)
 .text.NWK_GetNeighborTable
                0x0000d4d6        0x6 ./../../../../BitCloud/lib/libBc_Coordinator_Atmega128rfa1_Atmega128rfa1_Gcc.a(nwk.o)
                0x0000d4d6                NWK_GetNeighborTable
 .text.NWK_GetNeighborsLqi
                0x0000d4dc       0x3e ./../../../../BitCloud/lib/libBc_Coordinator_Atmega128rfa1_Atmega128rfa1_Gcc.a(nwk.o)
                0x0000d4dc                NWK_GetNeighborsLqi
 .text.NWK_IsKnownChild
                0x0000d51a       0x24 ./../../../../BitCloud/lib/libBc_Coordinator_Atmega128rfa1_Atmega128rfa1_Gcc.a(nwk.o)
                0x0000d51a                NWK_IsKnownChild
 .text.MAC_OrphanInd
                0x0000d53e        0x2 ./../../../../BitCloud/lib/libBc_Coordinator_Atmega128rfa1_Atmega128rfa1_Gcc.a(nwk.o)
                0x0000d53e                MAC_OrphanInd
 .text.NWK_PermitJoiningReq
                0x0000d540       0x2c ./../../../../BitCloud/lib/libBc_Coordinator_Atmega128rfa1_Atmega128rfa1_Gcc.a(nwk.o)
                0x0000d540                NWK_PermitJoiningReq
 .text.NWK_ResetReq
                0x0000d56c       0x20 ./../../../../BitCloud/lib/libBc_Coordinator_Atmega128rfa1_Atmega128rfa1_Gcc.a(nwk.o)
                0x0000d56c                NWK_ResetReq
 .text.NWK_Init
                0x0000d58c       0x20 ./../../../../BitCloud/lib/libBc_Coordinator_Atmega128rfa1_Atmega128rfa1_Gcc.a(nwk.o)
                0x0000d58c                NWK_Init
 .text.NWK_RouteDiscoveryReq
                0x0000d5ac       0x34 ./../../../../BitCloud/lib/libBc_Coordinator_Atmega128rfa1_Atmega128rfa1_Gcc.a(nwk.o)
                0x0000d5ac                NWK_RouteDiscoveryReq
 .text.nwkTxTaskHandler
                0x0000d5e0      0x19a ./../../../../BitCloud/lib/libBc_Coordinator_Atmega128rfa1_Atmega128rfa1_Gcc.a(nwk.o)
 .text.MAC_DataInd
                0x0000d77a      0x458 ./../../../../BitCloud/lib/libBc_Coordinator_Atmega128rfa1_Atmega128rfa1_Gcc.a(nwk.o)
                0x0000d77a                MAC_DataInd
 .text.NWK_IsActiveTransaction
                0x0000dbd2       0x54 ./../../../../BitCloud/lib/libBc_Coordinator_Atmega128rfa1_Atmega128rfa1_Gcc.a(nwk.o)
                0x0000dbd2                NWK_IsActiveTransaction
 .text.NWK_LaunchActivities
                0x0000dc26       0x12 ./../../../../BitCloud/lib/libBc_Coordinator_Atmega128rfa1_Atmega128rfa1_Gcc.a(nwk.o)
                0x0000dc26                NWK_LaunchActivities
 .text.NWK_StopActivities
                0x0000dc38       0x12 ./../../../../BitCloud/lib/libBc_Coordinator_Atmega128rfa1_Atmega128rfa1_Gcc.a(nwk.o)
                0x0000dc38                NWK_StopActivities
 .text.NWK_DeviceIsAbleToOperateInNetwork
                0x0000dc4a       0x36 ./../../../../BitCloud/lib/libBc_Coordinator_Atmega128rfa1_Atmega128rfa1_Gcc.a(nwk.o)
                0x0000dc4a                NWK_DeviceIsAbleToOperateInNetwork
 .text.NWK_GatherPowerFailureInfo
                0x0000dc80       0x24 ./../../../../BitCloud/lib/libBc_Coordinator_Atmega128rfa1_Atmega128rfa1_Gcc.a(nwk.o)
                0x0000dc80                NWK_GatherPowerFailureInfo
 .text.MAC_PollInd
                0x0000dca4       0x52 ./../../../../BitCloud/lib/libBc_Coordinator_Atmega128rfa1_Atmega128rfa1_Gcc.a(nwk.o)
                0x0000dca4                MAC_PollInd
 .text.MAC_SyncLossInd
                0x0000dcf6        0x2 ./../../../../BitCloud/lib/libBc_Coordinator_Atmega128rfa1_Atmega128rfa1_Gcc.a(nwk.o)
                0x0000dcf6                MAC_SyncLossInd
 .text.NWK_TaskHandler
                0x0000dcf8       0xd8 ./../../../../BitCloud/lib/libBc_Coordinator_Atmega128rfa1_Atmega128rfa1_Gcc.a(nwk.o)
                0x0000dcf8                NWK_TaskHandler
 .text.NWK_GetUnicastDeliveryTime
                0x0000ddd0       0x6a ./../../../../BitCloud/lib/libBc_Coordinator_Atmega128rfa1_Atmega128rfa1_Gcc.a(nwk.o)
                0x0000ddd0                NWK_GetUnicastDeliveryTime
 .text.phyRxTxSwitcher
                0x0000de3a       0x36 ./../../../../BitCloud/lib/libBc_Coordinator_Atmega128rfa1_Atmega128rfa1_Gcc.a(phyRxTxIndicator.o)
 .text.phyRxTxSwitcherOn
                0x0000de70        0x8 ./../../../../BitCloud/lib/libBc_Coordinator_Atmega128rfa1_Atmega128rfa1_Gcc.a(phyRxTxIndicator.o)
                0x0000de70                phyRxTxSwitcherOn
 .text.phyRxTxSwitcherOff
                0x0000de78        0x8 ./../../../../BitCloud/lib/libBc_Coordinator_Atmega128rfa1_Atmega128rfa1_Gcc.a(phyRxTxIndicator.o)
                0x0000de78                phyRxTxSwitcherOff
 .text.deleteHeadQueueElem
                0x0000de80       0x22 ./../../../../BitCloud/lib/libBc_Coordinator_Atmega128rfa1_Atmega128rfa1_Gcc.a(queue.o)
                0x0000de80                deleteHeadQueueElem
 .text.deleteQueueElem
                0x0000dea2       0x4a ./../../../../BitCloud/lib/libBc_Coordinator_Atmega128rfa1_Atmega128rfa1_Gcc.a(queue.o)
                0x0000dea2                deleteQueueElem
 .text.isQueueElem
                0x0000deec       0x22 ./../../../../BitCloud/lib/libBc_Coordinator_Atmega128rfa1_Atmega128rfa1_Gcc.a(queue.o)
                0x0000deec                isQueueElem
 .text.putQueueElem
                0x0000df0e       0x40 ./../../../../BitCloud/lib/libBc_Coordinator_Atmega128rfa1_Atmega128rfa1_Gcc.a(queue.o)
                0x0000df0e                putQueueElem
 .text.SYS_DuplicateTableReset
                0x0000df4e       0x4e ./../../../../BitCloud/lib/libBc_Coordinator_Atmega128rfa1_Atmega128rfa1_Gcc.a(sysDuplicateTable.o)
                0x0000df4e                SYS_DuplicateTableReset
 .text.duplicateTableUpdate
                0x0000df9c       0x8e ./../../../../BitCloud/lib/libBc_Coordinator_Atmega128rfa1_Atmega128rfa1_Gcc.a(sysDuplicateTable.o)
                0x0000df9c                duplicateTableUpdate
 .text.SYS_DuplicateTableCheck
                0x0000e02a      0x10c ./../../../../BitCloud/lib/libBc_Coordinator_Atmega128rfa1_Atmega128rfa1_Gcc.a(sysDuplicateTable.o)
                0x0000e02a                SYS_DuplicateTableCheck
 .text.SYS_DuplicateTableClear
                0x0000e136       0x7c ./../../../../BitCloud/lib/libBc_Coordinator_Atmega128rfa1_Atmega128rfa1_Gcc.a(sysDuplicateTable.o)
                0x0000e136                SYS_DuplicateTableClear
 .text.SYS_PostEvent
                0x0000e1b2       0x7a ./../../../../BitCloud/lib/libBc_Coordinator_Atmega128rfa1_Atmega128rfa1_Gcc.a(sysEvents.o)
                0x0000e1b2                SYS_PostEvent
 .text.SYS_IsEventDeliverable
                0x0000e22c       0x38 ./../../../../BitCloud/lib/libBc_Coordinator_Atmega128rfa1_Atmega128rfa1_Gcc.a(sysEvents.o)
                0x0000e22c                SYS_IsEventDeliverable
 .text.SYS_IsEventSubscriber
                0x0000e264       0x32 ./../../../../BitCloud/lib/libBc_Coordinator_Atmega128rfa1_Atmega128rfa1_Gcc.a(sysEvents.o)
                0x0000e264                SYS_IsEventSubscriber
 .text.SYS_SubscribeToEvent
                0x0000e296       0x70 ./../../../../BitCloud/lib/libBc_Coordinator_Atmega128rfa1_Atmega128rfa1_Gcc.a(sysEvents.o)
                0x0000e296                SYS_SubscribeToEvent
 .text.SYS_StartTimer
                0x0000e306       0x14 ./../../../../BitCloud/lib/libBc_Coordinator_Atmega128rfa1_Atmega128rfa1_Gcc.a(sysTimer.o)
                0x0000e306                SYS_StartTimer
 .text.SYS_StopTimer
                0x0000e31a       0x12 ./../../../../BitCloud/lib/libBc_Coordinator_Atmega128rfa1_Atmega128rfa1_Gcc.a(sysTimer.o)
                0x0000e31a                SYS_StopTimer
 .text.SYS_InitTimer
                0x0000e32c       0x34 ./../../../../BitCloud/lib/libBc_Coordinator_Atmega128rfa1_Atmega128rfa1_Gcc.a(sysTimer.o)
                0x0000e32c                SYS_InitTimer
 .text.SYS_RunTask
                0x0000e360       0x76 ./../../../../BitCloud/lib/libBc_Coordinator_Atmega128rfa1_Atmega128rfa1_Gcc.a(taskManager.o)
                0x0000e360                SYS_RunTask
 .text.SYS_ForceRunTask
                0x0000e3d6        0x6 ./../../../../BitCloud/lib/libBc_Coordinator_Atmega128rfa1_Atmega128rfa1_Gcc.a(taskManager.o)
                0x0000e3d6                SYS_ForceRunTask
 .text.SYS_SysInit
                0x0000e3dc       0x22 ./../../../../BitCloud/lib/libBc_Coordinator_Atmega128rfa1_Atmega128rfa1_Gcc.a(taskManager.o)
                0x0000e3dc                SYS_SysInit
 .text.APS_StopConf
                0x0000e3fe       0x14 ./../../../../BitCloud/lib/libBc_Coordinator_Atmega128rfa1_Atmega128rfa1_Gcc.a(zdo.o)
 .text.zdoNodeManagerNwkLeaveConf
                0x0000e412        0x6 ./../../../../BitCloud/lib/libBc_Coordinator_Atmega128rfa1_Atmega128rfa1_Gcc.a(zdo.o)
 .text.zdoNwkManagerReset
                0x0000e418       0x10 ./../../../../BitCloud/lib/libBc_Coordinator_Atmega128rfa1_Atmega128rfa1_Gcc.a(zdo.o)
 .text.zdoStackResetConf
                0x0000e428       0x1c ./../../../../BitCloud/lib/libBc_Coordinator_Atmega128rfa1_Atmega128rfa1_Gcc.a(zdo.o)
 .text.zdoSecurityManagerHandler
                0x0000e444        0x2 ./../../../../BitCloud/lib/libBc_Coordinator_Atmega128rfa1_Atmega128rfa1_Gcc.a(zdo.o)
                0x0000e444                zdoSecurityManagerHandler
 .text.zdoPostTask
                0x0000e446       0x3c ./../../../../BitCloud/lib/libBc_Coordinator_Atmega128rfa1_Atmega128rfa1_Gcc.a(zdo.o)
 .text.zdoCheckStartNetworkRequestsQueue
                0x0000e482       0x38 ./../../../../BitCloud/lib/libBc_Coordinator_Atmega128rfa1_Atmega128rfa1_Gcc.a(zdo.o)
 .text.startConfirm
                0x0000e4ba       0x2e ./../../../../BitCloud/lib/libBc_Coordinator_Atmega128rfa1_Atmega128rfa1_Gcc.a(zdo.o)
 .text.sleepConfirm
                0x0000e4e8       0x24 ./../../../../BitCloud/lib/libBc_Coordinator_Atmega128rfa1_Atmega128rfa1_Gcc.a(zdo.o)
 .text.wakeUpConfirm
                0x0000e50c       0x24 ./../../../../BitCloud/lib/libBc_Coordinator_Atmega128rfa1_Atmega128rfa1_Gcc.a(zdo.o)
 .text.zdoUnpostTask
                0x0000e530       0x28 ./../../../../BitCloud/lib/libBc_Coordinator_Atmega128rfa1_Atmega128rfa1_Gcc.a(zdo.o)
 .text.zdoSetZdpDataReqState
                0x0000e558       0x22 ./../../../../BitCloud/lib/libBc_Coordinator_Atmega128rfa1_Atmega128rfa1_Gcc.a(zdo.o)
 .text.confirmResponse
                0x0000e57a        0x8 ./../../../../BitCloud/lib/libBc_Coordinator_Atmega128rfa1_Atmega128rfa1_Gcc.a(zdo.o)
 .text.zdoDefaultBindApsDataConf
                0x0000e582        0x8 ./../../../../BitCloud/lib/libBc_Coordinator_Atmega128rfa1_Atmega128rfa1_Gcc.a(zdo.o)
 .text.confirmMgmtLqiResponse
                0x0000e58a        0x8 ./../../../../BitCloud/lib/libBc_Coordinator_Atmega128rfa1_Atmega128rfa1_Gcc.a(zdo.o)
 .text.permitJoiningConf
                0x0000e592       0x16 ./../../../../BitCloud/lib/libBc_Coordinator_Atmega128rfa1_Atmega128rfa1_Gcc.a(zdo.o)
 .text.confirmMgmtPermitJoiningResponse
                0x0000e5a8        0x8 ./../../../../BitCloud/lib/libBc_Coordinator_Atmega128rfa1_Atmega128rfa1_Gcc.a(zdo.o)
 .text.zdoZdpApsConfCallback
                0x0000e5b0       0x78 ./../../../../BitCloud/lib/libBc_Coordinator_Atmega128rfa1_Atmega128rfa1_Gcc.a(zdo.o)
 .text.zdoSetZdpIndState
                0x0000e628       0x10 ./../../../../BitCloud/lib/libBc_Coordinator_Atmega128rfa1_Atmega128rfa1_Gcc.a(zdo.o)
 .text.ttlUpdateTimerFired
                0x0000e638       0x72 ./../../../../BitCloud/lib/libBc_Coordinator_Atmega128rfa1_Atmega128rfa1_Gcc.a(zdo.o)
 .text.zdoZdpResetReq
                0x0000e6aa       0x90 ./../../../../BitCloud/lib/libBc_Coordinator_Atmega128rfa1_Atmega128rfa1_Gcc.a(zdo.o)
 .text.zdoReset
                0x0000e73a        0xa ./../../../../BitCloud/lib/libBc_Coordinator_Atmega128rfa1_Atmega128rfa1_Gcc.a(zdo.o)
 .text.zdoPseudoRandomSeed
                0x0000e744       0x46 ./../../../../BitCloud/lib/libBc_Coordinator_Atmega128rfa1_Atmega128rfa1_Gcc.a(zdo.o)
 .text.RF_RandomConfUpdater
                0x0000e78a       0x1c ./../../../../BitCloud/lib/libBc_Coordinator_Atmega128rfa1_Atmega128rfa1_Gcc.a(zdo.o)
 .text.zdoUpdateRandSeedTimerFired
                0x0000e7a6       0x28 ./../../../../BitCloud/lib/libBc_Coordinator_Atmega128rfa1_Atmega128rfa1_Gcc.a(zdo.o)
 .text.zdoStackReset
                0x0000e7ce       0x2a ./../../../../BitCloud/lib/libBc_Coordinator_Atmega128rfa1_Atmega128rfa1_Gcc.a(zdo.o)
 .text.permitJoin
                0x0000e7f8       0x24 ./../../../../BitCloud/lib/libBc_Coordinator_Atmega128rfa1_Atmega128rfa1_Gcc.a(zdo.o)
 .text.zdoStartNetworkConfirm
                0x0000e81c       0x24 ./../../../../BitCloud/lib/libBc_Coordinator_Atmega128rfa1_Atmega128rfa1_Gcc.a(zdo.o)
 .text.deviceAnnceConf
                0x0000e840        0x8 ./../../../../BitCloud/lib/libBc_Coordinator_Atmega128rfa1_Atmega128rfa1_Gcc.a(zdo.o)
 .text.reenterNetwork
                0x0000e848       0x38 ./../../../../BitCloud/lib/libBc_Coordinator_Atmega128rfa1_Atmega128rfa1_Gcc.a(zdo.o)
 .text.zdoNetworkFormationReq
                0x0000e880       0x44 ./../../../../BitCloud/lib/libBc_Coordinator_Atmega128rfa1_Atmega128rfa1_Gcc.a(zdo.o)
 .text.zdoLeaveConfirm
                0x0000e8c4       0x74 ./../../../../BitCloud/lib/libBc_Coordinator_Atmega128rfa1_Atmega128rfa1_Gcc.a(zdo.o)
 .text.wakeupCallback
                0x0000e938       0x2e ./../../../../BitCloud/lib/libBc_Coordinator_Atmega128rfa1_Atmega128rfa1_Gcc.a(zdo.o)
 .text.zdoPowerManagerHandler
                0x0000e966       0xae ./../../../../BitCloud/lib/libBc_Coordinator_Atmega128rfa1_Atmega128rfa1_Gcc.a(zdo.o)
 .text.transceiverSwitchedOff
                0x0000ea14       0x5a ./../../../../BitCloud/lib/libBc_Coordinator_Atmega128rfa1_Atmega128rfa1_Gcc.a(zdo.o)
 .text.transceiverSwitchedOn
                0x0000ea6e       0x3a ./../../../../BitCloud/lib/libBc_Coordinator_Atmega128rfa1_Atmega128rfa1_Gcc.a(zdo.o)
 .text.zdoZdpManagerHandler
                0x0000eaa8      0x1d6 ./../../../../BitCloud/lib/libBc_Coordinator_Atmega128rfa1_Atmega128rfa1_Gcc.a(zdo.o)
 .text.zdoNwkEventListener
                0x0000ec7e       0x6e ./../../../../BitCloud/lib/libBc_Coordinator_Atmega128rfa1_Atmega128rfa1_Gcc.a(zdo.o)
 .text.zdoOtherEventListener
                0x0000ecec       0x34 ./../../../../BitCloud/lib/libBc_Coordinator_Atmega128rfa1_Atmega128rfa1_Gcc.a(zdo.o)
 .text.confirmMgmtLeaveResponse
                0x0000ed20      0x10a ./../../../../BitCloud/lib/libBc_Coordinator_Atmega128rfa1_Atmega128rfa1_Gcc.a(zdo.o)
 .text.zdoSetOutOfNetworkFlag
                0x0000ee2a       0x36 ./../../../../BitCloud/lib/libBc_Coordinator_Atmega128rfa1_Atmega128rfa1_Gcc.a(zdo.o)
 .text.leaveNetworkInd
                0x0000ee60       0x24 ./../../../../BitCloud/lib/libBc_Coordinator_Atmega128rfa1_Atmega128rfa1_Gcc.a(zdo.o)
 .text.zdoLeaveNetworkNwkLeaveConf
                0x0000ee84        0xe ./../../../../BitCloud/lib/libBc_Coordinator_Atmega128rfa1_Atmega128rfa1_Gcc.a(zdo.o)
 .text.zdoExecuteEDScan
                0x0000ee92       0x36 ./../../../../BitCloud/lib/libBc_Coordinator_Atmega128rfa1_Atmega128rfa1_Gcc.a(zdo.o)
 .text.confirmMgmtNwkUpdateNotify
                0x0000eec8       0x2e ./../../../../BitCloud/lib/libBc_Coordinator_Atmega128rfa1_Atmega128rfa1_Gcc.a(zdo.o)
 .text.channelChangeTimerFired
                0x0000eef6       0x22 ./../../../../BitCloud/lib/libBc_Coordinator_Atmega128rfa1_Atmega128rfa1_Gcc.a(zdo.o)
 .text.MAC_SetConf
                0x0000ef18       0x7e ./../../../../BitCloud/lib/libBc_Coordinator_Atmega128rfa1_Atmega128rfa1_Gcc.a(zdo.o)
 .text.zdoChildEventListener
                0x0000ef96       0xa8 ./../../../../BitCloud/lib/libBc_Coordinator_Atmega128rfa1_Atmega128rfa1_Gcc.a(zdo.o)
 .text.zdoInitNotifications
                0x0000f03e       0x6e ./../../../../BitCloud/lib/libBc_Coordinator_Atmega128rfa1_Atmega128rfa1_Gcc.a(zdo.o)
                0x0000f03e                zdoInitNotifications
 .text.zdoInitHandler
                0x0000f0ac      0x10e ./../../../../BitCloud/lib/libBc_Coordinator_Atmega128rfa1_Atmega128rfa1_Gcc.a(zdo.o)
 .text.NWK_JoinInd
                0x0000f1ba       0x4e ./../../../../BitCloud/lib/libBc_Coordinator_Atmega128rfa1_Atmega128rfa1_Gcc.a(zdo.o)
                0x0000f1ba                NWK_JoinInd
 .text.NWK_LeaveInd
                0x0000f208       0x86 ./../../../../BitCloud/lib/libBc_Coordinator_Atmega128rfa1_Atmega128rfa1_Gcc.a(zdo.o)
                0x0000f208                NWK_LeaveInd
 .text.ZDO_StartNetworkReq
                0x0000f28e       0x10 ./../../../../BitCloud/lib/libBc_Coordinator_Atmega128rfa1_Atmega128rfa1_Gcc.a(zdo.o)
                0x0000f28e                ZDO_StartNetworkReq
 .text.ZDO_TaskHandler
                0x0000f29e       0x7c ./../../../../BitCloud/lib/libBc_Coordinator_Atmega128rfa1_Atmega128rfa1_Gcc.a(zdo.o)
                0x0000f29e                ZDO_TaskHandler
 .text.APS_ZdoDataInd
                0x0000f31a      0x160 ./../../../../BitCloud/lib/libBc_Coordinator_Atmega128rfa1_Atmega128rfa1_Gcc.a(zdo.o)
                0x0000f31a                APS_ZdoDataInd
 .text.ZDO_ZdpReq
                0x0000f47a       0x64 ./../../../../BitCloud/lib/libBc_Coordinator_Atmega128rfa1_Atmega128rfa1_Gcc.a(zdo.o)
                0x0000f47a                ZDO_ZdpReq
 .text.zdoSendDeviceAnnce
                0x0000f4de       0xa0 ./../../../../BitCloud/lib/libBc_Coordinator_Atmega128rfa1_Atmega128rfa1_Gcc.a(zdo.o)
 .text.APS_StartConf
                0x0000f57e       0x2a ./../../../../BitCloud/lib/libBc_Coordinator_Atmega128rfa1_Atmega128rfa1_Gcc.a(zdo.o)
 .text.NWK_PermitJoinConf
                0x0000f5a8       0x48 ./../../../../BitCloud/lib/libBc_Coordinator_Atmega128rfa1_Atmega128rfa1_Gcc.a(zdo.o)
 .text.zdoSendDeviceAnnceConf
                0x0000f5f0       0x34 ./../../../../BitCloud/lib/libBc_Coordinator_Atmega128rfa1_Atmega128rfa1_Gcc.a(zdo.o)
 .text.sendNwkUpdateNotify
                0x0000f624       0x3e ./../../../../BitCloud/lib/libBc_Coordinator_Atmega128rfa1_Atmega128rfa1_Gcc.a(zdo.o)
 .text.zdoZdpFrameProcessorHandler
                0x0000f662     0x1500 ./../../../../BitCloud/lib/libBc_Coordinator_Atmega128rfa1_Atmega128rfa1_Gcc.a(zdo.o)
 .text.edScanConf
                0x00010b62       0x10 ./../../../../BitCloud/lib/libBc_Coordinator_Atmega128rfa1_Atmega128rfa1_Gcc.a(zdo.o)
 .text.zdoReloadZibFromConfigServer
                0x00010b72      0x144 ./../../../../BitCloud/lib/libBc_Coordinator_Atmega128rfa1_Atmega128rfa1_Gcc.a(zdo.o)
                0x00010b72                zdoReloadZibFromConfigServer
 .text.zdoStartNetworkTaskHandler
                0x00010cb6      0x110 ./../../../../BitCloud/lib/libBc_Coordinator_Atmega128rfa1_Atmega128rfa1_Gcc.a(zdo.o)
 .text.setNetworkParametersToZib
                0x00010dc6       0x48 ./../../../../BitCloud/lib/libBc_Coordinator_Atmega128rfa1_Atmega128rfa1_Gcc.a(zdo.o)
                0x00010dc6                setNetworkParametersToZib
 .text.zdoStartNetworkStackResetConf
                0x00010e0e       0x3c ./../../../../BitCloud/lib/libBc_Coordinator_Atmega128rfa1_Atmega128rfa1_Gcc.a(zdo.o)
 .text.NWK_NetworkFormationConf