Archive member included because of file (symbol)

./../../../../BitCloud/lib/libHAL_RcbAtm128rfa1_Atmega128rfa1_8Mhz_Gcc.a(appTimer.o)
                              Router_Rcb_Atmega128rfa1_8Mhz_Gcc/Obj/blink.o (HAL_StartAppTimer)
./../../../../BitCloud/lib/libHAL_RcbAtm128rfa1_Atmega128rfa1_8Mhz_Gcc.a(halTaskManager.o)
                              Router_Rcb_Atmega128rfa1_8Mhz_Gcc/Obj/usbFifoFT245RL.o (halTaskFlags4)
./../../../../BitCloud/lib/libHAL_RcbAtm128rfa1_Atmega128rfa1_8Mhz_Gcc.a(usart.o)
                              ./../../../../BitCloud/lib/libHAL_RcbAtm128rfa1_Atmega128rfa1_8Mhz_Gcc.a(halTaskManager.o) (halSigUsartHandler)
./../../../../BitCloud/lib/libHAL_RcbAtm128rfa1_Atmega128rfa1_8Mhz_Gcc.a(irq.o)
                              Router_Rcb_Atmega128rfa1_8Mhz_Gcc/Obj/usbFifoFT245RL.o (HAL_RegisterIrq)
./../../../../BitCloud/lib/libHAL_RcbAtm128rfa1_Atmega128rfa1_8Mhz_Gcc.a(i2cPacket.o)
                              ./../../../../BitCloud/lib/libHAL_RcbAtm128rfa1_Atmega128rfa1_8Mhz_Gcc.a(halTaskManager.o) (halSig2WireSerialHandler)
./../../../../BitCloud/lib/libHAL_RcbAtm128rfa1_Atmega128rfa1_8Mhz_Gcc.a(eeprom.o)
                              Router_Rcb_Atmega128rfa1_8Mhz_Gcc/Obj/pdsWriteData.o (HAL_ReadEeprom)
./../../../../BitCloud/lib/libHAL_RcbAtm128rfa1_Atmega128rfa1_8Mhz_Gcc.a(timer.o)
                              ./../../../../BitCloud/lib/libHAL_RcbAtm128rfa1_Atmega128rfa1_8Mhz_Gcc.a(appTimer.o) (halAddTimer)
./../../../../BitCloud/lib/libHAL_RcbAtm128rfa1_Atmega128rfa1_8Mhz_Gcc.a(adc.o)
                              ./../../../../BitCloud/lib/libHAL_RcbAtm128rfa1_Atmega128rfa1_8Mhz_Gcc.a(halTaskManager.o) (halSigAdcHandler)
./../../../../BitCloud/lib/libHAL_RcbAtm128rfa1_Atmega128rfa1_8Mhz_Gcc.a(spi.o)
                              ./../../../../BitCloud/lib/libHAL_RcbAtm128rfa1_Atmega128rfa1_8Mhz_Gcc.a(halTaskManager.o) (halSpiRxByteComplete)
./../../../../BitCloud/lib/libHAL_RcbAtm128rfa1_Atmega128rfa1_8Mhz_Gcc.a(halSleepTimerClock.o)
                              ./../../../../BitCloud/lib/libHAL_RcbAtm128rfa1_Atmega128rfa1_8Mhz_Gcc.a(appTimer.o) (halGetTimeOfSleepTimer)
./../../../../BitCloud/lib/libHAL_RcbAtm128rfa1_Atmega128rfa1_8Mhz_Gcc.a(halSecurityModule.o)
                              ./../../../../BitCloud/lib/libHAL_RcbAtm128rfa1_Atmega128rfa1_8Mhz_Gcc.a(halTaskManager.o) (halSmRequestHandler)
./../../../../BitCloud/lib/libHAL_RcbAtm128rfa1_Atmega128rfa1_8Mhz_Gcc.a(halAppClock.o)
                              ./../../../../BitCloud/lib/libHAL_RcbAtm128rfa1_Atmega128rfa1_8Mhz_Gcc.a(appTimer.o) (halGetTimeOfAppTimer)
./../../../../BitCloud/lib/libHAL_RcbAtm128rfa1_Atmega128rfa1_8Mhz_Gcc.a(halUsart.o)
                              ./../../../../BitCloud/lib/libHAL_RcbAtm128rfa1_Atmega128rfa1_8Mhz_Gcc.a(usart.o) (halSetUsartConfig)
./../../../../BitCloud/lib/libHAL_RcbAtm128rfa1_Atmega128rfa1_8Mhz_Gcc.a(halIrq.o)
                              ./../../../../BitCloud/lib/libHAL_RcbAtm128rfa1_Atmega128rfa1_8Mhz_Gcc.a(irq.o) (halSetIrqConfig)
./../../../../BitCloud/lib/libHAL_RcbAtm128rfa1_Atmega128rfa1_8Mhz_Gcc.a(halTwi.o)
                              ./../../../../BitCloud/lib/libHAL_RcbAtm128rfa1_Atmega128rfa1_8Mhz_Gcc.a(i2cPacket.o) (halInitI2c)
./../../../../BitCloud/lib/libHAL_RcbAtm128rfa1_Atmega128rfa1_8Mhz_Gcc.a(halEeprom.o)
                              ./../../../../BitCloud/lib/libHAL_RcbAtm128rfa1_Atmega128rfa1_8Mhz_Gcc.a(eeprom.o) (halEepromWrite)
./../../../../BitCloud/lib/libHAL_RcbAtm128rfa1_Atmega128rfa1_8Mhz_Gcc.a(halSleep.o)
                              ./../../../../BitCloud/lib/libHAL_RcbAtm128rfa1_Atmega128rfa1_8Mhz_Gcc.a(halSleepTimerClock.o) (halPowerOn)
./../../../../BitCloud/lib/libHAL_RcbAtm128rfa1_Atmega128rfa1_8Mhz_Gcc.a(halAdc.o)
                              ./../../../../BitCloud/lib/libHAL_RcbAtm128rfa1_Atmega128rfa1_8Mhz_Gcc.a(adc.o) (halOpenAdc)
./../../../../BitCloud/lib/libHAL_RcbAtm128rfa1_Atmega128rfa1_8Mhz_Gcc.a(halSpi.o)
                              ./../../../../BitCloud/lib/libHAL_RcbAtm128rfa1_Atmega128rfa1_8Mhz_Gcc.a(spi.o) (halSetUsartSpiConfig)
./../../../../BitCloud/lib/libHAL_RcbAtm128rfa1_Atmega128rfa1_8Mhz_Gcc.a(calibration.o)
                              ./../../../../BitCloud/lib/libHAL_RcbAtm128rfa1_Atmega128rfa1_8Mhz_Gcc.a(halSleep.o) (halStartingCalibrate)
./../../../../BitCloud/lib/libHAL_RcbAtm128rfa1_Atmega128rfa1_8Mhz_Gcc.a(halW1.o)
                              ./../../../../BitCloud/lib/libHAL_RcbAtm128rfa1_Atmega128rfa1_8Mhz_Gcc.a(halAdc.o) (__delay_us)
./../../../../BitCloud/lib/libHAL_RcbAtm128rfa1_Atmega128rfa1_8Mhz_Gcc.a(halCalibration.o)
                              ./../../../../BitCloud/lib/libHAL_RcbAtm128rfa1_Atmega128rfa1_8Mhz_Gcc.a(calibration.o) (halMeasurement)
./../../../../BitCloud/lib/libHAL_RcbAtm128rfa1_Atmega128rfa1_8Mhz_Gcc.a(sleepTimer.o)
                              ./../../../../BitCloud/lib/libHAL_RcbAtm128rfa1_Atmega128rfa1_8Mhz_Gcc.a(halTaskManager.o) (halAsyncTimerHandler)
[...]
Memory Configuration

Name             Origin             Length             Attributes
text             0x00000000         0x00020000         xr
data             0x00800190         0x00003e0c         rw !x
eeprom           0x00810000         0x00001000         rw !x
*default*        0x00000000         0xffffffff

Linker script and memory map

Address of section .data set to 0x800200
LOAD d:/program files/atmel/avr studio 5.1/extensions/atmel/avrgcc/3.3.1.27/avrtoolchain/bin/../lib/gcc/avr/4.5.1/../../../../avr/lib/avr51/crtm128rfa1.o

.text           0x00000000    0x166bc
                0x00000000                PROVIDE (__text_start, .)
 *(.vectors)
 .vectors       0x00000000      0x120 d:/program files/atmel/avr studio 5.1/extensions/atmel/avrgcc/3.3.1.27/avrtoolchain/bin/../lib/gcc/avr/4.5.1/../../../../avr/lib/avr51/crtm128rfa1.o
                0x00000000                __vector_default
                0x00000000                __vectors
 *(.vectors)
                0x00000120                PROVIDE (__pds_ff_start, .)
 *(.pds_ff)
 .pds_ff        0x00000120       0x8a Router_Rcb_Atmega128rfa1_8Mhz_Gcc/Obj/csPersistentMem.o
                0x00000120                csGeneralFileDescriptors
                0x00000180                csExtendedFileDescriptors
                0x00000198                csNeighborTableFileDescriptor
                0x0000019e                csGroupTableFileDescriptor
                0x000001a4                csBindingTableFileDescriptor
                0x000001aa                PROVIDE (__pds_ff_end, .)
                0x000001aa                PROVIDE (__pds_fd_start, .)
 *(.pds_fd)
 .pds_fd        0x000001aa       0x24 Router_Rcb_Atmega128rfa1_8Mhz_Gcc/Obj/csPersistentMem.o
                0x000001aa                csGeneralParamsDirDescr
                0x000001b0                csExtendedParamsDirDescr
                0x000001b6                csNwkSecurityTablesDirDescr
                0x000001bc                BCSystemDirDescr
                0x000001c2                BCExtGenParamsDirDescr
                0x000001c8                BCRejoinParamsDirDescr
                0x000001ce                PROVIDE (__pds_fd_end, .)
 *(.progmem.gcc*)
 .progmem.gcc_sw_table
                0x000001ce      0x110 ./../../../../BitCloud/lib/libBc_Router_Atmega128rfa1_Atmega128rfa1_Gcc.a(macenvPib.o)
 .progmem.gcc_sw_table
                0x000002de       0x56 ./../../../../BitCloud/lib/libBc_Router_Atmega128rfa1_Atmega128rfa1_Gcc.a(nwk.o)
 .progmem.gcc_sw_table
                0x00000334       0x58 ./../../../../BitCloud/lib/libBc_Router_Atmega128rfa1_Atmega128rfa1_Gcc.a(zdo.o)
 .progmem.gcc_sw_table
                0x0000038c       0x28 ./../../../../BitCloud/lib/libBc_Router_Atmega128rfa1_Atmega128rfa1_Gcc.a(machwdManager.o)
 .progmem.gcc_sw_table
                0x000003b4       0x3c ./../../../../BitCloud/lib/libBc_Router_Atmega128rfa1_Atmega128rfa1_Gcc.a(machwiManager.o)
 .progmem.gcc_sw_table
                0x000003f0       0x16 ./../../../../BitCloud/lib/libBc_Router_Atmega128rfa1_Atmega128rfa1_Gcc.a(machwiPanServer.o)
 .progmem.gcc_sw_table
                0x00000406       0x20 ./../../../../BitCloud/lib/libBc_Router_Atmega128rfa1_Atmega128rfa1_Gcc.a(machwiScanHandler.o)
 .progmem.gcc_sw_table
                0x00000426       0x26 ./../../../../BitCloud/lib/libBc_Router_Atmega128rfa1_Atmega128rfa1_Gcc.a(machwdFrameRoutine.o)
 *(.progmem*)
 .progmem.data  0x0000044c       0xa4 Router_Rcb_Atmega128rfa1_8Mhz_Gcc/Obj/csPersistentMem.o
                0x0000044c                CsGeneralMemoryIdsTable
                0x0000046c                CsExtendedMemoryIdsTable
                0x00000474                CsNwkSecurityMemoryIdsTable
                0x00000478                BCSystemMemoryIdsTable
                0x000004a6                BCExtGenParamsMemoryIdsTable
                0x000004ce                BCRejoinParamsMemoryIdsTable
 .progmem.data  0x000004f0      0x25e Router_Rcb_Atmega128rfa1_8Mhz_Gcc/Obj/csMem.o
                0x000004f0                defaultNIB
                0x00000576                defaultZIB
                0x000005a5                defaultAIB
                0x000005a7                defaultSIB
                0x000005e3                csReadOnlyItems
                0x00000602                csMemoryItems
 .progmem.data  0x0000074e        0xc ./../../../../BitCloud/lib/libHAL_RcbAtm128rfa1_Atmega128rfa1_8Mhz_Gcc.a(usart.o)
 .progmem.data  0x0000075a       0x10 ./../../../../BitCloud/lib/libBc_Router_Atmega128rfa1_Atmega128rfa1_Gcc.a(aps.o)
 .progmem.data  0x0000076a      0x132 ./../../../../BitCloud/lib/libBc_Router_Atmega128rfa1_Atmega128rfa1_Gcc.a(nwk.o)
                0x0000089c                . = ALIGN (0x2)
 *(.trampolines*)
 .trampolines   0x0000089c        0x0 linker stubs
 *(.jumptables*)
 *(.lowtext*)
 *(.init0)
 .init0         0x0000089c        0x0 d:/program files/atmel/avr studio 5.1/extensions/atmel/avrgcc/3.3.1.27/avrtoolchain/bin/../lib/gcc/avr/4.5.1/../../../../avr/lib/avr51/crtm128rfa1.o
                0x0000089c                __init
 .init0         0x0000089c       0x30 ./../../../../BitCloud/lib/WdtInitatmega128rfa1_Gcc.o
                0x0000089c                halWdtInit
 *(.init0)
 *(.init1)
 *(.init1)
 *(.init2)
 .init2         0x000008cc        0xc d:/program files/atmel/avr studio 5.1/extensions/atmel/avrgcc/3.3.1.27/avrtoolchain/bin/../lib/gcc/avr/4.5.1/../../../../avr/lib/avr51/crtm128rfa1.o
 *(.init2)
 *(.init3)
 *(.init3)
 *(.init4)
 .init4         0x000008d8       0x1a d:/program files/atmel/avr studio 5.1/extensions/atmel/avrgcc/3.3.1.27/avrtoolchain/bin/../lib/gcc/avr/4.5.1/avr51\libgcc.a(_copy_data.o)
                0x000008d8                __do_copy_data
 .init4         0x000008f2       0x10 d:/program files/atmel/avr studio 5.1/extensions/atmel/avrgcc/3.3.1.27/avrtoolchain/bin/../lib/gcc/avr/4.5.1/avr51\libgcc.a(_clear_bss.o)
                0x000008f2                __do_clear_bss
 *(.init4)
 *(.init5)
 *(.init5)
 *(.init6)
 *(.init6)
 *(.init7)
 *(.init7)
 *(.init8)
 *(.init8)
 *(.text.main)
 .text.main     0x00000902        0xa Router_Rcb_Atmega128rfa1_8Mhz_Gcc/Obj/blink.o
                0x00000902                main
 *(.text.main)
 *(.text)
 .text          0x0000090c        0x4 d:/program files/atmel/avr studio 5.1/extensions/atmel/avrgcc/3.3.1.27/avrtoolchain/bin/../lib/gcc/avr/4.5.1/../../../../avr/lib/avr51/crtm128rfa1.o
                0x0000090c                __vector_22
                0x0000090c                __vector_28
                0x0000090c                __vector_67
                0x0000090c                __vector_32
                0x0000090c                __vector_71
                0x0000090c                __vector_34
                0x0000090c                __vector_62
                0x0000090c                __vector_12
                0x0000090c                __vector_55
                0x0000090c                __vector_69
                0x0000090c                __vector_46
                0x0000090c                __bad_interrupt
                0x0000090c                __vector_31
                0x0000090c                __vector_35
                0x0000090c                __vector_23
                0x0000090c                __vector_68
                0x0000090c                __vector_45
                0x0000090c                __vector_61
                0x0000090c                __vector_11
                0x0000090c                __vector_54
                0x0000090c                __vector_17
                0x0000090c                __vector_19
                0x0000090c                __vector_56
                0x0000090c                __vector_49
                0x0000090c                __vector_41
                0x0000090c                __vector_64
                0x0000090c                __vector_33
                0x0000090c                __vector_47
                0x0000090c                __vector_52
                0x0000090c                __vector_44
                0x0000090c                __vector_51
                0x0000090c                __vector_9
                0x0000090c                __vector_21
                0x0000090c                __vector_66
                0x0000090c                __vector_58
                0x0000090c                __vector_70
                0x0000090c                __vector_40
                0x0000090c                __vector_48
                0x0000090c                __vector_14
                0x0000090c                __vector_57
                0x0000090c                __vector_53
                0x0000090c                __vector_10
                0x0000090c                __vector_50
                0x0000090c                __vector_16
                0x0000090c                __vector_59
                0x0000090c                __vector_18
                0x0000090c                __vector_20
                0x0000090c                __vector_65
 .text          0x00000910       0xce ./../../../../BitCloud/lib/libHAL_RcbAtm128rfa1_Atmega128rfa1_8Mhz_Gcc.a(halW1.o)
                0x00000910                halResetW1
                0x00000944                halReadW1Bit
                0x00000974                halReadW1
                0x00000990                halWriteW1bit
                0x000009bc                halWriteW1
                0x000009ce                __delay_us
 .text          0x000009de       0x3a ./../../../../BitCloud/lib/libHAL_RcbAtm128rfa1_Atmega128rfa1_8Mhz_Gcc.a(halCalibration.o)
                0x000009de                halMeasurement
 .text          0x00000a18       0xe2 d:/program files/atmel/avr studio 5.1/extensions/atmel/avrgcc/3.3.1.27/avrtoolchain/bin/../lib/gcc/avr/4.5.1/avr51\libgcc.a(_ashldi3.o)
                0x00000a18                __ashldi3
 *(.text.*)
 .text.APS_DataInd
                0x00000afa        0x2 Router_Rcb_Atmega128rfa1_8Mhz_Gcc/Obj/blink.o
 .text.ZDO_WakeUpConf
                0x00000afc       0x2c Router_Rcb_Atmega128rfa1_8Mhz_Gcc/Obj/blink.o
 .text.ZDO_StartNetworkConf
                0x00000b28       0xa2 Router_Rcb_Atmega128rfa1_8Mhz_Gcc/Obj/blink.o
 .text.APS_DataInd2
                0x00000bca        0x8 Router_Rcb_Atmega128rfa1_8Mhz_Gcc/Obj/blink.o
 .text.APS_DataConf
                0x00000bd2        0x8 Router_Rcb_Atmega128rfa1_8Mhz_Gcc/Obj/blink.o
 .text.Timer_Handler
                0x00000bda       0x94 Router_Rcb_Atmega128rfa1_8Mhz_Gcc/Obj/blink.o
 .text.Timer_Handler2
                0x00000c6e       0x2c Router_Rcb_Atmega128rfa1_8Mhz_Gcc/Obj/blink.o
 .text.check_state
                0x00000c9a       0x32 Router_Rcb_Atmega128rfa1_8Mhz_Gcc/Obj/blink.o
                0x00000c9a                check_state
 .text.APL_TaskHandler
                0x00000ccc      0x198 Router_Rcb_Atmega128rfa1_8Mhz_Gcc/Obj/blink.o
                0x00000ccc                APL_TaskHandler
 .text.ZDO_MgmtNwkUpdateNotf
                0x00000e64       0xa2 Router_Rcb_Atmega128rfa1_8Mhz_Gcc/Obj/blink.o
                0x00000e64                ZDO_MgmtNwkUpdateNotf
 .text.ZDO_WakeUpInd
                0x00000f06       0x2c Router_Rcb_Atmega128rfa1_8Mhz_Gcc/Obj/blink.o
                0x00000f06                ZDO_WakeUpInd
 .text.ZDO_BindIndication
                0x00000f32        0x2 Router_Rcb_Atmega128rfa1_8Mhz_Gcc/Obj/blink.o
                0x00000f32                ZDO_BindIndication
 .text.ZDO_UnbindIndication
                0x00000f34        0x2 Router_Rcb_Atmega128rfa1_8Mhz_Gcc/Obj/blink.o
                0x00000f34                ZDO_UnbindIndication
 .text.pdsDummyCallback
                0x00000f36        0x2 Router_Rcb_Atmega128rfa1_8Mhz_Gcc/Obj/pdsWriteData.o
                0x00000f36                pdsDummyCallback
 .text.pdsAddDataForCommitment
                0x00000f38       0x70 Router_Rcb_Atmega128rfa1_8Mhz_Gcc/Obj/pdsWriteData.o
                0x00000f38                pdsAddDataForCommitment
 .text.pdsWaitMemoryFree
                0x00000fa8       0x10 Router_Rcb_Atmega128rfa1_8Mhz_Gcc/Obj/pdsWriteData.o
                0x00000fa8                pdsWaitMemoryFree
 .text.pdsRead  0x00000fb8       0x3e Router_Rcb_Atmega128rfa1_8Mhz_Gcc/Obj/pdsWriteData.o
                0x00000fb8                pdsRead
 .text.pdsWrite
                0x00000ff6       0x3e Router_Rcb_Atmega128rfa1_8Mhz_Gcc/Obj/pdsWriteData.o
                0x00000ff6                pdsWrite
 .text.pdsStartCommitment
                0x00001034      0x1e6 Router_Rcb_Atmega128rfa1_8Mhz_Gcc/Obj/pdsWriteData.o
                0x00001034                pdsStartCommitment
 .text.pdsMemMaskIsAnyBitSet
                0x0000121a       0x1c Router_Rcb_Atmega128rfa1_8Mhz_Gcc/Obj/pdsDataServer.o
 .text.pdsInitMemMask
                0x00001236       0x3c Router_Rcb_Atmega128rfa1_8Mhz_Gcc/Obj/pdsDataServer.o
 .text.pdsGetMemoryAllowed
                0x00001272       0x38 Router_Rcb_Atmega128rfa1_8Mhz_Gcc/Obj/pdsDataServer.o
 .text.PDS_Store
                0x000012aa       0x14 Router_Rcb_Atmega128rfa1_8Mhz_Gcc/Obj/pdsDataServer.o
                0x000012aa                PDS_Store
 .text.PDS_IsMemoryRestored
                0x000012be       0x54 Router_Rcb_Atmega128rfa1_8Mhz_Gcc/Obj/pdsDataServer.o
                0x000012be                PDS_IsMemoryRestored
 .text.PDS_Init
                0x00001312      0x226 Router_Rcb_Atmega128rfa1_8Mhz_Gcc/Obj/pdsInit.o
                0x00001312                PDS_Init
 .text.pdsTimerFired
                0x00001538        0xe Router_Rcb_Atmega128rfa1_8Mhz_Gcc/Obj/pdsTimer.o
 .text.pdsTimerInit
                0x00001546       0x12 Router_Rcb_Atmega128rfa1_8Mhz_Gcc/Obj/pdsTimer.o
                0x00001546                pdsTimerInit
 .text.pdsGetFileDescrRec
                0x00001558       0x66 Router_Rcb_Atmega128rfa1_8Mhz_Gcc/Obj/pdsMemAccess.o
                0x00001558                pdsGetFileDescrRec
 .text.pdsGetFileOffset
                0x000015be      0x112 Router_Rcb_Atmega128rfa1_8Mhz_Gcc/Obj/pdsMemAccess.o
                0x000015be                pdsGetFileOffset
 .text.pdsPrepareMemoryAccess
                0x000016d0       0xc0 Router_Rcb_Atmega128rfa1_8Mhz_Gcc/Obj/pdsMemAccess.o
                0x000016d0                pdsPrepareMemoryAccess
 .text.pdsExpandMemoryMask
                0x00001790      0x162 Router_Rcb_Atmega128rfa1_8Mhz_Gcc/Obj/pdsMemAccess.o
                0x00001790                pdsExpandMemoryMask
 .text.pdsPrepareAccessContext
                0x000018f2       0x40 Router_Rcb_Atmega128rfa1_8Mhz_Gcc/Obj/pdsMemAccess.o
                0x000018f2                pdsPrepareAccessContext
 .text.pdsCalculateRAMDataCrc
                0x00001932       0x1c Router_Rcb_Atmega128rfa1_8Mhz_Gcc/Obj/pdsCrcService.o
                0x00001932                pdsCalculateRAMDataCrc
 .text.pdsCheckFile
                0x0000194e       0xc8 Router_Rcb_Atmega128rfa1_8Mhz_Gcc/Obj/pdsCrcService.o
                0x0000194e                pdsCheckFile
 .text.pdsCheckStorage
                0x00001a16       0x8e Router_Rcb_Atmega128rfa1_8Mhz_Gcc/Obj/pdsCrcService.o
                0x00001a16                pdsCheckStorage
 .text.BSP_OpenLeds
                0x00001aa4        0x8 Router_Rcb_Atmega128rfa1_8Mhz_Gcc/Obj/leds.o
                0x00001aa4                BSP_OpenLeds
 .text.BSP_OnLed
                0x00001aac       0x20 Router_Rcb_Atmega128rfa1_8Mhz_Gcc/Obj/leds.o
                0x00001aac                BSP_OnLed
 .text.BSP_OffLed
                0x00001acc       0x20 Router_Rcb_Atmega128rfa1_8Mhz_Gcc/Obj/leds.o
                0x00001acc                BSP_OffLed
 .text.BSP_ToggleLed
                0x00001aec       0x1e Router_Rcb_Atmega128rfa1_8Mhz_Gcc/Obj/leds.o
                0x00001aec                BSP_ToggleLed
 .text.BSP_TaskHandler
                0x00001b0a       0x7a Router_Rcb_Atmega128rfa1_8Mhz_Gcc/Obj/bspTaskManager.o
                0x00001b0a                BSP_TaskHandler
 .text.bspButtonsHandler
                0x00001b84       0x88 Router_Rcb_Atmega128rfa1_8Mhz_Gcc/Obj/buttons.o
                0x00001b84                bspButtonsHandler
 .text.bspTemperatureSensorHandler
                0x00001c0c       0x12 Router_Rcb_Atmega128rfa1_8Mhz_Gcc/Obj/fakeBSP.o
                0x00001c0c                bspTemperatureSensorHandler
 .text.bspLightSensorHandler
                0x00001c1e       0x12 Router_Rcb_Atmega128rfa1_8Mhz_Gcc/Obj/fakeBSP.o
                0x00001c1e                bspLightSensorHandler
 .text.bspEmptyBatteryHandler
                0x00001c30       0x10 Router_Rcb_Atmega128rfa1_8Mhz_Gcc/Obj/fakeBSP.o
                0x00001c30                bspEmptyBatteryHandler
 .text.csSetToDefault
                0x00001c40       0x80 Router_Rcb_Atmega128rfa1_8Mhz_Gcc/Obj/csMem.o
                0x00001c40                csSetToDefault
 .text.csGetItem
                0x00001cc0       0x38 Router_Rcb_Atmega128rfa1_8Mhz_Gcc/Obj/configServer.o
 .text.CS_Init  0x00001cf8        0xa Router_Rcb_Atmega128rfa1_8Mhz_Gcc/Obj/configServer.o
                0x00001cf8                CS_Init
 .text.CS_ReadParameter
                0x00001d02       0x36 Router_Rcb_Atmega128rfa1_8Mhz_Gcc/Obj/configServer.o
                0x00001d02                CS_ReadParameter
 .text.CS_WriteParameter
                0x00001d38       0x34 Router_Rcb_Atmega128rfa1_8Mhz_Gcc/Obj/configServer.o
                0x00001d38                CS_WriteParameter
 .text.CS_GetMemory
                0x00001d6c       0x18 Router_Rcb_Atmega128rfa1_8Mhz_Gcc/Obj/configServer.o
                0x00001d6c                CS_GetMemory
 .text.halAppTimerHandler
                0x00001d84       0x8a ./../../../../BitCloud/lib/libHAL_RcbAtm128rfa1_Atmega128rfa1_8Mhz_Gcc.a(appTimer.o)
                0x00001d84                halAppTimerHandler
 .text.HAL_StartAppTimer
                0x00001e0e       0x58 ./../../../../BitCloud/lib/libHAL_RcbAtm128rfa1_Atmega128rfa1_8Mhz_Gcc.a(appTimer.o)
                0x00001e0e                HAL_StartAppTimer
 .text.HAL_StopAppTimer
                0x00001e66       0x4a ./../../../../BitCloud/lib/libHAL_RcbAtm128rfa1_Atmega128rfa1_8Mhz_Gcc.a(appTimer.o)
                0x00001e66                HAL_StopAppTimer
 .text.HAL_GetSystemTime
                0x00001eb0       0x4e ./../../../../BitCloud/lib/libHAL_RcbAtm128rfa1_Atmega128rfa1_8Mhz_Gcc.a(appTimer.o)
                0x00001eb0                HAL_GetSystemTime
 .text.HAL_TaskHandler
                0x00001efe      0x1b2 ./../../../../BitCloud/lib/libHAL_RcbAtm128rfa1_Atmega128rfa1_8Mhz_Gcc.a(halTaskManager.o)
                0x00001efe                HAL_TaskHandler
 .text.halUsartHwController
                0x000020b0       0x9a ./../../../../BitCloud/lib/libHAL_RcbAtm128rfa1_Atmega128rfa1_8Mhz_Gcc.a(usart.o)
 .text.halSigUsartReceptionComplete
                0x0000214a       0x54 ./../../../../BitCloud/lib/libHAL_RcbAtm128rfa1_Atmega128rfa1_8Mhz_Gcc.a(usart.o)
 .text.halSetUsartClockPinDirection
                0x0000219e       0x36 ./../../../../BitCloud/lib/libHAL_RcbAtm128rfa1_Atmega128rfa1_8Mhz_Gcc.a(usart.o)
 .text.halUsartTaskUsart0Dre
                0x000021d4        0x8 ./../../../../BitCloud/lib/libHAL_RcbAtm128rfa1_Atmega128rfa1_8Mhz_Gcc.a(usart.o)
 .text.halUsartTaskUsart0Rxc
                0x000021dc        0x8 ./../../../../BitCloud/lib/libHAL_RcbAtm128rfa1_Atmega128rfa1_8Mhz_Gcc.a(usart.o)
 .text.halUsartTaskUsart1Dre
                0x000021e4        0x8 ./../../../../BitCloud/lib/libHAL_RcbAtm128rfa1_Atmega128rfa1_8Mhz_Gcc.a(usart.o)
 .text.halUsartTaskUsart1Rxc
                0x000021ec        0x8 ./../../../../BitCloud/lib/libHAL_RcbAtm128rfa1_Atmega128rfa1_8Mhz_Gcc.a(usart.o)
 .text.halSigUsartHandler
                0x000021f4       0x6e ./../../../../BitCloud/lib/libHAL_RcbAtm128rfa1_Atmega128rfa1_8Mhz_Gcc.a(usart.o)
                0x000021f4                halSigUsartHandler
 .text.halPostUsartTask
                0x00002262       0x3c ./../../../../BitCloud/lib/libHAL_RcbAtm128rfa1_Atmega128rfa1_8Mhz_Gcc.a(usart.o)
                0x00002262                halPostUsartTask
 .text.halUsartRxBufferFiller
                0x0000229e       0xa4 ./../../../../BitCloud/lib/libHAL_RcbAtm128rfa1_Atmega128rfa1_8Mhz_Gcc.a(usart.o)
                0x0000229e                halUsartRxBufferFiller
 .text.halSigUsartTransmissionComplete
                0x00002342       0x68 ./../../../../BitCloud/lib/libHAL_RcbAtm128rfa1_Atmega128rfa1_8Mhz_Gcc.a(usart.o)
                0x00002342                halSigUsartTransmissionComplete
 .text.halUsartTaskUsart1Txc
                0x000023aa        0x8 ./../../../../BitCloud/lib/libHAL_RcbAtm128rfa1_Atmega128rfa1_8Mhz_Gcc.a(usart.o)
 .text.halUsartTaskUsart0Txc
                0x000023b2        0x8 ./../../../../BitCloud/lib/libHAL_RcbAtm128rfa1_Atmega128rfa1_8Mhz_Gcc.a(usart.o)
 .text.halIsUsartChannelCorrect
                0x000023ba       0x16 ./../../../../BitCloud/lib/libHAL_RcbAtm128rfa1_Atmega128rfa1_8Mhz_Gcc.a(usart.o)
                0x000023ba                halIsUsartChannelCorrect
 .text.HAL_WriteUsart
                0x000023d0       0xfc ./../../../../BitCloud/lib/libHAL_RcbAtm128rfa1_Atmega128rfa1_8Mhz_Gcc.a(usart.o)
                0x000023d0                HAL_WriteUsart
 .text.HAL_OpenUsart
                0x000024cc       0x92 ./../../../../BitCloud/lib/libHAL_RcbAtm128rfa1_Atmega128rfa1_8Mhz_Gcc.a(usart.o)
                0x000024cc                HAL_OpenUsart
 .text.HAL_EnableIrq
                0x0000255e       0x3c ./../../../../BitCloud/lib/libHAL_RcbAtm128rfa1_Atmega128rfa1_8Mhz_Gcc.a(irq.o)
                0x0000255e                HAL_EnableIrq
 .text.halI2cBusReset
                0x0000259a       0x36 ./../../../../BitCloud/lib/libHAL_RcbAtm128rfa1_Atmega128rfa1_8Mhz_Gcc.a(i2cPacket.o)
                0x0000259a                halI2cBusReset
 .text.halSendStartDoneI2c
                0x000025d0       0x3e ./../../../../BitCloud/lib/libHAL_RcbAtm128rfa1_Atmega128rfa1_8Mhz_Gcc.a(i2cPacket.o)
                0x000025d0                halSendStartDoneI2c
 .text.halWriteData
                0x0000260e       0x64 ./../../../../BitCloud/lib/libHAL_RcbAtm128rfa1_Atmega128rfa1_8Mhz_Gcc.a(i2cPacket.o)
                0x0000260e                halWriteData
 .text.halWriteInternalAddress
                0x00002672       0x5c ./../../../../BitCloud/lib/libHAL_RcbAtm128rfa1_Atmega128rfa1_8Mhz_Gcc.a(i2cPacket.o)
                0x00002672                halWriteInternalAddress
 .text.halWriteDoneI2c
                0x000026ce       0x3a ./../../../../BitCloud/lib/libHAL_RcbAtm128rfa1_Atmega128rfa1_8Mhz_Gcc.a(i2cPacket.o)
                0x000026ce                halWriteDoneI2c
 .text.halMasterReadWriteAddressAckI2c
                0x00002708       0x3c ./../../../../BitCloud/lib/libHAL_RcbAtm128rfa1_Atmega128rfa1_8Mhz_Gcc.a(i2cPacket.o)
                0x00002708                halMasterReadWriteAddressAckI2c
 .text.halReadDoneI2c
                0x00002744       0x58 ./../../../../BitCloud/lib/libHAL_RcbAtm128rfa1_Atmega128rfa1_8Mhz_Gcc.a(i2cPacket.o)
                0x00002744                halReadDoneI2c
 .text.halReadLastByteDoneI2c
                0x0000279c       0x58 ./../../../../BitCloud/lib/libHAL_RcbAtm128rfa1_Atmega128rfa1_8Mhz_Gcc.a(i2cPacket.o)
                0x0000279c                halReadLastByteDoneI2c
 .text.halSig2WireSerialHandler
                0x000027f4       0x46 ./../../../../BitCloud/lib/libHAL_RcbAtm128rfa1_Atmega128rfa1_8Mhz_Gcc.a(i2cPacket.o)
                0x000027f4                halSig2WireSerialHandler
 .text.HAL_ReadEeprom
                0x0000283a       0xc8 ./../../../../BitCloud/lib/libHAL_RcbAtm128rfa1_Atmega128rfa1_8Mhz_Gcc.a(eeprom.o)
                0x0000283a                HAL_ReadEeprom
 .text.HAL_WriteEeprom
                0x00002902       0xea ./../../../../BitCloud/lib/libHAL_RcbAtm128rfa1_Atmega128rfa1_8Mhz_Gcc.a(eeprom.o)
                0x00002902                HAL_WriteEeprom
 .text.HAL_IsEepromBusy
                0x000029ec        0xe ./../../../../BitCloud/lib/libHAL_RcbAtm128rfa1_Atmega128rfa1_8Mhz_Gcc.a(eeprom.o)
                0x000029ec                HAL_IsEepromBusy
 .text.halSigEepromReadyHandler
                0x000029fa       0x60 ./../../../../BitCloud/lib/libHAL_RcbAtm128rfa1_Atmega128rfa1_8Mhz_Gcc.a(eeprom.o)
                0x000029fa                halSigEepromReadyHandler
 .text.halAddTimer
                0x00002a5a      0x370 ./../../../../BitCloud/lib/libHAL_RcbAtm128rfa1_Atmega128rfa1_8Mhz_Gcc.a(timer.o)
                0x00002a5a                halAddTimer
 .text.halRemoveTimer
                0x00002dca       0x3e ./../../../../BitCloud/lib/libHAL_RcbAtm128rfa1_Atmega128rfa1_8Mhz_Gcc.a(timer.o)
                0x00002dca                halRemoveTimer
 .text.halFindPrevTimer
                0x00002e08       0x1e ./../../../../BitCloud/lib/libHAL_RcbAtm128rfa1_Atmega128rfa1_8Mhz_Gcc.a(timer.o)
                0x00002e08                halFindPrevTimer
 .text.halSigAdcHandler
                0x00002e26       0x16 ./../../../../BitCloud/lib/libHAL_RcbAtm128rfa1_Atmega128rfa1_8Mhz_Gcc.a(adc.o)
                0x00002e26                halSigAdcHandler
 .text.halClearRealSpi
                0x00002e3c        0x8 ./../../../../BitCloud/lib/libHAL_RcbAtm128rfa1_Atmega128rfa1_8Mhz_Gcc.a(spi.o)
 .text.halSpiTxByteComplete
                0x00002e44       0x32 ./../../../../BitCloud/lib/libHAL_RcbAtm128rfa1_Atmega128rfa1_8Mhz_Gcc.a(spi.o)
                0x00002e44                halSpiTxByteComplete
 .text.halSpiRxBufferFiller
                0x00002e76       0x58 ./../../../../BitCloud/lib/libHAL_RcbAtm128rfa1_Atmega128rfa1_8Mhz_Gcc.a(spi.o)
                0x00002e76                halSpiRxBufferFiller
 .text.halSpiRxByteComplete
                0x00002ece       0x24 ./../../../../BitCloud/lib/libHAL_RcbAtm128rfa1_Atmega128rfa1_8Mhz_Gcc.a(spi.o)
                0x00002ece                halSpiRxByteComplete
 .text.halClearTimeControl
                0x00002ef2       0x14 ./../../../../BitCloud/lib/libHAL_RcbAtm128rfa1_Atmega128rfa1_8Mhz_Gcc.a(halSleepTimerClock.o)
                0x00002ef2                halClearTimeControl
 .text.halWakeupFromIrq
                0x00002f06       0x28 ./../../../../BitCloud/lib/libHAL_RcbAtm128rfa1_Atmega128rfa1_8Mhz_Gcc.a(halSleepTimerClock.o)
                0x00002f06                halWakeupFromIrq
 .text.halStartSleepTimerClock
                0x00002f2e       0x48 ./../../../../BitCloud/lib/libHAL_RcbAtm128rfa1_Atmega128rfa1_8Mhz_Gcc.a(halSleepTimerClock.o)
                0x00002f2e                halStartSleepTimerClock
 .text.halStopSleepTimerClock
                0x00002f76       0x42 ./../../../../BitCloud/lib/libHAL_RcbAtm128rfa1_Atmega128rfa1_8Mhz_Gcc.a(halSleepTimerClock.o)
                0x00002f76                halStopSleepTimerClock
 .text.halSetSleepTimerInterval
                0x00002fb8       0x6a ./../../../../BitCloud/lib/libHAL_RcbAtm128rfa1_Atmega128rfa1_8Mhz_Gcc.a(halSleepTimerClock.o)
                0x00002fb8                halSetSleepTimerInterval
 .text.halGetTimeOfSleepTimer
                0x00003022       0xbc ./../../../../BitCloud/lib/libHAL_RcbAtm128rfa1_Atmega128rfa1_8Mhz_Gcc.a(halSleepTimerClock.o)
                0x00003022                halGetTimeOfSleepTimer
 .text.halSleepTimerFrequency
                0x000030de        0xa ./../../../../BitCloud/lib/libHAL_RcbAtm128rfa1_Atmega128rfa1_8Mhz_Gcc.a(halSleepTimerClock.o)
                0x000030de                halSleepTimerFrequency
 .text.halSleepSystemTimeSynchronize
                0x000030e8       0x62 ./../../../../BitCloud/lib/libHAL_RcbAtm128rfa1_Atmega128rfa1_8Mhz_Gcc.a(halSleepTimerClock.o)
                0x000030e8                halSleepSystemTimeSynchronize
 .text.__vector_13
                0x0000314a       0x92 ./../../../../BitCloud/lib/libHAL_RcbAtm128rfa1_Atmega128rfa1_8Mhz_Gcc.a(halSleepTimerClock.o)
                0x0000314a                __vector_13
 .text.__vector_15
                0x000031dc      0x10a ./../../../../BitCloud/lib/libHAL_RcbAtm128rfa1_Atmega128rfa1_8Mhz_Gcc.a(halSleepTimerClock.o)
                0x000031dc                __vector_15
 .text.halSmRequestHandler
                0x000032e6      0x15c ./../../../../BitCloud/lib/libHAL_RcbAtm128rfa1_Atmega128rfa1_8Mhz_Gcc.a(halSecurityModule.o)
                0x000032e6                halSmRequestHandler
 .text.halInitAppClock
                0x00003442       0x26 ./../../../../BitCloud/lib/libHAL_RcbAtm128rfa1_Atmega128rfa1_8Mhz_Gcc.a(halAppClock.o)
                0x00003442                halInitAppClock
 .text.halAdjustSleepInterval
                0x00003468       0x50 ./../../../../BitCloud/lib/libHAL_RcbAtm128rfa1_Atmega128rfa1_8Mhz_Gcc.a(halAppClock.o)
                0x00003468                halAdjustSleepInterval
 .text.halAppSystemTimeSynchronize
                0x000034b8       0x62 ./../../../../BitCloud/lib/libHAL_RcbAtm128rfa1_Atmega128rfa1_8Mhz_Gcc.a(halAppClock.o)
                0x000034b8                halAppSystemTimeSynchronize
 .text.halGetTimeOfAppTimer
                0x0000351a       0x16 ./../../../../BitCloud/lib/libHAL_RcbAtm128rfa1_Atmega128rfa1_8Mhz_Gcc.a(halAppClock.o)
                0x0000351a                halGetTimeOfAppTimer
 .text.__vector_42
                0x00003530       0x4c ./../../../../BitCloud/lib/libHAL_RcbAtm128rfa1_Atmega128rfa1_8Mhz_Gcc.a(halAppClock.o)
                0x00003530                __vector_42
 .text.halSetUsartConfig
                0x0000357c       0xb2 ./../../../../BitCloud/lib/libHAL_RcbAtm128rfa1_Atmega128rfa1_8Mhz_Gcc.a(halUsart.o)
                0x0000357c                halSetUsartConfig
 .text.__vector_26
                0x0000362e       0x5c ./../../../../BitCloud/lib/libHAL_RcbAtm128rfa1_Atmega128rfa1_8Mhz_Gcc.a(halUsart.o)
                0x0000362e                __vector_26
 .text.__vector_27
                0x0000368a       0x5c ./../../../../BitCloud/lib/libHAL_RcbAtm128rfa1_Atmega128rfa1_8Mhz_Gcc.a(halUsart.o)
                0x0000368a                __vector_27
 .text.__vector_25
                0x000036e6       0x64 ./../../../../BitCloud/lib/libHAL_RcbAtm128rfa1_Atmega128rfa1_8Mhz_Gcc.a(halUsart.o)
                0x000036e6                __vector_25
 .text.__vector_37
                0x0000374a       0x5c ./../../../../BitCloud/lib/libHAL_RcbAtm128rfa1_Atmega128rfa1_8Mhz_Gcc.a(halUsart.o)
                0x0000374a                __vector_37
 .text.__vector_38
                0x000037a6       0x5c ./../../../../BitCloud/lib/libHAL_RcbAtm128rfa1_Atmega128rfa1_8Mhz_Gcc.a(halUsart.o)
                0x000037a6                __vector_38
 .text.__vector_36
                0x00003802       0x64 ./../../../../BitCloud/lib/libHAL_RcbAtm128rfa1_Atmega128rfa1_8Mhz_Gcc.a(halUsart.o)
                0x00003802                __vector_36
 .text.__vector_1
                0x00003866       0x5a ./../../../../BitCloud/lib/libHAL_RcbAtm128rfa1_Atmega128rfa1_8Mhz_Gcc.a(halIrq.o)
                0x00003866                __vector_1
 .text.__vector_2
                0x000038c0       0x5a ./../../../../BitCloud/lib/libHAL_RcbAtm128rfa1_Atmega128rfa1_8Mhz_Gcc.a(halIrq.o)
                0x000038c0                __vector_2
 .text.__vector_3
                0x0000391a       0x5a ./../../../../BitCloud/lib/libHAL_RcbAtm128rfa1_Atmega128rfa1_8Mhz_Gcc.a(halIrq.o)
                0x0000391a                __vector_3
 .text.__vector_4
                0x00003974       0x5a ./../../../../BitCloud/lib/libHAL_RcbAtm128rfa1_Atmega128rfa1_8Mhz_Gcc.a(halIrq.o)
                0x00003974                __vector_4
 .text.__vector_5
                0x000039ce       0x5a ./../../../../BitCloud/lib/libHAL_RcbAtm128rfa1_Atmega128rfa1_8Mhz_Gcc.a(halIrq.o)
                0x000039ce                __vector_5
 .text.__vector_6
                0x00003a28       0x5a ./../../../../BitCloud/lib/libHAL_RcbAtm128rfa1_Atmega128rfa1_8Mhz_Gcc.a(halIrq.o)
                0x00003a28                __vector_6
 .text.__vector_7
                0x00003a82       0x5a ./../../../../BitCloud/lib/libHAL_RcbAtm128rfa1_Atmega128rfa1_8Mhz_Gcc.a(halIrq.o)
                0x00003a82                __vector_7
 .text.__vector_8
                0x00003adc       0x5a ./../../../../BitCloud/lib/libHAL_RcbAtm128rfa1_Atmega128rfa1_8Mhz_Gcc.a(halIrq.o)
                0x00003adc                __vector_8
 .text.__vector_39
                0x00003b36       0xda ./../../../../BitCloud/lib/libHAL_RcbAtm128rfa1_Atmega128rfa1_8Mhz_Gcc.a(halTwi.o)
                0x00003b36                __vector_39
 .text.halEepromWrite
                0x00003c10       0x1c ./../../../../BitCloud/lib/libHAL_RcbAtm128rfa1_Atmega128rfa1_8Mhz_Gcc.a(halEeprom.o)
                0x00003c10                halEepromWrite
 .text.__vector_30
                0x00003c2c       0x44 ./../../../../BitCloud/lib/libHAL_RcbAtm128rfa1_Atmega128rfa1_8Mhz_Gcc.a(halEeprom.o)
                0x00003c2c                __vector_30
 .text.halPowerOn
                0x00003c70       0x3e ./../../../../BitCloud/lib/libHAL_RcbAtm128rfa1_Atmega128rfa1_8Mhz_Gcc.a(halSleep.o)
                0x00003c70                halPowerOn
 .text.halPowerOff
                0x00003cae       0x9a ./../../../../BitCloud/lib/libHAL_RcbAtm128rfa1_Atmega128rfa1_8Mhz_Gcc.a(halSleep.o)
                0x00003cae                halPowerOff
 .text.HAL_Sleep
                0x00003d48       0x40 ./../../../../BitCloud/lib/libHAL_RcbAtm128rfa1_Atmega128rfa1_8Mhz_Gcc.a(halSleep.o)
                0x00003d48                HAL_Sleep
 .text.halWakeupHandler
                0x00003d88       0x6a ./../../../../BitCloud/lib/libHAL_RcbAtm128rfa1_Atmega128rfa1_8Mhz_Gcc.a(halSleep.o)
                0x00003d88                halWakeupHandler
 .text.__vector_29
                0x00003df2       0xcc ./../../../../BitCloud/lib/libHAL_RcbAtm128rfa1_Atmega128rfa1_8Mhz_Gcc.a(halAdc.o)
                0x00003df2                __vector_29
 .text.__vector_24
                0x00003ebe       0x8c ./../../../../BitCloud/lib/libHAL_RcbAtm128rfa1_Atmega128rfa1_8Mhz_Gcc.a(halSpi.o)
                0x00003ebe                __vector_24
 .text.halCalibrateInternalRc
                0x00003f4a       0xda ./../../../../BitCloud/lib/libHAL_RcbAtm128rfa1_Atmega128rfa1_8Mhz_Gcc.a(calibration.o)
                0x00003f4a                halCalibrateInternalRc
 .text.HAL_CalibrateMainClock
                0x00004024        0xe ./../../../../BitCloud/lib/libHAL_RcbAtm128rfa1_Atmega128rfa1_8Mhz_Gcc.a(calibration.o)
                0x00004024                HAL_CalibrateMainClock
 .text.halStartingCalibrate
                0x00004032       0x1c ./../../../../BitCloud/lib/libHAL_RcbAtm128rfa1_Atmega128rfa1_8Mhz_Gcc.a(calibration.o)
                0x00004032                halStartingCalibrate
 .text.HAL_StartSleepTimer
                0x0000404e       0x72 ./../../../../BitCloud/lib/libHAL_RcbAtm128rfa1_Atmega128rfa1_8Mhz_Gcc.a(sleepTimer.o)
                0x0000404e                HAL_StartSleepTimer
 .text.halAsyncTimerHandler
                0x000040c0       0x52 ./../../../../BitCloud/lib/libHAL_RcbAtm128rfa1_Atmega128rfa1_8Mhz_Gcc.a(sleepTimer.o)
                0x000040c0                halAsyncTimerHandler
 .text.HAL_StartSystemSleep
                0x00004112       0x7a ./../../../../BitCloud/lib/libHAL_RcbAtm128rfa1_Atmega128rfa1_8Mhz_Gcc.a(sleep.o)
                0x00004112                HAL_StartSystemSleep
 .text.halInitFreq
                0x0000418c       0x6c ./../../../../BitCloud/lib/libHAL_RcbAtm128rfa1_Atmega128rfa1_8Mhz_Gcc.a(halClkCtrl.o)
                0x0000418c                halInitFreq
 .text.halGetClockSource
                0x000041f8        0x6 ./../../../../BitCloud/lib/libHAL_RcbAtm128rfa1_Atmega128rfa1_8Mhz_Gcc.a(halClkCtrl.o)
                0x000041f8                halGetClockSource
 .text.apsGetApsCounter
                0x000041fe        0xe ./../../../../BitCloud/lib/libBc_Router_Atmega128rfa1_Atmega128rfa1_Gcc.a(aps.o)
 .text.apsPrepareFragmentedTransmission
                0x0000420c       0x70 ./../../../../BitCloud/lib/libBc_Router_Atmega128rfa1_Atmega128rfa1_Gcc.a(aps.o)
 .text.apsIsFragmentationDataReq
                0x0000427c       0x22 ./../../../../BitCloud/lib/libBc_Router_Atmega128rfa1_Atmega128rfa1_Gcc.a(aps.o)
 .text.apsGetBuffer
                0x0000429e       0xd6 ./../../../../BitCloud/lib/libBc_Router_Atmega128rfa1_Atmega128rfa1_Gcc.a(aps.o)
 .text.apsFreeBuffer
                0x00004374       0x8e ./../../../../BitCloud/lib/libBc_Router_Atmega128rfa1_Atmega128rfa1_Gcc.a(aps.o)
 .text.apsPostTask
                0x00004402       0x32 ./../../../../BitCloud/lib/libBc_Router_Atmega128rfa1_Atmega128rfa1_Gcc.a(aps.o)
 .text.apsMakeApsDataConf
                0x00004434       0x5a ./../../../../BitCloud/lib/libBc_Router_Atmega128rfa1_Atmega128rfa1_Gcc.a(aps.o)
 .text.apsAckForFragmentedReceiveConfirmHandler
                0x0000448e       0x9e ./../../../../BitCloud/lib/libBc_Router_Atmega128rfa1_Atmega128rfa1_Gcc.a(aps.o)
 .text.apsStopConf
                0x0000452c       0x4a ./../../../../BitCloud/lib/libBc_Router_Atmega128rfa1_Atmega128rfa1_Gcc.a(aps.o)
 .text.apsSendNwkDataReq
                0x00004576       0x10 ./../../../../BitCloud/lib/libBc_Router_Atmega128rfa1_Atmega128rfa1_Gcc.a(aps.o)
 .text.apsProcessShortAddrModeDataReq
                0x00004586      0x296 ./../../../../BitCloud/lib/libBc_Router_Atmega128rfa1_Atmega128rfa1_Gcc.a(aps.o)
 .text.apsSendNextBlock
                0x0000481c       0x14 ./../../../../BitCloud/lib/libBc_Router_Atmega128rfa1_Atmega128rfa1_Gcc.a(aps.o)
 .text.apsSendAckForFragmentedReceive
                0x00004830       0xce ./../../../../BitCloud/lib/libBc_Router_Atmega128rfa1_Atmega128rfa1_Gcc.a(aps.o)
 .text.apsDataManagerNwkDataConf
                0x000048fe       0x1c ./../../../../BitCloud/lib/libBc_Router_Atmega128rfa1_Atmega128rfa1_Gcc.a(aps.o)
 .text.apsProcessEvent
                0x0000491a       0x26 ./../../../../BitCloud/lib/libBc_Router_Atmega128rfa1_Atmega128rfa1_Gcc.a(aps.o)
 .text.apsProcessGroupAddrModeDataReq
                0x00004940      0x190 ./../../../../BitCloud/lib/libBc_Router_Atmega128rfa1_Atmega128rfa1_Gcc.a(aps.o)
 .text.apsCalculateApsAckTimeout
                0x00004ad0       0x56 ./../../../../BitCloud/lib/libBc_Router_Atmega128rfa1_Atmega128rfa1_Gcc.a(aps.o)
 .text.apsGroupNwkDataConf
                0x00004b26       0x4a ./../../../../BitCloud/lib/libBc_Router_Atmega128rfa1_Atmega128rfa1_Gcc.a(aps.o)
 .text.apsNextBind
                0x00004b70       0xb0 ./../../../../BitCloud/lib/libBc_Router_Atmega128rfa1_Atmega128rfa1_Gcc.a(aps.o)
 .text.apsSendToNextBoundDevice
                0x00004c20       0x9c ./../../../../BitCloud/lib/libBc_Router_Atmega128rfa1_Atmega128rfa1_Gcc.a(aps.o)
 .text.apsProcessIndirectDataReq
                0x00004cbc       0x2c ./../../../../BitCloud/lib/libBc_Router_Atmega128rfa1_Atmega128rfa1_Gcc.a(aps.o)
 .text.apsFindBindingEntry
                0x00004ce8       0xc6 ./../../../../BitCloud/lib/libBc_Router_Atmega128rfa1_Atmega128rfa1_Gcc.a(aps.o)
 .text.SYS_GetRandomNumber
                0x00004dae       0x2a ./../../../../BitCloud/lib/libBc_Router_Atmega128rfa1_Atmega128rfa1_Gcc.a(aps.o)
 .text.apsResetMemoryManager
                0x00004dd8       0xfa ./../../../../BitCloud/lib/libBc_Router_Atmega128rfa1_Atmega128rfa1_Gcc.a(aps.o)
 .text.apsAckOnTimerFired
                0x00004ed2       0xf8 ./../../../../BitCloud/lib/libBc_Router_Atmega128rfa1_Atmega128rfa1_Gcc.a(aps.o)
 .text.apsHandleTransmittedData.clone.10
                0x00004fca       0x6e ./../../../../BitCloud/lib/libBc_Router_Atmega128rfa1_Atmega128rfa1_Gcc.a(aps.o)
 .text.APS_BindReq
                0x00005038       0xa6 ./../../../../BitCloud/lib/libBc_Router_Atmega128rfa1_Atmega128rfa1_Gcc.a(aps.o)
                0x00005038                APS_BindReq
 .text.APS_UnbindReq
                0x000050de       0x4a ./../../../../BitCloud/lib/libBc_Router_Atmega128rfa1_Atmega128rfa1_Gcc.a(aps.o)
                0x000050de                APS_UnbindReq
 .text.APS_DataReq
                0x00005128       0x12 ./../../../../BitCloud/lib/libBc_Router_Atmega128rfa1_Atmega128rfa1_Gcc.a(aps.o)
                0x00005128                APS_DataReq
 .text.NWK_DataInd
                0x0000513a       0x12 ./../../../../BitCloud/lib/libBc_Router_Atmega128rfa1_Atmega128rfa1_Gcc.a(aps.o)
                0x0000513a                NWK_DataInd
 .text.APS_CalculateTimes
                0x0000514c      0x1b2 ./../../../../BitCloud/lib/libBc_Router_Atmega128rfa1_Atmega128rfa1_Gcc.a(aps.o)
                0x0000514c                APS_CalculateTimes
 .text.apsResetDataManager
                0x000052fe      0x110 ./../../../../BitCloud/lib/libBc_Router_Atmega128rfa1_Atmega128rfa1_Gcc.a(aps.o)
 .text.apsNwkResetConf
                0x0000540e      0x196 ./../../../../BitCloud/lib/libBc_Router_Atmega128rfa1_Atmega128rfa1_Gcc.a(aps.o)
 .text.apsStateMachineTaskHandler
                0x000055a4       0xee ./../../../../BitCloud/lib/libBc_Router_Atmega128rfa1_Atmega128rfa1_Gcc.a(aps.o)
 .text.APS_IsProfileIdMatched
                0x00005692       0x22 ./../../../../BitCloud/lib/libBc_Router_Atmega128rfa1_Atmega128rfa1_Gcc.a(aps.o)
                0x00005692                APS_IsProfileIdMatched
 .text.APS_NextEndpoint
                0x000056b4       0x16 ./../../../../BitCloud/lib/libBc_Router_Atmega128rfa1_Atmega128rfa1_Gcc.a(aps.o)
                0x000056b4                APS_NextEndpoint
 .text.apsFindEndpoint
                0x000056ca       0x26 ./../../../../BitCloud/lib/libBc_Router_Atmega128rfa1_Atmega128rfa1_Gcc.a(aps.o)
 .text.APS_RegisterEndpointReq
                0x000056f0       0x48 ./../../../../BitCloud/lib/libBc_Router_Atmega128rfa1_Atmega128rfa1_Gcc.a(aps.o)
                0x000056f0                APS_RegisterEndpointReq
 .text.apsGroupIndication
                0x00005738       0x8a ./../../../../BitCloud/lib/libBc_Router_Atmega128rfa1_Atmega128rfa1_Gcc.a(aps.o)
 .text.apsUnicastDataInd
                0x000057c2      0x2a2 ./../../../../BitCloud/lib/libBc_Router_Atmega128rfa1_Atmega128rfa1_Gcc.a(aps.o)
 .text.apsApduUnicastHandler.clone.8
                0x00005a64      0x5dc ./../../../../BitCloud/lib/libBc_Router_Atmega128rfa1_Atmega128rfa1_Gcc.a(aps.o)
 .text.apsDataTaskHandler
                0x00006040      0xb20 ./../../../../BitCloud/lib/libBc_Router_Atmega128rfa1_Atmega128rfa1_Gcc.a(aps.o)
 .text.APS_Init
                0x00006b60       0x2e ./../../../../BitCloud/lib/libBc_Router_Atmega128rfa1_Atmega128rfa1_Gcc.a(aps.o)
                0x00006b60                APS_Init
 .text.APS_ResetReq
                0x00006b8e        0xc ./../../../../BitCloud/lib/libBc_Router_Atmega128rfa1_Atmega128rfa1_Gcc.a(aps.o)
                0x00006b8e                APS_ResetReq
 .text.APS_StartReq
                0x00006b9a        0xc ./../../../../BitCloud/lib/libBc_Router_Atmega128rfa1_Atmega128rfa1_Gcc.a(aps.o)
                0x00006b9a                APS_StartReq
 .text.APS_StopReq
                0x00006ba6        0xc ./../../../../BitCloud/lib/libBc_Router_Atmega128rfa1_Atmega128rfa1_Gcc.a(aps.o)
                0x00006ba6                APS_StopReq
 .text.APS_IsActiveTransaction
                0x00006bb2       0x54 ./../../../../BitCloud/lib/libBc_Router_Atmega128rfa1_Atmega128rfa1_Gcc.a(aps.o)
                0x00006bb2                APS_IsActiveTransaction
 .text.APS_TaskHandler
                0x00006c06       0x9c ./../../../../BitCloud/lib/libBc_Router_Atmega128rfa1_Atmega128rfa1_Gcc.a(aps.o)
                0x00006c06                APS_TaskHandler
 .text.getSymbolsPerOctet
                0x00006ca2       0x3c ./../../../../BitCloud/lib/libBc_Router_Atmega128rfa1_Atmega128rfa1_Gcc.a(macenvPib.o)
 .text.calculateMaxFrameDuration
                0x00006cde       0x22 ./../../../../BitCloud/lib/libBc_Router_Atmega128rfa1_Atmega128rfa1_Gcc.a(macenvPib.o)
 .text.storeTransmitPower
                0x00006d00       0x44 ./../../../../BitCloud/lib/libBc_Router_Atmega128rfa1_Atmega128rfa1_Gcc.a(macenvPib.o)
 .text.SYS_GetRandomNumber
                0x00006d44       0x2a ./../../../../BitCloud/lib/libBc_Router_Atmega128rfa1_Atmega128rfa1_Gcc.a(macenvPib.o)
 .text.macenvGetPhySymbolDuration
                0x00006d6e       0x4a ./../../../../BitCloud/lib/libBc_Router_Atmega128rfa1_Atmega128rfa1_Gcc.a(macenvPib.o)
                0x00006d6e                macenvGetPhySymbolDuration
 .text.updateMaxFrameTxTime
                0x00006db8       0x3a ./../../../../BitCloud/lib/libBc_Router_Atmega128rfa1_Atmega128rfa1_Gcc.a(macenvPib.o)
 .text.macenvResetPib
                0x00006df2       0xfa ./../../../../BitCloud/lib/libBc_Router_Atmega128rfa1_Atmega128rfa1_Gcc.a(macenvPib.o)
                0x00006df2                macenvResetPib
 .text.macenvConvertTransPersistTimeFromUnitsToMs
                0x00006eec       0x48 ./../../../../BitCloud/lib/libBc_Router_Atmega128rfa1_Atmega128rfa1_Gcc.a(macenvPib.o)
                0x00006eec                macenvConvertTransPersistTimeFromUnitsToMs
 .text.macenvSetPibAttr
                0x00006f34      0x2a0 ./../../../../BitCloud/lib/libBc_Router_Atmega128rfa1_Atmega128rfa1_Gcc.a(macenvPib.o)
                0x00006f34                macenvSetPibAttr
 .text.macenvCalculateMaxFrameTotalWaitTimeInMs
                0x000071d4      0x128 ./../../../../BitCloud/lib/libBc_Router_Atmega128rfa1_Atmega128rfa1_Gcc.a(macenvPib.o)
                0x000071d4                macenvCalculateMaxFrameTotalWaitTimeInMs
 .text.macenvCalculateResponceWaitTimeInMs
                0x000072fc       0x42 ./../../../../BitCloud/lib/libBc_Router_Atmega128rfa1_Atmega128rfa1_Gcc.a(macenvPib.o)
                0x000072fc                macenvCalculateResponceWaitTimeInMs
 .text.macenvGetPibAttr
                0x0000733e      0x216 ./../../../../BitCloud/lib/libBc_Router_Atmega128rfa1_Atmega128rfa1_Gcc.a(macenvPib.o)
                0x0000733e                macenvGetPibAttr
 .text.MAC_GetExtAddr
                0x00007554        0x6 ./../../../../BitCloud/lib/libBc_Router_Atmega128rfa1_Atmega128rfa1_Gcc.a(macenvPib.o)
                0x00007554                MAC_GetExtAddr
 .text.MAC_SetExtAddr
                0x0000755a       0x34 ./../../../../BitCloud/lib/libBc_Router_Atmega128rfa1_Atmega128rfa1_Gcc.a(macenvPib.o)
                0x0000755a                MAC_SetExtAddr
 .text.MAC_IsOwnExtAddr
                0x0000758e       0x1c ./../../../../BitCloud/lib/libBc_Router_Atmega128rfa1_Atmega128rfa1_Gcc.a(macenvPib.o)
                0x0000758e                MAC_IsOwnExtAddr
 .text.MAC_GetOctetsTransmissionTimeInMs
                0x000075aa       0x5e ./../../../../BitCloud/lib/libBc_Router_Atmega128rfa1_Atmega128rfa1_Gcc.a(macenvPib.o)
                0x000075aa                MAC_GetOctetsTransmissionTimeInMs
 .text.nwkBroadcastForMe
                0x00007608       0x60 ./../../../../BitCloud/lib/libBc_Router_Atmega128rfa1_Atmega128rfa1_Gcc.a(nwk.o)
 .text.nwkAddressConflictIsIdle
                0x00007668        0xe ./../../../../BitCloud/lib/libBc_Router_Atmega128rfa1_Atmega128rfa1_Gcc.a(nwk.o)
 .text.nwkFindAddressMapEntryByShortAddr
                0x00007676       0x30 ./../../../../BitCloud/lib/libBc_Router_Atmega128rfa1_Atmega128rfa1_Gcc.a(nwk.o)
 .text.nwkDataReqIsIdle
                0x000076a6        0xe ./../../../../BitCloud/lib/libBc_Router_Atmega128rfa1_Atmega128rfa1_Gcc.a(nwk.o)
 .text.nwkDiscoveryIsIdle
                0x000076b4        0xe ./../../../../BitCloud/lib/libBc_Router_Atmega128rfa1_Atmega128rfa1_Gcc.a(nwk.o)
 .text.nwkEDScanIsIdle
                0x000076c2        0xe ./../../../../BitCloud/lib/libBc_Router_Atmega128rfa1_Atmega128rfa1_Gcc.a(nwk.o)
 .text.nwkSetDepth
                0x000076d0        0xc ./../../../../BitCloud/lib/libBc_Router_Atmega128rfa1_Atmega128rfa1_Gcc.a(nwk.o)
 .text.nwkJoinIndIsIdle
                0x000076dc       0x30 ./../../../../BitCloud/lib/libBc_Router_Atmega128rfa1_Atmega128rfa1_Gcc.a(nwk.o)
 .text.nwkJoinReqIsIdle
                0x0000770c        0xe ./../../../../BitCloud/lib/libBc_Router_Atmega128rfa1_Atmega128rfa1_Gcc.a(nwk.o)
 .text.nwkLeaveReqIsIdle
                0x0000771a        0xe ./../../../../BitCloud/lib/libBc_Router_Atmega128rfa1_Atmega128rfa1_Gcc.a(nwk.o)
 .text.nwkLinkStatusIsIdle
                0x00007728        0xe ./../../../../BitCloud/lib/libBc_Router_Atmega128rfa1_Atmega128rfa1_Gcc.a(nwk.o)
 .text.nwkLoopbackIsIdle
                0x00007736        0xe ./../../../../BitCloud/lib/libBc_Router_Atmega128rfa1_Atmega128rfa1_Gcc.a(nwk.o)
 .text.nwkGetOutgoingCost
                0x00007744       0x44 ./../../../../BitCloud/lib/libBc_Router_Atmega128rfa1_Atmega128rfa1_Gcc.a(nwk.o)
 .text.nwkClearNeighborTable
                0x00007788       0x72 ./../../../../BitCloud/lib/libBc_Router_Atmega128rfa1_Atmega128rfa1_Gcc.a(nwk.o)
 .text.nwkGetEdCapacity
                0x000077fa       0x1c ./../../../../BitCloud/lib/libBc_Router_Atmega128rfa1_Atmega128rfa1_Gcc.a(nwk.o)
 .text.nwkGetRouterCapacity
                0x00007816       0x1c ./../../../../BitCloud/lib/libBc_Router_Atmega128rfa1_Atmega128rfa1_Gcc.a(nwk.o)
 .text.nwkIsJoiningForbidden
                0x00007832       0x3e ./../../../../BitCloud/lib/libBc_Router_Atmega128rfa1_Atmega128rfa1_Gcc.a(nwk.o)
 .text.nwkUpdateCapacityBits
                0x00007870       0x56 ./../../../../BitCloud/lib/libBc_Router_Atmega128rfa1_Atmega128rfa1_Gcc.a(nwk.o)
 .text.nwkUpdateCapacityBitsInBeacon
                0x000078c6       0x3c ./../../../../BitCloud/lib/libBc_Router_Atmega128rfa1_Atmega128rfa1_Gcc.a(nwk.o)
 .text.nwkUpdateBeaconPayload
                0x00007902       0x94 ./../../../../BitCloud/lib/libBc_Router_Atmega128rfa1_Atmega128rfa1_Gcc.a(nwk.o)
 .text.nwkFreeNeighbor
                0x00007996       0x26 ./../../../../BitCloud/lib/libBc_Router_Atmega128rfa1_Atmega128rfa1_Gcc.a(nwk.o)
 .text.nwkCostFromLqi
                0x000079bc       0x3a ./../../../../BitCloud/lib/libBc_Router_Atmega128rfa1_Atmega128rfa1_Gcc.a(nwk.o)
 .text.nwkInitLqiAndCostOfNeighbor
                0x000079f6       0x70 ./../../../../BitCloud/lib/libBc_Router_Atmega128rfa1_Atmega128rfa1_Gcc.a(nwk.o)
 .text.nwkUpdateLqiAndCostOfNeighbor
                0x00007a66       0x88 ./../../../../BitCloud/lib/libBc_Router_Atmega128rfa1_Atmega128rfa1_Gcc.a(nwk.o)
 .text.nwkFindPassiveAck
                0x00007aee       0x2a ./../../../../BitCloud/lib/libBc_Router_Atmega128rfa1_Atmega128rfa1_Gcc.a(nwk.o)
 .text.nwkNewPassiveAck
                0x00007b18       0xfa ./../../../../BitCloud/lib/libBc_Router_Atmega128rfa1_Atmega128rfa1_Gcc.a(nwk.o)
 .text.nwkFreePassiveAck
                0x00007c12       0x2e ./../../../../BitCloud/lib/libBc_Router_Atmega128rfa1_Atmega128rfa1_Gcc.a(nwk.o)
 .text.nwkPermitJoiningIsIdle
                0x00007c40       0x1c ./../../../../BitCloud/lib/libBc_Router_Atmega128rfa1_Atmega128rfa1_Gcc.a(nwk.o)
 .text.nwkResetIsIdle
                0x00007c5c        0xe ./../../../../BitCloud/lib/libBc_Router_Atmega128rfa1_Atmega128rfa1_Gcc.a(nwk.o)
 .text.nwkRouteDiscoveryIsIdle
                0x00007c6a       0x14 ./../../../../BitCloud/lib/libBc_Router_Atmega128rfa1_Atmega128rfa1_Gcc.a(nwk.o)
 .text.nwkFindRouteDiscoveryEntry
                0x00007c7e       0x36 ./../../../../BitCloud/lib/libBc_Router_Atmega128rfa1_Atmega128rfa1_Gcc.a(nwk.o)
 .text.nwkFreeRouteDiscoveryEntry
                0x00007cb4       0x3a ./../../../../BitCloud/lib/libBc_Router_Atmega128rfa1_Atmega128rfa1_Gcc.a(nwk.o)
 .text.nwkConfirmRouteRequestTx
                0x00007cee       0x60 ./../../../../BitCloud/lib/libBc_Router_Atmega128rfa1_Atmega128rfa1_Gcc.a(nwk.o)
 .text.nwkRouteDiscoveryTableIsIdle
                0x00007d4e        0xc ./../../../../BitCloud/lib/libBc_Router_Atmega128rfa1_Atmega128rfa1_Gcc.a(nwk.o)
 .text.nwkFindRoutingEntry
                0x00007d5a       0x40 ./../../../../BitCloud/lib/libBc_Router_Atmega128rfa1_Atmega128rfa1_Gcc.a(nwk.o)
 .text.nwkFreeRoutingEntry
                0x00007d9a       0x12 ./../../../../BitCloud/lib/libBc_Router_Atmega128rfa1_Atmega128rfa1_Gcc.a(nwk.o)
 .text.nwkDeleteRoute
                0x00007dac       0x48 ./../../../../BitCloud/lib/libBc_Router_Atmega128rfa1_Atmega128rfa1_Gcc.a(nwk.o)
 .text.nwkUpdateNextHop
                0x00007df4       0xc8 ./../../../../BitCloud/lib/libBc_Router_Atmega128rfa1_Atmega128rfa1_Gcc.a(nwk.o)
 .text.nwkParseRxHeader
                0x00007ebc       0xb0 ./../../../../BitCloud/lib/libBc_Router_Atmega128rfa1_Atmega128rfa1_Gcc.a(nwk.o)
 .text.nwkStartRouterIsIdle
                0x00007f6c        0xe ./../../../../BitCloud/lib/libBc_Router_Atmega128rfa1_Atmega128rfa1_Gcc.a(nwk.o)
 .text.nwkSendRouteErrorConf
                0x00007f7a        0x6 ./../../../../BitCloud/lib/libBc_Router_Atmega128rfa1_Atmega128rfa1_Gcc.a(nwk.o)
 .text.nwkPostTask
                0x00007f80       0x58 ./../../../../BitCloud/lib/libBc_Router_Atmega128rfa1_Atmega128rfa1_Gcc.a(nwk.o)
 .text.nwkEDScanMacEDScanConf
                0x00007fd8       0x3e ./../../../../BitCloud/lib/libBc_Router_Atmega128rfa1_Atmega128rfa1_Gcc.a(nwk.o)
 .text.nwkDiscoveryMacActiveScanConf
                0x00008016       0x28 ./../../../../BitCloud/lib/libBc_Router_Atmega128rfa1_Atmega128rfa1_Gcc.a(nwk.o)
 .text.nwkPermitJoiningMacSetConf
                0x0000803e       0x34 ./../../../../BitCloud/lib/libBc_Router_Atmega128rfa1_Atmega128rfa1_Gcc.a(nwk.o)
 .text.nwkStartRouterMacStartConf
                0x00008072       0x1c ./../../../../BitCloud/lib/libBc_Router_Atmega128rfa1_Atmega128rfa1_Gcc.a(nwk.o)
 .text.nwkStatusConf
                0x0000808e        0xe ./../../../../BitCloud/lib/libBc_Router_Atmega128rfa1_Atmega128rfa1_Gcc.a(nwk.o)
 .text.nwkResetMacRxEnableConf
                0x0000809c       0x1c ./../../../../BitCloud/lib/libBc_Router_Atmega128rfa1_Atmega128rfa1_Gcc.a(nwk.o)
 .text.nwkSendRouteDiscoveryReply
                0x000080b8       0x1e ./../../../../BitCloud/lib/libBc_Router_Atmega128rfa1_Atmega128rfa1_Gcc.a(nwk.o)
 .text.nwkTxDelayIsIdle
                0x000080d6       0x14 ./../../../../BitCloud/lib/libBc_Router_Atmega128rfa1_Atmega128rfa1_Gcc.a(nwk.o)
 .text.nwkReloadNibFromConfigServer
                0x000080ea       0x6c ./../../../../BitCloud/lib/libBc_Router_Atmega128rfa1_Atmega128rfa1_Gcc.a(nwk.o)
 .text.nwkSetLifeTimeOfNeighbor
                0x00008156       0xe8 ./../../../../BitCloud/lib/libBc_Router_Atmega128rfa1_Atmega128rfa1_Gcc.a(nwk.o)
 .text.nwkUpdateOutgoingCostAndLifeTime
                0x0000823e       0x4a ./../../../../BitCloud/lib/libBc_Router_Atmega128rfa1_Atmega128rfa1_Gcc.a(nwk.o)
 .text.nwkAllocPacket
                0x00008288       0xd2 ./../../../../BitCloud/lib/libBc_Router_Atmega128rfa1_Atmega128rfa1_Gcc.a(nwk.o)
 .text.nwkAllocInputPacket
                0x0000835a       0x2c ./../../../../BitCloud/lib/libBc_Router_Atmega128rfa1_Atmega128rfa1_Gcc.a(nwk.o)
 .text.nwkLoopbackTaskHandler
                0x00008386       0xe2 ./../../../../BitCloud/lib/libBc_Router_Atmega128rfa1_Atmega128rfa1_Gcc.a(nwk.o)
 .text.nwkEDScanTaskHandler
                0x00008468       0xac ./../../../../BitCloud/lib/libBc_Router_Atmega128rfa1_Atmega128rfa1_Gcc.a(nwk.o)
 .text.nwkDiscoveryTaskHandler
                0x00008514       0xba ./../../../../BitCloud/lib/libBc_Router_Atmega128rfa1_Atmega128rfa1_Gcc.a(nwk.o)
 .text.nwkTxReq
                0x000085ce       0x12 ./../../../../BitCloud/lib/libBc_Router_Atmega128rfa1_Atmega128rfa1_Gcc.a(nwk.o)
 .text.nwkDataConf
                0x000085e0       0x4a ./../../../../BitCloud/lib/libBc_Router_Atmega128rfa1_Atmega128rfa1_Gcc.a(nwk.o)
 .text.nwkConfirmDataTx
                0x0000862a       0x3a ./../../../../BitCloud/lib/libBc_Router_Atmega128rfa1_Atmega128rfa1_Gcc.a(nwk.o)
 .text.findFreeJoinIndObjFor
                0x00008664       0xd6 ./../../../../BitCloud/lib/libBc_Router_Atmega128rfa1_Atmega128rfa1_Gcc.a(nwk.o)
 .text.nwkFindAddressMapEntryByExtAddr
                0x0000873a       0x52 ./../../../../BitCloud/lib/libBc_Router_Atmega128rfa1_Atmega128rfa1_Gcc.a(nwk.o)
 .text.nwkAddToAddressMap
                0x0000878c       0xc2 ./../../../../BitCloud/lib/libBc_Router_Atmega128rfa1_Atmega128rfa1_Gcc.a(nwk.o)
 .text.nwkStopLinkStatusTimer
                0x0000884e        0xe ./../../../../BitCloud/lib/libBc_Router_Atmega128rfa1_Atmega128rfa1_Gcc.a(nwk.o)
 .text.nwkRouteDiscoveryTableTimerFired
                0x0000885c       0x56 ./../../../../BitCloud/lib/libBc_Router_Atmega128rfa1_Atmega128rfa1_Gcc.a(nwk.o)
 .text.nwkStopAgeTimerOfNeighborTable
                0x000088b2        0xa ./../../../../BitCloud/lib/libBc_Router_Atmega128rfa1_Atmega128rfa1_Gcc.a(nwk.o)
 .text.SYS_GetRandomNumber
                0x000088bc       0x2a ./../../../../BitCloud/lib/libBc_Router_Atmega128rfa1_Atmega128rfa1_Gcc.a(nwk.o)
 .text.nwkFindDeviceToJoin
                0x000088e6      0x1cc ./../../../../BitCloud/lib/libBc_Router_Atmega128rfa1_Atmega128rfa1_Gcc.a(nwk.o)
 .text.nwkStartLinkStatusTimer
                0x00008ab2       0x10 ./../../../../BitCloud/lib/libBc_Router_Atmega128rfa1_Atmega128rfa1_Gcc.a(nwk.o)
 .text.nwkConfirmLinkStatusTx
                0x00008ac2       0x1e ./../../../../BitCloud/lib/libBc_Router_Atmega128rfa1_Atmega128rfa1_Gcc.a(nwk.o)
 .text.nwkStartAgeTimerOfNeighborTable
                0x00008ae0       0x32 ./../../../../BitCloud/lib/libBc_Router_Atmega128rfa1_Atmega128rfa1_Gcc.a(nwk.o)
 .text.freeJoinIndObj
                0x00008b12        0xe ./../../../../BitCloud/lib/libBc_Router_Atmega128rfa1_Atmega128rfa1_Gcc.a(nwk.o)
 .text.nwkJoinIndTaskHandler
                0x00008b20      0x108 ./../../../../BitCloud/lib/libBc_Router_Atmega128rfa1_Atmega128rfa1_Gcc.a(nwk.o)
 .text.nwkPrepareCommonFrame
                0x00008c28       0x4a ./../../../../BitCloud/lib/libBc_Router_Atmega128rfa1_Atmega128rfa1_Gcc.a(nwk.o)
 .text.nwkAllocRouteDiscoveryEntry
                0x00008c72       0xac ./../../../../BitCloud/lib/libBc_Router_Atmega128rfa1_Atmega128rfa1_Gcc.a(nwk.o)
 .text.nwkRouteDiscoveryTaskHandler
                0x00008d1e       0xd4 ./../../../../BitCloud/lib/libBc_Router_Atmega128rfa1_Atmega128rfa1_Gcc.a(nwk.o)
 .text.nwkResetTaskManager
                0x00008df2       0x10 ./../../../../BitCloud/lib/libBc_Router_Atmega128rfa1_Atmega128rfa1_Gcc.a(nwk.o)
 .text.nwkLinkStatusInd
                0x00008e02      0x23a ./../../../../BitCloud/lib/libBc_Router_Atmega128rfa1_Atmega128rfa1_Gcc.a(nwk.o)
 .text.nwkPrepareLeaveChildTx
                0x0000903c       0xb2 ./../../../../BitCloud/lib/libBc_Router_Atmega128rfa1_Atmega128rfa1_Gcc.a(nwk.o)
 .text.nwkPrepareLeaveItselfTx
                0x000090ee       0x90 ./../../../../BitCloud/lib/libBc_Router_Atmega128rfa1_Atmega128rfa1_Gcc.a(nwk.o)
 .text.nwkPrepareJoinRespTx
                0x0000917e       0xf0 ./../../../../BitCloud/lib/libBc_Router_Atmega128rfa1_Atmega128rfa1_Gcc.a(nwk.o)
 .text.nwkPrepareJoinReqTx
                0x0000926e       0x94 ./../../../../BitCloud/lib/libBc_Router_Atmega128rfa1_Atmega128rfa1_Gcc.a(nwk.o)
 .text.nwkPrepareLinkStatusTx
                0x00009302      0x1e2 ./../../../../BitCloud/lib/libBc_Router_Atmega128rfa1_Atmega128rfa1_Gcc.a(nwk.o)
 .text.nwkPermitJoiningTaskHandler
                0x000094e4       0xe4 ./../../../../BitCloud/lib/libBc_Router_Atmega128rfa1_Atmega128rfa1_Gcc.a(nwk.o)
 .text.nwkPermitJoinTimerFired
                0x000095c8       0x26 ./../../../../BitCloud/lib/libBc_Router_Atmega128rfa1_Atmega128rfa1_Gcc.a(nwk.o)
 .text.nwkGetSuitableParent
                0x000095ee       0x80 ./../../../../BitCloud/lib/libBc_Router_Atmega128rfa1_Atmega128rfa1_Gcc.a(nwk.o)
 .text.nwkConfirmJoinReqTx
                0x0000966e       0x62 ./../../../../BitCloud/lib/libBc_Router_Atmega128rfa1_Atmega128rfa1_Gcc.a(nwk.o)
 .text.nwkJoinReqMacPollConf
                0x000096d0       0x5e ./../../../../BitCloud/lib/libBc_Router_Atmega128rfa1_Atmega128rfa1_Gcc.a(nwk.o)
 .text.macLatencyFired
                0x0000972e        0x6 ./../../../../BitCloud/lib/libBc_Router_Atmega128rfa1_Atmega128rfa1_Gcc.a(nwk.o)
 .text.nwkRejoinResponseFrameInd
                0x00009734      0x10e ./../../../../BitCloud/lib/libBc_Router_Atmega128rfa1_Atmega128rfa1_Gcc.a(nwk.o)
 .text.nwkAssociate
                0x00009842       0x9e ./../../../../BitCloud/lib/libBc_Router_Atmega128rfa1_Atmega128rfa1_Gcc.a(nwk.o)
 .text.MAC_AssociateConf
                0x000098e0       0xf6 ./../../../../BitCloud/lib/libBc_Router_Atmega128rfa1_Atmega128rfa1_Gcc.a(nwk.o)
 .text.nwkResetMacStartConf
                0x000099d6       0x50 ./../../../../BitCloud/lib/libBc_Router_Atmega128rfa1_Atmega128rfa1_Gcc.a(nwk.o)
 .text.nwkJoinReqMacSetConf
                0x00009a26      0x18e ./../../../../BitCloud/lib/libBc_Router_Atmega128rfa1_Atmega128rfa1_Gcc.a(nwk.o)
 .text.nwkStartRouterTaskHandler
                0x00009bb4       0xd2 ./../../../../BitCloud/lib/libBc_Router_Atmega128rfa1_Atmega128rfa1_Gcc.a(nwk.o)
 .text.nwkConfirmLeaveItselfTx
                0x00009c86       0x42 ./../../../../BitCloud/lib/libBc_Router_Atmega128rfa1_Atmega128rfa1_Gcc.a(nwk.o)
 .text.nwkResetTaskHandler
                0x00009cc8       0x6a ./../../../../BitCloud/lib/libBc_Router_Atmega128rfa1_Atmega128rfa1_Gcc.a(nwk.o)
 .text.nwkResetRouteDiscoveryTable
                0x00009d32       0xb2 ./../../../../BitCloud/lib/libBc_Router_Atmega128rfa1_Atmega128rfa1_Gcc.a(nwk.o)
 .text.nwkResetNeighborTable
                0x00009de4       0x88 ./../../../../BitCloud/lib/libBc_Router_Atmega128rfa1_Atmega128rfa1_Gcc.a(nwk.o)
 .text.responseWaitTimerFired
                0x00009e6c       0x50 ./../../../../BitCloud/lib/libBc_Router_Atmega128rfa1_Atmega128rfa1_Gcc.a(nwk.o)
 .text.nwkCheckBTT
                0x00009ebc       0x22 ./../../../../BitCloud/lib/libBc_Router_Atmega128rfa1_Atmega128rfa1_Gcc.a(nwk.o)
 .text.nwkIsPassiveAckDone.clone.4
                0x00009ede       0x70 ./../../../../BitCloud/lib/libBc_Router_Atmega128rfa1_Atmega128rfa1_Gcc.a(nwk.o)
 .text.nwkTxDelayReq
                0x00009f4e      0x1a2 ./../../../../BitCloud/lib/libBc_Router_Atmega128rfa1_Atmega128rfa1_Gcc.a(nwk.o)
 .text.nwkAllocOutputPacket.clone.17
                0x0000a0f0       0x4e ./../../../../BitCloud/lib/libBc_Router_Atmega128rfa1_Atmega128rfa1_Gcc.a(nwk.o)
 .text.nwkTryToProcessCommandReq
                0x0000a13e       0x2c ./../../../../BitCloud/lib/libBc_Router_Atmega128rfa1_Atmega128rfa1_Gcc.a(nwk.o)
 .text.nwkCommandReq
                0x0000a16a       0x14 ./../../../../BitCloud/lib/libBc_Router_Atmega128rfa1_Atmega128rfa1_Gcc.a(nwk.o)
 .text.nwkConfirmNetworkStatusTx
                0x0000a17e       0x68 ./../../../../BitCloud/lib/libBc_Router_Atmega128rfa1_Atmega128rfa1_Gcc.a(nwk.o)
 .text.nwkStatusReq
                0x0000a1e6       0x44 ./../../../../BitCloud/lib/libBc_Router_Atmega128rfa1_Atmega128rfa1_Gcc.a(nwk.o)
 .text.nwkAddressConflictMacSetConf
                0x0000a22a       0x9a ./../../../../BitCloud/lib/libBc_Router_Atmega128rfa1_Atmega128rfa1_Gcc.a(nwk.o)
 .text.nwkSendRouteErrorStatus.clone.15
                0x0000a2c4       0x3c ./../../../../BitCloud/lib/libBc_Router_Atmega128rfa1_Atmega128rfa1_Gcc.a(nwk.o)
 .text.nwkLinkStatusTimerFired
                0x0000a300       0x1c ./../../../../BitCloud/lib/libBc_Router_Atmega128rfa1_Atmega128rfa1_Gcc.a(nwk.o)
 .text.nwkRejoinCmdPrepareAndSend
                0x0000a31c       0x30 ./../../../../BitCloud/lib/libBc_Router_Atmega128rfa1_Atmega128rfa1_Gcc.a(nwk.o)
 .text.nwkJoinReqMacRxEnableConf
                0x0000a34c       0x72 ./../../../../BitCloud/lib/libBc_Router_Atmega128rfa1_Atmega128rfa1_Gcc.a(nwk.o)
 .text.nwkJoinReqMacGetConf
                0x0000a3be       0x3e ./../../../../BitCloud/lib/libBc_Router_Atmega128rfa1_Atmega128rfa1_Gcc.a(nwk.o)
 .text.nwkRemoveAllChildren.clone.16
                0x0000a3fc       0xd6 ./../../../../BitCloud/lib/libBc_Router_Atmega128rfa1_Atmega128rfa1_Gcc.a(nwk.o)
 .text.nwkFreePacket
                0x0000a4d2       0x4e ./../../../../BitCloud/lib/libBc_Router_Atmega128rfa1_Atmega128rfa1_Gcc.a(nwk.o)
 .text.nwkTxConf
                0x0000a520      0x1a4 ./../../../../BitCloud/lib/libBc_Router_Atmega128rfa1_Atmega128rfa1_Gcc.a(nwk.o)
 .text.nwkProcessDelayStatus
                0x0000a6c4       0xd4 ./../../../../BitCloud/lib/libBc_Router_Atmega128rfa1_Atmega128rfa1_Gcc.a(nwk.o)
 .text.MAC_DataConf
                0x0000a798       0x30 ./../../../../BitCloud/lib/libBc_Router_Atmega128rfa1_Atmega128rfa1_Gcc.a(nwk.o)
 .text.nwkTxDelayConf
                0x0000a7c8        0xe ./../../../../BitCloud/lib/libBc_Router_Atmega128rfa1_Atmega128rfa1_Gcc.a(nwk.o)
 .text.nwkLeaveReqMacResetConf
                0x0000a7d6       0xf6 ./../../../../BitCloud/lib/libBc_Router_Atmega128rfa1_Atmega128rfa1_Gcc.a(nwk.o)
 .text.nwkTxDelayTimerFired
                0x0000a8cc       0x90 ./../../../../BitCloud/lib/libBc_Router_Atmega128rfa1_Atmega128rfa1_Gcc.a(nwk.o)
 .text.nwkTransmitOutputPacket.clone.11
                0x0000a95c       0x4a ./../../../../BitCloud/lib/libBc_Router_Atmega128rfa1_Atmega128rfa1_Gcc.a(nwk.o)
 .text.nwkSendDiscoveryCommand
                0x0000a9a6       0x6a ./../../../../BitCloud/lib/libBc_Router_Atmega128rfa1_Atmega128rfa1_Gcc.a(nwk.o)
 .text.nwkRouteDiscoveryTableTaskHandler
                0x0000aa10       0x9a ./../../../../BitCloud/lib/libBc_Router_Atmega128rfa1_Atmega128rfa1_Gcc.a(nwk.o)
 .text.nwkMeshRouteDiscoveryConf
                0x0000aaaa       0x5e ./../../../../BitCloud/lib/libBc_Router_Atmega128rfa1_Atmega128rfa1_Gcc.a(nwk.o)
 .text.NWK_GetShortAddr
                0x0000ab08        0xa ./../../../../BitCloud/lib/libBc_Router_Atmega128rfa1_Atmega128rfa1_Gcc.a(nwk.o)
                0x0000ab08                NWK_GetShortAddr
 .text.NWK_IsStaticAddressingMode
                0x0000ab12        0x6 ./../../../../BitCloud/lib/libBc_Router_Atmega128rfa1_Atmega128rfa1_Gcc.a(nwk.o)
                0x0000ab12                NWK_IsStaticAddressingMode
 .text.NWK_RemoveFromAddressMap
                0x0000ab18       0x12 ./../../../../BitCloud/lib/libBc_Router_Atmega128rfa1_Atmega128rfa1_Gcc.a(nwk.o)
                0x0000ab18                NWK_RemoveFromAddressMap
 .text.NWK_NetworkDiscoveryReq
                0x0000ab2a       0x20 ./../../../../BitCloud/lib/libBc_Router_Atmega128rfa1_Atmega128rfa1_Gcc.a(nwk.o)
                0x0000ab2a                NWK_NetworkDiscoveryReq
 .text.MAC_BeaconNotifyInd
                0x0000ab4a      0x46a ./../../../../BitCloud/lib/libBc_Router_Atmega128rfa1_Atmega128rfa1_Gcc.a(nwk.o)
                0x0000ab4a                MAC_BeaconNotifyInd
 .text.NWK_EDScanReq
                0x0000afb4       0x20 ./../../../../BitCloud/lib/libBc_Router_Atmega128rfa1_Atmega128rfa1_Gcc.a(nwk.o)
                0x0000afb4                NWK_EDScanReq
 .text.NWK_IsGroupMember
                0x0000afd4       0x3c ./../../../../BitCloud/lib/libBc_Router_Atmega128rfa1_Atmega128rfa1_Gcc.a(nwk.o)
                0x0000afd4                NWK_IsGroupMember
 .text.nwkRetransmitInputPacket
                0x0000b010      0x12a ./../../../../BitCloud/lib/libBc_Router_Atmega128rfa1_Atmega128rfa1_Gcc.a(nwk.o)
 .text.NWK_DataResp
                0x0000b13a       0x1c ./../../../../BitCloud/lib/libBc_Router_Atmega128rfa1_Atmega128rfa1_Gcc.a(nwk.o)
                0x0000b13a                NWK_DataResp
 .text.nwkRxIndication
                0x0000b156      0x224 ./../../../../BitCloud/lib/libBc_Router_Atmega128rfa1_Atmega128rfa1_Gcc.a(nwk.o)
 .text.nwkRxRetransmit
                0x0000b37a       0xae ./../../../../BitCloud/lib/libBc_Router_Atmega128rfa1_Atmega128rfa1_Gcc.a(nwk.o)
 .text.NWK_ResetGroups
                0x0000b428       0x5e ./../../../../BitCloud/lib/libBc_Router_Atmega128rfa1_Atmega128rfa1_Gcc.a(nwk.o)
                0x0000b428                NWK_ResetGroups
 .text.nwkResetMacResetConf
                0x0000b486      0x52e ./../../../../BitCloud/lib/libBc_Router_Atmega128rfa1_Atmega128rfa1_Gcc.a(nwk.o)
 .text.NWK_GetParentShortAddr
                0x0000b9b4        0xa ./../../../../BitCloud/lib/libBc_Router_Atmega128rfa1_Atmega128rfa1_Gcc.a(nwk.o)
                0x0000b9b4                NWK_GetParentShortAddr
 .text.NWK_GetPanId
                0x0000b9be        0xa ./../../../../BitCloud/lib/libBc_Router_Atmega128rfa1_Atmega128rfa1_Gcc.a(nwk.o)
                0x0000b9be                NWK_GetPanId
 .text.NWK_GetExtPanId
                0x0000b9c8       0x22 ./../../../../BitCloud/lib/libBc_Router_Atmega128rfa1_Atmega128rfa1_Gcc.a(nwk.o)
                0x0000b9c8                NWK_GetExtPanId
 .text.NWK_SetExtPanId
                0x0000b9ea       0x34 ./../../../../BitCloud/lib/libBc_Router_Atmega128rfa1_Atmega128rfa1_Gcc.a(nwk.o)
                0x0000b9ea                NWK_SetExtPanId
 .text.NWK_GetDeviceType
                0x0000ba1e        0x6 ./../../../../BitCloud/lib/libBc_Router_Atmega128rfa1_Atmega128rfa1_Gcc.a(nwk.o)
                0x0000ba1e                NWK_GetDeviceType
 .text.NWK_GetLogicalChannel
                0x0000ba24        0x6 ./../../../../BitCloud/lib/libBc_Router_Atmega128rfa1_Atmega128rfa1_Gcc.a(nwk.o)
                0x0000ba24                NWK_GetLogicalChannel
 .text.NWK_SetLogicalChannel
                0x0000ba2a        0x6 ./../../../../BitCloud/lib/libBc_Router_Atmega128rfa1_Atmega128rfa1_Gcc.a(nwk.o)
                0x0000ba2a                NWK_SetLogicalChannel
 .text.NWK_GetBroadcastDeliveryTime
                0x0000ba30       0x12 ./../../../../BitCloud/lib/libBc_Router_Atmega128rfa1_Atmega128rfa1_Gcc.a(nwk.o)
                0x0000ba30                NWK_GetBroadcastDeliveryTime
 .text.NWK_GetManagerAddr
                0x0000ba42        0xa ./../../../../BitCloud/lib/libBc_Router_Atmega128rfa1_Atmega128rfa1_Gcc.a(nwk.o)
                0x0000ba42                NWK_GetManagerAddr
 .text.NWK_SetManagerAddr
                0x0000ba4c        0xa ./../../../../BitCloud/lib/libBc_Router_Atmega128rfa1_Atmega128rfa1_Gcc.a(nwk.o)
                0x0000ba4c                NWK_SetManagerAddr
 .text.NWK_SetUpdateId
                0x0000ba56        0xa ./../../../../BitCloud/lib/libBc_Router_Atmega128rfa1_Atmega128rfa1_Gcc.a(nwk.o)
                0x0000ba56                NWK_SetUpdateId
 .text.NWK_GetTransmitCouner
                0x0000ba60       0x14 ./../../../../BitCloud/lib/libBc_Router_Atmega128rfa1_Atmega128rfa1_Gcc.a(nwk.o)
                0x0000ba60                NWK_GetTransmitCouner
 .text.NWK_GetTransmitFailureCounter
                0x0000ba74       0x14 ./../../../../BitCloud/lib/libBc_Router_Atmega128rfa1_Atmega128rfa1_Gcc.a(nwk.o)
                0x0000ba74                NWK_GetTransmitFailureCounter
 .text.NWK_ResetTransmitCounters
                0x0000ba88       0x12 ./../../../../BitCloud/lib/libBc_Router_Atmega128rfa1_Atmega128rfa1_Gcc.a(nwk.o)
                0x0000ba88                NWK_ResetTransmitCounters
 .text.NWK_JoinReq
                0x0000ba9a       0x20 ./../../../../BitCloud/lib/libBc_Router_Atmega128rfa1_Atmega128rfa1_Gcc.a(nwk.o)
                0x0000ba9a                NWK_JoinReq
 .text.NWK_RemoveNeighbor
                0x0000baba       0x90 ./../../../../BitCloud/lib/libBc_Router_Atmega128rfa1_Atmega128rfa1_Gcc.a(nwk.o)
                0x0000baba                NWK_RemoveNeighbor
 .text.neighborTimerFired
                0x0000bb4a       0x90 ./../../../../BitCloud/lib/libBc_Router_Atmega128rfa1_Atmega128rfa1_Gcc.a(nwk.o)
 .text.NWK_LeaveReq
                0x0000bbda       0x20 ./../../../../BitCloud/lib/libBc_Router_Atmega128rfa1_Atmega128rfa1_Gcc.a(nwk.o)
                0x0000bbda                NWK_LeaveReq
 .text.NWK_LoopbackTxReq
                0x0000bbfa       0x20 ./../../../../BitCloud/lib/libBc_Router_Atmega128rfa1_Atmega128rfa1_Gcc.a(nwk.o)
                0x0000bbfa                NWK_LoopbackTxReq
 .text.nwkDataConfTaskHandler
                0x0000bc1a       0x5a ./../../../../BitCloud/lib/libBc_Router_Atmega128rfa1_Atmega128rfa1_Gcc.a(nwk.o)
 .text.NWK_DataReq
                0x0000bc74      0x216 ./../../../../BitCloud/lib/libBc_Router_Atmega128rfa1_Atmega128rfa1_Gcc.a(nwk.o)
                0x0000bc74                NWK_DataReq
 .text.NWK_FindNeighborByShortAddr
                0x0000be8a       0x30 ./../../../../BitCloud/lib/libBc_Router_Atmega128rfa1_Atmega128rfa1_Gcc.a(nwk.o)
                0x0000be8a                NWK_FindNeighborByShortAddr
 .text.nwkAllocNonConflAddr
                0x0000beba       0xc0 ./../../../../BitCloud/lib/libBc_Router_Atmega128rfa1_Atmega128rfa1_Gcc.a(nwk.o)
 .text.NWK_NetworkDiscoveryConf
                0x0000bf7a       0xa2 ./../../../../BitCloud/lib/libBc_Router_Atmega128rfa1_Atmega128rfa1_Gcc.a(nwk.o)
 .text.nwkJoinReqTaskHandler
                0x0000c01c      0x19a ./../../../../BitCloud/lib/libBc_Router_Atmega128rfa1_Atmega128rfa1_Gcc.a(nwk.o)
 .text.nwkAllocateShortAddr.clone.12
                0x0000c1b6       0x5a ./../../../../BitCloud/lib/libBc_Router_Atmega128rfa1_Atmega128rfa1_Gcc.a(nwk.o)
 .text.nwkResolveAddressConflict
                0x0000c210      0x1ce ./../../../../BitCloud/lib/libBc_Router_Atmega128rfa1_Atmega128rfa1_Gcc.a(nwk.o)
 .text.nwkAddressConflictTaskHandler
                0x0000c3de       0xa0 ./../../../../BitCloud/lib/libBc_Router_Atmega128rfa1_Atmega128rfa1_Gcc.a(nwk.o)
 .text.nwkStatusFrameInd
                0x0000c47e       0x46 ./../../../../BitCloud/lib/libBc_Router_Atmega128rfa1_Atmega128rfa1_Gcc.a(nwk.o)
 .text.nwkAddChild
                0x0000c4c4      0x306 ./../../../../BitCloud/lib/libBc_Router_Atmega128rfa1_Atmega128rfa1_Gcc.a(nwk.o)
 .text.nwkRejoinRequestFrameInd
                0x0000c7ca      0x15c ./../../../../BitCloud/lib/libBc_Router_Atmega128rfa1_Atmega128rfa1_Gcc.a(nwk.o)
 .text.MAC_AssociateInd
                0x0000c926       0xd0 ./../../../../BitCloud/lib/libBc_Router_Atmega128rfa1_Atmega128rfa1_Gcc.a(nwk.o)
                0x0000c926                MAC_AssociateInd
 .text.nwkGetNextHop
                0x0000c9f6      0x20c ./../../../../BitCloud/lib/libBc_Router_Atmega128rfa1_Atmega128rfa1_Gcc.a(nwk.o)
 .text.nwkResetMacSetConf
                0x0000cc02      0x1ca ./../../../../BitCloud/lib/libBc_Router_Atmega128rfa1_Atmega128rfa1_Gcc.a(nwk.o)
 .text.nwkProcessRouteRequest
                0x0000cdcc      0x232 ./../../../../BitCloud/lib/libBc_Router_Atmega128rfa1_Atmega128rfa1_Gcc.a(nwk.o)
 .text.NWK_GetExtByShortAddress
                0x0000cffe       0x5c ./../../../../BitCloud/lib/libBc_Router_Atmega128rfa1_Atmega128rfa1_Gcc.a(nwk.o)
                0x0000cffe                NWK_GetExtByShortAddress
 .text.nwkPrepareRouteRequestTx
                0x0000d05a      0x164 ./../../../../BitCloud/lib/libBc_Router_Atmega128rfa1_Atmega128rfa1_Gcc.a(nwk.o)
 .text.nwkPrepareNetworkStatusTx
                0x0000d1be      0x102 ./../../../../BitCloud/lib/libBc_Router_Atmega128rfa1_Atmega128rfa1_Gcc.a(nwk.o)
 .text.nwkPrepareRouteReplyTx
                0x0000d2c0      0x2f8 ./../../../../BitCloud/lib/libBc_Router_Atmega128rfa1_Atmega128rfa1_Gcc.a(nwk.o)
 .text.NWK_FindNeighborByExtAddr
                0x0000d5b8       0x68 ./../../../../BitCloud/lib/libBc_Router_Atmega128rfa1_Atmega128rfa1_Gcc.a(nwk.o)
                0x0000d5b8                NWK_FindNeighborByExtAddr
 .text.nwkLeaveTaskHandler
                0x0000d620      0x16a ./../../../../BitCloud/lib/libBc_Router_Atmega128rfa1_Atmega128rfa1_Gcc.a(nwk.o)
 .text.nwkConfirmLeaveChildTx
                0x0000d78a       0x84 ./../../../../BitCloud/lib/libBc_Router_Atmega128rfa1_Atmega128rfa1_Gcc.a(nwk.o)
 .text.nwkConfirmJoinRespTx
                0x0000d80e       0x4e ./../../../../BitCloud/lib/libBc_Router_Atmega128rfa1_Atmega128rfa1_Gcc.a(nwk.o)
 .text.nwkConfirmAddrConflictJoinRespTx
                0x0000d85c       0x3c ./../../../../BitCloud/lib/libBc_Router_Atmega128rfa1_Atmega128rfa1_Gcc.a(nwk.o)
 .text.nwkLeaveFrameInd
                0x0000d898       0x7a ./../../../../BitCloud/lib/libBc_Router_Atmega128rfa1_Atmega128rfa1_Gcc.a(nwk.o)
 .text.nwkJoinIndMacCommStatusInd
                0x0000d912       0x54 ./../../../../BitCloud/lib/libBc_Router_Atmega128rfa1_Atmega128rfa1_Gcc.a(nwk.o)
 .text.NWK_GetShortByExtAddress
                0x0000d966       0x60 ./../../../../BitCloud/lib/libBc_Router_Atmega128rfa1_Atmega128rfa1_Gcc.a(nwk.o)
                0x0000d966                NWK_GetShortByExtAddress
 .text.NWK_LinkShortAndExtAddress
                0x0000d9c6       0xd8 ./../../../../BitCloud/lib/libBc_Router_Atmega128rfa1_Atmega128rfa1_Gcc.a(nwk.o)
                0x0000d9c6                NWK_LinkShortAndExtAddress
 .text.nwkRouteReplyFrameInd
                0x0000da9e      0x18c ./../../../../BitCloud/lib/libBc_Router_Atmega128rfa1_Atmega128rfa1_Gcc.a(nwk.o)
 .text.nwkRouteRequestFrameInd
                0x0000dc2a       0xb6 ./../../../../BitCloud/lib/libBc_Router_Atmega128rfa1_Atmega128rfa1_Gcc.a(nwk.o)
 .text.NWK_GetNeighborTable
                0x0000dce0        0x6 ./../../../../BitCloud/lib/libBc_Router_Atmega128rfa1_Atmega128rfa1_Gcc.a(nwk.o)
                0x0000dce0                NWK_GetNeighborTable
 .text.NWK_GetNeighborsLqi
                0x0000dce6       0x3e ./../../../../BitCloud/lib/libBc_Router_Atmega128rfa1_Atmega128rfa1_Gcc.a(nwk.o)
                0x0000dce6                NWK_GetNeighborsLqi
 .text.NWK_IsKnownChild
                0x0000dd24       0x24 ./../../../../BitCloud/lib/libBc_Router_Atmega128rfa1_Atmega128rfa1_Gcc.a(nwk.o)
                0x0000dd24                NWK_IsKnownChild
 .text.MAC_OrphanInd
                0x0000dd48        0x2 ./../../../../BitCloud/lib/libBc_Router_Atmega128rfa1_Atmega128rfa1_Gcc.a(nwk.o)
                0x0000dd48                MAC_OrphanInd
 .text.NWK_PermitJoiningReq
                0x0000dd4a       0x2c ./../../../../BitCloud/lib/libBc_Router_Atmega128rfa1_Atmega128rfa1_Gcc.a(nwk.o)
                0x0000dd4a                NWK_PermitJoiningReq
 .text.NWK_ResetReq
                0x0000dd76       0x20 ./../../../../BitCloud/lib/libBc_Router_Atmega128rfa1_Atmega128rfa1_Gcc.a(nwk.o)
                0x0000dd76                NWK_ResetReq
 .text.NWK_Init
                0x0000dd96       0x20 ./../../../../BitCloud/lib/libBc_Router_Atmega128rfa1_Atmega128rfa1_Gcc.a(nwk.o)
                0x0000dd96                NWK_Init
 .text.NWK_RouteDiscoveryReq
                0x0000ddb6       0x34 ./../../../../BitCloud/lib/libBc_Router_Atmega128rfa1_Atmega128rfa1_Gcc.a(nwk.o)
                0x0000ddb6                NWK_RouteDiscoveryReq
 .text.nwkTxTaskHandler
                0x0000ddea      0x19a ./../../../../BitCloud/lib/libBc_Router_Atmega128rfa1_Atmega128rfa1_Gcc.a(nwk.o)
 .text.MAC_DataInd
                0x0000df84      0x458 ./../../../../BitCloud/lib/libBc_Router_Atmega128rfa1_Atmega128rfa1_Gcc.a(nwk.o)
                0x0000df84                MAC_DataInd
 .text.NWK_StartRouterReq
                0x0000e3dc       0x20 ./../../../../BitCloud/lib/libBc_Router_Atmega128rfa1_Atmega128rfa1_Gcc.a(nwk.o)
                0x0000e3dc                NWK_StartRouterReq
 .text.NWK_IsActiveTransaction
                0x0000e3fc       0x54 ./../../../../BitCloud/lib/libBc_Router_Atmega128rfa1_Atmega128rfa1_Gcc.a(nwk.o)
                0x0000e3fc                NWK_IsActiveTransaction
 .text.NWK_LaunchActivities
                0x0000e450       0x12 ./../../../../BitCloud/lib/libBc_Router_Atmega128rfa1_Atmega128rfa1_Gcc.a(nwk.o)
                0x0000e450                NWK_LaunchActivities
 .text.NWK_StopActivities
                0x0000e462       0x12 ./../../../../BitCloud/lib/libBc_Router_Atmega128rfa1_Atmega128rfa1_Gcc.a(nwk.o)
                0x0000e462                NWK_StopActivities
 .text.NWK_DeviceIsAbleToOperateInNetwork
                0x0000e474       0x36 ./../../../../BitCloud/lib/libBc_Router_Atmega128rfa1_Atmega128rfa1_Gcc.a(nwk.o)
                0x0000e474                NWK_DeviceIsAbleToOperateInNetwork
 .text.NWK_GatherPowerFailureInfo
                0x0000e4aa       0x24 ./../../../../BitCloud/lib/libBc_Router_Atmega128rfa1_Atmega128rfa1_Gcc.a(nwk.o)
                0x0000e4aa                NWK_GatherPowerFailureInfo
 .text.MAC_PollInd
                0x0000e4ce       0x52 ./../../../../BitCloud/lib/libBc_Router_Atmega128rfa1_Atmega128rfa1_Gcc.a(nwk.o)
                0x0000e4ce                MAC_PollInd
 .text.MAC_SyncLossInd
                0x0000e520        0x2 ./../../../../BitCloud/lib/libBc_Router_Atmega128rfa1_Atmega128rfa1_Gcc.a(nwk.o)
                0x0000e520                MAC_SyncLossInd
 .text.NWK_TaskHandler
                0x0000e522       0xd8 ./../../../../BitCloud/lib/libBc_Router_Atmega128rfa1_Atmega128rfa1_Gcc.a(nwk.o)
                0x0000e522                NWK_TaskHandler
 .text.NWK_GetUnicastDeliveryTime
                0x0000e5fa       0x6a ./../../../../BitCloud/lib/libBc_Router_Atmega128rfa1_Atmega128rfa1_Gcc.a(nwk.o)
                0x0000e5fa                NWK_GetUnicastDeliveryTime
 .text.phyRxTxSwitcher
                0x0000e664       0x36 ./../../../../BitCloud/lib/libBc_Router_Atmega128rfa1_Atmega128rfa1_Gcc.a(phyRxTxIndicator.o)
 .text.phyRxTxSwitcherOn
                0x0000e69a        0x8 ./../../../../BitCloud/lib/libBc_Router_Atmega128rfa1_Atmega128rfa1_Gcc.a(phyRxTxIndicator.o)
                0x0000e69a                phyRxTxSwitcherOn
 .text.phyRxTxSwitcherOff
                0x0000e6a2        0x8 ./../../../../BitCloud/lib/libBc_Router_Atmega128rfa1_Atmega128rfa1_Gcc.a(phyRxTxIndicator.o)
                0x0000e6a2                phyRxTxSwitcherOff
 .text.deleteHeadQueueElem
                0x0000e6aa       0x22 ./../../../../BitCloud/lib/libBc_Router_Atmega128rfa1_Atmega128rfa1_Gcc.a(queue.o)
                0x0000e6aa                deleteHeadQueueElem
 .text.deleteQueueElem
                0x0000e6cc       0x4a ./../../../../BitCloud/lib/libBc_Router_Atmega128rfa1_Atmega128rfa1_Gcc.a(queue.o)
                0x0000e6cc                deleteQueueElem
 .text.isQueueElem
                0x0000e716       0x22 ./../../../../BitCloud/lib/libBc_Router_Atmega128rfa1_Atmega128rfa1_Gcc.a(queue.o)
                0x0000e716                isQueueElem
 .text.putQueueElem
                0x0000e738       0x40 ./../../../../BitCloud/lib/libBc_Router_Atmega128rfa1_Atmega128rfa1_Gcc.a(queue.o)
                0x0000e738                putQueueElem
 .text.SYS_DuplicateTableReset
                0x0000e778       0x4e ./../../../../BitCloud/lib/libBc_Router_Atmega128rfa1_Atmega128rfa1_Gcc.a(sysDuplicateTable.o)
                0x0000e778                SYS_DuplicateTableReset
 .text.duplicateTableUpdate
                0x0000e7c6       0x8e ./../../../../BitCloud/lib/libBc_Router_Atmega128rfa1_Atmega128rfa1_Gcc.a(sysDuplicateTable.o)
                0x0000e7c6                duplicateTableUpdate
 .text.SYS_DuplicateTableCheck
                0x0000e854      0x10c ./../../../../BitCloud/lib/libBc_Router_Atmega128rfa1_Atmega128rfa1_Gcc.a(sysDuplicateTable.o)
                0x0000e854                SYS_DuplicateTableCheck
 .text.SYS_DuplicateTableClear
                0x0000e960       0x7c ./../../../../BitCloud/lib/libBc_Router_Atmega128rfa1_Atmega128rfa1_Gcc.a(sysDuplicateTable.o)
                0x0000e960                SYS_DuplicateTableClear
 .text.SYS_PostEvent
                0x0000e9dc       0x7a ./../../../../BitCloud/lib/libBc_Router_Atmega128rfa1_Atmega128rfa1_Gcc.a(sysEvents.o)
                0x0000e9dc                SYS_PostEvent
 .text.SYS_IsEventDeliverable
                0x0000ea56       0x38 ./../../../../BitCloud/lib/libBc_Router_Atmega128rfa1_Atmega128rfa1_Gcc.a(sysEvents.o)
                0x0000ea56                SYS_IsEventDeliverable
 .text.SYS_IsEventSubscriber
                0x0000ea8e       0x32 ./../../../../BitCloud/lib/libBc_Router_Atmega128rfa1_Atmega128rfa1_Gcc.a(sysEvents.o)
                0x0000ea8e                SYS_IsEventSubscriber
 .text.SYS_SubscribeToEvent
                0x0000eac0       0x70 ./../../../../BitCloud/lib/libBc_Router_Atmega128rfa1_Atmega128rfa1_Gcc.a(sysEvents.o)
                0x0000eac0                SYS_SubscribeToEvent
 .text.SYS_StartTimer
                0x0000eb30       0x14 ./../../../../BitCloud/lib/libBc_Router_Atmega128rfa1_Atmega128rfa1_Gcc.a(sysTimer.o)
                0x0000eb30                SYS_StartTimer
 .text.SYS_StopTimer
                0x0000eb44       0x12 ./../../../../BitCloud/lib/libBc_Router_Atmega128rfa1_Atmega128rfa1_Gcc.a(sysTimer.o)
                0x0000eb44                SYS_StopTimer
 .text.SYS_InitTimer
                0x0000eb56       0x34 ./../../../../BitCloud/lib/libBc_Router_Atmega128rfa1_Atmega128rfa1_Gcc.a(sysTimer.o)
                0x0000eb56                SYS_InitTimer
 .text.SYS_RunTask
                0x0000eb8a       0x76 ./../../../../BitCloud/lib/libBc_Router_Atmega128rfa1_Atmega128rfa1_Gcc.a(taskManager.o)
                0x0000eb8a                SYS_RunTask
 .text.SYS_ForceRunTask
                0x0000ec00        0x6 ./../../../../BitCloud/lib/libBc_Router_Atmega128rfa1_Atmega128rfa1_Gcc.a(taskManager.o)
                0x0000ec00                SYS_ForceRunTask
 .text.SYS_SysInit
                0x0000ec06       0x22 ./../../../../BitCloud/lib/libBc_Router_Atmega128rfa1_Atmega128rfa1_Gcc.a(taskManager.o)
                0x0000ec06                SYS_SysInit
 .text.APS_StopConf
                0x0000ec28       0x14 ./../../../../BitCloud/lib/libBc_Router_Atmega128rfa1_Atmega128rfa1_Gcc.a(zdo.o)
 .text.zdoNodeManagerNwkLeaveConf
                0x0000ec3c        0x6 ./../../../../BitCloud/lib/libBc_Router_Atmega128rfa1_Atmega128rfa1_Gcc.a(zdo.o)
 .text.zdoNwkManagerReset
                0x0000ec42       0x10 ./../../../../BitCloud/lib/libBc_Router_Atmega128rfa1_Atmega128rfa1_Gcc.a(zdo.o)
 .text.zdoStackResetConf
                0x0000ec52       0x1c ./../../../../BitCloud/lib/libBc_Router_Atmega128rfa1_Atmega128rfa1_Gcc.a(zdo.o)
 .text.zdoSecurityManagerHandler
                0x0000ec6e        0x2 ./../../../../BitCloud/lib/libBc_Router_Atmega128rfa1_Atmega128rfa1_Gcc.a(zdo.o)
                0x0000ec6e                zdoSecurityManagerHandler
 .text.zdoPostTask
                0x0000ec70       0x3c ./../../../../BitCloud/lib/libBc_Router_Atmega128rfa1_Atmega128rfa1_Gcc.a(zdo.o)
 .text.zdoCheckStartNetworkRequestsQueue
                0x0000ecac       0x38 ./../../../../BitCloud/lib/libBc_Router_Atmega128rfa1_Atmega128rfa1_Gcc.a(zdo.o)
 .text.zdoStartNetworkFree
                0x0000ece4        0xe ./../../../../BitCloud/lib/libBc_Router_Atmega128rfa1_Atmega128rfa1_Gcc.a(zdo.o)
 .text.startConfirm
                0x0000ecf2       0x2e ./../../../../BitCloud/lib/libBc_Router_Atmega128rfa1_Atmega128rfa1_Gcc.a(zdo.o)
 .text.sleepConfirm
                0x0000ed20       0x24 ./../../../../BitCloud/lib/libBc_Router_Atmega128rfa1_Atmega128rfa1_Gcc.a(zdo.o)
 .text.wakeUpConfirm
                0x0000ed44       0x24 ./../../../../BitCloud/lib/libBc_Router_Atmega128rfa1_Atmega128rfa1_Gcc.a(zdo.o)
 .text.zdoUnpostTask
                0x0000ed68       0x28 ./../../../../BitCloud/lib/libBc_Router_Atmega128rfa1_Atmega128rfa1_Gcc.a(zdo.o)
 .text.zdoSetZdpDataReqState
                0x0000ed90       0x22 ./../../../../BitCloud/lib/libBc_Router_Atmega128rfa1_Atmega128rfa1_Gcc.a(zdo.o)
 .text.confirmResponse
                0x0000edb2        0x8 ./../../../../BitCloud/lib/libBc_Router_Atmega128rfa1_Atmega128rfa1_Gcc.a(zdo.o)
 .text.zdoDefaultBindApsDataConf
                0x0000edba        0x8 ./../../../../BitCloud/lib/libBc_Router_Atmega128rfa1_Atmega128rfa1_Gcc.a(zdo.o)
 .text.confirmMgmtLqiResponse
                0x0000edc2        0x8 ./../../../../BitCloud/lib/libBc_Router_Atmega128rfa1_Atmega128rfa1_Gcc.a(zdo.o)
 .text.permitJoiningConf
                0x0000edca       0x16 ./../../../../BitCloud/lib/libBc_Router_Atmega128rfa1_Atmega128rfa1_Gcc.a(zdo.o)
 .text.confirmMgmtPermitJoiningResponse
                0x0000ede0        0x8 ./../../../../BitCloud/lib/libBc_Router_Atmega128rfa1_Atmega128rfa1_Gcc.a(zdo.o)
 .text.zdoZdpApsConfCallback
                0x0000ede8       0x78 ./../../../../BitCloud/lib/libBc_Router_Atmega128rfa1_Atmega128rfa1_Gcc.a(zdo.o)
 .text.zdoSetZdpIndState
                0x0000ee60       0x10 ./../../../../BitCloud/lib/libBc_Router_Atmega128rfa1_Atmega128rfa1_Gcc.a(zdo.o)
 .text.ttlUpdateTimerFired
                0x0000ee70       0x72 ./../../../../BitCloud/lib/libBc_Router_Atmega128rfa1_Atmega128rfa1_Gcc.a(zdo.o)
 .text.zdoSetOutOfNetworkFlag
                0x0000eee2       0x36 ./../../../../BitCloud/lib/libBc_Router_Atmega128rfa1_Atmega128rfa1_Gcc.a(zdo.o)
 .text.leaveNetworkInd
                0x0000ef18       0x24 ./../../../../BitCloud/lib/libBc_Router_Atmega128rfa1_Atmega128rfa1_Gcc.a(zdo.o)
 .text.zdoLeaveNetworkNwkLeaveConf
                0x0000ef3c        0xe ./../../../../BitCloud/lib/libBc_Router_Atmega128rfa1_Atmega128rfa1_Gcc.a(zdo.o)
 .text.zdoStartNetworkConfirm
                0x0000ef4a       0x24 ./../../../../BitCloud/lib/libBc_Router_Atmega128rfa1_Atmega128rfa1_Gcc.a(zdo.o)
 .text.deviceAnnceConf
                0x0000ef6e        0x8 ./../../../../BitCloud/lib/libBc_Router_Atmega128rfa1_Atmega128rfa1_Gcc.a(zdo.o)
 .text.reenterNetwork
                0x0000ef76       0x30 ./../../../../BitCloud/lib/libBc_Router_Atmega128rfa1_Atmega128rfa1_Gcc.a(zdo.o)
 .text.joinNetwork
                0x0000efa6       0x86 ./../../../../BitCloud/lib/libBc_Router_Atmega128rfa1_Atmega128rfa1_Gcc.a(zdo.o)
 .text.zdoRejoinNetwork
                0x0000f02c       0x1c ./../../../../BitCloud/lib/libBc_Router_Atmega128rfa1_Atmega128rfa1_Gcc.a(zdo.o)
 .text.zdoIntraPanPortApsStopConf
                0x0000f048       0x1c ./../../../../BitCloud/lib/libBc_Router_Atmega128rfa1_Atmega128rfa1_Gcc.a(zdo.o)
 .text.joinTimerFired
                0x0000f064        0x6 ./../../../../BitCloud/lib/libBc_Router_Atmega128rfa1_Atmega128rfa1_Gcc.a(zdo.o)
 .text.zdoLeaveNetworkReq
                0x0000f06a       0x58 ./../../../../BitCloud/lib/libBc_Router_Atmega128rfa1_Atmega128rfa1_Gcc.a(zdo.o)
 .text.zdoParentChangeConf
                0x0000f0c2       0x4c ./../../../../BitCloud/lib/libBc_Router_Atmega128rfa1_Atmega128rfa1_Gcc.a(zdo.o)
 .text.confirmMgmtLeaveResponse
                0x0000f10e       0xbe ./../../../../BitCloud/lib/libBc_Router_Atmega128rfa1_Atmega128rfa1_Gcc.a(zdo.o)
 .text.zdoZdpResetReq
                0x0000f1cc       0x90 ./../../../../BitCloud/lib/libBc_Router_Atmega128rfa1_Atmega128rfa1_Gcc.a(zdo.o)
 .text.zdoReset
                0x0000f25c        0xa ./../../../../BitCloud/lib/libBc_Router_Atmega128rfa1_Atmega128rfa1_Gcc.a(zdo.o)
 .text.zdoLeaveConfirm
                0x0000f266       0x78 ./../../../../BitCloud/lib/libBc_Router_Atmega128rfa1_Atmega128rfa1_Gcc.a(zdo.o)
 .text.zdoPseudoRandomSeed
                0x0000f2de       0x46 ./../../../../BitCloud/lib/libBc_Router_Atmega128rfa1_Atmega128rfa1_Gcc.a(zdo.o)
 .text.RF_RandomConfUpdater
                0x0000f324       0x1c ./../../../../BitCloud/lib/libBc_Router_Atmega128rfa1_Atmega128rfa1_Gcc.a(zdo.o)
 .text.zdoUpdateRandSeedTimerFired
                0x0000f340       0x28 ./../../../../BitCloud/lib/libBc_Router_Atmega128rfa1_Atmega128rfa1_Gcc.a(zdo.o)
 .text.zdoStackReset
                0x0000f368       0x2a ./../../../../BitCloud/lib/libBc_Router_Atmega128rfa1_Atmega128rfa1_Gcc.a(zdo.o)
 .text.wakeupCallback
                0x0000f392       0x2e ./../../../../BitCloud/lib/libBc_Router_Atmega128rfa1_Atmega128rfa1_Gcc.a(zdo.o)
 .text.zdoPowerManagerHandler
                0x0000f3c0       0xae ./../../../../BitCloud/lib/libBc_Router_Atmega128rfa1_Atmega128rfa1_Gcc.a(zdo.o)
 .text.transceiverSwitchedOff
                0x0000f46e       0x5a ./../../../../BitCloud/lib/libBc_Router_Atmega128rfa1_Atmega128rfa1_Gcc.a(zdo.o)
 .text.transceiverSwitchedOn
                0x0000f4c8       0x3a ./../../../../BitCloud/lib/libBc_Router_Atmega128rfa1_Atmega128rfa1_Gcc.a(zdo.o)
 .text.zdoZdpManagerHandler
                0x0000f502      0x1d6 ./../../../../BitCloud/lib/libBc_Router_Atmega128rfa1_Atmega128rfa1_Gcc.a(zdo.o)
 .text.zdoNwkEventListener
                0x0000f6d8       0x6e ./../../../../BitCloud/lib/libBc_Router_Atmega128rfa1_Atmega128rfa1_Gcc.a(zdo.o)
 .text.zdoOtherEventListener
                0x0000f746       0x34 ./../../../../BitCloud/lib/libBc_Router_Atmega128rfa1_Atmega128rfa1_Gcc.a(zdo.o)
 .text.zdoExecuteEDScan
                0x0000f77a       0x36 ./../../../../BitCloud/lib/libBc_Router_Atmega128rfa1_Atmega128rfa1_Gcc.a(zdo.o)
 .text.confirmMgmtNwkUpdateNotify
                0x0000f7b0       0x2e ./../../../../BitCloud/lib/libBc_Router_Atmega128rfa1_Atmega128rfa1_Gcc.a(zdo.o)
 .text.channelChangeTimerFired
                0x0000f7de       0x22 ./../../../../BitCloud/lib/libBc_Router_Atmega128rfa1_Atmega128rfa1_Gcc.a(zdo.o)
 .text.MAC_SetConf
                0x0000f800       0x7e ./../../../../BitCloud/lib/libBc_Router_Atmega128rfa1_Atmega128rfa1_Gcc.a(zdo.o)
 .text.zdoChildEventListener
                0x0000f87e       0xa8 ./../../../../BitCloud/lib/libBc_Router_Atmega128rfa1_Atmega128rfa1_Gcc.a(zdo.o)
 .text.ZDO_GetNwkStatus
                0x0000f926       0x10 ./../../../../BitCloud/lib/libBc_Router_Atmega128rfa1_Atmega128rfa1_Gcc.a(zdo.o)
                0x0000f926                ZDO_GetNwkStatus
 .text.zdoInitNotifications
                0x0000f936       0x6e ./../../../../BitCloud/lib/libBc_Router_Atmega128rfa1_Atmega128rfa1_Gcc.a(zdo.o)
                0x0000f936                zdoInitNotifications
 .text.zdoInitHandler
                0x0000f9a4      0x10e ./../../../../BitCloud/lib/libBc_Router_Atmega128rfa1_Atmega128rfa1_Gcc.a(zdo.o)
 .text.NWK_JoinInd
                0x0000fab2       0x4e ./../../../../BitCloud/lib/libBc_Router_Atmega128rfa1_Atmega128rfa1_Gcc.a(zdo.o)
                0x0000fab2                NWK_JoinInd
 .text.NWK_LeaveInd
                0x0000fb00       0x86 ./../../../../BitCloud/lib/libBc_Router_Atmega128rfa1_Atmega128rfa1_Gcc.a(zdo.o)
                0x0000fb00                NWK_LeaveInd
 .text.ZDO_WakeUpReq
                0x0000fb86       0x1e ./../../../../BitCloud/lib/libBc_Router_Atmega128rfa1_Atmega128rfa1_Gcc.a(zdo.o)
                0x0000fb86                ZDO_WakeUpReq
 .text.ZDO_StartNetworkReq
                0x0000fba4       0x10 ./../../../../BitCloud/lib/libBc_Router_Atmega128rfa1_Atmega128rfa1_Gcc.a(zdo.o)
                0x0000fba4                ZDO_StartNetworkReq
 .text.zdoAuthenticationConf
                0x0000fbb4       0x50 ./../../../../BitCloud/lib/libBc_Router_Atmega128rfa1_Atmega128rfa1_Gcc.a(zdo.o)